Sep 22 04:50:36 openeuler-riscv64 NetworkManager[667]: <info>  [1695329436.7894] device (enp0s5): state change: failed -> disconnected (reason 'none', sys-iface-state: 'managed')
Sep 22 04:50:36 openeuler-riscv64 NetworkManager[667]: <info>  [1695329436.8231] dhcp4 (enp0s5): canceled DHCP transaction, DHCP client pid 6698
Sep 22 04:50:36 openeuler-riscv64 NetworkManager[667]: <info>  [1695329436.8233] dhcp4 (enp0s5): activation: beginning transaction (timeout in 45 seconds)
Sep 22 04:50:36 openeuler-riscv64 NetworkManager[667]: <info>  [1695329436.8235] dhcp4 (enp0s5): state changed no lease
Sep 22 04:50:36 openeuler-riscv64 NetworkManager[667]: <info>  [1695329436.9397] policy: auto-activating connection 'Wired connection 3' (3785d83e-6144-3d49-846d-368db2bdcfa6)
Sep 22 04:50:36 openeuler-riscv64 NetworkManager[667]: <info>  [1695329436.9442] device (enp0s5): Activation: starting connection 'Wired connection 3' (3785d83e-6144-3d49-846d-368db2bdcfa6)
Sep 22 04:50:36 openeuler-riscv64 NetworkManager[667]: <info>  [1695329436.9455] device (enp0s5): state change: disconnected -> prepare (reason 'none', sys-iface-state: 'managed')
Sep 22 04:50:36 openeuler-riscv64 NetworkManager[667]: <info>  [1695329436.9487] device (enp0s5): state change: prepare -> config (reason 'none', sys-iface-state: 'managed')
Sep 22 04:50:37 openeuler-riscv64 NetworkManager[667]: <info>  [1695329437.1290] device (enp0s5): state change: config -> ip-config (reason 'none', sys-iface-state: 'managed')
Sep 22 04:50:37 openeuler-riscv64 NetworkManager[667]: <info>  [1695329437.1349] dhcp4 (enp0s5): activation: beginning transaction (timeout in 45 seconds)
Sep 22 04:50:37 openeuler-riscv64 NetworkManager[667]: <info>  [1695329437.1581] dhcp4 (enp0s5): dhclient started with pid 6734
Sep 22 04:50:37 openeuler-riscv64 dhclient[6734]: DHCPDISCOVER on enp0s5 to 255.255.255.255 port 67 interval 4 (xid=0x49a5c863)
Sep 22 04:50:41 openeuler-riscv64 dhclient[6734]: DHCPDISCOVER on enp0s5 to 255.255.255.255 port 67 interval 5 (xid=0x49a5c863)
Sep 22 04:50:42 openeuler-riscv64 dhclient[6723]: DHCPDISCOVER on enp0s4 to 255.255.255.255 port 67 interval 7 (xid=0xc688d5b)
Sep 22 04:50:46 openeuler-riscv64 dhclient[6734]: DHCPDISCOVER on enp0s5 to 255.255.255.255 port 67 interval 13 (xid=0x49a5c863)
Sep 22 04:50:49 openeuler-riscv64 dhclient[6723]: DHCPDISCOVER on enp0s4 to 255.255.255.255 port 67 interval 14 (xid=0xc688d5b)
Sep 22 04:50:59 openeuler-riscv64 dhclient[6734]: DHCPDISCOVER on enp0s5 to 255.255.255.255 port 67 interval 8 (xid=0x49a5c863)
Sep 22 04:51:03 openeuler-riscv64 dhclient[6723]: DHCPDISCOVER on enp0s4 to 255.255.255.255 port 67 interval 15 (xid=0xc688d5b)
Sep 22 04:51:07 openeuler-riscv64 dhclient[6734]: DHCPDISCOVER on enp0s5 to 255.255.255.255 port 67 interval 8 (xid=0x49a5c863)
Sep 22 04:51:15 openeuler-riscv64 dhclient[6734]: DHCPDISCOVER on enp0s5 to 255.255.255.255 port 67 interval 19 (xid=0x49a5c863)
Sep 22 04:51:18 openeuler-riscv64 dhclient[6723]: DHCPDISCOVER on enp0s4 to 255.255.255.255 port 67 interval 13 (xid=0xc688d5b)
Sep 22 04:51:21 openeuler-riscv64 NetworkManager[667]: <info>  [1695329481.7840] device (enp0s4): state change: ip-config -> failed (reason 'ip-config-unavailable', sys-iface-state: 'managed')
Sep 22 04:51:21 openeuler-riscv64 NetworkManager[667]: <warn>  [1695329481.7922] device (enp0s4): Activation: failed for connection 'Wired connection 2'
Sep 22 04:51:21 openeuler-riscv64 NetworkManager[667]: <info>  [1695329481.7956] device (enp0s4): state change: failed -> disconnected (reason 'none', sys-iface-state: 'managed')
Sep 22 04:51:21 openeuler-riscv64 NetworkManager[667]: <info>  [1695329481.8319] dhcp4 (enp0s4): canceled DHCP transaction, DHCP client pid 6723
Sep 22 04:51:21 openeuler-riscv64 NetworkManager[667]: <info>  [1695329481.8323] dhcp4 (enp0s4): activation: beginning transaction (timeout in 45 seconds)
Sep 22 04:51:21 openeuler-riscv64 NetworkManager[667]: <info>  [1695329481.8325] dhcp4 (enp0s4): state changed no lease
Sep 22 04:51:21 openeuler-riscv64 NetworkManager[667]: <info>  [1695329481.9725] policy: auto-activating connection 'Wired connection 2' (81a731eb-4d99-3655-94a4-3c571a0d2abf)
Sep 22 04:51:21 openeuler-riscv64 NetworkManager[667]: <info>  [1695329481.9759] device (enp0s4): Activation: starting connection 'Wired connection 2' (81a731eb-4d99-3655-94a4-3c571a0d2abf)
Sep 22 04:51:21 openeuler-riscv64 NetworkManager[667]: <info>  [1695329481.9766] device (enp0s4): state change: disconnected -> prepare (reason 'none', sys-iface-state: 'managed')
Sep 22 04:51:21 openeuler-riscv64 NetworkManager[667]: <info>  [1695329481.9788] device (enp0s4): state change: prepare -> config (reason 'none', sys-iface-state: 'managed')
Sep 22 04:51:22 openeuler-riscv64 NetworkManager[667]: <info>  [1695329482.1403] device (enp0s4): state change: config -> ip-config (reason 'none', sys-iface-state: 'managed')
Sep 22 04:51:22 openeuler-riscv64 NetworkManager[667]: <info>  [1695329482.1454] dhcp4 (enp0s4): activation: beginning transaction (timeout in 45 seconds)
Sep 22 04:51:22 openeuler-riscv64 NetworkManager[667]: <info>  [1695329482.1731] dhcp4 (enp0s4): dhclient started with pid 6756
Sep 22 04:51:22 openeuler-riscv64 dhclient[6756]: DHCPDISCOVER on enp0s4 to 255.255.255.255 port 67 interval 3 (xid=0xf78c0445)
Sep 22 04:51:22 openeuler-riscv64 NetworkManager[667]: <info>  [1695329482.7830] device (enp0s5): state change: ip-config -> failed (reason 'ip-config-unavailable', sys-iface-state: 'managed')
Sep 22 04:51:22 openeuler-riscv64 NetworkManager[667]: <warn>  [1695329482.7910] device (enp0s5): Activation: failed for connection 'Wired connection 3'
Sep 22 04:51:22 openeuler-riscv64 NetworkManager[667]: <info>  [1695329482.7945] device (enp0s5): state change: failed -> disconnected (reason 'none', sys-iface-state: 'managed')
Sep 22 04:51:22 openeuler-riscv64 NetworkManager[667]: <info>  [1695329482.8199] dhcp4 (enp0s5): canceled DHCP transaction, DHCP client pid 6734
Sep 22 04:51:22 openeuler-riscv64 NetworkManager[667]: <info>  [1695329482.8202] dhcp4 (enp0s5): activation: beginning transaction (timeout in 45 seconds)
Sep 22 04:51:22 openeuler-riscv64 NetworkManager[667]: <info>  [1695329482.8206] dhcp4 (enp0s5): state changed no lease
Sep 22 04:51:22 openeuler-riscv64 NetworkManager[667]: <info>  [1695329482.9527] policy: auto-activating connection 'Wired connection 3' (3785d83e-6144-3d49-846d-368db2bdcfa6)
Sep 22 04:51:22 openeuler-riscv64 NetworkManager[667]: <info>  [1695329482.9567] device (enp0s5): Activation: starting connection 'Wired connection 3' (3785d83e-6144-3d49-846d-368db2bdcfa6)
Sep 22 04:51:22 openeuler-riscv64 NetworkManager[667]: <info>  [1695329482.9575] device (enp0s5): state change: disconnected -> prepare (reason 'none', sys-iface-state: 'managed')
Sep 22 04:51:22 openeuler-riscv64 NetworkManager[667]: <info>  [1695329482.9604] device (enp0s5): state change: prepare -> config (reason 'none', sys-iface-state: 'managed')
Sep 22 04:51:23 openeuler-riscv64 NetworkManager[667]: <info>  [1695329483.1334] device (enp0s5): state change: config -> ip-config (reason 'none', sys-iface-state: 'managed')
Sep 22 04:51:23 openeuler-riscv64 NetworkManager[667]: <info>  [1695329483.1387] dhcp4 (enp0s5): activation: beginning transaction (timeout in 45 seconds)
Sep 22 04:51:23 openeuler-riscv64 NetworkManager[667]: <info>  [1695329483.1590] dhcp4 (enp0s5): dhclient started with pid 6768
Sep 22 04:51:23 openeuler-riscv64 dhclient[6768]: DHCPDISCOVER on enp0s5 to 255.255.255.255 port 67 interval 3 (xid=0x2b813058)
Sep 22 04:51:25 openeuler-riscv64 dhclient[6756]: DHCPDISCOVER on enp0s4 to 255.255.255.255 port 67 interval 4 (xid=0xf78c0445)
Sep 22 04:51:26 openeuler-riscv64 dhclient[6768]: DHCPDISCOVER on enp0s5 to 255.255.255.255 port 67 interval 6 (xid=0x2b813058)
Sep 22 04:51:29 openeuler-riscv64 dhclient[6756]: DHCPDISCOVER on enp0s4 to 255.255.255.255 port 67 interval 4 (xid=0xf78c0445)
Sep 22 04:51:32 openeuler-riscv64 dhclient[6768]: DHCPDISCOVER on enp0s5 to 255.255.255.255 port 67 interval 7 (xid=0x2b813058)
Sep 22 04:51:33 openeuler-riscv64 dhclient[6756]: DHCPDISCOVER on enp0s4 to 255.255.255.255 port 67 interval 10 (xid=0xf78c0445)
Sep 22 04:51:39 openeuler-riscv64 dhclient[6768]: DHCPDISCOVER on enp0s5 to 255.255.255.255 port 67 interval 10 (xid=0x2b813058)
Sep 22 04:51:43 openeuler-riscv64 dhclient[6756]: DHCPDISCOVER on enp0s4 to 255.255.255.255 port 67 interval 11 (xid=0xf78c0445)
Sep 22 04:51:49 openeuler-riscv64 dhclient[6768]: DHCPDISCOVER on enp0s5 to 255.255.255.255 port 67 interval 13 (xid=0x2b813058)
Sep 22 04:51:54 openeuler-riscv64 dhclient[6756]: DHCPDISCOVER on enp0s4 to 255.255.255.255 port 67 interval 20 (xid=0xf78c0445)
Sep 22 04:52:02 openeuler-riscv64 dhclient[6768]: DHCPDISCOVER on enp0s5 to 255.255.255.255 port 67 interval 20 (xid=0x2b813058)
Sep 22 04:52:07 openeuler-riscv64 NetworkManager[667]: <info>  [1695329527.7827] device (enp0s4): state change: ip-config -> failed (reason 'ip-config-unavailable', sys-iface-state: 'managed')
Sep 22 04:52:07 openeuler-riscv64 NetworkManager[667]: <warn>  [1695329527.7901] device (enp0s4): Activation: failed for connection 'Wired connection 2'
Sep 22 04:52:07 openeuler-riscv64 NetworkManager[667]: <info>  [1695329527.7932] device (enp0s4): state change: failed -> disconnected (reason 'none', sys-iface-state: 'managed')
Sep 22 04:52:07 openeuler-riscv64 NetworkManager[667]: <info>  [1695329527.8528] dhcp4 (enp0s4): canceled DHCP transaction, DHCP client pid 6756
Sep 22 04:52:07 openeuler-riscv64 NetworkManager[667]: <info>  [1695329527.8533] dhcp4 (enp0s4): activation: beginning transaction (timeout in 45 seconds)
Sep 22 04:52:07 openeuler-riscv64 NetworkManager[667]: <info>  [1695329527.8536] dhcp4 (enp0s4): state changed no lease
Sep 22 04:52:07 openeuler-riscv64 NetworkManager[667]: <info>  [1695329527.9804] policy: auto-activating connection 'Wired connection 2' (81a731eb-4d99-3655-94a4-3c571a0d2abf)
Sep 22 04:52:07 openeuler-riscv64 NetworkManager[667]: <info>  [1695329527.9871] device (enp0s4): Activation: starting connection 'Wired connection 2' (81a731eb-4d99-3655-94a4-3c571a0d2abf)
Sep 22 04:52:07 openeuler-riscv64 NetworkManager[667]: <info>  [1695329527.9885] device (enp0s4): state change: disconnected -> prepare (reason 'none', sys-iface-state: 'managed')
Sep 22 04:52:07 openeuler-riscv64 NetworkManager[667]: <info>  [1695329527.9926] device (enp0s4): state change: prepare -> config (reason 'none', sys-iface-state: 'managed')
Sep 22 04:52:08 openeuler-riscv64 NetworkManager[667]: <info>  [1695329528.1573] device (enp0s4): state change: config -> ip-config (reason 'none', sys-iface-state: 'managed')
Sep 22 04:52:08 openeuler-riscv64 NetworkManager[667]: <info>  [1695329528.1654] dhcp4 (enp0s4): activation: beginning transaction (timeout in 45 seconds)
Sep 22 04:52:08 openeuler-riscv64 NetworkManager[667]: <info>  [1695329528.2017] dhcp4 (enp0s4): dhclient started with pid 6793
Sep 22 04:52:08 openeuler-riscv64 dhclient[6793]: DHCPDISCOVER on enp0s4 to 255.255.255.255 port 67 interval 5 (xid=0xcd1e107f)
Sep 22 04:52:08 openeuler-riscv64 NetworkManager[667]: <info>  [1695329528.7828] device (enp0s5): state change: ip-config -> failed (reason 'ip-config-unavailable', sys-iface-state: 'managed')
Sep 22 04:52:08 openeuler-riscv64 NetworkManager[667]: <warn>  [1695329528.7880] device (enp0s5): Activation: failed for connection 'Wired connection 3'
Sep 22 04:52:08 openeuler-riscv64 NetworkManager[667]: <info>  [1695329528.7903] device (enp0s5): state change: failed -> disconnected (reason 'none', sys-iface-state: 'managed')
Sep 22 04:52:08 openeuler-riscv64 NetworkManager[667]: <info>  [1695329528.8160] dhcp4 (enp0s5): canceled DHCP transaction, DHCP client pid 6768
Sep 22 04:52:08 openeuler-riscv64 NetworkManager[667]: <info>  [1695329528.8164] dhcp4 (enp0s5): activation: beginning transaction (timeout in 45 seconds)
Sep 22 04:52:08 openeuler-riscv64 NetworkManager[667]: <info>  [1695329528.8165] dhcp4 (enp0s5): state changed no lease
Sep 22 04:52:08 openeuler-riscv64 NetworkManager[667]: <info>  [1695329528.9377] policy: auto-activating connection 'Wired connection 3' (3785d83e-6144-3d49-846d-368db2bdcfa6)
Sep 22 04:52:08 openeuler-riscv64 NetworkManager[667]: <info>  [1695329528.9418] device (enp0s5): Activation: starting connection 'Wired connection 3' (3785d83e-6144-3d49-846d-368db2bdcfa6)
Sep 22 04:52:08 openeuler-riscv64 NetworkManager[667]: <info>  [1695329528.9434] device (enp0s5): state change: disconnected -> prepare (reason 'none', sys-iface-state: 'managed')
Sep 22 04:52:08 openeuler-riscv64 NetworkManager[667]: <info>  [1695329528.9464] device (enp0s5): state change: prepare -> config (reason 'none', sys-iface-state: 'managed')
Sep 22 04:52:09 openeuler-riscv64 NetworkManager[667]: <info>  [1695329529.1132] device (enp0s5): state change: config -> ip-config (reason 'none', sys-iface-state: 'managed')
Sep 22 04:52:09 openeuler-riscv64 NetworkManager[667]: <info>  [1695329529.1188] dhcp4 (enp0s5): activation: beginning transaction (timeout in 45 seconds)
Sep 22 04:52:09 openeuler-riscv64 NetworkManager[667]: <info>  [1695329529.1422] dhcp4 (enp0s5): dhclient started with pid 6804
Sep 22 04:52:09 openeuler-riscv64 dhclient[6804]: DHCPDISCOVER on enp0s5 to 255.255.255.255 port 67 interval 6 (xid=0x8365560a)
Sep 22 04:52:13 openeuler-riscv64 dhclient[6793]: DHCPDISCOVER on enp0s4 to 255.255.255.255 port 67 interval 11 (xid=0xcd1e107f)
Sep 22 04:52:15 openeuler-riscv64 dhclient[6804]: DHCPDISCOVER on enp0s5 to 255.255.255.255 port 67 interval 12 (xid=0x8365560a)
Sep 22 04:52:22 openeuler-riscv64 sudo[6435]: pam_unix(sudo:session): session closed for user root
Sep 22 04:52:22 openeuler-riscv64 sudo[6858]:     root : PWD=/root/mugen ; USER=root ; COMMAND=/usr/bin/bash mugen.sh -f os-basic -r oe_test_system_monitor_process -x
Sep 22 04:52:22 openeuler-riscv64 sudo[6858]: pam_unix(sudo:session): session opened for user root(uid=0) by root(uid=0)
Sep 22 04:52:24 openeuler-riscv64 dhclient[6793]: DHCPDISCOVER on enp0s4 to 255.255.255.255 port 67 interval 13 (xid=0xcd1e107f)
Sep 22 04:52:27 openeuler-riscv64 dhclient[6804]: DHCPDISCOVER on enp0s5 to 255.255.255.255 port 67 interval 8 (xid=0x8365560a)
Sep 22 04:52:32 openeuler-riscv64 sudo[6858]: pam_unix(sudo:session): session closed for user root
Sep 22 04:52:32 openeuler-riscv64 sudo[6935]:     root : PWD=/root/mugen ; USER=root ; COMMAND=/usr/bin/bash mugen.sh -f os-basic -r oe_test_system_monitor_login -x
Sep 22 04:52:32 openeuler-riscv64 sudo[6935]: pam_unix(sudo:session): session opened for user root(uid=0) by root(uid=0)
Sep 22 04:52:35 openeuler-riscv64 dhclient[6804]: DHCPDISCOVER on enp0s5 to 255.255.255.255 port 67 interval 14 (xid=0x8365560a)
Sep 22 04:52:37 openeuler-riscv64 dhclient[6793]: DHCPDISCOVER on enp0s4 to 255.255.255.255 port 67 interval 18 (xid=0xcd1e107f)
Sep 22 04:52:49 openeuler-riscv64 dhclient[6804]: DHCPDISCOVER on enp0s5 to 255.255.255.255 port 67 interval 9 (xid=0x8365560a)
Sep 22 04:52:53 openeuler-riscv64 NetworkManager[667]: <info>  [1695329573.7833] device (enp0s4): state change: ip-config -> failed (reason 'ip-config-unavailable', sys-iface-state: 'managed')
Sep 22 04:52:53 openeuler-riscv64 NetworkManager[667]: <warn>  [1695329573.7947] device (enp0s4): Activation: failed for connection 'Wired connection 2'
Sep 22 04:52:53 openeuler-riscv64 NetworkManager[667]: <info>  [1695329573.8006] device (enp0s4): state change: failed -> disconnected (reason 'none', sys-iface-state: 'managed')
Sep 22 04:52:53 openeuler-riscv64 NetworkManager[667]: <info>  [1695329573.8406] dhcp4 (enp0s4): canceled DHCP transaction, DHCP client pid 6793
Sep 22 04:52:53 openeuler-riscv64 NetworkManager[667]: <info>  [1695329573.8413] dhcp4 (enp0s4): activation: beginning transaction (timeout in 45 seconds)
Sep 22 04:52:53 openeuler-riscv64 NetworkManager[667]: <info>  [1695329573.8417] dhcp4 (enp0s4): state changed no lease
Sep 22 04:52:54 openeuler-riscv64 NetworkManager[667]: <info>  [1695329574.7835] device (enp0s5): state change: ip-config -> failed (reason 'ip-config-unavailable', sys-iface-state: 'managed')
Sep 22 04:52:54 openeuler-riscv64 NetworkManager[667]: <warn>  [1695329574.7882] device (enp0s5): Activation: failed for connection 'Wired connection 3'
Sep 22 04:52:54 openeuler-riscv64 NetworkManager[667]: <info>  [1695329574.7903] device (enp0s5): state change: failed -> disconnected (reason 'none', sys-iface-state: 'managed')
Sep 22 04:52:54 openeuler-riscv64 NetworkManager[667]: <info>  [1695329574.8474] dhcp4 (enp0s5): canceled DHCP transaction, DHCP client pid 6804
Sep 22 04:52:54 openeuler-riscv64 NetworkManager[667]: <info>  [1695329574.8477] dhcp4 (enp0s5): activation: beginning transaction (timeout in 45 seconds)
Sep 22 04:52:54 openeuler-riscv64 NetworkManager[667]: <info>  [1695329574.8479] dhcp4 (enp0s5): state changed no lease
Sep 22 04:54:10 openeuler-riscv64 sudo[6935]: pam_unix(sudo:session): session closed for user root
Sep 22 04:54:11 openeuler-riscv64 sudo[7104]:     root : PWD=/root/mugen ; USER=root ; COMMAND=/usr/bin/bash mugen.sh -f os-basic -r oe_test_system_log_view -x
Sep 22 04:54:11 openeuler-riscv64 sudo[7104]: pam_unix(sudo:session): session opened for user root(uid=0) by root(uid=0)
Sep 22 04:54:27 openeuler-riscv64 sudo[7104]: pam_unix(sudo:session): session closed for user root
Sep 22 04:54:27 openeuler-riscv64 sudo[7191]:     root : PWD=/root/mugen ; USER=root ; COMMAND=/usr/bin/bash mugen.sh -f os-basic -r oe_test_system_log_security -x
Sep 22 04:54:27 openeuler-riscv64 sudo[7191]: pam_unix(sudo:session): session opened for user root(uid=0) by root(uid=0)
Sep 22 04:54:34 openeuler-riscv64 sudo[7247]:     root : PWD=/root/mugen/testcases/system-test/system-integration/os-basic/oe_test_system_log_security ; USER=root ; COMMAND=/usr/bin/journalctl --unit crond.service -all
Sep 22 04:54:34 openeuler-riscv64 sudo[7247]: pam_unix(sudo:session): session opened for user root(uid=0) by root(uid=0)
Sep 22 04:54:34 openeuler-riscv64 sudo[7247]: pam_unix(sudo:session): session closed for user root
Sep 22 04:54:37 openeuler-riscv64 sudo[7191]: pam_unix(sudo:session): session closed for user root
Sep 22 04:54:38 openeuler-riscv64 sudo[7267]:     root : PWD=/root/mugen ; USER=root ; COMMAND=/usr/bin/bash mugen.sh -f os-basic -r oe_test_system_log_recorded -x
Sep 22 04:54:38 openeuler-riscv64 sudo[7267]: pam_unix(sudo:session): session opened for user root(uid=0) by root(uid=0)
Sep 22 04:54:44 openeuler-riscv64 systemctl[7328]: [systemctl restart systemd-journald.service] called by PID 7314 (bash -x oe_test_system_log_recorded.sh)
Sep 22 04:54:44 openeuler-riscv64 systemd-journald[214]: Received SIGTERM from PID 1 (systemd).
Sep 22 04:54:44 openeuler-riscv64 systemd-journald[214]: Journal stopped
░░ Subject: The journal has been stopped
░░ Defined-By: systemd
░░ Support: https://lists.freedesktop.org/mailman/listinfo/systemd-devel
░░ 
░░ The system journal process has shut down and closed all currently
░░ active journal files.
Sep 22 04:54:44 openeuler-riscv64 systemd[1]: Stopping Journal Service...
Sep 22 04:54:44 openeuler-riscv64 systemd[1]: systemd-journald.service: Deactivated successfully.
Sep 22 04:54:44 openeuler-riscv64 systemd[1]: Stopped Journal Service.
Sep 22 04:54:44 openeuler-riscv64 systemd[1]: Starting Journal Service...
Sep 22 04:54:44 openeuler-riscv64 systemd-journald[7338]: Collecting audit messages is disabled.
Sep 22 04:54:44 openeuler-riscv64 systemd-journald[7338]: Journal started
░░ Subject: The journal has been started
░░ Defined-By: systemd
░░ Support: https://lists.freedesktop.org/mailman/listinfo/systemd-devel
░░ 
░░ The system journal process has started up, opened the journal
░░ files for writing and is now ready to process requests.
Sep 22 04:54:44 openeuler-riscv64 systemd-journald[7338]: System Journal (/var/log/journal/98f02d83653040c39a1a9c49984ff34b) is 54.8M, max 1.9G, 1.8G free.
░░ Subject: Disk space used by the journal
░░ Defined-By: systemd
░░ Support: https://lists.freedesktop.org/mailman/listinfo/systemd-devel
░░ 
░░ System Journal (/var/log/journal/98f02d83653040c39a1a9c49984ff34b) is currently using 54.8M.
░░ Maximum allowed usage is set to 1.9G.
░░ Leaving at least 974.0M free (of currently available 7.2G of disk space).
░░ Enforced usage limit is thus 1.9G, of which 1.8G are still available.
░░ 
░░ The limits controlling how much disk space is used by the journal may
░░ be configured with SystemMaxUse=, SystemKeepFree=, SystemMaxFileSize=,
░░ RuntimeMaxUse=, RuntimeKeepFree=, RuntimeMaxFileSize= settings in
░░ /etc/systemd/journald.conf. See journald.conf(5) for details.
Sep 22 04:54:44 openeuler-riscv64 systemd[1]: Started Journal Service.
Sep 22 04:54:45 openeuler-riscv64 sudo[7346]:     root : PWD=/root/mugen/testcases/system-test/system-integration/os-basic/oe_test_system_log_recorded ; USER=root ; COMMAND=/usr/bin/journalctl --file /run/log/journal//system.journal
Sep 22 04:54:45 openeuler-riscv64 sudo[7346]: pam_unix(sudo:session): session opened for user root(uid=0) by root(uid=0)
Sep 22 04:54:45 openeuler-riscv64 sudo[7346]: pam_unix(sudo:session): session closed for user root
Sep 22 04:54:49 openeuler-riscv64 sudo[7267]: pam_unix(sudo:session): session closed for user root
Sep 22 04:54:50 openeuler-riscv64 sudo[7369]:     root : PWD=/root/mugen ; USER=root ; COMMAND=/usr/bin/bash mugen.sh -f os-basic -r oe_test_system_log_process -x
Sep 22 04:54:50 openeuler-riscv64 sudo[7369]: pam_unix(sudo:session): session opened for user root(uid=0) by root(uid=0)
Sep 22 04:54:59 openeuler-riscv64 sudo[7369]: pam_unix(sudo:session): session closed for user root
Sep 22 04:55:00 openeuler-riscv64 sudo[7444]:     root : PWD=/root/mugen ; USER=root ; COMMAND=/usr/bin/bash mugen.sh -f os-basic -r oe_test_system_log_dmesg -x
Sep 22 04:55:00 openeuler-riscv64 sudo[7444]: pam_unix(sudo:session): session opened for user root(uid=0) by root(uid=0)
Sep 22 04:55:11 openeuler-riscv64 sudo[7444]: pam_unix(sudo:session): session closed for user root
Sep 22 04:55:12 openeuler-riscv64 sudo[7518]:     root : PWD=/root/mugen ; USER=root ; COMMAND=/usr/bin/bash mugen.sh -f os-basic -r oe_test_system_log_device -x
Sep 22 04:55:12 openeuler-riscv64 sudo[7518]: pam_unix(sudo:session): session opened for user root(uid=0) by root(uid=0)
Sep 22 04:55:19 openeuler-riscv64 sudo[7574]:     root : PWD=/root/mugen/testcases/system-test/system-integration/os-basic/oe_test_system_log_device ; USER=root ; COMMAND=/usr/bin/journalctl --unit systemd-udevd -all
Sep 22 04:55:19 openeuler-riscv64 sudo[7574]: pam_unix(sudo:session): session opened for user root(uid=0) by root(uid=0)
Sep 22 04:55:19 openeuler-riscv64 sudo[7574]: pam_unix(sudo:session): session closed for user root
Sep 22 04:55:22 openeuler-riscv64 sudo[7518]: pam_unix(sudo:session): session closed for user root
Sep 22 04:55:22 openeuler-riscv64 sudo[7594]:     root : PWD=/root/mugen ; USER=root ; COMMAND=/usr/bin/bash mugen.sh -f os-basic -r oe_test_system_log_basic -x
Sep 22 04:55:22 openeuler-riscv64 sudo[7594]: pam_unix(sudo:session): session opened for user root(uid=0) by root(uid=0)
Sep 22 04:55:29 openeuler-riscv64 sudo[7650]:     root : PWD=/root/mugen/testcases/system-test/system-integration/os-basic/oe_test_system_log_basic ; USER=root ; COMMAND=/usr/bin/journalctl --system
Sep 22 04:55:29 openeuler-riscv64 sudo[7650]: pam_unix(sudo:session): session opened for user root(uid=0) by root(uid=0)
Sep 22 04:55:34 openeuler-riscv64 sudo[7650]: pam_unix(sudo:session): session closed for user root
Sep 22 04:55:38 openeuler-riscv64 sudo[7594]: pam_unix(sudo:session): session closed for user root
Sep 22 04:55:38 openeuler-riscv64 sudo[7670]:     root : PWD=/root/mugen ; USER=root ; COMMAND=/usr/bin/bash mugen.sh -f os-basic -r oe_test_server_vsftpd_transfer -x
Sep 22 04:55:38 openeuler-riscv64 sudo[7670]: pam_unix(sudo:session): session opened for user root(uid=0) by root(uid=0)
Sep 22 04:56:23 openeuler-riscv64 setsebool[7796]: The ftpd_full_access policy boolean was changed to on by root
Sep 22 04:57:53 openeuler-riscv64 NetworkManager[667]: <info>  [1695329873.8397] policy: auto-activating connection 'Wired connection 2' (81a731eb-4d99-3655-94a4-3c571a0d2abf)
Sep 22 04:57:53 openeuler-riscv64 NetworkManager[667]: <info>  [1695329873.8464] device (enp0s4): Activation: starting connection 'Wired connection 2' (81a731eb-4d99-3655-94a4-3c571a0d2abf)
Sep 22 04:57:53 openeuler-riscv64 NetworkManager[667]: <info>  [1695329873.8478] device (enp0s4): state change: disconnected -> prepare (reason 'none', sys-iface-state: 'managed')
Sep 22 04:57:53 openeuler-riscv64 NetworkManager[667]: <info>  [1695329873.8528] device (enp0s4): state change: prepare -> config (reason 'none', sys-iface-state: 'managed')
Sep 22 04:57:54 openeuler-riscv64 NetworkManager[667]: <info>  [1695329874.0535] device (enp0s4): state change: config -> ip-config (reason 'none', sys-iface-state: 'managed')
Sep 22 04:57:54 openeuler-riscv64 NetworkManager[667]: <info>  [1695329874.0608] dhcp4 (enp0s4): activation: beginning transaction (timeout in 45 seconds)
Sep 22 04:57:54 openeuler-riscv64 NetworkManager[667]: <info>  [1695329874.0983] dhcp4 (enp0s4): dhclient started with pid 8008
Sep 22 04:57:54 openeuler-riscv64 dhclient[8008]: DHCPDISCOVER on enp0s4 to 255.255.255.255 port 67 interval 6 (xid=0xa91c432d)
Sep 22 04:57:54 openeuler-riscv64 NetworkManager[667]: <info>  [1695329874.7843] policy: auto-activating connection 'Wired connection 3' (3785d83e-6144-3d49-846d-368db2bdcfa6)
Sep 22 04:57:54 openeuler-riscv64 NetworkManager[667]: <info>  [1695329874.7934] device (enp0s5): Activation: starting connection 'Wired connection 3' (3785d83e-6144-3d49-846d-368db2bdcfa6)
Sep 22 04:57:54 openeuler-riscv64 NetworkManager[667]: <info>  [1695329874.7961] device (enp0s5): state change: disconnected -> prepare (reason 'none', sys-iface-state: 'managed')
Sep 22 04:57:54 openeuler-riscv64 NetworkManager[667]: <info>  [1695329874.8047] device (enp0s5): state change: prepare -> config (reason 'none', sys-iface-state: 'managed')
Sep 22 04:57:55 openeuler-riscv64 NetworkManager[667]: <info>  [1695329875.0062] device (enp0s5): state change: config -> ip-config (reason 'none', sys-iface-state: 'managed')
Sep 22 04:57:55 openeuler-riscv64 NetworkManager[667]: <info>  [1695329875.0123] dhcp4 (enp0s5): activation: beginning transaction (timeout in 45 seconds)
Sep 22 04:57:55 openeuler-riscv64 NetworkManager[667]: <info>  [1695329875.0352] dhcp4 (enp0s5): dhclient started with pid 8015
Sep 22 04:57:55 openeuler-riscv64 dhclient[8015]: DHCPDISCOVER on enp0s5 to 255.255.255.255 port 67 interval 3 (xid=0xedf6fb2c)
Sep 22 04:57:58 openeuler-riscv64 dhclient[8015]: DHCPDISCOVER on enp0s5 to 255.255.255.255 port 67 interval 4 (xid=0xedf6fb2c)
Sep 22 04:58:00 openeuler-riscv64 dhclient[8008]: DHCPDISCOVER on enp0s4 to 255.255.255.255 port 67 interval 10 (xid=0xa91c432d)
Sep 22 04:58:02 openeuler-riscv64 dhclient[8015]: DHCPDISCOVER on enp0s5 to 255.255.255.255 port 67 interval 7 (xid=0xedf6fb2c)
Sep 22 04:58:09 openeuler-riscv64 dhclient[8015]: DHCPDISCOVER on enp0s5 to 255.255.255.255 port 67 interval 9 (xid=0xedf6fb2c)
Sep 22 04:58:10 openeuler-riscv64 dhclient[8008]: DHCPDISCOVER on enp0s4 to 255.255.255.255 port 67 interval 13 (xid=0xa91c432d)
Sep 22 04:58:13 openeuler-riscv64 sudo[7670]: pam_unix(sudo:session): session closed for user root
Sep 22 04:58:14 openeuler-riscv64 sudo[8036]:     root : PWD=/root/mugen ; USER=root ; COMMAND=/usr/bin/bash mugen.sh -f os-basic -r oe_test_server_vsftpd_restart -x
Sep 22 04:58:14 openeuler-riscv64 sudo[8036]: pam_unix(sudo:session): session opened for user root(uid=0) by root(uid=0)
Sep 22 04:58:18 openeuler-riscv64 dhclient[8015]: DHCPDISCOVER on enp0s5 to 255.255.255.255 port 67 interval 21 (xid=0xedf6fb2c)
Sep 22 04:58:23 openeuler-riscv64 dhclient[8008]: DHCPDISCOVER on enp0s4 to 255.255.255.255 port 67 interval 7 (xid=0xa91c432d)
Sep 22 04:58:28 openeuler-riscv64 systemctl[8097]: [systemctl start vsftpd] called by PID 8083 (bash -x oe_test_server_vsftpd_restart.sh)
Sep 22 04:58:28 openeuler-riscv64 systemd[1]: Starting Vsftpd ftp daemon...
░░ Subject: A start job for unit vsftpd.service has begun execution
░░ Defined-By: systemd
░░ Support: https://lists.freedesktop.org/mailman/listinfo/systemd-devel
░░ 
░░ A start job for unit vsftpd.service has begun execution.
░░ 
░░ The job identifier is 2457.
Sep 22 04:58:28 openeuler-riscv64 systemd[1]: Started Vsftpd ftp daemon.
░░ Subject: A start job for unit vsftpd.service has finished successfully
░░ Defined-By: systemd
░░ Support: https://lists.freedesktop.org/mailman/listinfo/systemd-devel
░░ 
░░ A start job for unit vsftpd.service has finished successfully.
░░ 
░░ The job identifier is 2457.
Sep 22 04:58:29 openeuler-riscv64 systemctl[8104]: [systemctl restart vsftpd] called by PID 8083 (bash -x oe_test_server_vsftpd_restart.sh)
Sep 22 04:58:29 openeuler-riscv64 systemd[1]: Stopping Vsftpd ftp daemon...
░░ Subject: A stop job for unit vsftpd.service has begun execution
░░ Defined-By: systemd
░░ Support: https://lists.freedesktop.org/mailman/listinfo/systemd-devel
░░ 
░░ A stop job for unit vsftpd.service has begun execution.
░░ 
░░ The job identifier is 2529.
Sep 22 04:58:29 openeuler-riscv64 systemd[1]: vsftpd.service: Deactivated successfully.
░░ Subject: Unit succeeded
░░ Defined-By: systemd
░░ Support: https://lists.freedesktop.org/mailman/listinfo/systemd-devel
░░ 
░░ The unit vsftpd.service has successfully entered the 'dead' state.
Sep 22 04:58:29 openeuler-riscv64 systemd[1]: Stopped Vsftpd ftp daemon.
░░ Subject: A stop job for unit vsftpd.service has finished
░░ Defined-By: systemd
░░ Support: https://lists.freedesktop.org/mailman/listinfo/systemd-devel
░░ 
░░ A stop job for unit vsftpd.service has finished.
░░ 
░░ The job identifier is 2529 and the job result is done.
Sep 22 04:58:29 openeuler-riscv64 systemd[1]: Starting Vsftpd ftp daemon...
░░ Subject: A start job for unit vsftpd.service has begun execution
░░ Defined-By: systemd
░░ Support: https://lists.freedesktop.org/mailman/listinfo/systemd-devel
░░ 
░░ A start job for unit vsftpd.service has begun execution.
░░ 
░░ The job identifier is 2529.
Sep 22 04:58:29 openeuler-riscv64 systemd[1]: Started Vsftpd ftp daemon.
░░ Subject: A start job for unit vsftpd.service has finished successfully
░░ Defined-By: systemd
░░ Support: https://lists.freedesktop.org/mailman/listinfo/systemd-devel
░░ 
░░ A start job for unit vsftpd.service has finished successfully.
░░ 
░░ The job identifier is 2529.
Sep 22 04:58:29 openeuler-riscv64 systemctl[8118]: [systemctl stop vsftpd] called by PID 8083 (bash -x oe_test_server_vsftpd_restart.sh)
Sep 22 04:58:29 openeuler-riscv64 systemd[1]: Stopping Vsftpd ftp daemon...
░░ Subject: A stop job for unit vsftpd.service has begun execution
░░ Defined-By: systemd
░░ Support: https://lists.freedesktop.org/mailman/listinfo/systemd-devel
░░ 
░░ A stop job for unit vsftpd.service has begun execution.
░░ 
░░ The job identifier is 2601.
Sep 22 04:58:29 openeuler-riscv64 systemd[1]: vsftpd.service: Deactivated successfully.
░░ Subject: Unit succeeded
░░ Defined-By: systemd
░░ Support: https://lists.freedesktop.org/mailman/listinfo/systemd-devel
░░ 
░░ The unit vsftpd.service has successfully entered the 'dead' state.
Sep 22 04:58:29 openeuler-riscv64 systemd[1]: Stopped Vsftpd ftp daemon.
░░ Subject: A stop job for unit vsftpd.service has finished
░░ Defined-By: systemd
░░ Support: https://lists.freedesktop.org/mailman/listinfo/systemd-devel
░░ 
░░ A stop job for unit vsftpd.service has finished.
░░ 
░░ The job identifier is 2601 and the job result is done.
Sep 22 04:58:30 openeuler-riscv64 dhclient[8008]: DHCPDISCOVER on enp0s4 to 255.255.255.255 port 67 interval 11 (xid=0xa91c432d)
Sep 22 04:58:32 openeuler-riscv64 systemctl[8124]: [systemctl start vsftpd] called by PID 8083 (bash -x oe_test_server_vsftpd_restart.sh)
Sep 22 04:58:32 openeuler-riscv64 systemd[1]: Starting Vsftpd ftp daemon...
░░ Subject: A start job for unit vsftpd.service has begun execution
░░ Defined-By: systemd
░░ Support: https://lists.freedesktop.org/mailman/listinfo/systemd-devel
░░ 
░░ A start job for unit vsftpd.service has begun execution.
░░ 
░░ The job identifier is 2602.
Sep 22 04:58:32 openeuler-riscv64 systemd[1]: Started Vsftpd ftp daemon.
░░ Subject: A start job for unit vsftpd.service has finished successfully
░░ Defined-By: systemd
░░ Support: https://lists.freedesktop.org/mailman/listinfo/systemd-devel
░░ 
░░ A start job for unit vsftpd.service has finished successfully.
░░ 
░░ The job identifier is 2602.
Sep 22 04:58:33 openeuler-riscv64 systemctl[8131]: [systemctl restart vsftpd] called by PID 8083 (bash -x oe_test_server_vsftpd_restart.sh)
Sep 22 04:58:33 openeuler-riscv64 systemd[1]: Stopping Vsftpd ftp daemon...
░░ Subject: A stop job for unit vsftpd.service has begun execution
░░ Defined-By: systemd
░░ Support: https://lists.freedesktop.org/mailman/listinfo/systemd-devel
░░ 
░░ A stop job for unit vsftpd.service has begun execution.
░░ 
░░ The job identifier is 2674.
Sep 22 04:58:33 openeuler-riscv64 systemd[1]: vsftpd.service: Deactivated successfully.
░░ Subject: Unit succeeded
░░ Defined-By: systemd
░░ Support: https://lists.freedesktop.org/mailman/listinfo/systemd-devel
░░ 
░░ The unit vsftpd.service has successfully entered the 'dead' state.
Sep 22 04:58:33 openeuler-riscv64 systemd[1]: Stopped Vsftpd ftp daemon.
░░ Subject: A stop job for unit vsftpd.service has finished
░░ Defined-By: systemd
░░ Support: https://lists.freedesktop.org/mailman/listinfo/systemd-devel
░░ 
░░ A stop job for unit vsftpd.service has finished.
░░ 
░░ The job identifier is 2674 and the job result is done.
Sep 22 04:58:33 openeuler-riscv64 systemd[1]: Starting Vsftpd ftp daemon...
░░ Subject: A start job for unit vsftpd.service has begun execution
░░ Defined-By: systemd
░░ Support: https://lists.freedesktop.org/mailman/listinfo/systemd-devel
░░ 
░░ A start job for unit vsftpd.service has begun execution.
░░ 
░░ The job identifier is 2674.
Sep 22 04:58:33 openeuler-riscv64 systemd[1]: Started Vsftpd ftp daemon.
░░ Subject: A start job for unit vsftpd.service has finished successfully
░░ Defined-By: systemd
░░ Support: https://lists.freedesktop.org/mailman/listinfo/systemd-devel
░░ 
░░ A start job for unit vsftpd.service has finished successfully.
░░ 
░░ The job identifier is 2674.
Sep 22 04:58:33 openeuler-riscv64 systemctl[8138]: [systemctl stop vsftpd] called by PID 8083 (bash -x oe_test_server_vsftpd_restart.sh)
Sep 22 04:58:33 openeuler-riscv64 systemd[1]: Stopping Vsftpd ftp daemon...
░░ Subject: A stop job for unit vsftpd.service has begun execution
░░ Defined-By: systemd
░░ Support: https://lists.freedesktop.org/mailman/listinfo/systemd-devel
░░ 
░░ A stop job for unit vsftpd.service has begun execution.
░░ 
░░ The job identifier is 2746.
Sep 22 04:58:33 openeuler-riscv64 systemd[1]: vsftpd.service: Deactivated successfully.
░░ Subject: Unit succeeded
░░ Defined-By: systemd
░░ Support: https://lists.freedesktop.org/mailman/listinfo/systemd-devel
░░ 
░░ The unit vsftpd.service has successfully entered the 'dead' state.
Sep 22 04:58:33 openeuler-riscv64 systemd[1]: Stopped Vsftpd ftp daemon.
░░ Subject: A stop job for unit vsftpd.service has finished
░░ Defined-By: systemd
░░ Support: https://lists.freedesktop.org/mailman/listinfo/systemd-devel
░░ 
░░ A stop job for unit vsftpd.service has finished.
░░ 
░░ The job identifier is 2746 and the job result is done.
Sep 22 04:58:36 openeuler-riscv64 systemctl[8144]: [systemctl start vsftpd] called by PID 8083 (bash -x oe_test_server_vsftpd_restart.sh)
Sep 22 04:58:36 openeuler-riscv64 systemd[1]: Starting Vsftpd ftp daemon...
░░ Subject: A start job for unit vsftpd.service has begun execution
░░ Defined-By: systemd
░░ Support: https://lists.freedesktop.org/mailman/listinfo/systemd-devel
░░ 
░░ A start job for unit vsftpd.service has begun execution.
░░ 
░░ The job identifier is 2747.
Sep 22 04:58:36 openeuler-riscv64 systemd[1]: Started Vsftpd ftp daemon.
░░ Subject: A start job for unit vsftpd.service has finished successfully
░░ Defined-By: systemd
░░ Support: https://lists.freedesktop.org/mailman/listinfo/systemd-devel
░░ 
░░ A start job for unit vsftpd.service has finished successfully.
░░ 
░░ The job identifier is 2747.
Sep 22 04:58:37 openeuler-riscv64 systemctl[8151]: [systemctl restart vsftpd] called by PID 8083 (bash -x oe_test_server_vsftpd_restart.sh)
Sep 22 04:58:37 openeuler-riscv64 systemd[1]: Stopping Vsftpd ftp daemon...
░░ Subject: A stop job for unit vsftpd.service has begun execution
░░ Defined-By: systemd
░░ Support: https://lists.freedesktop.org/mailman/listinfo/systemd-devel
░░ 
░░ A stop job for unit vsftpd.service has begun execution.
░░ 
░░ The job identifier is 2819.
Sep 22 04:58:37 openeuler-riscv64 systemd[1]: vsftpd.service: Deactivated successfully.
░░ Subject: Unit succeeded
░░ Defined-By: systemd
░░ Support: https://lists.freedesktop.org/mailman/listinfo/systemd-devel
░░ 
░░ The unit vsftpd.service has successfully entered the 'dead' state.
Sep 22 04:58:37 openeuler-riscv64 systemd[1]: Stopped Vsftpd ftp daemon.
░░ Subject: A stop job for unit vsftpd.service has finished
░░ Defined-By: systemd
░░ Support: https://lists.freedesktop.org/mailman/listinfo/systemd-devel
░░ 
░░ A stop job for unit vsftpd.service has finished.
░░ 
░░ The job identifier is 2819 and the job result is done.
Sep 22 04:58:37 openeuler-riscv64 systemd[1]: Starting Vsftpd ftp daemon...
░░ Subject: A start job for unit vsftpd.service has begun execution
░░ Defined-By: systemd
░░ Support: https://lists.freedesktop.org/mailman/listinfo/systemd-devel
░░ 
░░ A start job for unit vsftpd.service has begun execution.
░░ 
░░ The job identifier is 2819.
Sep 22 04:58:37 openeuler-riscv64 systemd[1]: Started Vsftpd ftp daemon.
░░ Subject: A start job for unit vsftpd.service has finished successfully
░░ Defined-By: systemd
░░ Support: https://lists.freedesktop.org/mailman/listinfo/systemd-devel
░░ 
░░ A start job for unit vsftpd.service has finished successfully.
░░ 
░░ The job identifier is 2819.
Sep 22 04:58:37 openeuler-riscv64 systemctl[8157]: [systemctl stop vsftpd] called by PID 8083 (bash -x oe_test_server_vsftpd_restart.sh)
Sep 22 04:58:37 openeuler-riscv64 systemd[1]: Stopping Vsftpd ftp daemon...
░░ Subject: A stop job for unit vsftpd.service has begun execution
░░ Defined-By: systemd
░░ Support: https://lists.freedesktop.org/mailman/listinfo/systemd-devel
░░ 
░░ A stop job for unit vsftpd.service has begun execution.
░░ 
░░ The job identifier is 2891.
Sep 22 04:58:37 openeuler-riscv64 systemd[1]: vsftpd.service: Deactivated successfully.
░░ Subject: Unit succeeded
░░ Defined-By: systemd
░░ Support: https://lists.freedesktop.org/mailman/listinfo/systemd-devel
░░ 
░░ The unit vsftpd.service has successfully entered the 'dead' state.
Sep 22 04:58:37 openeuler-riscv64 systemd[1]: Stopped Vsftpd ftp daemon.
░░ Subject: A stop job for unit vsftpd.service has finished
░░ Defined-By: systemd
░░ Support: https://lists.freedesktop.org/mailman/listinfo/systemd-devel
░░ 
░░ A stop job for unit vsftpd.service has finished.
░░ 
░░ The job identifier is 2891 and the job result is done.
Sep 22 04:58:39 openeuler-riscv64 dhclient[8015]: DHCPDISCOVER on enp0s5 to 255.255.255.255 port 67 interval 12 (xid=0xedf6fb2c)
Sep 22 04:58:39 openeuler-riscv64 NetworkManager[667]: <info>  [1695329919.7951] device (enp0s4): state change: ip-config -> failed (reason 'ip-config-unavailable', sys-iface-state: 'managed')
Sep 22 04:58:39 openeuler-riscv64 NetworkManager[667]: <warn>  [1695329919.8026] device (enp0s4): Activation: failed for connection 'Wired connection 2'
Sep 22 04:58:39 openeuler-riscv64 NetworkManager[667]: <info>  [1695329919.8031] device (enp0s5): state change: ip-config -> failed (reason 'ip-config-unavailable', sys-iface-state: 'managed')
Sep 22 04:58:39 openeuler-riscv64 NetworkManager[667]: <warn>  [1695329919.8082] device (enp0s5): Activation: failed for connection 'Wired connection 3'
Sep 22 04:58:39 openeuler-riscv64 NetworkManager[667]: <info>  [1695329919.8137] device (enp0s4): state change: failed -> disconnected (reason 'none', sys-iface-state: 'managed')
Sep 22 04:58:39 openeuler-riscv64 NetworkManager[667]: <info>  [1695329919.8519] dhcp4 (enp0s4): canceled DHCP transaction, DHCP client pid 8008
Sep 22 04:58:39 openeuler-riscv64 NetworkManager[667]: <info>  [1695329919.8523] dhcp4 (enp0s4): activation: beginning transaction (timeout in 45 seconds)
Sep 22 04:58:39 openeuler-riscv64 NetworkManager[667]: <info>  [1695329919.8526] dhcp4 (enp0s4): state changed no lease
Sep 22 04:58:39 openeuler-riscv64 NetworkManager[667]: <info>  [1695329919.9864] device (enp0s5): state change: failed -> disconnected (reason 'none', sys-iface-state: 'managed')
Sep 22 04:58:40 openeuler-riscv64 NetworkManager[667]: <info>  [1695329920.0231] dhcp4 (enp0s5): canceled DHCP transaction, DHCP client pid 8015
Sep 22 04:58:40 openeuler-riscv64 NetworkManager[667]: <info>  [1695329920.0233] dhcp4 (enp0s5): activation: beginning transaction (timeout in 45 seconds)
Sep 22 04:58:40 openeuler-riscv64 NetworkManager[667]: <info>  [1695329920.0234] dhcp4 (enp0s5): state changed no lease
Sep 22 04:58:40 openeuler-riscv64 NetworkManager[667]: <info>  [1695329920.1406] policy: auto-activating connection 'Wired connection 2' (81a731eb-4d99-3655-94a4-3c571a0d2abf)
Sep 22 04:58:40 openeuler-riscv64 NetworkManager[667]: <info>  [1695329920.1427] policy: auto-activating connection 'Wired connection 3' (3785d83e-6144-3d49-846d-368db2bdcfa6)
Sep 22 04:58:40 openeuler-riscv64 NetworkManager[667]: <info>  [1695329920.1453] device (enp0s4): Activation: starting connection 'Wired connection 2' (81a731eb-4d99-3655-94a4-3c571a0d2abf)
Sep 22 04:58:40 openeuler-riscv64 NetworkManager[667]: <info>  [1695329920.1487] device (enp0s5): Activation: starting connection 'Wired connection 3' (3785d83e-6144-3d49-846d-368db2bdcfa6)
Sep 22 04:58:40 openeuler-riscv64 NetworkManager[667]: <info>  [1695329920.1496] device (enp0s4): state change: disconnected -> prepare (reason 'none', sys-iface-state: 'managed')
Sep 22 04:58:40 openeuler-riscv64 NetworkManager[667]: <info>  [1695329920.1525] device (enp0s4): state change: prepare -> config (reason 'none', sys-iface-state: 'managed')
Sep 22 04:58:40 openeuler-riscv64 NetworkManager[667]: <info>  [1695329920.1573] device (enp0s5): state change: disconnected -> prepare (reason 'none', sys-iface-state: 'managed')
Sep 22 04:58:40 openeuler-riscv64 NetworkManager[667]: <info>  [1695329920.1602] device (enp0s5): state change: prepare -> config (reason 'none', sys-iface-state: 'managed')
Sep 22 04:58:40 openeuler-riscv64 NetworkManager[667]: <info>  [1695329920.3011] device (enp0s4): state change: config -> ip-config (reason 'none', sys-iface-state: 'managed')
Sep 22 04:58:40 openeuler-riscv64 NetworkManager[667]: <info>  [1695329920.3071] dhcp4 (enp0s4): activation: beginning transaction (timeout in 45 seconds)
Sep 22 04:58:40 openeuler-riscv64 NetworkManager[667]: <info>  [1695329920.3393] dhcp4 (enp0s4): dhclient started with pid 8170
Sep 22 04:58:40 openeuler-riscv64 NetworkManager[667]: <info>  [1695329920.4510] device (enp0s5): state change: config -> ip-config (reason 'none', sys-iface-state: 'managed')
Sep 22 04:58:40 openeuler-riscv64 NetworkManager[667]: <info>  [1695329920.4592] dhcp4 (enp0s5): activation: beginning transaction (timeout in 45 seconds)
Sep 22 04:58:40 openeuler-riscv64 NetworkManager[667]: <info>  [1695329920.4801] dhcp4 (enp0s5): dhclient started with pid 8177
Sep 22 04:58:40 openeuler-riscv64 systemctl[8176]: [systemctl start vsftpd] called by PID 8083 (bash -x oe_test_server_vsftpd_restart.sh)
Sep 22 04:58:40 openeuler-riscv64 dhclient[8170]: DHCPDISCOVER on enp0s4 to 255.255.255.255 port 67 interval 3 (xid=0x25ab5076)
Sep 22 04:58:40 openeuler-riscv64 systemd[1]: Starting Vsftpd ftp daemon...
░░ Subject: A start job for unit vsftpd.service has begun execution
░░ Defined-By: systemd
░░ Support: https://lists.freedesktop.org/mailman/listinfo/systemd-devel
░░ 
░░ A start job for unit vsftpd.service has begun execution.
░░ 
░░ The job identifier is 2892.
Sep 22 04:58:40 openeuler-riscv64 dhclient[8177]: DHCPDISCOVER on enp0s5 to 255.255.255.255 port 67 interval 8 (xid=0xfc45b216)
Sep 22 04:58:40 openeuler-riscv64 systemd[1]: Started Vsftpd ftp daemon.
░░ Subject: A start job for unit vsftpd.service has finished successfully
░░ Defined-By: systemd
░░ Support: https://lists.freedesktop.org/mailman/listinfo/systemd-devel
░░ 
░░ A start job for unit vsftpd.service has finished successfully.
░░ 
░░ The job identifier is 2892.
Sep 22 04:58:41 openeuler-riscv64 systemctl[8190]: [systemctl restart vsftpd] called by PID 8083 (bash -x oe_test_server_vsftpd_restart.sh)
Sep 22 04:58:41 openeuler-riscv64 systemd[1]: Stopping Vsftpd ftp daemon...
░░ Subject: A stop job for unit vsftpd.service has begun execution
░░ Defined-By: systemd
░░ Support: https://lists.freedesktop.org/mailman/listinfo/systemd-devel
░░ 
░░ A stop job for unit vsftpd.service has begun execution.
░░ 
░░ The job identifier is 2964.
Sep 22 04:58:41 openeuler-riscv64 systemd[1]: vsftpd.service: Deactivated successfully.
░░ Subject: Unit succeeded
░░ Defined-By: systemd
░░ Support: https://lists.freedesktop.org/mailman/listinfo/systemd-devel
░░ 
░░ The unit vsftpd.service has successfully entered the 'dead' state.
Sep 22 04:58:41 openeuler-riscv64 systemd[1]: Stopped Vsftpd ftp daemon.
░░ Subject: A stop job for unit vsftpd.service has finished
░░ Defined-By: systemd
░░ Support: https://lists.freedesktop.org/mailman/listinfo/systemd-devel
░░ 
░░ A stop job for unit vsftpd.service has finished.
░░ 
░░ The job identifier is 2964 and the job result is done.
Sep 22 04:58:41 openeuler-riscv64 systemd[1]: Starting Vsftpd ftp daemon...
░░ Subject: A start job for unit vsftpd.service has begun execution
░░ Defined-By: systemd
░░ Support: https://lists.freedesktop.org/mailman/listinfo/systemd-devel
░░ 
░░ A start job for unit vsftpd.service has begun execution.
░░ 
░░ The job identifier is 2964.
Sep 22 04:58:41 openeuler-riscv64 systemd[1]: Started Vsftpd ftp daemon.
░░ Subject: A start job for unit vsftpd.service has finished successfully
░░ Defined-By: systemd
░░ Support: https://lists.freedesktop.org/mailman/listinfo/systemd-devel
░░ 
░░ A start job for unit vsftpd.service has finished successfully.
░░ 
░░ The job identifier is 2964.
Sep 22 04:58:41 openeuler-riscv64 systemctl[8196]: [systemctl stop vsftpd] called by PID 8083 (bash -x oe_test_server_vsftpd_restart.sh)
Sep 22 04:58:41 openeuler-riscv64 systemd[1]: Stopping Vsftpd ftp daemon...
░░ Subject: A stop job for unit vsftpd.service has begun execution
░░ Defined-By: systemd
░░ Support: https://lists.freedesktop.org/mailman/listinfo/systemd-devel
░░ 
░░ A stop job for unit vsftpd.service has begun execution.
░░ 
░░ The job identifier is 3036.
Sep 22 04:58:41 openeuler-riscv64 systemd[1]: vsftpd.service: Deactivated successfully.
░░ Subject: Unit succeeded
░░ Defined-By: systemd
░░ Support: https://lists.freedesktop.org/mailman/listinfo/systemd-devel
░░ 
░░ The unit vsftpd.service has successfully entered the 'dead' state.
Sep 22 04:58:41 openeuler-riscv64 systemd[1]: Stopped Vsftpd ftp daemon.
░░ Subject: A stop job for unit vsftpd.service has finished
░░ Defined-By: systemd
░░ Support: https://lists.freedesktop.org/mailman/listinfo/systemd-devel
░░ 
░░ A stop job for unit vsftpd.service has finished.
░░ 
░░ The job identifier is 3036 and the job result is done.
Sep 22 04:58:43 openeuler-riscv64 dhclient[8170]: DHCPDISCOVER on enp0s4 to 255.255.255.255 port 67 interval 5 (xid=0x25ab5076)
Sep 22 04:58:44 openeuler-riscv64 systemctl[8201]: [systemctl start vsftpd] called by PID 8083 (bash -x oe_test_server_vsftpd_restart.sh)
Sep 22 04:58:44 openeuler-riscv64 systemd[1]: Starting Vsftpd ftp daemon...
░░ Subject: A start job for unit vsftpd.service has begun execution
░░ Defined-By: systemd
░░ Support: https://lists.freedesktop.org/mailman/listinfo/systemd-devel
░░ 
░░ A start job for unit vsftpd.service has begun execution.
░░ 
░░ The job identifier is 3037.
Sep 22 04:58:44 openeuler-riscv64 systemd[1]: Started Vsftpd ftp daemon.
░░ Subject: A start job for unit vsftpd.service has finished successfully
░░ Defined-By: systemd
░░ Support: https://lists.freedesktop.org/mailman/listinfo/systemd-devel
░░ 
░░ A start job for unit vsftpd.service has finished successfully.
░░ 
░░ The job identifier is 3037.
Sep 22 04:58:44 openeuler-riscv64 systemctl[8208]: [systemctl restart vsftpd] called by PID 8083 (bash -x oe_test_server_vsftpd_restart.sh)
Sep 22 04:58:44 openeuler-riscv64 systemd[1]: Stopping Vsftpd ftp daemon...
░░ Subject: A stop job for unit vsftpd.service has begun execution
░░ Defined-By: systemd
░░ Support: https://lists.freedesktop.org/mailman/listinfo/systemd-devel
░░ 
░░ A stop job for unit vsftpd.service has begun execution.
░░ 
░░ The job identifier is 3109.
Sep 22 04:58:44 openeuler-riscv64 systemd[1]: vsftpd.service: Deactivated successfully.
░░ Subject: Unit succeeded
░░ Defined-By: systemd
░░ Support: https://lists.freedesktop.org/mailman/listinfo/systemd-devel
░░ 
░░ The unit vsftpd.service has successfully entered the 'dead' state.
Sep 22 04:58:44 openeuler-riscv64 systemd[1]: Stopped Vsftpd ftp daemon.
░░ Subject: A stop job for unit vsftpd.service has finished
░░ Defined-By: systemd
░░ Support: https://lists.freedesktop.org/mailman/listinfo/systemd-devel
░░ 
░░ A stop job for unit vsftpd.service has finished.
░░ 
░░ The job identifier is 3109 and the job result is done.
Sep 22 04:58:45 openeuler-riscv64 systemd[1]: Starting Vsftpd ftp daemon...
░░ Subject: A start job for unit vsftpd.service has begun execution
░░ Defined-By: systemd
░░ Support: https://lists.freedesktop.org/mailman/listinfo/systemd-devel
░░ 
