Sep 22 06:14:13 openeuler-riscv64 sudo[26619]: pam_unix(sudo:session): session closed for user root
Sep 22 06:14:14 openeuler-riscv64 sudo[26851]:     root : PWD=/root/mugen ; USER=root ; COMMAND=/usr/bin/bash mugen.sh -f os-storage -r oe_test_storage_lvm_replace_badraid -x
Sep 22 06:14:14 openeuler-riscv64 sudo[26851]: pam_unix(sudo:session): session opened for user root(uid=0) by root(uid=0)
Sep 22 06:14:36 openeuler-riscv64 sshd[26908]: Connection from 10.0.0.2 port 58374 on 10.0.0.2 port 22 rdomain ""
Sep 22 06:14:37 openeuler-riscv64 sshd[26908]: Accepted password for root from 10.0.0.2 port 58374 ssh2
Sep 22 06:14:37 openeuler-riscv64 systemd-logind[499]: New session 66 of user root.
░░ Subject: A new session 66 has been created for user root
░░ Defined-By: systemd
░░ Support: https://lists.freedesktop.org/mailman/listinfo/systemd-devel
░░ Documentation: sd-login(3)
░░ 
░░ A new session with the ID 66 has been created for the user root.
░░ 
░░ The leading process of the session is 26908.
Sep 22 06:14:37 openeuler-riscv64 systemd[1]: Started Session 66 of User root.
░░ Subject: A start job for unit session-66.scope has finished successfully
░░ Defined-By: systemd
░░ Support: https://lists.freedesktop.org/mailman/listinfo/systemd-devel
░░ 
░░ A start job for unit session-66.scope has finished successfully.
░░ 
░░ The job identifier is 7709.
Sep 22 06:14:37 openeuler-riscv64 sshd[26908]: pam_unix(sshd:session): session opened for user root(uid=0) by root(uid=0)
Sep 22 06:14:37 openeuler-riscv64 sshd[26908]: User child is on pid 26911
Sep 22 06:14:37 openeuler-riscv64 sshd[26911]: Starting session: command for root from 10.0.0.2 port 58374 id 0
Sep 22 06:14:41 openeuler-riscv64 sshd[26911]: Close session: user root from 10.0.0.2 port 58374 id 0
Sep 22 06:14:41 openeuler-riscv64 sshd[26911]: Starting session: command for root from 10.0.0.2 port 58374 id 0
Sep 22 06:14:46 openeuler-riscv64 sshd[26911]: Close session: user root from 10.0.0.2 port 58374 id 0
Sep 22 06:14:46 openeuler-riscv64 sshd[26911]: Connection closed by 10.0.0.2 port 58374
Sep 22 06:14:46 openeuler-riscv64 sshd[26911]: Transferred: sent 2176, received 1760 bytes
Sep 22 06:14:46 openeuler-riscv64 sshd[26911]: Closing connection to 10.0.0.2 port 58374
Sep 22 06:14:46 openeuler-riscv64 sshd[26908]: pam_unix(sshd:session): session closed for user root
Sep 22 06:14:46 openeuler-riscv64 systemd[1]: session-66.scope: Deactivated successfully.
░░ Subject: Unit succeeded
░░ Defined-By: systemd
░░ Support: https://lists.freedesktop.org/mailman/listinfo/systemd-devel
░░ 
░░ The unit session-66.scope has successfully entered the 'dead' state.
Sep 22 06:14:46 openeuler-riscv64 systemd-logind[499]: Session 66 logged out. Waiting for processes to exit.
Sep 22 06:14:46 openeuler-riscv64 systemd-logind[499]: Removed session 66.
░░ Subject: Session 66 has been terminated
░░ Defined-By: systemd
░░ Support: https://lists.freedesktop.org/mailman/listinfo/systemd-devel
░░ Documentation: sd-login(3)
░░ 
░░ A session with the ID 66 has been terminated.
Sep 22 06:15:02 openeuler-riscv64 anacron[4419]: Job `cron.monthly' started
Sep 22 06:15:02 openeuler-riscv64 anacron[4419]: Job `cron.monthly' terminated
Sep 22 06:15:02 openeuler-riscv64 anacron[4419]: Normal exit (3 jobs run)
Sep 22 06:15:11 openeuler-riscv64 sudo[26851]: pam_unix(sudo:session): session closed for user root
Sep 22 06:15:12 openeuler-riscv64 sudo[27119]:     root : PWD=/root/mugen ; USER=root ; COMMAND=/usr/bin/bash mugen.sh -f os-storage -r oe_test_storage_ext3_resize -x
Sep 22 06:15:12 openeuler-riscv64 sudo[27119]: pam_unix(sudo:session): session opened for user root(uid=0) by root(uid=0)
Sep 22 06:15:35 openeuler-riscv64 sshd[27175]: Connection from 10.0.0.2 port 59932 on 10.0.0.2 port 22 rdomain ""
Sep 22 06:15:35 openeuler-riscv64 sshd[27175]: Accepted password for root from 10.0.0.2 port 59932 ssh2
Sep 22 06:15:36 openeuler-riscv64 systemd-logind[499]: New session 67 of user root.
░░ Subject: A new session 67 has been created for user root
░░ Defined-By: systemd
░░ Support: https://lists.freedesktop.org/mailman/listinfo/systemd-devel
░░ Documentation: sd-login(3)
░░ 
░░ A new session with the ID 67 has been created for the user root.
░░ 
░░ The leading process of the session is 27175.
Sep 22 06:15:36 openeuler-riscv64 systemd[1]: Started Session 67 of User root.
░░ Subject: A start job for unit session-67.scope has finished successfully
░░ Defined-By: systemd
░░ Support: https://lists.freedesktop.org/mailman/listinfo/systemd-devel
░░ 
░░ A start job for unit session-67.scope has finished successfully.
░░ 
░░ The job identifier is 7837.
Sep 22 06:15:36 openeuler-riscv64 sshd[27175]: pam_unix(sshd:session): session opened for user root(uid=0) by root(uid=0)
Sep 22 06:15:36 openeuler-riscv64 sshd[27175]: User child is on pid 27178
Sep 22 06:15:36 openeuler-riscv64 sshd[27178]: Starting session: command for root from 10.0.0.2 port 59932 id 0
Sep 22 06:15:40 openeuler-riscv64 sshd[27178]: Close session: user root from 10.0.0.2 port 59932 id 0
Sep 22 06:15:41 openeuler-riscv64 sshd[27178]: Starting session: command for root from 10.0.0.2 port 59932 id 1
Sep 22 06:15:45 openeuler-riscv64 sshd[27178]: Connection closed by 10.0.0.2 port 59932
Sep 22 06:15:45 openeuler-riscv64 sshd[27178]: Close session: user root from 10.0.0.2 port 59932 id 1
Sep 22 06:15:45 openeuler-riscv64 sshd[27178]: Transferred: sent 2176, received 1744 bytes
Sep 22 06:15:45 openeuler-riscv64 sshd[27178]: Closing connection to 10.0.0.2 port 59932
Sep 22 06:15:45 openeuler-riscv64 sshd[27175]: pam_unix(sshd:session): session closed for user root
Sep 22 06:15:45 openeuler-riscv64 systemd[1]: session-67.scope: Deactivated successfully.
░░ Subject: Unit succeeded
░░ Defined-By: systemd
░░ Support: https://lists.freedesktop.org/mailman/listinfo/systemd-devel
░░ 
░░ The unit session-67.scope has successfully entered the 'dead' state.
Sep 22 06:15:45 openeuler-riscv64 systemd-logind[499]: Session 67 logged out. Waiting for processes to exit.
Sep 22 06:15:45 openeuler-riscv64 systemd-logind[499]: Removed session 67.
░░ Subject: Session 67 has been terminated
░░ Defined-By: systemd
░░ Support: https://lists.freedesktop.org/mailman/listinfo/systemd-devel
░░ Documentation: sd-login(3)
░░ 
░░ A session with the ID 67 has been terminated.
Sep 22 06:15:48 openeuler-riscv64 kernel:  vdb: vdb1
Sep 22 06:15:56 openeuler-riscv64 kernel:  vdb:
Sep 22 06:15:56 openeuler-riscv64 kernel:  vdb:
Sep 22 06:16:01 openeuler-riscv64 sudo[27119]: pam_unix(sudo:session): session closed for user root
Sep 22 06:16:03 openeuler-riscv64 sudo[27358]:     root : PWD=/root/mugen ; USER=root ; COMMAND=/usr/bin/bash mugen.sh -f os-storage -r oe_test_storage_Mutipath_configure_defaults -x
Sep 22 06:16:03 openeuler-riscv64 sudo[27358]: pam_unix(sudo:session): session opened for user root(uid=0) by root(uid=0)
Sep 22 06:16:41 openeuler-riscv64 multipathd[2857]: Multipath configuration updated.
Sep 22 06:16:41 openeuler-riscv64 multipathd[2857]: Reload multipathd for changes to take effect
Sep 22 06:16:44 openeuler-riscv64 systemctl[27444]: [systemctl reload multipathd.service] called by PID 27405 (bash -x oe_test_storage_Mutipath_configure_defaults.sh)
Sep 22 06:16:45 openeuler-riscv64 systemd[1]: Reloading Device-Mapper Multipath Device Controller...
░░ Subject: A reload job for unit multipathd.service has begun execution
░░ Defined-By: systemd
░░ Support: https://lists.freedesktop.org/mailman/listinfo/systemd-devel
░░ 
░░ A reload job for unit multipathd.service has begun execution.
░░ 
░░ The job identifier is 7937.
Sep 22 06:16:45 openeuler-riscv64 multipathd[2857]: reconfigure (operator)
Sep 22 06:16:45 openeuler-riscv64 multipathd[27445]: ok
Sep 22 06:16:45 openeuler-riscv64 systemd[1]: Reloaded Device-Mapper Multipath Device Controller.
░░ Subject: A reload job for unit multipathd.service has finished
░░ Defined-By: systemd
░░ Support: https://lists.freedesktop.org/mailman/listinfo/systemd-devel
░░ 
░░ A reload job for unit multipathd.service has finished.
░░ 
░░ The job identifier is 7937 and the job result is done.
Sep 22 06:16:49 openeuler-riscv64 systemctl[27453]: [systemctl reload multipathd.service] called by PID 27405 (bash -x oe_test_storage_Mutipath_configure_defaults.sh)
Sep 22 06:16:50 openeuler-riscv64 systemd[1]: Reloading Device-Mapper Multipath Device Controller...
░░ Subject: A reload job for unit multipathd.service has begun execution
░░ Defined-By: systemd
░░ Support: https://lists.freedesktop.org/mailman/listinfo/systemd-devel
░░ 
░░ A reload job for unit multipathd.service has begun execution.
░░ 
░░ The job identifier is 7938.
Sep 22 06:16:50 openeuler-riscv64 multipathd[2857]: reconfigure (operator)
Sep 22 06:16:50 openeuler-riscv64 multipathd[27454]: ok
Sep 22 06:16:50 openeuler-riscv64 systemd[1]: Reloaded Device-Mapper Multipath Device Controller.
░░ Subject: A reload job for unit multipathd.service has finished
░░ Defined-By: systemd
░░ Support: https://lists.freedesktop.org/mailman/listinfo/systemd-devel
░░ 
░░ A reload job for unit multipathd.service has finished.
░░ 
░░ The job identifier is 7938 and the job result is done.
Sep 22 06:16:50 openeuler-riscv64 multipathd[2857]: remove maps (operator)
Sep 22 06:16:57 openeuler-riscv64 sudo[27358]: pam_unix(sudo:session): session closed for user root
Sep 22 06:16:58 openeuler-riscv64 sudo[27469]:     root : PWD=/root/mugen ; USER=root ; COMMAND=/usr/bin/bash mugen.sh -f os-storage -r oe_test_storage_diskpartiton_fdisk_delete -x
Sep 22 06:16:58 openeuler-riscv64 sudo[27469]: pam_unix(sudo:session): session opened for user root(uid=0) by root(uid=0)
Sep 22 06:17:00 openeuler-riscv64 NetworkManager[687]: <info>  [1695334620.0395] policy: auto-activating connection 'Wired connection 2' (0b05253b-3ac2-381f-a7e6-29e95faca6b0)
Sep 22 06:17:00 openeuler-riscv64 NetworkManager[687]: <info>  [1695334620.0497] device (enp0s4): Activation: starting connection 'Wired connection 2' (0b05253b-3ac2-381f-a7e6-29e95faca6b0)
Sep 22 06:17:00 openeuler-riscv64 NetworkManager[687]: <info>  [1695334620.0515] device (enp0s4): state change: disconnected -> prepare (reason 'none', sys-iface-state: 'managed')
Sep 22 06:17:00 openeuler-riscv64 NetworkManager[687]: <info>  [1695334620.0591] device (enp0s4): state change: prepare -> config (reason 'none', sys-iface-state: 'managed')
Sep 22 06:17:00 openeuler-riscv64 NetworkManager[687]: <info>  [1695334620.5434] device (enp0s4): state change: config -> ip-config (reason 'none', sys-iface-state: 'managed')
Sep 22 06:17:00 openeuler-riscv64 NetworkManager[687]: <info>  [1695334620.5680] dhcp4 (enp0s4): activation: beginning transaction (timeout in 45 seconds)
Sep 22 06:17:00 openeuler-riscv64 NetworkManager[687]: <info>  [1695334620.6278] dhcp4 (enp0s4): dhclient started with pid 27495
Sep 22 06:17:00 openeuler-riscv64 dhclient[27495]: DHCPDISCOVER on enp0s4 to 255.255.255.255 port 67 interval 3 (xid=0x4a700575)
Sep 22 06:17:03 openeuler-riscv64 dhclient[27495]: DHCPDISCOVER on enp0s4 to 255.255.255.255 port 67 interval 7 (xid=0x4a700575)
Sep 22 06:17:04 openeuler-riscv64 NetworkManager[687]: <info>  [1695334624.0357] policy: auto-activating connection 'Wired connection 3' (800d7b73-acc8-340d-b155-140a870391e2)
Sep 22 06:17:04 openeuler-riscv64 NetworkManager[687]: <info>  [1695334624.0487] device (enp0s5): Activation: starting connection 'Wired connection 3' (800d7b73-acc8-340d-b155-140a870391e2)
Sep 22 06:17:04 openeuler-riscv64 NetworkManager[687]: <info>  [1695334624.0514] device (enp0s5): state change: disconnected -> prepare (reason 'none', sys-iface-state: 'managed')
Sep 22 06:17:04 openeuler-riscv64 NetworkManager[687]: <info>  [1695334624.0620] device (enp0s5): state change: prepare -> config (reason 'none', sys-iface-state: 'managed')
Sep 22 06:17:04 openeuler-riscv64 NetworkManager[687]: <info>  [1695334624.6041] device (enp0s5): state change: config -> ip-config (reason 'none', sys-iface-state: 'managed')
Sep 22 06:17:04 openeuler-riscv64 NetworkManager[687]: <info>  [1695334624.6260] dhcp4 (enp0s5): activation: beginning transaction (timeout in 45 seconds)
Sep 22 06:17:04 openeuler-riscv64 NetworkManager[687]: <info>  [1695334624.6856] dhcp4 (enp0s5): dhclient started with pid 27523
Sep 22 06:17:04 openeuler-riscv64 dhclient[27523]: DHCPDISCOVER on enp0s5 to 255.255.255.255 port 67 interval 3 (xid=0xc8aecd64)
Sep 22 06:17:07 openeuler-riscv64 dhclient[27523]: DHCPDISCOVER on enp0s5 to 255.255.255.255 port 67 interval 3 (xid=0xc8aecd64)
Sep 22 06:17:10 openeuler-riscv64 dhclient[27523]: DHCPDISCOVER on enp0s5 to 255.255.255.255 port 67 interval 7 (xid=0xc8aecd64)
Sep 22 06:17:10 openeuler-riscv64 dhclient[27495]: DHCPDISCOVER on enp0s4 to 255.255.255.255 port 67 interval 17 (xid=0x4a700575)
Sep 22 06:17:17 openeuler-riscv64 dhclient[27523]: DHCPDISCOVER on enp0s5 to 255.255.255.255 port 67 interval 7 (xid=0xc8aecd64)
Sep 22 06:17:20 openeuler-riscv64 sshd[27538]: Connection from 10.0.0.2 port 54590 on 10.0.0.2 port 22 rdomain ""
Sep 22 06:17:20 openeuler-riscv64 sshd[27538]: Accepted password for root from 10.0.0.2 port 54590 ssh2
Sep 22 06:17:21 openeuler-riscv64 systemd-logind[499]: New session 68 of user root.
░░ Subject: A new session 68 has been created for user root
░░ Defined-By: systemd
░░ Support: https://lists.freedesktop.org/mailman/listinfo/systemd-devel
░░ Documentation: sd-login(3)
░░ 
░░ A new session with the ID 68 has been created for the user root.
░░ 
░░ The leading process of the session is 27538.
Sep 22 06:17:21 openeuler-riscv64 systemd[1]: Started Session 68 of User root.
░░ Subject: A start job for unit session-68.scope has finished successfully
░░ Defined-By: systemd
░░ Support: https://lists.freedesktop.org/mailman/listinfo/systemd-devel
░░ 
░░ A start job for unit session-68.scope has finished successfully.
░░ 
░░ The job identifier is 7939.
Sep 22 06:17:21 openeuler-riscv64 sshd[27538]: pam_unix(sshd:session): session opened for user root(uid=0) by root(uid=0)
Sep 22 06:17:21 openeuler-riscv64 sshd[27538]: User child is on pid 27541
Sep 22 06:17:21 openeuler-riscv64 sshd[27541]: Starting session: command for root from 10.0.0.2 port 54590 id 0
Sep 22 06:17:24 openeuler-riscv64 dhclient[27523]: DHCPDISCOVER on enp0s5 to 255.255.255.255 port 67 interval 14 (xid=0xc8aecd64)
Sep 22 06:17:25 openeuler-riscv64 sshd[27541]: Close session: user root from 10.0.0.2 port 54590 id 0
Sep 22 06:17:25 openeuler-riscv64 sshd[27541]: Starting session: command for root from 10.0.0.2 port 54590 id 0
Sep 22 06:17:27 openeuler-riscv64 dhclient[27495]: DHCPDISCOVER on enp0s4 to 255.255.255.255 port 67 interval 9 (xid=0x4a700575)
Sep 22 06:17:30 openeuler-riscv64 sshd[27541]: Connection closed by 10.0.0.2 port 54590
Sep 22 06:17:30 openeuler-riscv64 sshd[27541]: Close session: user root from 10.0.0.2 port 54590 id 0
Sep 22 06:17:30 openeuler-riscv64 sshd[27541]: Transferred: sent 2176, received 1744 bytes
Sep 22 06:17:30 openeuler-riscv64 sshd[27541]: Closing connection to 10.0.0.2 port 54590
Sep 22 06:17:30 openeuler-riscv64 sshd[27538]: pam_unix(sshd:session): session closed for user root
Sep 22 06:17:30 openeuler-riscv64 systemd[1]: session-68.scope: Deactivated successfully.
░░ Subject: Unit succeeded
░░ Defined-By: systemd
░░ Support: https://lists.freedesktop.org/mailman/listinfo/systemd-devel
░░ 
░░ The unit session-68.scope has successfully entered the 'dead' state.
Sep 22 06:17:30 openeuler-riscv64 systemd-logind[499]: Session 68 logged out. Waiting for processes to exit.
Sep 22 06:17:30 openeuler-riscv64 systemd-logind[499]: Removed session 68.
░░ Subject: Session 68 has been terminated
░░ Defined-By: systemd
░░ Support: https://lists.freedesktop.org/mailman/listinfo/systemd-devel
░░ Documentation: sd-login(3)
░░ 
░░ A session with the ID 68 has been terminated.
Sep 22 06:17:33 openeuler-riscv64 kernel:  vdb:
Sep 22 06:17:36 openeuler-riscv64 dhclient[27495]: DHCPDISCOVER on enp0s4 to 255.255.255.255 port 67 interval 13 (xid=0x4a700575)
Sep 22 06:17:38 openeuler-riscv64 kernel:  vdb:
Sep 22 06:17:38 openeuler-riscv64 dhclient[27523]: DHCPDISCOVER on enp0s5 to 255.255.255.255 port 67 interval 11 (xid=0xc8aecd64)
Sep 22 06:17:46 openeuler-riscv64 NetworkManager[687]: <info>  [1695334666.0422] device (enp0s4): state change: ip-config -> failed (reason 'ip-config-unavailable', sys-iface-state: 'managed')
Sep 22 06:17:46 openeuler-riscv64 NetworkManager[687]: <warn>  [1695334666.0528] device (enp0s4): Activation: failed for connection 'Wired connection 2'
Sep 22 06:17:46 openeuler-riscv64 NetworkManager[687]: <info>  [1695334666.0583] device (enp0s4): state change: failed -> disconnected (reason 'none', sys-iface-state: 'managed')
Sep 22 06:17:46 openeuler-riscv64 NetworkManager[687]: <info>  [1695334666.0957] dhcp4 (enp0s4): canceled DHCP transaction, DHCP client pid 27495
Sep 22 06:17:46 openeuler-riscv64 NetworkManager[687]: <info>  [1695334666.0962] dhcp4 (enp0s4): activation: beginning transaction (timeout in 45 seconds)
Sep 22 06:17:46 openeuler-riscv64 NetworkManager[687]: <info>  [1695334666.0966] dhcp4 (enp0s4): state changed no lease
Sep 22 06:17:46 openeuler-riscv64 NetworkManager[687]: <info>  [1695334666.4119] policy: auto-activating connection 'Wired connection 2' (0b05253b-3ac2-381f-a7e6-29e95faca6b0)
Sep 22 06:17:46 openeuler-riscv64 NetworkManager[687]: <info>  [1695334666.4395] device (enp0s4): Activation: starting connection 'Wired connection 2' (0b05253b-3ac2-381f-a7e6-29e95faca6b0)
Sep 22 06:17:46 openeuler-riscv64 NetworkManager[687]: <info>  [1695334666.4423] device (enp0s4): state change: disconnected -> prepare (reason 'none', sys-iface-state: 'managed')
Sep 22 06:17:46 openeuler-riscv64 NetworkManager[687]: <info>  [1695334666.4492] device (enp0s4): state change: prepare -> config (reason 'none', sys-iface-state: 'managed')
Sep 22 06:17:47 openeuler-riscv64 NetworkManager[687]: <info>  [1695334667.0576] device (enp0s4): state change: config -> ip-config (reason 'none', sys-iface-state: 'managed')
Sep 22 06:17:47 openeuler-riscv64 NetworkManager[687]: <info>  [1695334667.0726] dhcp4 (enp0s4): activation: beginning transaction (timeout in 45 seconds)
Sep 22 06:17:47 openeuler-riscv64 NetworkManager[687]: <info>  [1695334667.1368] dhcp4 (enp0s4): dhclient started with pid 27712
Sep 22 06:17:47 openeuler-riscv64 dhclient[27712]: DHCPDISCOVER on enp0s4 to 255.255.255.255 port 67 interval 7 (xid=0x8b573108)
Sep 22 06:17:49 openeuler-riscv64 dhclient[27523]: DHCPDISCOVER on enp0s5 to 255.255.255.255 port 67 interval 13 (xid=0xc8aecd64)
Sep 22 06:17:50 openeuler-riscv64 NetworkManager[687]: <info>  [1695334670.0363] device (enp0s5): state change: ip-config -> failed (reason 'ip-config-unavailable', sys-iface-state: 'managed')
Sep 22 06:17:50 openeuler-riscv64 NetworkManager[687]: <warn>  [1695334670.0550] device (enp0s5): Activation: failed for connection 'Wired connection 3'
Sep 22 06:17:50 openeuler-riscv64 NetworkManager[687]: <info>  [1695334670.0716] device (enp0s5): state change: failed -> disconnected (reason 'none', sys-iface-state: 'managed')
Sep 22 06:17:50 openeuler-riscv64 NetworkManager[687]: <info>  [1695334670.1554] dhcp4 (enp0s5): canceled DHCP transaction, DHCP client pid 27523
Sep 22 06:17:50 openeuler-riscv64 NetworkManager[687]: <info>  [1695334670.1560] dhcp4 (enp0s5): activation: beginning transaction (timeout in 45 seconds)
Sep 22 06:17:50 openeuler-riscv64 NetworkManager[687]: <info>  [1695334670.1563] dhcp4 (enp0s5): state changed no lease
Sep 22 06:17:50 openeuler-riscv64 NetworkManager[687]: <info>  [1695334670.4734] policy: auto-activating connection 'Wired connection 3' (800d7b73-acc8-340d-b155-140a870391e2)
Sep 22 06:17:50 openeuler-riscv64 NetworkManager[687]: <info>  [1695334670.4832] device (enp0s5): Activation: starting connection 'Wired connection 3' (800d7b73-acc8-340d-b155-140a870391e2)
Sep 22 06:17:50 openeuler-riscv64 NetworkManager[687]: <info>  [1695334670.4857] device (enp0s5): state change: disconnected -> prepare (reason 'none', sys-iface-state: 'managed')
Sep 22 06:17:50 openeuler-riscv64 NetworkManager[687]: <info>  [1695334670.4929] device (enp0s5): state change: prepare -> config (reason 'none', sys-iface-state: 'managed')
Sep 22 06:17:51 openeuler-riscv64 NetworkManager[687]: <info>  [1695334671.1174] device (enp0s5): state change: config -> ip-config (reason 'none', sys-iface-state: 'managed')
Sep 22 06:17:51 openeuler-riscv64 NetworkManager[687]: <info>  [1695334671.1353] dhcp4 (enp0s5): activation: beginning transaction (timeout in 45 seconds)
Sep 22 06:17:51 openeuler-riscv64 NetworkManager[687]: <info>  [1695334671.1963] dhcp4 (enp0s5): dhclient started with pid 27728
Sep 22 06:17:51 openeuler-riscv64 dhclient[27728]: DHCPDISCOVER on enp0s5 to 255.255.255.255 port 67 interval 4 (xid=0x372d6c39)
Sep 22 06:17:52 openeuler-riscv64 sudo[27469]: pam_unix(sudo:session): session closed for user root
Sep 22 06:17:53 openeuler-riscv64 sudo[27741]:     root : PWD=/root/mugen ; USER=root ; COMMAND=/usr/bin/bash mugen.sh -f os-storage -r oe_test_storage_lvm_create_thinSnapshot -x
Sep 22 06:17:53 openeuler-riscv64 sudo[27741]: pam_unix(sudo:session): session opened for user root(uid=0) by root(uid=0)
Sep 22 06:17:54 openeuler-riscv64 dhclient[27712]: DHCPDISCOVER on enp0s4 to 255.255.255.255 port 67 interval 16 (xid=0x8b573108)
Sep 22 06:17:55 openeuler-riscv64 dhclient[27728]: DHCPDISCOVER on enp0s5 to 255.255.255.255 port 67 interval 7 (xid=0x372d6c39)
Sep 22 06:18:02 openeuler-riscv64 dhclient[27728]: DHCPDISCOVER on enp0s5 to 255.255.255.255 port 67 interval 10 (xid=0x372d6c39)
Sep 22 06:18:10 openeuler-riscv64 dhclient[27712]: DHCPDISCOVER on enp0s4 to 255.255.255.255 port 67 interval 12 (xid=0x8b573108)
Sep 22 06:18:12 openeuler-riscv64 dhclient[27728]: DHCPDISCOVER on enp0s5 to 255.255.255.255 port 67 interval 12 (xid=0x372d6c39)
Sep 22 06:18:16 openeuler-riscv64 sshd[27798]: Connection from 10.0.0.2 port 60630 on 10.0.0.2 port 22 rdomain ""
Sep 22 06:18:16 openeuler-riscv64 sshd[27798]: Accepted password for root from 10.0.0.2 port 60630 ssh2
Sep 22 06:18:16 openeuler-riscv64 systemd-logind[499]: New session 69 of user root.
░░ Subject: A new session 69 has been created for user root
░░ Defined-By: systemd
░░ Support: https://lists.freedesktop.org/mailman/listinfo/systemd-devel
░░ Documentation: sd-login(3)
░░ 
░░ A new session with the ID 69 has been created for the user root.
░░ 
░░ The leading process of the session is 27798.
Sep 22 06:18:16 openeuler-riscv64 systemd[1]: Started Session 69 of User root.
░░ Subject: A start job for unit session-69.scope has finished successfully
░░ Defined-By: systemd
░░ Support: https://lists.freedesktop.org/mailman/listinfo/systemd-devel
░░ 
░░ A start job for unit session-69.scope has finished successfully.
░░ 
░░ The job identifier is 8031.
Sep 22 06:18:17 openeuler-riscv64 sshd[27798]: pam_unix(sshd:session): session opened for user root(uid=0) by root(uid=0)
Sep 22 06:18:17 openeuler-riscv64 sshd[27798]: User child is on pid 27801
Sep 22 06:18:17 openeuler-riscv64 sshd[27801]: Starting session: command for root from 10.0.0.2 port 60630 id 0
Sep 22 06:18:21 openeuler-riscv64 sshd[27801]: Close session: user root from 10.0.0.2 port 60630 id 0
Sep 22 06:18:21 openeuler-riscv64 sshd[27801]: Starting session: command for root from 10.0.0.2 port 60630 id 1
Sep 22 06:18:22 openeuler-riscv64 dhclient[27712]: DHCPDISCOVER on enp0s4 to 255.255.255.255 port 67 interval 11 (xid=0x8b573108)
Sep 22 06:18:24 openeuler-riscv64 dhclient[27728]: DHCPDISCOVER on enp0s5 to 255.255.255.255 port 67 interval 21 (xid=0x372d6c39)
Sep 22 06:18:25 openeuler-riscv64 sshd[27801]: Close session: user root from 10.0.0.2 port 60630 id 1
Sep 22 06:18:25 openeuler-riscv64 sshd[27801]: Connection closed by 10.0.0.2 port 60630
Sep 22 06:18:25 openeuler-riscv64 sshd[27801]: Transferred: sent 2176, received 1760 bytes
Sep 22 06:18:25 openeuler-riscv64 sshd[27801]: Closing connection to 10.0.0.2 port 60630
Sep 22 06:18:25 openeuler-riscv64 sshd[27798]: pam_unix(sshd:session): session closed for user root
Sep 22 06:18:25 openeuler-riscv64 systemd[1]: session-69.scope: Deactivated successfully.
░░ Subject: Unit succeeded
░░ Defined-By: systemd
░░ Support: https://lists.freedesktop.org/mailman/listinfo/systemd-devel
░░ 
░░ The unit session-69.scope has successfully entered the 'dead' state.
Sep 22 06:18:25 openeuler-riscv64 systemd-logind[499]: Session 69 logged out. Waiting for processes to exit.
Sep 22 06:18:26 openeuler-riscv64 systemd-logind[499]: Removed session 69.
░░ Subject: Session 69 has been terminated
░░ Defined-By: systemd
░░ Support: https://lists.freedesktop.org/mailman/listinfo/systemd-devel
░░ Documentation: sd-login(3)
░░ 
░░ A session with the ID 69 has been terminated.
Sep 22 06:18:27 openeuler-riscv64 dmsetup[27954]: DM_VG_NAME='openeulertest'
Sep 22 06:18:27 openeuler-riscv64 dmsetup[27954]: DM_LV_NAME='lvol0'
Sep 22 06:18:27 openeuler-riscv64 dmsetup[27954]: DM_LV_LAYER=''
Sep 22 06:18:27 openeuler-riscv64 dmsetup[27955]: Complete cookie 0xd4de819 success.
Sep 22 06:18:27 openeuler-riscv64 kernel: dm-0: detected capacity change from 8192 to 0
Sep 22 06:18:28 openeuler-riscv64 dmsetup[27958]: Complete cookie 0xd4d54f9 success.
Sep 22 06:18:28 openeuler-riscv64 dmsetup[27960]: DM_VG_NAME='openeulertest'
Sep 22 06:18:28 openeuler-riscv64 dmsetup[27960]: DM_LV_NAME='mythinpool'
Sep 22 06:18:28 openeuler-riscv64 dmsetup[27960]: DM_LV_LAYER=''
Sep 22 06:18:28 openeuler-riscv64 dmsetup[27962]: Complete cookie 0xd4d54f9 success.
Sep 22 06:18:28 openeuler-riscv64 kernel: dm-0: detected capacity change from 8192 to 0
Sep 22 06:18:28 openeuler-riscv64 dmsetup[27965]: Complete cookie 0xd4d68ca success.
Sep 22 06:18:28 openeuler-riscv64 dmsetup[27972]: DM_VG_NAME='openeulertest'
Sep 22 06:18:28 openeuler-riscv64 dmsetup[27972]: DM_LV_NAME='mythinpool_tmeta'
Sep 22 06:18:28 openeuler-riscv64 dmsetup[27972]: DM_LV_LAYER=''
Sep 22 06:18:28 openeuler-riscv64 dmsetup[27973]: DM_VG_NAME='openeulertest'
Sep 22 06:18:28 openeuler-riscv64 dmsetup[27973]: DM_LV_NAME='mythinpool_tdata'
Sep 22 06:18:28 openeuler-riscv64 dmsetup[27973]: DM_LV_LAYER=''
Sep 22 06:18:29 openeuler-riscv64 dmsetup[27974]: Complete cookie 0xd4d68ca success.
Sep 22 06:18:29 openeuler-riscv64 dmsetup[27975]: Complete cookie 0xd4d68ca success.
Sep 22 06:18:29 openeuler-riscv64 systemd[1]: Started Device-mapper event daemon.
░░ Subject: A start job for unit dm-event.service has finished successfully
░░ Defined-By: systemd
░░ Support: https://lists.freedesktop.org/mailman/listinfo/systemd-devel
░░ 
░░ A start job for unit dm-event.service has finished successfully.
░░ 
░░ The job identifier is 8121.
Sep 22 06:18:29 openeuler-riscv64 dmeventd[27982]: dmeventd ready for processing.
Sep 22 06:18:29 openeuler-riscv64 dmsetup[27983]: DM_VG_NAME='openeulertest'
Sep 22 06:18:29 openeuler-riscv64 dmsetup[27983]: DM_LV_NAME='mythinpool'
Sep 22 06:18:29 openeuler-riscv64 dmsetup[27983]: DM_LV_LAYER=''
Sep 22 06:18:29 openeuler-riscv64 dmsetup[27984]: Complete cookie 0xd4d4284 success.
Sep 22 06:18:30 openeuler-riscv64 dmeventd[27982]: Monitoring thin pool openeulertest-mythinpool.
Sep 22 06:18:30 openeuler-riscv64 kernel: dm-2: detected capacity change from 204800 to 0
Sep 22 06:18:30 openeuler-riscv64 dmeventd[27982]: No longer monitoring thin pool openeulertest-mythinpool.
Sep 22 06:18:30 openeuler-riscv64 dmsetup[27988]: Complete cookie 0xd4dffc0 success.
Sep 22 06:18:30 openeuler-riscv64 kernel: dm-1: detected capacity change from 204800 to 0
Sep 22 06:18:31 openeuler-riscv64 kernel: dm-0: detected capacity change from 8192 to 0
Sep 22 06:18:31 openeuler-riscv64 dmsetup[27990]: Complete cookie 0xd4dffc0 success.
Sep 22 06:18:31 openeuler-riscv64 dmsetup[27991]: Complete cookie 0xd4dffc0 success.
Sep 22 06:18:31 openeuler-riscv64 dmsetup[27998]: DM_VG_NAME='openeulertest'
Sep 22 06:18:31 openeuler-riscv64 dmsetup[27998]: DM_LV_NAME='mythinpool_tdata'
Sep 22 06:18:31 openeuler-riscv64 dmsetup[27998]: DM_LV_LAYER=''
Sep 22 06:18:31 openeuler-riscv64 dmsetup[27999]: DM_VG_NAME='openeulertest'
Sep 22 06:18:31 openeuler-riscv64 dmsetup[27999]: DM_LV_NAME='mythinpool_tmeta'
Sep 22 06:18:31 openeuler-riscv64 dmsetup[27999]: DM_LV_LAYER=''
Sep 22 06:18:31 openeuler-riscv64 dmsetup[28000]: Complete cookie 0xd4dffc0 success.
Sep 22 06:18:31 openeuler-riscv64 dmsetup[28001]: Complete cookie 0xd4dffc0 success.
Sep 22 06:18:32 openeuler-riscv64 NetworkManager[687]: <info>  [1695334712.0345] device (enp0s4): state change: ip-config -> failed (reason 'ip-config-unavailable', sys-iface-state: 'managed')
Sep 22 06:18:32 openeuler-riscv64 NetworkManager[687]: <warn>  [1695334712.0486] device (enp0s4): Activation: failed for connection 'Wired connection 2'
Sep 22 06:18:32 openeuler-riscv64 NetworkManager[687]: <info>  [1695334712.0583] device (enp0s4): state change: failed -> disconnected (reason 'none', sys-iface-state: 'managed')
Sep 22 06:18:32 openeuler-riscv64 NetworkManager[687]: <info>  [1695334712.1316] dhcp4 (enp0s4): canceled DHCP transaction, DHCP client pid 27712
Sep 22 06:18:32 openeuler-riscv64 NetworkManager[687]: <info>  [1695334712.1322] dhcp4 (enp0s4): activation: beginning transaction (timeout in 45 seconds)
Sep 22 06:18:32 openeuler-riscv64 NetworkManager[687]: <info>  [1695334712.1326] dhcp4 (enp0s4): state changed no lease
Sep 22 06:18:32 openeuler-riscv64 NetworkManager[687]: <info>  [1695334712.6169] policy: auto-activating connection 'Wired connection 2' (0b05253b-3ac2-381f-a7e6-29e95faca6b0)
Sep 22 06:18:32 openeuler-riscv64 NetworkManager[687]: <info>  [1695334712.6261] device (enp0s4): Activation: starting connection 'Wired connection 2' (0b05253b-3ac2-381f-a7e6-29e95faca6b0)
Sep 22 06:18:32 openeuler-riscv64 NetworkManager[687]: <info>  [1695334712.6280] device (enp0s4): state change: disconnected -> prepare (reason 'none', sys-iface-state: 'managed')
Sep 22 06:18:32 openeuler-riscv64 NetworkManager[687]: <info>  [1695334712.6391] device (enp0s4): state change: prepare -> config (reason 'none', sys-iface-state: 'managed')
Sep 22 06:18:32 openeuler-riscv64 dmeventd[27982]: Monitoring thin pool openeulertest-mythinpool-tpool.
Sep 22 06:18:32 openeuler-riscv64 dmsetup[28018]: DM_VG_NAME='openeulertest'
Sep 22 06:18:32 openeuler-riscv64 dmsetup[28018]: DM_LV_NAME='mythinpool'
Sep 22 06:18:32 openeuler-riscv64 dmsetup[28018]: DM_LV_LAYER=''
Sep 22 06:18:33 openeuler-riscv64 dmsetup[28020]: Complete cookie 0xd4d0a9a success.
Sep 22 06:18:33 openeuler-riscv64 dmsetup[28019]: DM_VG_NAME='openeulertest'
Sep 22 06:18:33 openeuler-riscv64 dmsetup[28019]: DM_LV_NAME='mythinpool'
Sep 22 06:18:33 openeuler-riscv64 dmsetup[28019]: DM_LV_LAYER='tpool'
Sep 22 06:18:33 openeuler-riscv64 dmsetup[28021]: Complete cookie 0xd4d0a9a success.
Sep 22 06:18:33 openeuler-riscv64 NetworkManager[687]: <info>  [1695334713.5292] device (enp0s4): state change: config -> ip-config (reason 'none', sys-iface-state: 'managed')
Sep 22 06:18:33 openeuler-riscv64 NetworkManager[687]: <info>  [1695334713.5453] dhcp4 (enp0s4): activation: beginning transaction (timeout in 45 seconds)
Sep 22 06:18:33 openeuler-riscv64 NetworkManager[687]: <info>  [1695334713.6098] dhcp4 (enp0s4): dhclient started with pid 28025
Sep 22 06:18:33 openeuler-riscv64 dmsetup[28026]: DM_VG_NAME='openeulertest'
Sep 22 06:18:33 openeuler-riscv64 dmsetup[28026]: DM_LV_NAME='thinvolume'
Sep 22 06:18:33 openeuler-riscv64 dmsetup[28026]: DM_LV_LAYER=''
Sep 22 06:18:33 openeuler-riscv64 dmsetup[28032]: Complete cookie 0xd4d5a57 success.
Sep 22 06:18:33 openeuler-riscv64 dhclient[28025]: DHCPDISCOVER on enp0s4 to 255.255.255.255 port 67 interval 4 (xid=0xe45f233e)
Sep 22 06:18:36 openeuler-riscv64 NetworkManager[687]: <info>  [1695334716.0344] device (enp0s5): state change: ip-config -> failed (reason 'ip-config-unavailable', sys-iface-state: 'managed')
Sep 22 06:18:36 openeuler-riscv64 NetworkManager[687]: <warn>  [1695334716.0458] device (enp0s5): Activation: failed for connection 'Wired connection 3'
Sep 22 06:18:36 openeuler-riscv64 NetworkManager[687]: <info>  [1695334716.0509] device (enp0s5): state change: failed -> disconnected (reason 'none', sys-iface-state: 'managed')
Sep 22 06:18:36 openeuler-riscv64 NetworkManager[687]: <info>  [1695334716.0856] dhcp4 (enp0s5): canceled DHCP transaction, DHCP client pid 27728
Sep 22 06:18:36 openeuler-riscv64 NetworkManager[687]: <info>  [1695334716.0861] dhcp4 (enp0s5): activation: beginning transaction (timeout in 45 seconds)
Sep 22 06:18:36 openeuler-riscv64 NetworkManager[687]: <info>  [1695334716.0865] dhcp4 (enp0s5): state changed no lease
Sep 22 06:18:36 openeuler-riscv64 NetworkManager[687]: <info>  [1695334716.4123] policy: auto-activating connection 'Wired connection 3' (800d7b73-acc8-340d-b155-140a870391e2)
Sep 22 06:18:36 openeuler-riscv64 NetworkManager[687]: <info>  [1695334716.4285] device (enp0s5): Activation: starting connection 'Wired connection 3' (800d7b73-acc8-340d-b155-140a870391e2)
Sep 22 06:18:36 openeuler-riscv64 NetworkManager[687]: <info>  [1695334716.4306] device (enp0s5): state change: disconnected -> prepare (reason 'none', sys-iface-state: 'managed')
Sep 22 06:18:36 openeuler-riscv64 NetworkManager[687]: <info>  [1695334716.4382] device (enp0s5): state change: prepare -> config (reason 'none', sys-iface-state: 'managed')
Sep 22 06:18:37 openeuler-riscv64 NetworkManager[687]: <info>  [1695334717.0143] device (enp0s5): state change: config -> ip-config (reason 'none', sys-iface-state: 'managed')
Sep 22 06:18:37 openeuler-riscv64 NetworkManager[687]: <info>  [1695334717.0259] dhcp4 (enp0s5): activation: beginning transaction (timeout in 45 seconds)
Sep 22 06:18:37 openeuler-riscv64 NetworkManager[687]: <info>  [1695334717.0830] dhcp4 (enp0s5): dhclient started with pid 28042
Sep 22 06:18:37 openeuler-riscv64 dmeventd[27982]: No longer monitoring thin pool openeulertest-mythinpool-tpool.
Sep 22 06:18:37 openeuler-riscv64 dhclient[28025]: DHCPDISCOVER on enp0s4 to 255.255.255.255 port 67 interval 9 (xid=0xe45f233e)
Sep 22 06:18:37 openeuler-riscv64 dhclient[28042]: DHCPDISCOVER on enp0s5 to 255.255.255.255 port 67 interval 7 (xid=0x543ea978)
Sep 22 06:18:37 openeuler-riscv64 dmsetup[28052]: DM_VG_NAME='openeulertest'
Sep 22 06:18:37 openeuler-riscv64 dmsetup[28052]: DM_LV_NAME='thinvolume'
Sep 22 06:18:37 openeuler-riscv64 dmsetup[28052]: DM_LV_LAYER=''
Sep 22 06:18:37 openeuler-riscv64 dmeventd[27982]: Monitoring thin pool openeulertest-mythinpool-tpool.
Sep 22 06:18:38 openeuler-riscv64 dmsetup[28053]: Complete cookie 0xd4d2c77 success.
Sep 22 06:18:38 openeuler-riscv64 dmeventd[27982]: No longer monitoring thin pool openeulertest-mythinpool-tpool.
Sep 22 06:18:38 openeuler-riscv64 dmsetup[28058]: DM_VG_NAME='openeulertest'
Sep 22 06:18:38 openeuler-riscv64 dmsetup[28058]: DM_LV_NAME='thinvolume'
Sep 22 06:18:38 openeuler-riscv64 dmsetup[28058]: DM_LV_LAYER=''
Sep 22 06:18:39 openeuler-riscv64 dmeventd[27982]: Monitoring thin pool openeulertest-mythinpool-tpool.
Sep 22 06:18:39 openeuler-riscv64 dmsetup[28059]: Complete cookie 0xd4d700a success.
Sep 22 06:18:44 openeuler-riscv64 kernel: dm-4: detected capacity change from 2097152 to 0
Sep 22 06:18:44 openeuler-riscv64 kernel: dm-3: detected capacity change from 204800 to 0
Sep 22 06:18:44 openeuler-riscv64 dmeventd[27982]: No longer monitoring thin pool openeulertest-mythinpool-tpool.
Sep 22 06:18:44 openeuler-riscv64 kernel: dm-2: detected capacity change from 204800 to 0
Sep 22 06:18:44 openeuler-riscv64 dmsetup[28070]: Complete cookie 0xd4dfad8 success.
Sep 22 06:18:44 openeuler-riscv64 dmsetup[28074]: Complete cookie 0xd4dfad8 success.
Sep 22 06:18:44 openeuler-riscv64 dmsetup[28073]: Complete cookie 0xd4dfad8 success.
Sep 22 06:18:44 openeuler-riscv64 dhclient[28042]: DHCPDISCOVER on enp0s5 to 255.255.255.255 port 67 interval 14 (xid=0x543ea978)
Sep 22 06:18:44 openeuler-riscv64 kernel: dm-1: detected capacity change from 204800 to 0
Sep 22 06:18:44 openeuler-riscv64 kernel: dm-0: detected capacity change from 8192 to 0
Sep 22 06:18:45 openeuler-riscv64 dmsetup[28075]: Complete cookie 0xd4dfad8 success.
Sep 22 06:18:45 openeuler-riscv64 dmsetup[28076]: Complete cookie 0xd4dfad8 success.
Sep 22 06:18:46 openeuler-riscv64 dhclient[28025]: DHCPDISCOVER on enp0s4 to 255.255.255.255 port 67 interval 11 (xid=0xe45f233e)
Sep 22 06:18:50 openeuler-riscv64 sudo[27741]: pam_unix(sudo:session): session closed for user root
Sep 22 06:18:51 openeuler-riscv64 sudo[28089]:     root : PWD=/root/mugen ; USER=root ; COMMAND=/usr/bin/bash mugen.sh -f os-storage -r oe_test_storage_diskpartiton_parted_create -x
Sep 22 06:18:51 openeuler-riscv64 sudo[28089]: pam_unix(sudo:session): session opened for user root(uid=0) by root(uid=0)
Sep 22 06:18:57 openeuler-riscv64 dhclient[28025]: DHCPDISCOVER on enp0s4 to 255.255.255.255 port 67 interval 7 (xid=0xe45f233e)
Sep 22 06:18:58 openeuler-riscv64 dhclient[28042]: DHCPDISCOVER on enp0s5 to 255.255.255.255 port 67 interval 9 (xid=0x543ea978)
Sep 22 06:19:04 openeuler-riscv64 dhclient[28025]: DHCPDISCOVER on enp0s4 to 255.255.255.255 port 67 interval 12 (xid=0xe45f233e)
Sep 22 06:19:07 openeuler-riscv64 dhclient[28042]: DHCPDISCOVER on enp0s5 to 255.255.255.255 port 67 interval 10 (xid=0x543ea978)
Sep 22 06:19:13 openeuler-riscv64 sshd[28144]: Connection from 10.0.0.2 port 45430 on 10.0.0.2 port 22 rdomain ""
Sep 22 06:19:14 openeuler-riscv64 sshd[28144]: Accepted password for root from 10.0.0.2 port 45430 ssh2
Sep 22 06:19:14 openeuler-riscv64 systemd-logind[499]: New session 70 of user root.
░░ Subject: A new session 70 has been created for user root
░░ Defined-By: systemd
░░ Support: https://lists.freedesktop.org/mailman/listinfo/systemd-devel
░░ Documentation: sd-login(3)
░░ 
░░ A new session with the ID 70 has been created for the user root.
░░ 
░░ The leading process of the session is 28144.
Sep 22 06:19:14 openeuler-riscv64 systemd[1]: Started Session 70 of User root.
░░ Subject: A start job for unit session-70.scope has finished successfully
░░ Defined-By: systemd
░░ Support: https://lists.freedesktop.org/mailman/listinfo/systemd-devel
░░ 
░░ A start job for unit session-70.scope has finished successfully.
░░ 
░░ The job identifier is 8175.
Sep 22 06:19:14 openeuler-riscv64 sshd[28144]: pam_unix(sshd:session): session opened for user root(uid=0) by root(uid=0)
Sep 22 06:19:14 openeuler-riscv64 sshd[28144]: User child is on pid 28148
Sep 22 06:19:14 openeuler-riscv64 sshd[28148]: Starting session: command for root from 10.0.0.2 port 45430 id 0
Sep 22 06:19:16 openeuler-riscv64 dhclient[28025]: DHCPDISCOVER on enp0s4 to 255.255.255.255 port 67 interval 12 (xid=0xe45f233e)
Sep 22 06:19:17 openeuler-riscv64 dhclient[28042]: DHCPDISCOVER on enp0s5 to 255.255.255.255 port 67 interval 10 (xid=0x543ea978)
Sep 22 06:19:19 openeuler-riscv64 NetworkManager[687]: <info>  [1695334759.0348] device (enp0s4): state change: ip-config -> failed (reason 'ip-config-unavailable', sys-iface-state: 'managed')
Sep 22 06:19:19 openeuler-riscv64 NetworkManager[687]: <warn>  [1695334759.0474] device (enp0s4): Activation: failed for connection 'Wired connection 2'
Sep 22 06:19:19 openeuler-riscv64 NetworkManager[687]: <info>  [1695334759.0543] device (enp0s4): state change: failed -> disconnected (reason 'none', sys-iface-state: 'managed')
Sep 22 06:19:19 openeuler-riscv64 NetworkManager[687]: <info>  [1695334759.1365] dhcp4 (enp0s4): canceled DHCP transaction, DHCP client pid 28025
Sep 22 06:19:19 openeuler-riscv64 NetworkManager[687]: <info>  [1695334759.1374] dhcp4 (enp0s4): activation: beginning transaction (timeout in 45 seconds)
Sep 22 06:19:19 openeuler-riscv64 NetworkManager[687]: <info>  [1695334759.1377] dhcp4 (enp0s4): state changed no lease
Sep 22 06:19:19 openeuler-riscv64 sshd[28148]: Close session: user root from 10.0.0.2 port 45430 id 0
Sep 22 06:19:19 openeuler-riscv64 sshd[28148]: Starting session: command for root from 10.0.0.2 port 45430 id 0
Sep 22 06:19:19 openeuler-riscv64 NetworkManager[687]: <info>  [1695334759.4836] policy: auto-activating connection 'Wired connection 2' (0b05253b-3ac2-381f-a7e6-29e95faca6b0)
Sep 22 06:19:19 openeuler-riscv64 NetworkManager[687]: <info>  [1695334759.5035] device (enp0s4): Activation: starting connection 'Wired connection 2' (0b05253b-3ac2-381f-a7e6-29e95faca6b0)
Sep 22 06:19:19 openeuler-riscv64 NetworkManager[687]: <info>  [1695334759.5061] device (enp0s4): state change: disconnected -> prepare (reason 'none', sys-iface-state: 'managed')
Sep 22 06:19:19 openeuler-riscv64 NetworkManager[687]: <info>  [1695334759.5197] device (enp0s4): state change: prepare -> config (reason 'none', sys-iface-state: 'managed')
Sep 22 06:19:20 openeuler-riscv64 NetworkManager[687]: <info>  [1695334760.1141] device (enp0s4): state change: config -> ip-config (reason 'none', sys-iface-state: 'managed')
Sep 22 06:19:20 openeuler-riscv64 NetworkManager[687]: <info>  [1695334760.1397] dhcp4 (enp0s4): activation: beginning transaction (timeout in 45 seconds)
Sep 22 06:19:20 openeuler-riscv64 NetworkManager[687]: <info>  [1695334760.2156] dhcp4 (enp0s4): dhclient started with pid 28236
Sep 22 06:19:20 openeuler-riscv64 dhclient[28236]: DHCPDISCOVER on enp0s4 to 255.255.255.255 port 67 interval 4 (xid=0xba902206)
Sep 22 06:19:22 openeuler-riscv64 NetworkManager[687]: <info>  [1695334762.0344] device (enp0s5): state change: ip-config -> failed (reason 'ip-config-unavailable', sys-iface-state: 'managed')
Sep 22 06:19:22 openeuler-riscv64 NetworkManager[687]: <warn>  [1695334762.0468] device (enp0s5): Activation: failed for connection 'Wired connection 3'
Sep 22 06:19:22 openeuler-riscv64 NetworkManager[687]: <info>  [1695334762.0516] device (enp0s5): state change: failed -> disconnected (reason 'none', sys-iface-state: 'managed')
Sep 22 06:19:22 openeuler-riscv64 NetworkManager[687]: <info>  [1695334762.1024] dhcp4 (enp0s5): canceled DHCP transaction, DHCP client pid 28042
Sep 22 06:19:22 openeuler-riscv64 NetworkManager[687]: <info>  [1695334762.1030] dhcp4 (enp0s5): activation: beginning transaction (timeout in 45 seconds)
Sep 22 06:19:22 openeuler-riscv64 NetworkManager[687]: <info>  [1695334762.1034] dhcp4 (enp0s5): state changed no lease
Sep 22 06:19:22 openeuler-riscv64 NetworkManager[687]: <info>  [1695334762.4385] policy: auto-activating connection 'Wired connection 3' (800d7b73-acc8-340d-b155-140a870391e2)
Sep 22 06:19:22 openeuler-riscv64 NetworkManager[687]: <info>  [1695334762.4520] device (enp0s5): Activation: starting connection 'Wired connection 3' (800d7b73-acc8-340d-b155-140a870391e2)
Sep 22 06:19:22 openeuler-riscv64 NetworkManager[687]: <info>  [1695334762.4543] device (enp0s5): state change: disconnected -> prepare (reason 'none', sys-iface-state: 'managed')
Sep 22 06:19:22 openeuler-riscv64 NetworkManager[687]: <info>  [1695334762.4696] device (enp0s5): state change: prepare -> config (reason 'none', sys-iface-state: 'managed')
Sep 22 06:19:23 openeuler-riscv64 NetworkManager[687]: <info>  [1695334763.1303] device (enp0s5): state change: config -> ip-config (reason 'none', sys-iface-state: 'managed')
Sep 22 06:19:23 openeuler-riscv64 NetworkManager[687]: <info>  [1695334763.1440] dhcp4 (enp0s5): activation: beginning transaction (timeout in 45 seconds)
Sep 22 06:19:23 openeuler-riscv64 NetworkManager[687]: <info>  [1695334763.2092] dhcp4 (enp0s5): dhclient started with pid 28293
Sep 22 06:19:23 openeuler-riscv64 dhclient[28293]: DHCPDISCOVER on enp0s5 to 255.255.255.255 port 67 interval 4 (xid=0xc9b16d7e)
Sep 22 06:19:23 openeuler-riscv64 sshd[28148]: Connection closed by 10.0.0.2 port 45430
Sep 22 06:19:23 openeuler-riscv64 sshd[28148]: Close session: user root from 10.0.0.2 port 45430 id 0
Sep 22 06:19:23 openeuler-riscv64 sshd[28148]: Transferred: sent 2176, received 1744 bytes
Sep 22 06:19:23 openeuler-riscv64 sshd[28148]: Closing connection to 10.0.0.2 port 45430
Sep 22 06:19:24 openeuler-riscv64 sshd[28144]: pam_unix(sshd:session): session closed for user root
Sep 22 06:19:24 openeuler-riscv64 systemd[1]: session-70.scope: Deactivated successfully.
░░ Subject: Unit succeeded
░░ Defined-By: systemd
░░ Support: https://lists.freedesktop.org/mailman/listinfo/systemd-devel
░░ 
░░ The unit session-70.scope has successfully entered the 'dead' state.
Sep 22 06:19:24 openeuler-riscv64 systemd-logind[499]: Session 70 logged out. Waiting for processes to exit.
Sep 22 06:19:24 openeuler-riscv64 systemd-logind[499]: Removed session 70.
░░ Subject: Session 70 has been terminated
░░ Defined-By: systemd
░░ Support: https://lists.freedesktop.org/mailman/listinfo/systemd-devel
░░ Documentation: sd-login(3)
░░ 
░░ A session with the ID 70 has been terminated.
Sep 22 06:19:24 openeuler-riscv64 dhclient[28236]: DHCPDISCOVER on enp0s4 to 255.255.255.255 port 67 interval 6 (xid=0xba902206)
Sep 22 06:19:27 openeuler-riscv64 dhclient[28293]: DHCPDISCOVER on enp0s5 to 255.255.255.255 port 67 interval 10 (xid=0xc9b16d7e)
Sep 22 06:19:27 openeuler-riscv64 kernel:  vdb:
Sep 22 06:19:28 openeuler-riscv64 kernel:  vdb: vdb1
Sep 22 06:19:30 openeuler-riscv64 dhclient[28236]: DHCPDISCOVER on enp0s4 to 255.255.255.255 port 67 interval 6 (xid=0xba902206)
Sep 22 06:19:33 openeuler-riscv64 kernel:  vdb:
Sep 22 06:19:36 openeuler-riscv64 dhclient[28236]: DHCPDISCOVER on enp0s4 to 255.255.255.255 port 67 interval 10 (xid=0xba902206)
Sep 22 06:19:37 openeuler-riscv64 dhclient[28293]: DHCPDISCOVER on enp0s5 to 255.255.255.255 port 67 interval 11 (xid=0xc9b16d7e)
Sep 22 06:19:39 openeuler-riscv64 sudo[28089]: pam_unix(sudo:session): session closed for user root
Sep 22 06:19:39 openeuler-riscv64 sudo[28347]:     root : PWD=/root/mugen ; USER=root ; COMMAND=/usr/bin/bash mugen.sh -f os-storage -r oe_test_storage_ext3_mount_write -x
Sep 22 06:19:39 openeuler-riscv64 sudo[28347]: pam_unix(sudo:session): session opened for user root(uid=0) by root(uid=0)
Sep 22 06:19:46 openeuler-riscv64 dhclient[28236]: DHCPDISCOVER on enp0s4 to 255.255.255.255 port 67 interval 14 (xid=0xba902206)
Sep 22 06:19:48 openeuler-riscv64 dhclient[28293]: DHCPDISCOVER on enp0s5 to 255.255.255.255 port 67 interval 10 (xid=0xc9b16d7e)
Sep 22 06:19:58 openeuler-riscv64 dhclient[28293]: DHCPDISCOVER on enp0s5 to 255.255.255.255 port 67 interval 16 (xid=0xc9b16d7e)
Sep 22 06:20:00 openeuler-riscv64 dhclient[28236]: DHCPDISCOVER on enp0s4 to 255.255.255.255 port 67 interval 14 (xid=0xba902206)
Sep 22 06:20:02 openeuler-riscv64 sshd[28402]: Connection from 10.0.0.2 port 47208 on 10.0.0.2 port 22 rdomain ""
Sep 22 06:20:02 openeuler-riscv64 sshd[28402]: Accepted password for root from 10.0.0.2 port 47208 ssh2
Sep 22 06:20:03 openeuler-riscv64 systemd[1]: Starting system activity accounting tool...
░░ Subject: A start job for unit sysstat-collect.service has begun execution
░░ Defined-By: systemd
░░ Support: https://lists.freedesktop.org/mailman/listinfo/systemd-devel
░░ 
░░ A start job for unit sysstat-collect.service has begun execution.
░░ 
░░ The job identifier is 8275.
Sep 22 06:20:03 openeuler-riscv64 systemd-logind[499]: New session 71 of user root.
░░ Subject: A new session 71 has been created for user root
░░ Defined-By: systemd
░░ Support: https://lists.freedesktop.org/mailman/listinfo/systemd-devel
░░ Documentation: sd-login(3)
░░ 
░░ A new session with the ID 71 has been created for the user root.
░░ 
░░ The leading process of the session is 28402.
Sep 22 06:20:03 openeuler-riscv64 systemd[1]: Started Session 71 of User root.
░░ Subject: A start job for unit session-71.scope has finished successfully
░░ Defined-By: systemd
░░ Support: https://lists.freedesktop.org/mailman/listinfo/systemd-devel
░░ 
░░ A start job for unit session-71.scope has finished successfully.
░░ 
░░ The job identifier is 8347.
Sep 22 06:20:03 openeuler-riscv64 systemd[1]: sysstat-collect.service: Deactivated successfully.
░░ Subject: Unit succeeded
░░ Defined-By: systemd
░░ Support: https://lists.freedesktop.org/mailman/listinfo/systemd-devel
░░ 
░░ The unit sysstat-collect.service has successfully entered the 'dead' state.
Sep 22 06:20:03 openeuler-riscv64 systemd[1]: Finished system activity accounting tool.
░░ Subject: A start job for unit sysstat-collect.service has finished successfully
░░ Defined-By: systemd
░░ Support: https://lists.freedesktop.org/mailman/listinfo/systemd-devel
░░ 
░░ A start job for unit sysstat-collect.service has finished successfully.
░░ 
░░ The job identifier is 8275.
Sep 22 06:20:03 openeuler-riscv64 sshd[28402]: pam_unix(sshd:session): session opened for user root(uid=0) by root(uid=0)
Sep 22 06:20:03 openeuler-riscv64 sshd[28402]: User child is on pid 28410
Sep 22 06:20:03 openeuler-riscv64 sshd[28410]: Starting session: command for root from 10.0.0.2 port 47208 id 0
Sep 22 06:20:05 openeuler-riscv64 NetworkManager[687]: <info>  [1695334805.0345] device (enp0s4): state change: ip-config -> failed (reason 'ip-config-unavailable', sys-iface-state: 'managed')
Sep 22 06:20:05 openeuler-riscv64 NetworkManager[687]: <warn>  [1695334805.0461] device (enp0s4): Activation: failed for connection 'Wired connection 2'
Sep 22 06:20:05 openeuler-riscv64 NetworkManager[687]: <info>  [1695334805.0513] device (enp0s4): state change: failed -> disconnected (reason 'none', sys-iface-state: 'managed')
Sep 22 06:20:05 openeuler-riscv64 NetworkManager[687]: <info>  [1695334805.1160] dhcp4 (enp0s4): canceled DHCP transaction, DHCP client pid 28236
Sep 22 06:20:05 openeuler-riscv64 NetworkManager[687]: <info>  [1695334805.1166] dhcp4 (enp0s4): activation: beginning transaction (timeout in 45 seconds)
Sep 22 06:20:05 openeuler-riscv64 NetworkManager[687]: <info>  [1695334805.1172] dhcp4 (enp0s4): state changed no lease
Sep 22 06:20:08 openeuler-riscv64 NetworkManager[687]: <info>  [1695334808.0343] device (enp0s5): state change: ip-config -> failed (reason 'ip-config-unavailable', sys-iface-state: 'managed')
