Sep 22 08:17:51 openeuler-riscv64 sshd[38436]: Starting session: command for root from 10.0.0.2 port 42226 id 1
Sep 22 08:17:51 openeuler-riscv64 NetworkManager[687]: <info>  [1695341871.6662] device (enp0s5): state change: config -> ip-config (reason 'none', sys-iface-state: 'managed')
Sep 22 08:17:51 openeuler-riscv64 NetworkManager[687]: <info>  [1695341871.6776] dhcp4 (enp0s5): activation: beginning transaction (timeout in 45 seconds)
Sep 22 08:17:51 openeuler-riscv64 NetworkManager[687]: <info>  [1695341871.7352] dhcp4 (enp0s5): dhclient started with pid 38521
Sep 22 08:17:52 openeuler-riscv64 dhclient[38521]: DHCPDISCOVER on enp0s5 to 255.255.255.255 port 67 interval 4 (xid=0xcd7c8406)
Sep 22 08:17:53 openeuler-riscv64 dhclient[38479]: DHCPDISCOVER on enp0s4 to 255.255.255.255 port 67 interval 5 (xid=0x1560c932)
Sep 22 08:17:55 openeuler-riscv64 dhclient[38521]: DHCPDISCOVER on enp0s5 to 255.255.255.255 port 67 interval 10 (xid=0xcd7c8406)
Sep 22 08:17:55 openeuler-riscv64 sshd[38436]: Close session: user root from 10.0.0.2 port 42226 id 1
Sep 22 08:17:55 openeuler-riscv64 sshd[38436]: Connection closed by 10.0.0.2 port 42226
Sep 22 08:17:55 openeuler-riscv64 sshd[38436]: Transferred: sent 2176, received 1760 bytes
Sep 22 08:17:55 openeuler-riscv64 sshd[38436]: Closing connection to 10.0.0.2 port 42226
Sep 22 08:17:55 openeuler-riscv64 sshd[38433]: pam_unix(sshd:session): session closed for user root
Sep 22 08:17:55 openeuler-riscv64 systemd[1]: session-74.scope: Deactivated successfully.
░░ Subject: Unit succeeded
░░ Defined-By: systemd
░░ Support: https://lists.freedesktop.org/mailman/listinfo/systemd-devel
░░ 
░░ The unit session-74.scope has successfully entered the 'dead' state.
Sep 22 08:17:55 openeuler-riscv64 systemd-logind[499]: Session 74 logged out. Waiting for processes to exit.
Sep 22 08:17:55 openeuler-riscv64 systemd-logind[499]: Removed session 74.
░░ Subject: Session 74 has been terminated
░░ Defined-By: systemd
░░ Support: https://lists.freedesktop.org/mailman/listinfo/systemd-devel
░░ Documentation: sd-login(3)
░░ 
░░ A session with the ID 74 has been terminated.
Sep 22 08:17:59 openeuler-riscv64 dhclient[38479]: DHCPDISCOVER on enp0s4 to 255.255.255.255 port 67 interval 10 (xid=0x1560c932)
Sep 22 08:18:02 openeuler-riscv64 kernel:  vdb: vdb1
Sep 22 08:18:05 openeuler-riscv64 dhclient[38521]: DHCPDISCOVER on enp0s5 to 255.255.255.255 port 67 interval 12 (xid=0xcd7c8406)
Sep 22 08:18:06 openeuler-riscv64 systemd[1]: Created slice Slice /system/systemd-coredump.
░░ Subject: A start job for unit system-systemd\x2dcoredump.slice has finished successfully
░░ Defined-By: systemd
░░ Support: https://lists.freedesktop.org/mailman/listinfo/systemd-devel
░░ 
░░ A start job for unit system-systemd\x2dcoredump.slice has finished successfully.
░░ 
░░ The job identifier is 29513.
Sep 22 08:18:06 openeuler-riscv64 systemd[1]: Started Process Core Dump (PID 38605/UID 0).
░░ Subject: A start job for unit systemd-coredump@0-38605-0.service has finished successfully
░░ Defined-By: systemd
░░ Support: https://lists.freedesktop.org/mailman/listinfo/systemd-devel
░░ 
░░ A start job for unit systemd-coredump@0-38605-0.service has finished successfully.
░░ 
░░ The job identifier is 29510.
Sep 22 08:18:08 openeuler-riscv64 systemd-coredump[38606]: Resource limits disable core dumping for process 38604 (mkfs.xfs).
Sep 22 08:18:08 openeuler-riscv64 systemd-coredump[38606]: Process 38604 (mkfs.xfs) of user 0 dumped core.
░░ Subject: Process 38604 (mkfs.xfs) dumped core
░░ Defined-By: systemd
░░ Support: https://lists.freedesktop.org/mailman/listinfo/systemd-devel
░░ Documentation: man:core(5)
░░ 
░░ Process 38604 (mkfs.xfs) crashed and dumped core.
░░ 
░░ This usually indicates a programming error in the crashing program and
░░ should be reported to its vendor as a bug.
Sep 22 08:18:08 openeuler-riscv64 systemd[1]: systemd-coredump@0-38605-0.service: Deactivated successfully.
░░ Subject: Unit succeeded
░░ Defined-By: systemd
░░ Support: https://lists.freedesktop.org/mailman/listinfo/systemd-devel
░░ 
░░ The unit systemd-coredump@0-38605-0.service has successfully entered the 'dead' state.
Sep 22 08:18:09 openeuler-riscv64 dhclient[38479]: DHCPDISCOVER on enp0s4 to 255.255.255.255 port 67 interval 13 (xid=0x1560c932)
Sep 22 08:18:17 openeuler-riscv64 dhclient[38521]: DHCPDISCOVER on enp0s5 to 255.255.255.255 port 67 interval 19 (xid=0xcd7c8406)
Sep 22 08:18:21 openeuler-riscv64 kernel:  vdb:
Sep 22 08:18:21 openeuler-riscv64 kernel:  vdb:
Sep 22 08:18:22 openeuler-riscv64 dhclient[38479]: DHCPDISCOVER on enp0s4 to 255.255.255.255 port 67 interval 11 (xid=0x1560c932)
Sep 22 08:18:26 openeuler-riscv64 sudo[38377]: pam_unix(sudo:session): session closed for user root
Sep 22 08:18:27 openeuler-riscv64 sudo[38641]:     root : PWD=/root/mugen ; USER=root ; COMMAND=/usr/bin/bash mugen.sh -f os-storage -r oe_test_storage_smb_3.0 -x
Sep 22 08:18:27 openeuler-riscv64 sudo[38641]: pam_unix(sudo:session): session opened for user root(uid=0) by root(uid=0)
Sep 22 08:18:33 openeuler-riscv64 dhclient[38479]: DHCPDISCOVER on enp0s4 to 255.255.255.255 port 67 interval 7 (xid=0x1560c932)
Sep 22 08:18:35 openeuler-riscv64 NetworkManager[687]: <info>  [1695341915.0343] device (enp0s4): state change: ip-config -> failed (reason 'ip-config-unavailable', sys-iface-state: 'managed')
Sep 22 08:18:35 openeuler-riscv64 NetworkManager[687]: <warn>  [1695341915.0461] device (enp0s4): Activation: failed for connection 'Wired connection 2'
Sep 22 08:18:35 openeuler-riscv64 NetworkManager[687]: <info>  [1695341915.0513] device (enp0s4): state change: failed -> disconnected (reason 'none', sys-iface-state: 'managed')
Sep 22 08:18:35 openeuler-riscv64 NetworkManager[687]: <info>  [1695341915.1598] dhcp4 (enp0s4): canceled DHCP transaction, DHCP client pid 38479
Sep 22 08:18:35 openeuler-riscv64 NetworkManager[687]: <info>  [1695341915.1604] dhcp4 (enp0s4): activation: beginning transaction (timeout in 45 seconds)
Sep 22 08:18:35 openeuler-riscv64 NetworkManager[687]: <info>  [1695341915.1608] dhcp4 (enp0s4): state changed no lease
Sep 22 08:18:35 openeuler-riscv64 NetworkManager[687]: <info>  [1695341915.4845] policy: auto-activating connection 'Wired connection 2' (0b05253b-3ac2-381f-a7e6-29e95faca6b0)
Sep 22 08:18:35 openeuler-riscv64 NetworkManager[687]: <info>  [1695341915.4976] device (enp0s4): Activation: starting connection 'Wired connection 2' (0b05253b-3ac2-381f-a7e6-29e95faca6b0)
Sep 22 08:18:35 openeuler-riscv64 NetworkManager[687]: <info>  [1695341915.4995] device (enp0s4): state change: disconnected -> prepare (reason 'none', sys-iface-state: 'managed')
Sep 22 08:18:35 openeuler-riscv64 NetworkManager[687]: <info>  [1695341915.5088] device (enp0s4): state change: prepare -> config (reason 'none', sys-iface-state: 'managed')
Sep 22 08:18:35 openeuler-riscv64 NetworkManager[687]: <info>  [1695341915.9885] device (enp0s4): state change: config -> ip-config (reason 'none', sys-iface-state: 'managed')
Sep 22 08:18:36 openeuler-riscv64 NetworkManager[687]: <info>  [1695341916.0028] dhcp4 (enp0s4): activation: beginning transaction (timeout in 45 seconds)
Sep 22 08:18:36 openeuler-riscv64 NetworkManager[687]: <info>  [1695341916.0659] dhcp4 (enp0s4): dhclient started with pid 38697
Sep 22 08:18:36 openeuler-riscv64 dhclient[38697]: DHCPDISCOVER on enp0s4 to 255.255.255.255 port 67 interval 7 (xid=0x3c168a2b)
Sep 22 08:18:36 openeuler-riscv64 dhclient[38521]: DHCPDISCOVER on enp0s5 to 255.255.255.255 port 67 interval 16 (xid=0xcd7c8406)
Sep 22 08:18:37 openeuler-riscv64 NetworkManager[687]: <info>  [1695341917.0343] device (enp0s5): state change: ip-config -> failed (reason 'ip-config-unavailable', sys-iface-state: 'managed')
Sep 22 08:18:37 openeuler-riscv64 NetworkManager[687]: <warn>  [1695341917.0515] device (enp0s5): Activation: failed for connection 'Wired connection 3'
Sep 22 08:18:37 openeuler-riscv64 NetworkManager[687]: <info>  [1695341917.0562] device (enp0s5): state change: failed -> disconnected (reason 'none', sys-iface-state: 'managed')
Sep 22 08:18:37 openeuler-riscv64 NetworkManager[687]: <info>  [1695341917.1275] dhcp4 (enp0s5): canceled DHCP transaction, DHCP client pid 38521
Sep 22 08:18:37 openeuler-riscv64 NetworkManager[687]: <info>  [1695341917.1280] dhcp4 (enp0s5): activation: beginning transaction (timeout in 45 seconds)
Sep 22 08:18:37 openeuler-riscv64 NetworkManager[687]: <info>  [1695341917.1284] dhcp4 (enp0s5): state changed no lease
Sep 22 08:18:37 openeuler-riscv64 NetworkManager[687]: <info>  [1695341917.4344] policy: auto-activating connection 'Wired connection 3' (800d7b73-acc8-340d-b155-140a870391e2)
Sep 22 08:18:37 openeuler-riscv64 NetworkManager[687]: <info>  [1695341917.4473] device (enp0s5): Activation: starting connection 'Wired connection 3' (800d7b73-acc8-340d-b155-140a870391e2)
Sep 22 08:18:37 openeuler-riscv64 NetworkManager[687]: <info>  [1695341917.4491] device (enp0s5): state change: disconnected -> prepare (reason 'none', sys-iface-state: 'managed')
Sep 22 08:18:37 openeuler-riscv64 NetworkManager[687]: <info>  [1695341917.4549] device (enp0s5): state change: prepare -> config (reason 'none', sys-iface-state: 'managed')
Sep 22 08:18:38 openeuler-riscv64 NetworkManager[687]: <info>  [1695341918.0375] device (enp0s5): state change: config -> ip-config (reason 'none', sys-iface-state: 'managed')
Sep 22 08:18:38 openeuler-riscv64 NetworkManager[687]: <info>  [1695341918.0560] dhcp4 (enp0s5): activation: beginning transaction (timeout in 45 seconds)
Sep 22 08:18:38 openeuler-riscv64 NetworkManager[687]: <info>  [1695341918.1217] dhcp4 (enp0s5): dhclient started with pid 38708
Sep 22 08:18:38 openeuler-riscv64 dhclient[38708]: DHCPDISCOVER on enp0s5 to 255.255.255.255 port 67 interval 5 (xid=0xfb20dc1b)
Sep 22 08:18:43 openeuler-riscv64 dhclient[38708]: DHCPDISCOVER on enp0s5 to 255.255.255.255 port 67 interval 12 (xid=0xfb20dc1b)
Sep 22 08:18:43 openeuler-riscv64 dhclient[38697]: DHCPDISCOVER on enp0s4 to 255.255.255.255 port 67 interval 20 (xid=0x3c168a2b)
Sep 22 08:18:55 openeuler-riscv64 dhclient[38708]: DHCPDISCOVER on enp0s5 to 255.255.255.255 port 67 interval 9 (xid=0xfb20dc1b)
Sep 22 08:19:03 openeuler-riscv64 dhclient[38697]: DHCPDISCOVER on enp0s4 to 255.255.255.255 port 67 interval 17 (xid=0x3c168a2b)
Sep 22 08:19:04 openeuler-riscv64 dhclient[38708]: DHCPDISCOVER on enp0s5 to 255.255.255.255 port 67 interval 10 (xid=0xfb20dc1b)
Sep 22 08:19:14 openeuler-riscv64 dhclient[38708]: DHCPDISCOVER on enp0s5 to 255.255.255.255 port 67 interval 9 (xid=0xfb20dc1b)
Sep 22 08:19:20 openeuler-riscv64 dhclient[38697]: DHCPDISCOVER on enp0s4 to 255.255.255.255 port 67 interval 16 (xid=0x3c168a2b)
Sep 22 08:19:21 openeuler-riscv64 NetworkManager[687]: <info>  [1695341961.0424] device (enp0s4): state change: ip-config -> failed (reason 'ip-config-unavailable', sys-iface-state: 'managed')
Sep 22 08:19:21 openeuler-riscv64 NetworkManager[687]: <warn>  [1695341961.0524] device (enp0s4): Activation: failed for connection 'Wired connection 2'
Sep 22 08:19:21 openeuler-riscv64 NetworkManager[687]: <info>  [1695341961.0569] device (enp0s4): state change: failed -> disconnected (reason 'none', sys-iface-state: 'managed')
Sep 22 08:19:21 openeuler-riscv64 NetworkManager[687]: <info>  [1695341961.1524] dhcp4 (enp0s4): canceled DHCP transaction, DHCP client pid 38697
Sep 22 08:19:21 openeuler-riscv64 NetworkManager[687]: <info>  [1695341961.1532] dhcp4 (enp0s4): activation: beginning transaction (timeout in 45 seconds)
Sep 22 08:19:21 openeuler-riscv64 NetworkManager[687]: <info>  [1695341961.1537] dhcp4 (enp0s4): state changed no lease
Sep 22 08:19:21 openeuler-riscv64 NetworkManager[687]: <info>  [1695341961.4572] policy: auto-activating connection 'Wired connection 2' (0b05253b-3ac2-381f-a7e6-29e95faca6b0)
Sep 22 08:19:21 openeuler-riscv64 NetworkManager[687]: <info>  [1695341961.4664] device (enp0s4): Activation: starting connection 'Wired connection 2' (0b05253b-3ac2-381f-a7e6-29e95faca6b0)
Sep 22 08:19:21 openeuler-riscv64 NetworkManager[687]: <info>  [1695341961.4683] device (enp0s4): state change: disconnected -> prepare (reason 'none', sys-iface-state: 'managed')
Sep 22 08:19:21 openeuler-riscv64 NetworkManager[687]: <info>  [1695341961.4759] device (enp0s4): state change: prepare -> config (reason 'none', sys-iface-state: 'managed')
Sep 22 08:19:22 openeuler-riscv64 NetworkManager[687]: <info>  [1695341962.0233] device (enp0s4): state change: config -> ip-config (reason 'none', sys-iface-state: 'managed')
Sep 22 08:19:22 openeuler-riscv64 NetworkManager[687]: <info>  [1695341962.0363] dhcp4 (enp0s4): activation: beginning transaction (timeout in 45 seconds)
Sep 22 08:19:22 openeuler-riscv64 NetworkManager[687]: <info>  [1695341962.1062] dhcp4 (enp0s4): dhclient started with pid 38759
Sep 22 08:19:22 openeuler-riscv64 dhclient[38759]: DHCPDISCOVER on enp0s4 to 255.255.255.255 port 67 interval 5 (xid=0x1eee2e14)
Sep 22 08:19:23 openeuler-riscv64 NetworkManager[687]: <info>  [1695341963.0362] device (enp0s5): state change: ip-config -> failed (reason 'ip-config-unavailable', sys-iface-state: 'managed')
Sep 22 08:19:23 openeuler-riscv64 NetworkManager[687]: <warn>  [1695341963.0587] device (enp0s5): Activation: failed for connection 'Wired connection 3'
Sep 22 08:19:23 openeuler-riscv64 NetworkManager[687]: <info>  [1695341963.0653] device (enp0s5): state change: failed -> disconnected (reason 'none', sys-iface-state: 'managed')
Sep 22 08:19:23 openeuler-riscv64 NetworkManager[687]: <info>  [1695341963.1078] dhcp4 (enp0s5): canceled DHCP transaction, DHCP client pid 38708
Sep 22 08:19:23 openeuler-riscv64 NetworkManager[687]: <info>  [1695341963.1085] dhcp4 (enp0s5): activation: beginning transaction (timeout in 45 seconds)
Sep 22 08:19:23 openeuler-riscv64 NetworkManager[687]: <info>  [1695341963.1091] dhcp4 (enp0s5): state changed no lease
Sep 22 08:19:23 openeuler-riscv64 NetworkManager[687]: <info>  [1695341963.4000] policy: auto-activating connection 'Wired connection 3' (800d7b73-acc8-340d-b155-140a870391e2)
Sep 22 08:19:23 openeuler-riscv64 NetworkManager[687]: <info>  [1695341963.4097] device (enp0s5): Activation: starting connection 'Wired connection 3' (800d7b73-acc8-340d-b155-140a870391e2)
Sep 22 08:19:23 openeuler-riscv64 NetworkManager[687]: <info>  [1695341963.4115] device (enp0s5): state change: disconnected -> prepare (reason 'none', sys-iface-state: 'managed')
Sep 22 08:19:23 openeuler-riscv64 NetworkManager[687]: <info>  [1695341963.4192] device (enp0s5): state change: prepare -> config (reason 'none', sys-iface-state: 'managed')
Sep 22 08:19:24 openeuler-riscv64 NetworkManager[687]: <info>  [1695341964.1067] device (enp0s5): state change: config -> ip-config (reason 'none', sys-iface-state: 'managed')
Sep 22 08:19:24 openeuler-riscv64 NetworkManager[687]: <info>  [1695341964.1225] dhcp4 (enp0s5): activation: beginning transaction (timeout in 45 seconds)
Sep 22 08:19:24 openeuler-riscv64 NetworkManager[687]: <info>  [1695341964.2007] dhcp4 (enp0s5): dhclient started with pid 38770
Sep 22 08:19:24 openeuler-riscv64 dhclient[38770]: DHCPDISCOVER on enp0s5 to 255.255.255.255 port 67 interval 3 (xid=0x8e5dd915)
Sep 22 08:19:27 openeuler-riscv64 dhclient[38759]: DHCPDISCOVER on enp0s4 to 255.255.255.255 port 67 interval 14 (xid=0x1eee2e14)
Sep 22 08:19:27 openeuler-riscv64 dhclient[38770]: DHCPDISCOVER on enp0s5 to 255.255.255.255 port 67 interval 5 (xid=0x8e5dd915)
Sep 22 08:19:32 openeuler-riscv64 dhclient[38770]: DHCPDISCOVER on enp0s5 to 255.255.255.255 port 67 interval 12 (xid=0x8e5dd915)
Sep 22 08:19:32 openeuler-riscv64 systemd[1]: Starting dnf makecache...
░░ Subject: A start job for unit dnf-makecache.service has begun execution
░░ Defined-By: systemd
░░ Support: https://lists.freedesktop.org/mailman/listinfo/systemd-devel
░░ 
░░ A start job for unit dnf-makecache.service has begun execution.
░░ 
░░ The job identifier is 29531.
Sep 22 08:19:40 openeuler-riscv64 dnf[38795]: Metadata cache refreshed recently.
Sep 22 08:19:41 openeuler-riscv64 systemd[1]: dnf-makecache.service: Deactivated successfully.
░░ Subject: Unit succeeded
░░ Defined-By: systemd
░░ Support: https://lists.freedesktop.org/mailman/listinfo/systemd-devel
░░ 
░░ The unit dnf-makecache.service has successfully entered the 'dead' state.
Sep 22 08:19:41 openeuler-riscv64 systemd[1]: Finished dnf makecache.
░░ Subject: A start job for unit dnf-makecache.service has finished successfully
░░ Defined-By: systemd
░░ Support: https://lists.freedesktop.org/mailman/listinfo/systemd-devel
░░ 
░░ A start job for unit dnf-makecache.service has finished successfully.
░░ 
░░ The job identifier is 29531.
Sep 22 08:19:41 openeuler-riscv64 dhclient[38759]: DHCPDISCOVER on enp0s4 to 255.255.255.255 port 67 interval 10 (xid=0x1eee2e14)
Sep 22 08:19:44 openeuler-riscv64 dhclient[38770]: DHCPDISCOVER on enp0s5 to 255.255.255.255 port 67 interval 12 (xid=0x8e5dd915)
Sep 22 08:19:51 openeuler-riscv64 dhclient[38759]: DHCPDISCOVER on enp0s4 to 255.255.255.255 port 67 interval 14 (xid=0x1eee2e14)
Sep 22 08:19:56 openeuler-riscv64 dhclient[38770]: DHCPDISCOVER on enp0s5 to 255.255.255.255 port 67 interval 17 (xid=0x8e5dd915)
Sep 22 08:20:05 openeuler-riscv64 dhclient[38759]: DHCPDISCOVER on enp0s4 to 255.255.255.255 port 67 interval 12 (xid=0x1eee2e14)
Sep 22 08:20:07 openeuler-riscv64 NetworkManager[687]: <info>  [1695342007.0347] device (enp0s4): state change: ip-config -> failed (reason 'ip-config-unavailable', sys-iface-state: 'managed')
Sep 22 08:20:07 openeuler-riscv64 NetworkManager[687]: <warn>  [1695342007.0470] device (enp0s4): Activation: failed for connection 'Wired connection 2'
Sep 22 08:20:07 openeuler-riscv64 NetworkManager[687]: <info>  [1695342007.0525] device (enp0s4): state change: failed -> disconnected (reason 'none', sys-iface-state: 'managed')
Sep 22 08:20:07 openeuler-riscv64 NetworkManager[687]: <info>  [1695342007.0958] dhcp4 (enp0s4): canceled DHCP transaction, DHCP client pid 38759
Sep 22 08:20:07 openeuler-riscv64 NetworkManager[687]: <info>  [1695342007.0964] dhcp4 (enp0s4): activation: beginning transaction (timeout in 45 seconds)
Sep 22 08:20:07 openeuler-riscv64 NetworkManager[687]: <info>  [1695342007.0968] dhcp4 (enp0s4): state changed no lease
Sep 22 08:20:07 openeuler-riscv64 NetworkManager[687]: <info>  [1695342007.4104] policy: auto-activating connection 'Wired connection 2' (0b05253b-3ac2-381f-a7e6-29e95faca6b0)
Sep 22 08:20:07 openeuler-riscv64 NetworkManager[687]: <info>  [1695342007.4300] device (enp0s4): Activation: starting connection 'Wired connection 2' (0b05253b-3ac2-381f-a7e6-29e95faca6b0)
Sep 22 08:20:07 openeuler-riscv64 NetworkManager[687]: <info>  [1695342007.4321] device (enp0s4): state change: disconnected -> prepare (reason 'none', sys-iface-state: 'managed')
Sep 22 08:20:07 openeuler-riscv64 NetworkManager[687]: <info>  [1695342007.4392] device (enp0s4): state change: prepare -> config (reason 'none', sys-iface-state: 'managed')
Sep 22 08:20:08 openeuler-riscv64 NetworkManager[687]: <info>  [1695342008.0504] device (enp0s4): state change: config -> ip-config (reason 'none', sys-iface-state: 'managed')
Sep 22 08:20:08 openeuler-riscv64 NetworkManager[687]: <info>  [1695342008.0623] dhcp4 (enp0s4): activation: beginning transaction (timeout in 45 seconds)
Sep 22 08:20:08 openeuler-riscv64 NetworkManager[687]: <info>  [1695342008.1258] dhcp4 (enp0s4): dhclient started with pid 38802
Sep 22 08:20:08 openeuler-riscv64 dhclient[38802]: DHCPDISCOVER on enp0s4 to 255.255.255.255 port 67 interval 7 (xid=0xf691b22a)
Sep 22 08:20:09 openeuler-riscv64 NetworkManager[687]: <info>  [1695342009.0356] device (enp0s5): state change: ip-config -> failed (reason 'ip-config-unavailable', sys-iface-state: 'managed')
Sep 22 08:20:09 openeuler-riscv64 NetworkManager[687]: <warn>  [1695342009.0472] device (enp0s5): Activation: failed for connection 'Wired connection 3'
Sep 22 08:20:09 openeuler-riscv64 NetworkManager[687]: <info>  [1695342009.0519] device (enp0s5): state change: failed -> disconnected (reason 'none', sys-iface-state: 'managed')
Sep 22 08:20:09 openeuler-riscv64 NetworkManager[687]: <info>  [1695342009.0919] dhcp4 (enp0s5): canceled DHCP transaction, DHCP client pid 38770
Sep 22 08:20:09 openeuler-riscv64 NetworkManager[687]: <info>  [1695342009.0925] dhcp4 (enp0s5): activation: beginning transaction (timeout in 45 seconds)
Sep 22 08:20:09 openeuler-riscv64 NetworkManager[687]: <info>  [1695342009.0934] dhcp4 (enp0s5): state changed no lease
Sep 22 08:20:09 openeuler-riscv64 NetworkManager[687]: <info>  [1695342009.4005] policy: auto-activating connection 'Wired connection 3' (800d7b73-acc8-340d-b155-140a870391e2)
Sep 22 08:20:09 openeuler-riscv64 NetworkManager[687]: <info>  [1695342009.4099] device (enp0s5): Activation: starting connection 'Wired connection 3' (800d7b73-acc8-340d-b155-140a870391e2)
Sep 22 08:20:09 openeuler-riscv64 NetworkManager[687]: <info>  [1695342009.4117] device (enp0s5): state change: disconnected -> prepare (reason 'none', sys-iface-state: 'managed')
Sep 22 08:20:09 openeuler-riscv64 NetworkManager[687]: <info>  [1695342009.4214] device (enp0s5): state change: prepare -> config (reason 'none', sys-iface-state: 'managed')
Sep 22 08:20:10 openeuler-riscv64 NetworkManager[687]: <info>  [1695342010.0419] device (enp0s5): state change: config -> ip-config (reason 'none', sys-iface-state: 'managed')
Sep 22 08:20:10 openeuler-riscv64 NetworkManager[687]: <info>  [1695342010.0528] dhcp4 (enp0s5): activation: beginning transaction (timeout in 45 seconds)
Sep 22 08:20:10 openeuler-riscv64 NetworkManager[687]: <info>  [1695342010.1219] dhcp4 (enp0s5): dhclient started with pid 38813
Sep 22 08:20:10 openeuler-riscv64 dhclient[38813]: DHCPDISCOVER on enp0s5 to 255.255.255.255 port 67 interval 4 (xid=0xfcee501e)
Sep 22 08:20:14 openeuler-riscv64 dhclient[38813]: DHCPDISCOVER on enp0s5 to 255.255.255.255 port 67 interval 6 (xid=0xfcee501e)
Sep 22 08:20:15 openeuler-riscv64 dhclient[38802]: DHCPDISCOVER on enp0s4 to 255.255.255.255 port 67 interval 15 (xid=0xf691b22a)
Sep 22 08:20:20 openeuler-riscv64 dhclient[38813]: DHCPDISCOVER on enp0s5 to 255.255.255.255 port 67 interval 10 (xid=0xfcee501e)
Sep 22 08:20:30 openeuler-riscv64 dhclient[38802]: DHCPDISCOVER on enp0s4 to 255.255.255.255 port 67 interval 10 (xid=0xf691b22a)
Sep 22 08:20:30 openeuler-riscv64 dhclient[38813]: DHCPDISCOVER on enp0s5 to 255.255.255.255 port 67 interval 17 (xid=0xfcee501e)
Sep 22 08:20:39 openeuler-riscv64 systemd[1]: Starting system activity accounting tool...
░░ Subject: A start job for unit sysstat-collect.service has begun execution
░░ Defined-By: systemd
░░ Support: https://lists.freedesktop.org/mailman/listinfo/systemd-devel
░░ 
░░ A start job for unit sysstat-collect.service has begun execution.
░░ 
░░ The job identifier is 29603.
Sep 22 08:20:39 openeuler-riscv64 systemd[1]: sysstat-collect.service: Deactivated successfully.
░░ Subject: Unit succeeded
░░ Defined-By: systemd
░░ Support: https://lists.freedesktop.org/mailman/listinfo/systemd-devel
░░ 
░░ The unit sysstat-collect.service has successfully entered the 'dead' state.
Sep 22 08:20:39 openeuler-riscv64 systemd[1]: Finished system activity accounting tool.
░░ Subject: A start job for unit sysstat-collect.service has finished successfully
░░ Defined-By: systemd
░░ Support: https://lists.freedesktop.org/mailman/listinfo/systemd-devel
░░ 
░░ A start job for unit sysstat-collect.service has finished successfully.
░░ 
░░ The job identifier is 29603.
Sep 22 08:20:40 openeuler-riscv64 dhclient[38802]: DHCPDISCOVER on enp0s4 to 255.255.255.255 port 67 interval 15 (xid=0xf691b22a)
Sep 22 08:20:47 openeuler-riscv64 dhclient[38813]: DHCPDISCOVER on enp0s5 to 255.255.255.255 port 67 interval 9 (xid=0xfcee501e)
Sep 22 08:20:49 openeuler-riscv64 systemctl[38823]: [systemctl stop firewalld] called by PID 38688 (bash -x oe_test_storage_smb_3.0.sh)
Sep 22 08:20:49 openeuler-riscv64 systemd[1]: Stopping firewalld - dynamic firewall daemon...
░░ Subject: A stop job for unit firewalld.service has begun execution
░░ Defined-By: systemd
░░ Support: https://lists.freedesktop.org/mailman/listinfo/systemd-devel
░░ 
░░ A stop job for unit firewalld.service has begun execution.
░░ 
░░ The job identifier is 29675.
Sep 22 08:20:50 openeuler-riscv64 systemd[1]: firewalld.service: Deactivated successfully.
░░ Subject: Unit succeeded
░░ Defined-By: systemd
░░ Support: https://lists.freedesktop.org/mailman/listinfo/systemd-devel
░░ 
░░ The unit firewalld.service has successfully entered the 'dead' state.
Sep 22 08:20:50 openeuler-riscv64 systemd[1]: Stopped firewalld - dynamic firewall daemon.
░░ Subject: A stop job for unit firewalld.service has finished
░░ Defined-By: systemd
░░ Support: https://lists.freedesktop.org/mailman/listinfo/systemd-devel
░░ 
░░ A stop job for unit firewalld.service has finished.
░░ 
░░ The job identifier is 29675 and the job result is done.
Sep 22 08:20:53 openeuler-riscv64 NetworkManager[687]: <info>  [1695342053.0343] device (enp0s4): state change: ip-config -> failed (reason 'ip-config-unavailable', sys-iface-state: 'managed')
Sep 22 08:20:53 openeuler-riscv64 NetworkManager[687]: <warn>  [1695342053.0448] device (enp0s4): Activation: failed for connection 'Wired connection 2'
Sep 22 08:20:53 openeuler-riscv64 NetworkManager[687]: <info>  [1695342053.0497] device (enp0s4): state change: failed -> disconnected (reason 'none', sys-iface-state: 'managed')
Sep 22 08:20:53 openeuler-riscv64 NetworkManager[687]: <info>  [1695342053.1078] dhcp4 (enp0s4): canceled DHCP transaction, DHCP client pid 38802
Sep 22 08:20:53 openeuler-riscv64 NetworkManager[687]: <info>  [1695342053.1084] dhcp4 (enp0s4): activation: beginning transaction (timeout in 45 seconds)
Sep 22 08:20:53 openeuler-riscv64 NetworkManager[687]: <info>  [1695342053.1088] dhcp4 (enp0s4): state changed no lease
Sep 22 08:20:55 openeuler-riscv64 NetworkManager[687]: <info>  [1695342055.0304] device (enp0s5): state change: ip-config -> failed (reason 'ip-config-unavailable', sys-iface-state: 'managed')
Sep 22 08:20:55 openeuler-riscv64 NetworkManager[687]: <warn>  [1695342055.0401] device (enp0s5): Activation: failed for connection 'Wired connection 3'
Sep 22 08:20:55 openeuler-riscv64 NetworkManager[687]: <info>  [1695342055.0484] device (enp0s5): state change: failed -> disconnected (reason 'none', sys-iface-state: 'managed')
Sep 22 08:20:55 openeuler-riscv64 NetworkManager[687]: <info>  [1695342055.6258] dhcp4 (enp0s5): canceled DHCP transaction, DHCP client pid 38813
Sep 22 08:20:55 openeuler-riscv64 NetworkManager[687]: <info>  [1695342055.6265] dhcp4 (enp0s5): activation: beginning transaction (timeout in 45 seconds)
Sep 22 08:20:55 openeuler-riscv64 NetworkManager[687]: <info>  [1695342055.6270] dhcp4 (enp0s5): state changed no lease
Sep 22 08:20:57 openeuler-riscv64 kernel: Key type cifs.spnego registered
Sep 22 08:20:57 openeuler-riscv64 kernel: Key type cifs.idmap registered
Sep 22 08:20:57 openeuler-riscv64 kernel: CIFS: Attempting to mount //10.0.0.18/testsamba
Sep 22 08:21:02 openeuler-riscv64 systemd[1]: home-client.mount: Deactivated successfully.
░░ Subject: Unit succeeded
░░ Defined-By: systemd
░░ Support: https://lists.freedesktop.org/mailman/listinfo/systemd-devel
░░ 
░░ The unit home-client.mount has successfully entered the 'dead' state.
Sep 22 08:22:07 openeuler-riscv64 systemctl[38903]: [systemctl start firewalld] called by PID 38688 (bash -x oe_test_storage_smb_3.0.sh)
Sep 22 08:22:07 openeuler-riscv64 systemd[1]: Starting firewalld - dynamic firewall daemon...
░░ Subject: A start job for unit firewalld.service has begun execution
░░ Defined-By: systemd
░░ Support: https://lists.freedesktop.org/mailman/listinfo/systemd-devel
░░ 
░░ A start job for unit firewalld.service has begun execution.
░░ 
░░ The job identifier is 29676.
Sep 22 08:22:13 openeuler-riscv64 systemd[1]: Started firewalld - dynamic firewall daemon.
░░ Subject: A start job for unit firewalld.service has finished successfully
░░ Defined-By: systemd
░░ Support: https://lists.freedesktop.org/mailman/listinfo/systemd-devel
░░ 
░░ A start job for unit firewalld.service has finished successfully.
░░ 
░░ The job identifier is 29676.
Sep 22 08:22:19 openeuler-riscv64 sudo[38641]: pam_unix(sudo:session): session closed for user root
Sep 22 08:22:19 openeuler-riscv64 sudo[38943]:     root : PWD=/root/mugen ; USER=root ; COMMAND=/usr/bin/bash mugen.sh -f os-storage -r oe_test_storage_nfs_restrict_ip -x
Sep 22 08:22:19 openeuler-riscv64 sudo[38943]: pam_unix(sudo:session): session opened for user root(uid=0) by root(uid=0)
Sep 22 08:22:56 openeuler-riscv64 systemctl[39000]: [systemctl stop firewalld] called by PID 38990 (bash -x oe_test_storage_nfs_restrict_ip.sh)
Sep 22 08:22:56 openeuler-riscv64 systemd[1]: Stopping firewalld - dynamic firewall daemon...
░░ Subject: A stop job for unit firewalld.service has begun execution
░░ Defined-By: systemd
░░ Support: https://lists.freedesktop.org/mailman/listinfo/systemd-devel
░░ 
░░ A stop job for unit firewalld.service has begun execution.
░░ 
░░ The job identifier is 29754.
Sep 22 08:22:57 openeuler-riscv64 systemd[1]: firewalld.service: Deactivated successfully.
░░ Subject: Unit succeeded
░░ Defined-By: systemd
░░ Support: https://lists.freedesktop.org/mailman/listinfo/systemd-devel
░░ 
░░ The unit firewalld.service has successfully entered the 'dead' state.
Sep 22 08:22:57 openeuler-riscv64 systemd[1]: Stopped firewalld - dynamic firewall daemon.
░░ Subject: A stop job for unit firewalld.service has finished
░░ Defined-By: systemd
░░ Support: https://lists.freedesktop.org/mailman/listinfo/systemd-devel
░░ 
░░ A stop job for unit firewalld.service has finished.
░░ 
░░ The job identifier is 29754 and the job result is done.
Sep 22 08:25:13 openeuler-riscv64 systemctl[39051]: [systemctl restart nfs] called by PID 38990 (bash -x oe_test_storage_nfs_restrict_ip.sh)
Sep 22 08:25:13 openeuler-riscv64 systemd[1]: Kernel Module supporting RPCSEC_GSS was skipped because of an unmet condition check (ConditionPathExists=/etc/krb5.keytab).
░░ Subject: A start job for unit auth-rpcgss-module.service has finished successfully
░░ Defined-By: systemd
░░ Support: https://lists.freedesktop.org/mailman/listinfo/systemd-devel
░░ 
░░ A start job for unit auth-rpcgss-module.service has finished successfully.
░░ 
░░ The job identifier is 29764.
Sep 22 08:25:13 openeuler-riscv64 systemd[1]: Listening on RPCbind Server Activation Socket.
░░ Subject: A start job for unit rpcbind.socket has finished successfully
░░ Defined-By: systemd
░░ Support: https://lists.freedesktop.org/mailman/listinfo/systemd-devel
░░ 
░░ A start job for unit rpcbind.socket has finished successfully.
░░ 
░░ The job identifier is 29838.
Sep 22 08:25:13 openeuler-riscv64 systemd[1]: Starting NFSv4 ID-name mapping service...
░░ Subject: A start job for unit nfs-idmapd.service has begun execution
░░ Defined-By: systemd
░░ Support: https://lists.freedesktop.org/mailman/listinfo/systemd-devel
░░ 
░░ A start job for unit nfs-idmapd.service has begun execution.
░░ 
░░ The job identifier is 29840.
Sep 22 08:25:13 openeuler-riscv64 systemd[1]: Starting NFS Mount Daemon...
░░ Subject: A start job for unit nfs-mountd.service has begun execution
░░ Defined-By: systemd
░░ Support: https://lists.freedesktop.org/mailman/listinfo/systemd-devel
░░ 
░░ A start job for unit nfs-mountd.service has begun execution.
░░ 
░░ The job identifier is 29762.
Sep 22 08:25:13 openeuler-riscv64 systemd[1]: RPC security service for NFS client and server was skipped because of an unmet condition check (ConditionPathExists=/etc/krb5.keytab).
░░ Subject: A start job for unit rpc-gssd.service has finished successfully
░░ Defined-By: systemd
░░ Support: https://lists.freedesktop.org/mailman/listinfo/systemd-devel
░░ 
░░ A start job for unit rpc-gssd.service has finished successfully.
░░ 
░░ The job identifier is 29833.
Sep 22 08:25:13 openeuler-riscv64 rpc.idmapd[39053]: Setting log level to 0
Sep 22 08:25:13 openeuler-riscv64 systemd[1]: Starting RPC Bind...
░░ Subject: A start job for unit rpcbind.service has begun execution
░░ Defined-By: systemd
░░ Support: https://lists.freedesktop.org/mailman/listinfo/systemd-devel
░░ 
░░ A start job for unit rpcbind.service has begun execution.
░░ 
░░ The job identifier is 29837.
Sep 22 08:25:13 openeuler-riscv64 systemd[1]: Started NFSv4 ID-name mapping service.
░░ Subject: A start job for unit nfs-idmapd.service has finished successfully
░░ Defined-By: systemd
░░ Support: https://lists.freedesktop.org/mailman/listinfo/systemd-devel
░░ 
░░ A start job for unit nfs-idmapd.service has finished successfully.
░░ 
░░ The job identifier is 29840.
Sep 22 08:25:14 openeuler-riscv64 systemd-tmpfiles[39056]: /usr/lib/tmpfiles.d/rpcbind.conf:2: Failed to resolve user 'rpc': No such process
Sep 22 08:25:14 openeuler-riscv64 rpcbind[39055]: rpcbind: /run/rpcbind/rpcbind.lock: No such file or directory
Sep 22 08:25:14 openeuler-riscv64 systemd[1]: rpcbind.service: Main process exited, code=exited, status=1/FAILURE
░░ Subject: Unit process exited
░░ Defined-By: systemd
░░ Support: https://lists.freedesktop.org/mailman/listinfo/systemd-devel
░░ 
░░ An ExecStart= process belonging to unit rpcbind.service has exited.
░░ 
░░ The process' exit code is 'exited' and its exit status is 1.
Sep 22 08:25:14 openeuler-riscv64 systemd[1]: rpcbind.service: Failed with result 'exit-code'.
░░ Subject: Unit failed
░░ Defined-By: systemd
░░ Support: https://lists.freedesktop.org/mailman/listinfo/systemd-devel
░░ 
░░ The unit rpcbind.service has entered the 'failed' state with result 'exit-code'.
Sep 22 08:25:14 openeuler-riscv64 systemd[1]: Failed to start RPC Bind.
░░ Subject: A start job for unit rpcbind.service has failed
░░ Defined-By: systemd
░░ Support: https://lists.freedesktop.org/mailman/listinfo/systemd-devel
░░ 
░░ A start job for unit rpcbind.service has finished with a failure.
░░ 
░░ The job identifier is 29837 and the job result is failed.
Sep 22 08:25:14 openeuler-riscv64 systemd[1]: Dependency failed for Remote quota server.
░░ Subject: A start job for unit rpc-rquotad.service has failed
░░ Defined-By: systemd
░░ Support: https://lists.freedesktop.org/mailman/listinfo/systemd-devel
░░ 
░░ A start job for unit rpc-rquotad.service has finished with a failure.
░░ 
░░ The job identifier is 29836 and the job result is dependency.
Sep 22 08:25:14 openeuler-riscv64 systemd[1]: rpc-rquotad.service: Job rpc-rquotad.service/start failed with result 'dependency'.
Sep 22 08:25:14 openeuler-riscv64 systemd[1]: Starting RPC Bind...
░░ Subject: A start job for unit rpcbind.service has begun execution
░░ Defined-By: systemd
░░ Support: https://lists.freedesktop.org/mailman/listinfo/systemd-devel
░░ 
░░ A start job for unit rpcbind.service has begun execution.
░░ 
░░ The job identifier is 29849.
Sep 22 08:25:14 openeuler-riscv64 systemd-tmpfiles[39060]: /usr/lib/tmpfiles.d/rpcbind.conf:2: Failed to resolve user 'rpc': No such process
Sep 22 08:25:14 openeuler-riscv64 rpcbind[39058]: rpcbind: /run/rpcbind/rpcbind.lock: No such file or directory
Sep 22 08:25:14 openeuler-riscv64 systemd[1]: rpcbind.service: Main process exited, code=exited, status=1/FAILURE
░░ Subject: Unit process exited
░░ Defined-By: systemd
░░ Support: https://lists.freedesktop.org/mailman/listinfo/systemd-devel
░░ 
░░ An ExecStart= process belonging to unit rpcbind.service has exited.
░░ 
░░ The process' exit code is 'exited' and its exit status is 1.
Sep 22 08:25:14 openeuler-riscv64 systemd[1]: rpcbind.service: Failed with result 'exit-code'.
░░ Subject: Unit failed
░░ Defined-By: systemd
░░ Support: https://lists.freedesktop.org/mailman/listinfo/systemd-devel
░░ 
░░ The unit rpcbind.service has entered the 'failed' state with result 'exit-code'.
Sep 22 08:25:14 openeuler-riscv64 systemd[1]: Failed to start RPC Bind.
░░ Subject: A start job for unit rpcbind.service has failed
░░ Defined-By: systemd
░░ Support: https://lists.freedesktop.org/mailman/listinfo/systemd-devel
░░ 
░░ A start job for unit rpcbind.service has finished with a failure.
░░ 
░░ The job identifier is 29849 and the job result is failed.
Sep 22 08:25:15 openeuler-riscv64 systemd[1]: Starting RPC Bind...
░░ Subject: A start job for unit rpcbind.service has begun execution
░░ Defined-By: systemd
░░ Support: https://lists.freedesktop.org/mailman/listinfo/systemd-devel
░░ 
░░ A start job for unit rpcbind.service has begun execution.
░░ 
░░ The job identifier is 29858.
Sep 22 08:25:15 openeuler-riscv64 systemd-tmpfiles[39065]: /usr/lib/tmpfiles.d/rpcbind.conf:2: Failed to resolve user 'rpc': No such process
Sep 22 08:25:15 openeuler-riscv64 rpcbind[39064]: rpcbind: /run/rpcbind/rpcbind.lock: No such file or directory
Sep 22 08:25:15 openeuler-riscv64 systemd[1]: rpcbind.service: Main process exited, code=exited, status=1/FAILURE
░░ Subject: Unit process exited
░░ Defined-By: systemd
░░ Support: https://lists.freedesktop.org/mailman/listinfo/systemd-devel
░░ 
░░ An ExecStart= process belonging to unit rpcbind.service has exited.
░░ 
░░ The process' exit code is 'exited' and its exit status is 1.
Sep 22 08:25:15 openeuler-riscv64 systemd[1]: rpcbind.service: Failed with result 'exit-code'.
░░ Subject: Unit failed
░░ Defined-By: systemd
░░ Support: https://lists.freedesktop.org/mailman/listinfo/systemd-devel
░░ 
░░ The unit rpcbind.service has entered the 'failed' state with result 'exit-code'.
Sep 22 08:25:15 openeuler-riscv64 systemd[1]: Failed to start RPC Bind.
░░ Subject: A start job for unit rpcbind.service has failed
░░ Defined-By: systemd
░░ Support: https://lists.freedesktop.org/mailman/listinfo/systemd-devel
░░ 
░░ A start job for unit rpcbind.service has finished with a failure.
░░ 
░░ The job identifier is 29858 and the job result is failed.
Sep 22 08:25:15 openeuler-riscv64 systemd[1]: Starting RPC Bind...
░░ Subject: A start job for unit rpcbind.service has begun execution
░░ Defined-By: systemd
░░ Support: https://lists.freedesktop.org/mailman/listinfo/systemd-devel
░░ 
░░ A start job for unit rpcbind.service has begun execution.
░░ 
░░ The job identifier is 29867.
Sep 22 08:25:16 openeuler-riscv64 systemd-tmpfiles[39074]: /usr/lib/tmpfiles.d/rpcbind.conf:2: Failed to resolve user 'rpc': No such process
Sep 22 08:25:16 openeuler-riscv64 rpcbind[39073]: rpcbind: /run/rpcbind/rpcbind.lock: No such file or directory
Sep 22 08:25:16 openeuler-riscv64 systemd[1]: rpcbind.service: Main process exited, code=exited, status=1/FAILURE
░░ Subject: Unit process exited
░░ Defined-By: systemd
░░ Support: https://lists.freedesktop.org/mailman/listinfo/systemd-devel
░░ 
░░ An ExecStart= process belonging to unit rpcbind.service has exited.
░░ 
░░ The process' exit code is 'exited' and its exit status is 1.
Sep 22 08:25:16 openeuler-riscv64 systemd[1]: rpcbind.service: Failed with result 'exit-code'.
░░ Subject: Unit failed
░░ Defined-By: systemd
░░ Support: https://lists.freedesktop.org/mailman/listinfo/systemd-devel
░░ 
░░ The unit rpcbind.service has entered the 'failed' state with result 'exit-code'.
Sep 22 08:25:16 openeuler-riscv64 systemd[1]: Failed to start RPC Bind.
░░ Subject: A start job for unit rpcbind.service has failed
░░ Defined-By: systemd
░░ Support: https://lists.freedesktop.org/mailman/listinfo/systemd-devel
░░ 
░░ A start job for unit rpcbind.service has finished with a failure.
░░ 
░░ The job identifier is 29867 and the job result is failed.
Sep 22 08:25:16 openeuler-riscv64 systemd[1]: Starting RPC Bind...
░░ Subject: A start job for unit rpcbind.service has begun execution
░░ Defined-By: systemd
░░ Support: https://lists.freedesktop.org/mailman/listinfo/systemd-devel
░░ 
░░ A start job for unit rpcbind.service has begun execution.
░░ 
░░ The job identifier is 29876.
Sep 22 08:25:16 openeuler-riscv64 systemd-tmpfiles[39077]: /usr/lib/tmpfiles.d/rpcbind.conf:2: Failed to resolve user 'rpc': No such process
Sep 22 08:25:16 openeuler-riscv64 rpcbind[39076]: rpcbind: /run/rpcbind/rpcbind.lock: No such file or directory
Sep 22 08:25:16 openeuler-riscv64 systemd[1]: rpcbind.service: Main process exited, code=exited, status=1/FAILURE
░░ Subject: Unit process exited
░░ Defined-By: systemd
░░ Support: https://lists.freedesktop.org/mailman/listinfo/systemd-devel
░░ 
░░ An ExecStart= process belonging to unit rpcbind.service has exited.
░░ 
░░ The process' exit code is 'exited' and its exit status is 1.
Sep 22 08:25:16 openeuler-riscv64 systemd[1]: rpcbind.service: Failed with result 'exit-code'.
░░ Subject: Unit failed
░░ Defined-By: systemd
░░ Support: https://lists.freedesktop.org/mailman/listinfo/systemd-devel
░░ 
░░ The unit rpcbind.service has entered the 'failed' state with result 'exit-code'.
Sep 22 08:25:16 openeuler-riscv64 systemd[1]: Failed to start RPC Bind.
░░ Subject: A start job for unit rpcbind.service has failed
░░ Defined-By: systemd
░░ Support: https://lists.freedesktop.org/mailman/listinfo/systemd-devel
░░ 
░░ A start job for unit rpcbind.service has finished with a failure.
░░ 
░░ The job identifier is 29876 and the job result is failed.
Sep 22 08:25:16 openeuler-riscv64 systemd[1]: rpcbind.service: Start request repeated too quickly.
Sep 22 08:25:16 openeuler-riscv64 systemd[1]: rpcbind.service: Failed with result 'exit-code'.
░░ Subject: Unit failed
░░ Defined-By: systemd
░░ Support: https://lists.freedesktop.org/mailman/listinfo/systemd-devel
░░ 
░░ The unit rpcbind.service has entered the 'failed' state with result 'exit-code'.
Sep 22 08:25:16 openeuler-riscv64 systemd[1]: Failed to start RPC Bind.
░░ Subject: A start job for unit rpcbind.service has failed
░░ Defined-By: systemd
░░ Support: https://lists.freedesktop.org/mailman/listinfo/systemd-devel
░░ 
░░ A start job for unit rpcbind.service has finished with a failure.
░░ 
░░ The job identifier is 29885 and the job result is failed.
Sep 22 08:25:16 openeuler-riscv64 systemd[1]: rpcbind.socket: Failed with result 'service-start-limit-hit'.
░░ Subject: Unit failed
░░ Defined-By: systemd
░░ Support: https://lists.freedesktop.org/mailman/listinfo/systemd-devel
░░ 
░░ The unit rpcbind.socket has entered the 'failed' state with result 'service-start-limit-hit'.
Sep 22 08:25:16 openeuler-riscv64 rpc.mountd[39054]: Could not bind socket: (98) Address already in use
Sep 22 08:25:16 openeuler-riscv64 rpc.mountd[39054]: Could not bind socket: (98) Address already in use
Sep 22 08:25:16 openeuler-riscv64 rpc.mountd[39054]: Could not bind socket: (98) Address already in use
Sep 22 08:25:16 openeuler-riscv64 rpc.mountd[39054]: Could not bind socket: (98) Address already in use
Sep 22 08:25:16 openeuler-riscv64 rpc.mountd[39054]: mountd: No V2 or V3 listeners created!
Sep 22 08:25:16 openeuler-riscv64 rpc.mountd[39085]: Version 2.6.2 starting
Sep 22 08:25:16 openeuler-riscv64 systemd[1]: Starting NFS status monitor for NFSv2/3 locking....
░░ Subject: A start job for unit rpc-statd.service has begun execution
░░ Defined-By: systemd
░░ Support: https://lists.freedesktop.org/mailman/listinfo/systemd-devel
░░ 
░░ A start job for unit rpc-statd.service has begun execution.
░░ 
░░ The job identifier is 29841.
Sep 22 08:25:16 openeuler-riscv64 systemd[1]: Started NFS Mount Daemon.
░░ Subject: A start job for unit nfs-mountd.service has finished successfully
░░ Defined-By: systemd
░░ Support: https://lists.freedesktop.org/mailman/listinfo/systemd-devel
░░ 
░░ A start job for unit nfs-mountd.service has finished successfully.
░░ 
░░ The job identifier is 29762.
Sep 22 08:25:16 openeuler-riscv64 rpc.statd[39087]: Version 2.6.2 starting
Sep 22 08:25:16 openeuler-riscv64 rpc.statd[39087]: Flags: TI-RPC
Sep 22 08:25:17 openeuler-riscv64 rpc.statd[39087]: Failed to register (statd, 1, udp): svc_reg() err: RPC: Remote system error - Connection refused
Sep 22 08:25:17 openeuler-riscv64 rpc.statd[39087]: Failed to register (statd, 1, tcp): svc_reg() err: RPC: Remote system error - Connection refused
Sep 22 08:25:17 openeuler-riscv64 rpc.statd[39087]: Failed to register (statd, 1, udp6): svc_reg() err: RPC: Remote system error - Connection refused
Sep 22 08:25:17 openeuler-riscv64 rpc.statd[39087]: Failed to register (statd, 1, tcp6): svc_reg() err: RPC: Remote system error - Connection refused
Sep 22 08:25:17 openeuler-riscv64 rpc.statd[39087]: failed to create RPC listeners, exiting
Sep 22 08:25:17 openeuler-riscv64 systemd[1]: rpc-statd.service: Control process exited, code=exited, status=1/FAILURE
░░ Subject: Unit process exited
░░ Defined-By: systemd
░░ Support: https://lists.freedesktop.org/mailman/listinfo/systemd-devel
░░ 
░░ An ExecStart= process belonging to unit rpc-statd.service has exited.
░░ 
░░ The process' exit code is 'exited' and its exit status is 1.
Sep 22 08:25:17 openeuler-riscv64 systemd[1]: rpc-statd.service: Failed with result 'exit-code'.
░░ Subject: Unit failed
░░ Defined-By: systemd
░░ Support: https://lists.freedesktop.org/mailman/listinfo/systemd-devel
░░ 
░░ The unit rpc-statd.service has entered the 'failed' state with result 'exit-code'.
Sep 22 08:25:17 openeuler-riscv64 systemd[1]: Failed to start NFS status monitor for NFSv2/3 locking..
░░ Subject: A start job for unit rpc-statd.service has failed
░░ Defined-By: systemd
░░ Support: https://lists.freedesktop.org/mailman/listinfo/systemd-devel
░░ 
░░ A start job for unit rpc-statd.service has finished with a failure.
░░ 
░░ The job identifier is 29841 and the job result is failed.
Sep 22 08:25:17 openeuler-riscv64 systemd[1]: Starting NFS server and services...
░░ Subject: A start job for unit nfs-server.service has begun execution
░░ Defined-By: systemd
░░ Support: https://lists.freedesktop.org/mailman/listinfo/systemd-devel
░░ 
░░ A start job for unit nfs-server.service has begun execution.
░░ 
░░ The job identifier is 29755.
Sep 22 08:25:17 openeuler-riscv64 exportfs[39095]: exportfs: /etc/exports [1]: Neither 'subtree_check' or 'no_subtree_check' specified for export "*:/home/nfs".
Sep 22 08:25:17 openeuler-riscv64 exportfs[39095]:   Assuming default behaviour ('no_subtree_check').
Sep 22 08:25:17 openeuler-riscv64 exportfs[39095]:   NOTE: this default has changed since nfs-utils version 1.0.x
Sep 22 08:25:17 openeuler-riscv64 exportfs[39095]: exportfs: Failed to stat /home/nfs: No such file or directory
Sep 22 08:25:17 openeuler-riscv64 kernel: svc: failed to register nfsdv3 RPC service (errno 111).
Sep 22 08:25:17 openeuler-riscv64 kernel: svc: failed to register nfsaclv3 RPC service (errno 111).
Sep 22 08:25:17 openeuler-riscv64 rpc.nfsd[39097]: rpc.nfsd: writing fd to kernel failed: errno 111 (Connection refused)
Sep 22 08:25:18 openeuler-riscv64 kernel: svc: failed to register lockdv1 RPC service (errno 111).
Sep 22 08:25:18 openeuler-riscv64 rpc.nfsd[39097]: error starting threads: errno 111 (Connection refused)
Sep 22 08:25:18 openeuler-riscv64 systemd[1]: nfs-server.service: Main process exited, code=exited, status=1/FAILURE
░░ Subject: Unit process exited
░░ Defined-By: systemd
░░ Support: https://lists.freedesktop.org/mailman/listinfo/systemd-devel
░░ 
░░ An ExecStart= process belonging to unit nfs-server.service has exited.
░░ 
░░ The process' exit code is 'exited' and its exit status is 1.
Sep 22 08:25:18 openeuler-riscv64 systemd[1]: nfs-server.service: Failed with result 'exit-code'.
░░ Subject: Unit failed
░░ Defined-By: systemd
░░ Support: https://lists.freedesktop.org/mailman/listinfo/systemd-devel
░░ 
░░ The unit nfs-server.service has entered the 'failed' state with result 'exit-code'.
Sep 22 08:25:18 openeuler-riscv64 systemd[1]: Stopped NFS server and services.
░░ Subject: A stop job for unit nfs-server.service has finished
░░ Defined-By: systemd
░░ Support: https://lists.freedesktop.org/mailman/listinfo/systemd-devel
░░ 
░░ A stop job for unit nfs-server.service has finished.
░░ 
░░ The job identifier is 29895 and the job result is done.
Sep 22 08:25:18 openeuler-riscv64 rpc.idmapd[39053]: exiting on signal 15
Sep 22 08:25:18 openeuler-riscv64 systemd[1]: Stopping NFSv4 ID-name mapping service...
░░ Subject: A stop job for unit nfs-idmapd.service has begun execution
░░ Defined-By: systemd
░░ Support: https://lists.freedesktop.org/mailman/listinfo/systemd-devel
░░ 
░░ A stop job for unit nfs-idmapd.service has begun execution.
░░ 
░░ The job identifier is 29896.
Sep 22 08:25:18 openeuler-riscv64 systemd[1]: Stopping NFS Mount Daemon...
░░ Subject: A stop job for unit nfs-mountd.service has begun execution
░░ Defined-By: systemd
░░ Support: https://lists.freedesktop.org/mailman/listinfo/systemd-devel
░░ 
░░ A stop job for unit nfs-mountd.service has begun execution.
░░ 
░░ The job identifier is 29894.
Sep 22 08:25:18 openeuler-riscv64 rpc.mountd[39085]: Caught signal 15, un-registering and exiting.
Sep 22 08:25:18 openeuler-riscv64 systemd[1]: nfs-idmapd.service: Deactivated successfully.
░░ Subject: Unit succeeded
░░ Defined-By: systemd
░░ Support: https://lists.freedesktop.org/mailman/listinfo/systemd-devel
░░ 
░░ The unit nfs-idmapd.service has successfully entered the 'dead' state.
Sep 22 08:25:18 openeuler-riscv64 systemd[1]: Stopped NFSv4 ID-name mapping service.
░░ Subject: A stop job for unit nfs-idmapd.service has finished
░░ Defined-By: systemd
░░ Support: https://lists.freedesktop.org/mailman/listinfo/systemd-devel
░░ 
░░ A stop job for unit nfs-idmapd.service has finished.
░░ 
░░ The job identifier is 29896 and the job result is done.
Sep 22 08:25:18 openeuler-riscv64 systemd[1]: nfs-mountd.service: Deactivated successfully.
░░ Subject: Unit succeeded
░░ Defined-By: systemd
░░ Support: https://lists.freedesktop.org/mailman/listinfo/systemd-devel
░░ 
░░ The unit nfs-mountd.service has successfully entered the 'dead' state.
Sep 22 08:25:18 openeuler-riscv64 systemd[1]: Stopped NFS Mount Daemon.
░░ Subject: A stop job for unit nfs-mountd.service has finished
░░ Defined-By: systemd
░░ Support: https://lists.freedesktop.org/mailman/listinfo/systemd-devel
░░ 
