Sep 22 06:28:08 openeuler-riscv64 NetworkManager[687]: <info>  [1695335288.0387] device (enp0s4): state change: ip-config -> failed (reason 'ip-config-unavailable', sys-iface-state: 'managed')
Sep 22 06:28:08 openeuler-riscv64 NetworkManager[687]: <warn>  [1695335288.0499] device (enp0s4): Activation: failed for connection 'Wired connection 2'
Sep 22 06:28:08 openeuler-riscv64 NetworkManager[687]: <info>  [1695335288.0551] device (enp0s4): state change: failed -> disconnected (reason 'none', sys-iface-state: 'managed')
Sep 22 06:28:08 openeuler-riscv64 NetworkManager[687]: <info>  [1695335288.1156] dhcp4 (enp0s4): canceled DHCP transaction, DHCP client pid 29552
Sep 22 06:28:08 openeuler-riscv64 NetworkManager[687]: <info>  [1695335288.1163] dhcp4 (enp0s4): activation: beginning transaction (timeout in 45 seconds)
Sep 22 06:28:08 openeuler-riscv64 NetworkManager[687]: <info>  [1695335288.1167] dhcp4 (enp0s4): state changed no lease
Sep 22 06:28:09 openeuler-riscv64 dhclient[29582]: DHCPDISCOVER on enp0s5 to 255.255.255.255 port 67 interval 9 (xid=0x3eb47f35)
Sep 22 06:28:11 openeuler-riscv64 NetworkManager[687]: <info>  [1695335291.0353] device (enp0s5): state change: ip-config -> failed (reason 'ip-config-unavailable', sys-iface-state: 'managed')
Sep 22 06:28:11 openeuler-riscv64 NetworkManager[687]: <warn>  [1695335291.0583] device (enp0s5): Activation: failed for connection 'Wired connection 3'
Sep 22 06:28:11 openeuler-riscv64 NetworkManager[687]: <info>  [1695335291.0685] device (enp0s5): state change: failed -> disconnected (reason 'none', sys-iface-state: 'managed')
Sep 22 06:28:11 openeuler-riscv64 NetworkManager[687]: <info>  [1695335291.1116] dhcp4 (enp0s5): canceled DHCP transaction, DHCP client pid 29582
Sep 22 06:28:11 openeuler-riscv64 NetworkManager[687]: <info>  [1695335291.1123] dhcp4 (enp0s5): activation: beginning transaction (timeout in 45 seconds)
Sep 22 06:28:11 openeuler-riscv64 NetworkManager[687]: <info>  [1695335291.1127] dhcp4 (enp0s5): state changed no lease
Sep 22 06:30:04 openeuler-riscv64 systemd[1]: Starting system activity accounting tool...
░░ Subject: A start job for unit sysstat-collect.service has begun execution
░░ Defined-By: systemd
░░ Support: https://lists.freedesktop.org/mailman/listinfo/systemd-devel
░░ 
░░ A start job for unit sysstat-collect.service has begun execution.
░░ 
░░ The job identifier is 9499.
Sep 22 06:30:04 openeuler-riscv64 systemd[1]: sysstat-collect.service: Deactivated successfully.
░░ Subject: Unit succeeded
░░ Defined-By: systemd
░░ Support: https://lists.freedesktop.org/mailman/listinfo/systemd-devel
░░ 
░░ The unit sysstat-collect.service has successfully entered the 'dead' state.
Sep 22 06:30:04 openeuler-riscv64 systemd[1]: Finished system activity accounting tool.
░░ Subject: A start job for unit sysstat-collect.service has finished successfully
░░ Defined-By: systemd
░░ Support: https://lists.freedesktop.org/mailman/listinfo/systemd-devel
░░ 
░░ A start job for unit sysstat-collect.service has finished successfully.
░░ 
░░ The job identifier is 9499.
Sep 22 06:33:08 openeuler-riscv64 NetworkManager[687]: <info>  [1695335588.0476] policy: auto-activating connection 'Wired connection 2' (0b05253b-3ac2-381f-a7e6-29e95faca6b0)
Sep 22 06:33:08 openeuler-riscv64 NetworkManager[687]: <info>  [1695335588.0580] device (enp0s4): Activation: starting connection 'Wired connection 2' (0b05253b-3ac2-381f-a7e6-29e95faca6b0)
Sep 22 06:33:08 openeuler-riscv64 NetworkManager[687]: <info>  [1695335588.0604] device (enp0s4): state change: disconnected -> prepare (reason 'none', sys-iface-state: 'managed')
Sep 22 06:33:08 openeuler-riscv64 NetworkManager[687]: <info>  [1695335588.0687] device (enp0s4): state change: prepare -> config (reason 'none', sys-iface-state: 'managed')
Sep 22 06:33:08 openeuler-riscv64 NetworkManager[687]: <info>  [1695335588.0809] device (enp0s4): state change: config -> ip-config (reason 'none', sys-iface-state: 'managed')
Sep 22 06:33:08 openeuler-riscv64 NetworkManager[687]: <info>  [1695335588.0921] dhcp4 (enp0s4): activation: beginning transaction (timeout in 45 seconds)
Sep 22 06:33:08 openeuler-riscv64 NetworkManager[687]: <info>  [1695335588.1537] dhcp4 (enp0s4): dhclient started with pid 29886
Sep 22 06:33:08 openeuler-riscv64 dhclient[29886]: DHCPDISCOVER on enp0s4 to 255.255.255.255 port 67 interval 8 (xid=0xc3e4eb4c)
Sep 22 06:33:11 openeuler-riscv64 NetworkManager[687]: <info>  [1695335591.0361] policy: auto-activating connection 'Wired connection 3' (800d7b73-acc8-340d-b155-140a870391e2)
Sep 22 06:33:11 openeuler-riscv64 NetworkManager[687]: <info>  [1695335591.0487] device (enp0s5): Activation: starting connection 'Wired connection 3' (800d7b73-acc8-340d-b155-140a870391e2)
Sep 22 06:33:11 openeuler-riscv64 NetworkManager[687]: <info>  [1695335591.0510] device (enp0s5): state change: disconnected -> prepare (reason 'none', sys-iface-state: 'managed')
Sep 22 06:33:11 openeuler-riscv64 NetworkManager[687]: <info>  [1695335591.0583] device (enp0s5): state change: prepare -> config (reason 'none', sys-iface-state: 'managed')
Sep 22 06:33:11 openeuler-riscv64 NetworkManager[687]: <info>  [1695335591.0717] device (enp0s5): state change: config -> ip-config (reason 'none', sys-iface-state: 'managed')
Sep 22 06:33:11 openeuler-riscv64 NetworkManager[687]: <info>  [1695335591.0830] dhcp4 (enp0s5): activation: beginning transaction (timeout in 45 seconds)
Sep 22 06:33:11 openeuler-riscv64 NetworkManager[687]: <info>  [1695335591.1421] dhcp4 (enp0s5): dhclient started with pid 29893
Sep 22 06:33:11 openeuler-riscv64 dhclient[29893]: DHCPDISCOVER on enp0s5 to 255.255.255.255 port 67 interval 4 (xid=0xbd1bf218)
Sep 22 06:33:15 openeuler-riscv64 dhclient[29893]: DHCPDISCOVER on enp0s5 to 255.255.255.255 port 67 interval 11 (xid=0xbd1bf218)
Sep 22 06:33:16 openeuler-riscv64 dhclient[29886]: DHCPDISCOVER on enp0s4 to 255.255.255.255 port 67 interval 11 (xid=0xc3e4eb4c)
Sep 22 06:33:26 openeuler-riscv64 dhclient[29893]: DHCPDISCOVER on enp0s5 to 255.255.255.255 port 67 interval 12 (xid=0xbd1bf218)
Sep 22 06:33:27 openeuler-riscv64 dhclient[29886]: DHCPDISCOVER on enp0s4 to 255.255.255.255 port 67 interval 19 (xid=0xc3e4eb4c)
Sep 22 06:33:38 openeuler-riscv64 dhclient[29893]: DHCPDISCOVER on enp0s5 to 255.255.255.255 port 67 interval 14 (xid=0xbd1bf218)
Sep 22 06:33:46 openeuler-riscv64 dhclient[29886]: DHCPDISCOVER on enp0s4 to 255.255.255.255 port 67 interval 21 (xid=0xc3e4eb4c)
Sep 22 06:33:48 openeuler-riscv64 sudo[29184]: pam_unix(sudo:session): session closed for user root
Sep 22 06:33:48 openeuler-riscv64 sudo[29907]:     root : PWD=/root/mugen ; USER=root ; COMMAND=/usr/bin/journalctl -xe --no-pager
Sep 22 06:33:48 openeuler-riscv64 sudo[29907]: pam_unix(sudo:session): session opened for user root(uid=0) by root(uid=0)
Sep 22 06:33:49 openeuler-riscv64 sudo[29907]: pam_unix(sudo:session): session closed for user root
Sep 22 06:33:50 openeuler-riscv64 sudo[29910]:     root : PWD=/root/mugen ; USER=root ; COMMAND=/usr/bin/systemctl status rpcbind.service --no-pager
Sep 22 06:33:50 openeuler-riscv64 sudo[29910]: pam_unix(sudo:session): session opened for user root(uid=0) by root(uid=0)
Sep 22 06:33:50 openeuler-riscv64 sudo[29910]: pam_unix(sudo:session): session closed for user root
Sep 22 06:33:51 openeuler-riscv64 sudo[29919]:     root : PWD=/root/mugen ; USER=root ; COMMAND=/usr/bin/bash mugen.sh -f os-storage -r oe_test_storage_nfs_repeat_restartServer -x
Sep 22 06:33:51 openeuler-riscv64 sudo[29919]: pam_unix(sudo:session): session opened for user root(uid=0) by root(uid=0)
Sep 22 06:33:52 openeuler-riscv64 dhclient[29893]: DHCPDISCOVER on enp0s5 to 255.255.255.255 port 67 interval 13 (xid=0xbd1bf218)
Sep 22 06:33:53 openeuler-riscv64 NetworkManager[687]: <info>  [1695335633.0429] device (enp0s4): state change: ip-config -> failed (reason 'ip-config-unavailable', sys-iface-state: 'managed')
Sep 22 06:33:53 openeuler-riscv64 NetworkManager[687]: <warn>  [1695335633.0543] device (enp0s4): Activation: failed for connection 'Wired connection 2'
Sep 22 06:33:53 openeuler-riscv64 NetworkManager[687]: <info>  [1695335633.0592] device (enp0s4): state change: failed -> disconnected (reason 'none', sys-iface-state: 'managed')
Sep 22 06:33:53 openeuler-riscv64 NetworkManager[687]: <info>  [1695335633.0994] dhcp4 (enp0s4): canceled DHCP transaction, DHCP client pid 29886
Sep 22 06:33:53 openeuler-riscv64 NetworkManager[687]: <info>  [1695335633.1000] dhcp4 (enp0s4): activation: beginning transaction (timeout in 45 seconds)
Sep 22 06:33:53 openeuler-riscv64 NetworkManager[687]: <info>  [1695335633.1004] dhcp4 (enp0s4): state changed no lease
Sep 22 06:33:53 openeuler-riscv64 NetworkManager[687]: <info>  [1695335633.4005] policy: auto-activating connection 'Wired connection 2' (0b05253b-3ac2-381f-a7e6-29e95faca6b0)
Sep 22 06:33:53 openeuler-riscv64 NetworkManager[687]: <info>  [1695335633.4126] device (enp0s4): Activation: starting connection 'Wired connection 2' (0b05253b-3ac2-381f-a7e6-29e95faca6b0)
Sep 22 06:33:53 openeuler-riscv64 NetworkManager[687]: <info>  [1695335633.4150] device (enp0s4): state change: disconnected -> prepare (reason 'none', sys-iface-state: 'managed')
Sep 22 06:33:53 openeuler-riscv64 NetworkManager[687]: <info>  [1695335633.4230] device (enp0s4): state change: prepare -> config (reason 'none', sys-iface-state: 'managed')
Sep 22 06:33:53 openeuler-riscv64 NetworkManager[687]: <info>  [1695335633.4354] device (enp0s4): state change: config -> ip-config (reason 'none', sys-iface-state: 'managed')
Sep 22 06:33:53 openeuler-riscv64 NetworkManager[687]: <info>  [1695335633.4467] dhcp4 (enp0s4): activation: beginning transaction (timeout in 45 seconds)
Sep 22 06:33:53 openeuler-riscv64 NetworkManager[687]: <info>  [1695335633.5062] dhcp4 (enp0s4): dhclient started with pid 29949
Sep 22 06:33:53 openeuler-riscv64 dhclient[29949]: DHCPDISCOVER on enp0s4 to 255.255.255.255 port 67 interval 4 (xid=0xdb73e336)
Sep 22 06:33:56 openeuler-riscv64 NetworkManager[687]: <info>  [1695335636.0344] device (enp0s5): state change: ip-config -> failed (reason 'ip-config-unavailable', sys-iface-state: 'managed')
Sep 22 06:33:56 openeuler-riscv64 NetworkManager[687]: <warn>  [1695335636.0457] device (enp0s5): Activation: failed for connection 'Wired connection 3'
Sep 22 06:33:56 openeuler-riscv64 NetworkManager[687]: <info>  [1695335636.0507] device (enp0s5): state change: failed -> disconnected (reason 'none', sys-iface-state: 'managed')
Sep 22 06:33:56 openeuler-riscv64 NetworkManager[687]: <info>  [1695335636.0955] dhcp4 (enp0s5): canceled DHCP transaction, DHCP client pid 29893
Sep 22 06:33:56 openeuler-riscv64 NetworkManager[687]: <info>  [1695335636.0961] dhcp4 (enp0s5): activation: beginning transaction (timeout in 45 seconds)
Sep 22 06:33:56 openeuler-riscv64 NetworkManager[687]: <info>  [1695335636.0966] dhcp4 (enp0s5): state changed no lease
Sep 22 06:33:56 openeuler-riscv64 NetworkManager[687]: <info>  [1695335636.4087] policy: auto-activating connection 'Wired connection 3' (800d7b73-acc8-340d-b155-140a870391e2)
Sep 22 06:33:56 openeuler-riscv64 NetworkManager[687]: <info>  [1695335636.4245] device (enp0s5): Activation: starting connection 'Wired connection 3' (800d7b73-acc8-340d-b155-140a870391e2)
Sep 22 06:33:56 openeuler-riscv64 NetworkManager[687]: <info>  [1695335636.4267] device (enp0s5): state change: disconnected -> prepare (reason 'none', sys-iface-state: 'managed')
Sep 22 06:33:56 openeuler-riscv64 NetworkManager[687]: <info>  [1695335636.4398] device (enp0s5): state change: prepare -> config (reason 'none', sys-iface-state: 'managed')
Sep 22 06:33:56 openeuler-riscv64 NetworkManager[687]: <info>  [1695335636.4576] device (enp0s5): state change: config -> ip-config (reason 'none', sys-iface-state: 'managed')
Sep 22 06:33:56 openeuler-riscv64 NetworkManager[687]: <info>  [1695335636.4701] dhcp4 (enp0s5): activation: beginning transaction (timeout in 45 seconds)
Sep 22 06:33:56 openeuler-riscv64 NetworkManager[687]: <info>  [1695335636.5293] dhcp4 (enp0s5): dhclient started with pid 29972
Sep 22 06:33:56 openeuler-riscv64 dhclient[29972]: DHCPDISCOVER on enp0s5 to 255.255.255.255 port 67 interval 4 (xid=0x2a2452b)
Sep 22 06:33:57 openeuler-riscv64 dhclient[29949]: DHCPDISCOVER on enp0s4 to 255.255.255.255 port 67 interval 8 (xid=0xdb73e336)
Sep 22 06:34:00 openeuler-riscv64 dhclient[29972]: DHCPDISCOVER on enp0s5 to 255.255.255.255 port 67 interval 5 (xid=0x2a2452b)
Sep 22 06:34:05 openeuler-riscv64 dhclient[29972]: DHCPDISCOVER on enp0s5 to 255.255.255.255 port 67 interval 7 (xid=0x2a2452b)
Sep 22 06:34:05 openeuler-riscv64 dhclient[29949]: DHCPDISCOVER on enp0s4 to 255.255.255.255 port 67 interval 16 (xid=0xdb73e336)
Sep 22 06:34:12 openeuler-riscv64 dhclient[29972]: DHCPDISCOVER on enp0s5 to 255.255.255.255 port 67 interval 13 (xid=0x2a2452b)
Sep 22 06:34:21 openeuler-riscv64 dhclient[29949]: DHCPDISCOVER on enp0s4 to 255.255.255.255 port 67 interval 21 (xid=0xdb73e336)
Sep 22 06:34:25 openeuler-riscv64 dhclient[29972]: DHCPDISCOVER on enp0s5 to 255.255.255.255 port 67 interval 18 (xid=0x2a2452b)
Sep 22 06:34:29 openeuler-riscv64 systemctl[29997]: [systemctl stop firewalld] called by PID 29987 (bash -x oe_test_storage_nfs_repeat_restartServer.sh)
Sep 22 06:34:39 openeuler-riscv64 NetworkManager[687]: <info>  [1695335679.0385] device (enp0s4): state change: ip-config -> failed (reason 'ip-config-unavailable', sys-iface-state: 'managed')
Sep 22 06:34:39 openeuler-riscv64 NetworkManager[687]: <warn>  [1695335679.0497] device (enp0s4): Activation: failed for connection 'Wired connection 2'
Sep 22 06:34:39 openeuler-riscv64 NetworkManager[687]: <info>  [1695335679.0546] device (enp0s4): state change: failed -> disconnected (reason 'none', sys-iface-state: 'managed')
Sep 22 06:34:39 openeuler-riscv64 NetworkManager[687]: <info>  [1695335679.0915] dhcp4 (enp0s4): canceled DHCP transaction, DHCP client pid 29949
Sep 22 06:34:39 openeuler-riscv64 NetworkManager[687]: <info>  [1695335679.0921] dhcp4 (enp0s4): activation: beginning transaction (timeout in 45 seconds)
Sep 22 06:34:39 openeuler-riscv64 NetworkManager[687]: <info>  [1695335679.0925] dhcp4 (enp0s4): state changed no lease
Sep 22 06:34:39 openeuler-riscv64 NetworkManager[687]: <info>  [1695335679.4444] policy: auto-activating connection 'Wired connection 2' (0b05253b-3ac2-381f-a7e6-29e95faca6b0)
Sep 22 06:34:39 openeuler-riscv64 NetworkManager[687]: <info>  [1695335679.4532] device (enp0s4): Activation: starting connection 'Wired connection 2' (0b05253b-3ac2-381f-a7e6-29e95faca6b0)
Sep 22 06:34:39 openeuler-riscv64 NetworkManager[687]: <info>  [1695335679.4550] device (enp0s4): state change: disconnected -> prepare (reason 'none', sys-iface-state: 'managed')
Sep 22 06:34:39 openeuler-riscv64 NetworkManager[687]: <info>  [1695335679.4609] device (enp0s4): state change: prepare -> config (reason 'none', sys-iface-state: 'managed')
Sep 22 06:34:39 openeuler-riscv64 NetworkManager[687]: <info>  [1695335679.4725] device (enp0s4): state change: config -> ip-config (reason 'none', sys-iface-state: 'managed')
Sep 22 06:34:39 openeuler-riscv64 NetworkManager[687]: <info>  [1695335679.4836] dhcp4 (enp0s4): activation: beginning transaction (timeout in 45 seconds)
Sep 22 06:34:39 openeuler-riscv64 NetworkManager[687]: <info>  [1695335679.5462] dhcp4 (enp0s4): dhclient started with pid 30022
Sep 22 06:34:39 openeuler-riscv64 dhclient[30022]: DHCPDISCOVER on enp0s4 to 255.255.255.255 port 67 interval 8 (xid=0x9e6b592b)
Sep 22 06:34:42 openeuler-riscv64 NetworkManager[687]: <info>  [1695335682.0358] device (enp0s5): state change: ip-config -> failed (reason 'ip-config-unavailable', sys-iface-state: 'managed')
Sep 22 06:34:42 openeuler-riscv64 NetworkManager[687]: <warn>  [1695335682.0558] device (enp0s5): Activation: failed for connection 'Wired connection 3'
Sep 22 06:34:42 openeuler-riscv64 NetworkManager[687]: <info>  [1695335682.0644] device (enp0s5): state change: failed -> disconnected (reason 'none', sys-iface-state: 'managed')
Sep 22 06:34:42 openeuler-riscv64 NetworkManager[687]: <info>  [1695335682.1088] dhcp4 (enp0s5): canceled DHCP transaction, DHCP client pid 29972
Sep 22 06:34:42 openeuler-riscv64 NetworkManager[687]: <info>  [1695335682.1096] dhcp4 (enp0s5): activation: beginning transaction (timeout in 45 seconds)
Sep 22 06:34:42 openeuler-riscv64 NetworkManager[687]: <info>  [1695335682.1100] dhcp4 (enp0s5): state changed no lease
Sep 22 06:34:42 openeuler-riscv64 NetworkManager[687]: <info>  [1695335682.4201] policy: auto-activating connection 'Wired connection 3' (800d7b73-acc8-340d-b155-140a870391e2)
Sep 22 06:34:42 openeuler-riscv64 NetworkManager[687]: <info>  [1695335682.4298] device (enp0s5): Activation: starting connection 'Wired connection 3' (800d7b73-acc8-340d-b155-140a870391e2)
Sep 22 06:34:42 openeuler-riscv64 NetworkManager[687]: <info>  [1695335682.4317] device (enp0s5): state change: disconnected -> prepare (reason 'none', sys-iface-state: 'managed')
Sep 22 06:34:42 openeuler-riscv64 NetworkManager[687]: <info>  [1695335682.4380] device (enp0s5): state change: prepare -> config (reason 'none', sys-iface-state: 'managed')
Sep 22 06:34:42 openeuler-riscv64 NetworkManager[687]: <info>  [1695335682.4489] device (enp0s5): state change: config -> ip-config (reason 'none', sys-iface-state: 'managed')
Sep 22 06:34:42 openeuler-riscv64 NetworkManager[687]: <info>  [1695335682.4592] dhcp4 (enp0s5): activation: beginning transaction (timeout in 45 seconds)
Sep 22 06:34:42 openeuler-riscv64 NetworkManager[687]: <info>  [1695335682.5176] dhcp4 (enp0s5): dhclient started with pid 30033
Sep 22 06:34:42 openeuler-riscv64 dhclient[30033]: DHCPDISCOVER on enp0s5 to 255.255.255.255 port 67 interval 4 (xid=0x84a7c170)
Sep 22 06:34:46 openeuler-riscv64 dhclient[30033]: DHCPDISCOVER on enp0s5 to 255.255.255.255 port 67 interval 5 (xid=0x84a7c170)
Sep 22 06:34:47 openeuler-riscv64 dhclient[30022]: DHCPDISCOVER on enp0s4 to 255.255.255.255 port 67 interval 9 (xid=0x9e6b592b)
Sep 22 06:34:51 openeuler-riscv64 dhclient[30033]: DHCPDISCOVER on enp0s5 to 255.255.255.255 port 67 interval 6 (xid=0x84a7c170)
Sep 22 06:34:56 openeuler-riscv64 dhclient[30022]: DHCPDISCOVER on enp0s4 to 255.255.255.255 port 67 interval 19 (xid=0x9e6b592b)
Sep 22 06:34:57 openeuler-riscv64 dhclient[30033]: DHCPDISCOVER on enp0s5 to 255.255.255.255 port 67 interval 14 (xid=0x84a7c170)
Sep 22 06:35:11 openeuler-riscv64 dhclient[30033]: DHCPDISCOVER on enp0s5 to 255.255.255.255 port 67 interval 8 (xid=0x84a7c170)
Sep 22 06:35:15 openeuler-riscv64 dhclient[30022]: DHCPDISCOVER on enp0s4 to 255.255.255.255 port 67 interval 8 (xid=0x9e6b592b)
Sep 22 06:35:19 openeuler-riscv64 dhclient[30033]: DHCPDISCOVER on enp0s5 to 255.255.255.255 port 67 interval 8 (xid=0x84a7c170)
Sep 22 06:35:23 openeuler-riscv64 dhclient[30022]: DHCPDISCOVER on enp0s4 to 255.255.255.255 port 67 interval 7 (xid=0x9e6b592b)
Sep 22 06:35:25 openeuler-riscv64 NetworkManager[687]: <info>  [1695335725.0347] device (enp0s4): state change: ip-config -> failed (reason 'ip-config-unavailable', sys-iface-state: 'managed')
Sep 22 06:35:25 openeuler-riscv64 NetworkManager[687]: <warn>  [1695335725.0510] device (enp0s4): Activation: failed for connection 'Wired connection 2'
Sep 22 06:35:25 openeuler-riscv64 NetworkManager[687]: <info>  [1695335725.0589] device (enp0s4): state change: failed -> disconnected (reason 'none', sys-iface-state: 'managed')
Sep 22 06:35:25 openeuler-riscv64 NetworkManager[687]: <info>  [1695335725.1202] dhcp4 (enp0s4): canceled DHCP transaction, DHCP client pid 30022
Sep 22 06:35:25 openeuler-riscv64 NetworkManager[687]: <info>  [1695335725.1211] dhcp4 (enp0s4): activation: beginning transaction (timeout in 45 seconds)
Sep 22 06:35:25 openeuler-riscv64 NetworkManager[687]: <info>  [1695335725.1216] dhcp4 (enp0s4): state changed no lease
Sep 22 06:35:25 openeuler-riscv64 NetworkManager[687]: <info>  [1695335725.4317] policy: auto-activating connection 'Wired connection 2' (0b05253b-3ac2-381f-a7e6-29e95faca6b0)
Sep 22 06:35:25 openeuler-riscv64 NetworkManager[687]: <info>  [1695335725.4445] device (enp0s4): Activation: starting connection 'Wired connection 2' (0b05253b-3ac2-381f-a7e6-29e95faca6b0)
Sep 22 06:35:25 openeuler-riscv64 NetworkManager[687]: <info>  [1695335725.4468] device (enp0s4): state change: disconnected -> prepare (reason 'none', sys-iface-state: 'managed')
Sep 22 06:35:25 openeuler-riscv64 NetworkManager[687]: <info>  [1695335725.4547] device (enp0s4): state change: prepare -> config (reason 'none', sys-iface-state: 'managed')
Sep 22 06:35:25 openeuler-riscv64 NetworkManager[687]: <info>  [1695335725.4722] device (enp0s4): state change: config -> ip-config (reason 'none', sys-iface-state: 'managed')
Sep 22 06:35:25 openeuler-riscv64 NetworkManager[687]: <info>  [1695335725.4837] dhcp4 (enp0s4): activation: beginning transaction (timeout in 45 seconds)
Sep 22 06:35:25 openeuler-riscv64 NetworkManager[687]: <info>  [1695335725.5425] dhcp4 (enp0s4): dhclient started with pid 30065
Sep 22 06:35:25 openeuler-riscv64 dhclient[30065]: DHCPDISCOVER on enp0s4 to 255.255.255.255 port 67 interval 8 (xid=0xd9820810)
Sep 22 06:35:27 openeuler-riscv64 dhclient[30033]: DHCPDISCOVER on enp0s5 to 255.255.255.255 port 67 interval 15 (xid=0x84a7c170)
Sep 22 06:35:28 openeuler-riscv64 NetworkManager[687]: <info>  [1695335728.0351] device (enp0s5): state change: ip-config -> failed (reason 'ip-config-unavailable', sys-iface-state: 'managed')
Sep 22 06:35:28 openeuler-riscv64 NetworkManager[687]: <warn>  [1695335728.0469] device (enp0s5): Activation: failed for connection 'Wired connection 3'
Sep 22 06:35:28 openeuler-riscv64 NetworkManager[687]: <info>  [1695335728.0520] device (enp0s5): state change: failed -> disconnected (reason 'none', sys-iface-state: 'managed')
Sep 22 06:35:28 openeuler-riscv64 NetworkManager[687]: <info>  [1695335728.0837] dhcp4 (enp0s5): canceled DHCP transaction, DHCP client pid 30033
Sep 22 06:35:28 openeuler-riscv64 NetworkManager[687]: <info>  [1695335728.0844] dhcp4 (enp0s5): activation: beginning transaction (timeout in 45 seconds)
Sep 22 06:35:28 openeuler-riscv64 NetworkManager[687]: <info>  [1695335728.0849] dhcp4 (enp0s5): state changed no lease
Sep 22 06:35:28 openeuler-riscv64 NetworkManager[687]: <info>  [1695335728.3964] policy: auto-activating connection 'Wired connection 3' (800d7b73-acc8-340d-b155-140a870391e2)
Sep 22 06:35:28 openeuler-riscv64 NetworkManager[687]: <info>  [1695335728.4065] device (enp0s5): Activation: starting connection 'Wired connection 3' (800d7b73-acc8-340d-b155-140a870391e2)
Sep 22 06:35:28 openeuler-riscv64 NetworkManager[687]: <info>  [1695335728.4086] device (enp0s5): state change: disconnected -> prepare (reason 'none', sys-iface-state: 'managed')
Sep 22 06:35:28 openeuler-riscv64 NetworkManager[687]: <info>  [1695335728.4151] device (enp0s5): state change: prepare -> config (reason 'none', sys-iface-state: 'managed')
Sep 22 06:35:28 openeuler-riscv64 NetworkManager[687]: <info>  [1695335728.4273] device (enp0s5): state change: config -> ip-config (reason 'none', sys-iface-state: 'managed')
Sep 22 06:35:28 openeuler-riscv64 NetworkManager[687]: <info>  [1695335728.4384] dhcp4 (enp0s5): activation: beginning transaction (timeout in 45 seconds)
Sep 22 06:35:28 openeuler-riscv64 NetworkManager[687]: <info>  [1695335728.4976] dhcp4 (enp0s5): dhclient started with pid 30076
Sep 22 06:35:28 openeuler-riscv64 dhclient[30076]: DHCPDISCOVER on enp0s5 to 255.255.255.255 port 67 interval 5 (xid=0xdbaeb912)
Sep 22 06:35:33 openeuler-riscv64 dhclient[30076]: DHCPDISCOVER on enp0s5 to 255.255.255.255 port 67 interval 8 (xid=0xdbaeb912)
Sep 22 06:35:33 openeuler-riscv64 dhclient[30065]: DHCPDISCOVER on enp0s4 to 255.255.255.255 port 67 interval 14 (xid=0xd9820810)
Sep 22 06:35:41 openeuler-riscv64 dhclient[30076]: DHCPDISCOVER on enp0s5 to 255.255.255.255 port 67 interval 14 (xid=0xdbaeb912)
Sep 22 06:35:47 openeuler-riscv64 dhclient[30065]: DHCPDISCOVER on enp0s4 to 255.255.255.255 port 67 interval 16 (xid=0xd9820810)
Sep 22 06:35:55 openeuler-riscv64 dhclient[30076]: DHCPDISCOVER on enp0s5 to 255.255.255.255 port 67 interval 15 (xid=0xdbaeb912)
Sep 22 06:36:03 openeuler-riscv64 dhclient[30065]: DHCPDISCOVER on enp0s4 to 255.255.255.255 port 67 interval 14 (xid=0xd9820810)
Sep 22 06:36:10 openeuler-riscv64 dhclient[30076]: DHCPDISCOVER on enp0s5 to 255.255.255.255 port 67 interval 15 (xid=0xdbaeb912)
Sep 22 06:36:11 openeuler-riscv64 NetworkManager[687]: <info>  [1695335771.0343] device (enp0s4): state change: ip-config -> failed (reason 'ip-config-unavailable', sys-iface-state: 'managed')
Sep 22 06:36:11 openeuler-riscv64 NetworkManager[687]: <warn>  [1695335771.0469] device (enp0s4): Activation: failed for connection 'Wired connection 2'
Sep 22 06:36:11 openeuler-riscv64 NetworkManager[687]: <info>  [1695335771.0518] device (enp0s4): state change: failed -> disconnected (reason 'none', sys-iface-state: 'managed')
Sep 22 06:36:11 openeuler-riscv64 NetworkManager[687]: <info>  [1695335771.0919] dhcp4 (enp0s4): canceled DHCP transaction, DHCP client pid 30065
Sep 22 06:36:11 openeuler-riscv64 NetworkManager[687]: <info>  [1695335771.0926] dhcp4 (enp0s4): activation: beginning transaction (timeout in 45 seconds)
Sep 22 06:36:11 openeuler-riscv64 NetworkManager[687]: <info>  [1695335771.0931] dhcp4 (enp0s4): state changed no lease
Sep 22 06:36:14 openeuler-riscv64 NetworkManager[687]: <info>  [1695335774.0345] device (enp0s5): state change: ip-config -> failed (reason 'ip-config-unavailable', sys-iface-state: 'managed')
Sep 22 06:36:14 openeuler-riscv64 NetworkManager[687]: <warn>  [1695335774.0462] device (enp0s5): Activation: failed for connection 'Wired connection 3'
Sep 22 06:36:14 openeuler-riscv64 NetworkManager[687]: <info>  [1695335774.0516] device (enp0s5): state change: failed -> disconnected (reason 'none', sys-iface-state: 'managed')
Sep 22 06:36:14 openeuler-riscv64 NetworkManager[687]: <info>  [1695335774.1120] dhcp4 (enp0s5): canceled DHCP transaction, DHCP client pid 30076
Sep 22 06:36:14 openeuler-riscv64 NetworkManager[687]: <info>  [1695335774.1127] dhcp4 (enp0s5): activation: beginning transaction (timeout in 45 seconds)
Sep 22 06:36:14 openeuler-riscv64 NetworkManager[687]: <info>  [1695335774.1134] dhcp4 (enp0s5): state changed no lease
Sep 22 06:36:37 openeuler-riscv64 systemctl[30136]: [systemctl start rpc-statd.service] called by PID 30132 (/bin/sh /usr/sbin/start-statd)
Sep 22 06:36:37 openeuler-riscv64 systemd[1]: Listening on RPCbind Server Activation Socket.
░░ Subject: A start job for unit rpcbind.socket has finished successfully
░░ Defined-By: systemd
░░ Support: https://lists.freedesktop.org/mailman/listinfo/systemd-devel
░░ 
░░ A start job for unit rpcbind.socket has finished successfully.
░░ 
░░ The job identifier is 9573.
Sep 22 06:36:37 openeuler-riscv64 systemd[1]: Starting NFS status monitor for NFSv2/3 locking....
░░ Subject: A start job for unit rpc-statd.service has begun execution
░░ Defined-By: systemd
░░ Support: https://lists.freedesktop.org/mailman/listinfo/systemd-devel
░░ 
░░ A start job for unit rpc-statd.service has begun execution.
░░ 
░░ The job identifier is 9572.
Sep 22 06:36:37 openeuler-riscv64 rpc.statd[30139]: Version 2.6.2 starting
Sep 22 06:36:37 openeuler-riscv64 rpc.statd[30139]: Flags: TI-RPC
Sep 22 06:36:37 openeuler-riscv64 systemd[1]: Starting RPC Bind...
░░ Subject: A start job for unit rpcbind.service has begun execution
░░ Defined-By: systemd
░░ Support: https://lists.freedesktop.org/mailman/listinfo/systemd-devel
░░ 
░░ A start job for unit rpcbind.service has begun execution.
░░ 
░░ The job identifier is 9653.
Sep 22 06:36:38 openeuler-riscv64 systemd-tmpfiles[30141]: /usr/lib/tmpfiles.d/rpcbind.conf:2: Failed to resolve user 'rpc': No such process
Sep 22 06:36:38 openeuler-riscv64 rpcbind[30140]: rpcbind: /run/rpcbind/rpcbind.lock: No such file or directory
Sep 22 06:36:38 openeuler-riscv64 systemd[1]: rpcbind.service: Main process exited, code=exited, status=1/FAILURE
░░ Subject: Unit process exited
░░ Defined-By: systemd
░░ Support: https://lists.freedesktop.org/mailman/listinfo/systemd-devel
░░ 
░░ An ExecStart= process belonging to unit rpcbind.service has exited.
░░ 
░░ The process' exit code is 'exited' and its exit status is 1.
Sep 22 06:36:38 openeuler-riscv64 systemd[1]: rpcbind.service: Failed with result 'exit-code'.
░░ Subject: Unit failed
░░ Defined-By: systemd
░░ Support: https://lists.freedesktop.org/mailman/listinfo/systemd-devel
░░ 
░░ The unit rpcbind.service has entered the 'failed' state with result 'exit-code'.
Sep 22 06:36:38 openeuler-riscv64 systemd[1]: Failed to start RPC Bind.
░░ Subject: A start job for unit rpcbind.service has failed
░░ Defined-By: systemd
░░ Support: https://lists.freedesktop.org/mailman/listinfo/systemd-devel
░░ 
░░ A start job for unit rpcbind.service has finished with a failure.
░░ 
░░ The job identifier is 9653 and the job result is failed.
Sep 22 06:36:38 openeuler-riscv64 systemd[1]: Starting RPC Bind...
░░ Subject: A start job for unit rpcbind.service has begun execution
░░ Defined-By: systemd
░░ Support: https://lists.freedesktop.org/mailman/listinfo/systemd-devel
░░ 
░░ A start job for unit rpcbind.service has begun execution.
░░ 
░░ The job identifier is 9662.
Sep 22 06:36:38 openeuler-riscv64 systemd-tmpfiles[30145]: /usr/lib/tmpfiles.d/rpcbind.conf:2: Failed to resolve user 'rpc': No such process
Sep 22 06:36:38 openeuler-riscv64 rpcbind[30143]: rpcbind: /run/rpcbind/rpcbind.lock: No such file or directory
Sep 22 06:36:38 openeuler-riscv64 systemd[1]: rpcbind.service: Main process exited, code=exited, status=1/FAILURE
░░ Subject: Unit process exited
░░ Defined-By: systemd
░░ Support: https://lists.freedesktop.org/mailman/listinfo/systemd-devel
░░ 
░░ An ExecStart= process belonging to unit rpcbind.service has exited.
░░ 
░░ The process' exit code is 'exited' and its exit status is 1.
Sep 22 06:36:38 openeuler-riscv64 systemd[1]: rpcbind.service: Failed with result 'exit-code'.
░░ Subject: Unit failed
░░ Defined-By: systemd
░░ Support: https://lists.freedesktop.org/mailman/listinfo/systemd-devel
░░ 
░░ The unit rpcbind.service has entered the 'failed' state with result 'exit-code'.
Sep 22 06:36:38 openeuler-riscv64 systemd[1]: Failed to start RPC Bind.
░░ Subject: A start job for unit rpcbind.service has failed
░░ Defined-By: systemd
░░ Support: https://lists.freedesktop.org/mailman/listinfo/systemd-devel
░░ 
░░ A start job for unit rpcbind.service has finished with a failure.
░░ 
░░ The job identifier is 9662 and the job result is failed.
Sep 22 06:36:38 openeuler-riscv64 systemd[1]: Starting RPC Bind...
░░ Subject: A start job for unit rpcbind.service has begun execution
░░ Defined-By: systemd
░░ Support: https://lists.freedesktop.org/mailman/listinfo/systemd-devel
░░ 
░░ A start job for unit rpcbind.service has begun execution.
░░ 
░░ The job identifier is 9671.
Sep 22 06:36:39 openeuler-riscv64 systemd-tmpfiles[30151]: /usr/lib/tmpfiles.d/rpcbind.conf:2: Failed to resolve user 'rpc': No such process
Sep 22 06:36:39 openeuler-riscv64 rpcbind[30147]: rpcbind: /run/rpcbind/rpcbind.lock: No such file or directory
Sep 22 06:36:39 openeuler-riscv64 systemd[1]: rpcbind.service: Main process exited, code=exited, status=1/FAILURE
░░ Subject: Unit process exited
░░ Defined-By: systemd
░░ Support: https://lists.freedesktop.org/mailman/listinfo/systemd-devel
░░ 
░░ An ExecStart= process belonging to unit rpcbind.service has exited.
░░ 
░░ The process' exit code is 'exited' and its exit status is 1.
Sep 22 06:36:39 openeuler-riscv64 systemd[1]: rpcbind.service: Failed with result 'exit-code'.
░░ Subject: Unit failed
░░ Defined-By: systemd
░░ Support: https://lists.freedesktop.org/mailman/listinfo/systemd-devel
░░ 
░░ The unit rpcbind.service has entered the 'failed' state with result 'exit-code'.
Sep 22 06:36:39 openeuler-riscv64 systemd[1]: Failed to start RPC Bind.
░░ Subject: A start job for unit rpcbind.service has failed
░░ Defined-By: systemd
░░ Support: https://lists.freedesktop.org/mailman/listinfo/systemd-devel
░░ 
░░ A start job for unit rpcbind.service has finished with a failure.
░░ 
░░ The job identifier is 9671 and the job result is failed.
Sep 22 06:36:39 openeuler-riscv64 systemd[1]: Starting RPC Bind...
░░ Subject: A start job for unit rpcbind.service has begun execution
░░ Defined-By: systemd
░░ Support: https://lists.freedesktop.org/mailman/listinfo/systemd-devel
░░ 
░░ A start job for unit rpcbind.service has begun execution.
░░ 
░░ The job identifier is 9680.
Sep 22 06:36:39 openeuler-riscv64 systemd-tmpfiles[30155]: /usr/lib/tmpfiles.d/rpcbind.conf:2: Failed to resolve user 'rpc': No such process
Sep 22 06:36:39 openeuler-riscv64 rpcbind[30153]: rpcbind: /run/rpcbind/rpcbind.lock: No such file or directory
Sep 22 06:36:39 openeuler-riscv64 systemd[1]: rpcbind.service: Main process exited, code=exited, status=1/FAILURE
░░ Subject: Unit process exited
░░ Defined-By: systemd
░░ Support: https://lists.freedesktop.org/mailman/listinfo/systemd-devel
░░ 
░░ An ExecStart= process belonging to unit rpcbind.service has exited.
░░ 
░░ The process' exit code is 'exited' and its exit status is 1.
Sep 22 06:36:39 openeuler-riscv64 systemd[1]: rpcbind.service: Failed with result 'exit-code'.
░░ Subject: Unit failed
░░ Defined-By: systemd
░░ Support: https://lists.freedesktop.org/mailman/listinfo/systemd-devel
░░ 
░░ The unit rpcbind.service has entered the 'failed' state with result 'exit-code'.
Sep 22 06:36:39 openeuler-riscv64 systemd[1]: Failed to start RPC Bind.
░░ Subject: A start job for unit rpcbind.service has failed
░░ Defined-By: systemd
░░ Support: https://lists.freedesktop.org/mailman/listinfo/systemd-devel
░░ 
░░ A start job for unit rpcbind.service has finished with a failure.
░░ 
░░ The job identifier is 9680 and the job result is failed.
Sep 22 06:36:40 openeuler-riscv64 systemd[1]: Starting RPC Bind...
░░ Subject: A start job for unit rpcbind.service has begun execution
░░ Defined-By: systemd
░░ Support: https://lists.freedesktop.org/mailman/listinfo/systemd-devel
░░ 
░░ A start job for unit rpcbind.service has begun execution.
░░ 
░░ The job identifier is 9689.
Sep 22 06:36:40 openeuler-riscv64 systemd-tmpfiles[30160]: /usr/lib/tmpfiles.d/rpcbind.conf:2: Failed to resolve user 'rpc': No such process
Sep 22 06:36:40 openeuler-riscv64 rpcbind[30159]: rpcbind: /run/rpcbind/rpcbind.lock: No such file or directory
Sep 22 06:36:40 openeuler-riscv64 systemd[1]: rpcbind.service: Main process exited, code=exited, status=1/FAILURE
░░ Subject: Unit process exited
░░ Defined-By: systemd
░░ Support: https://lists.freedesktop.org/mailman/listinfo/systemd-devel
░░ 
░░ An ExecStart= process belonging to unit rpcbind.service has exited.
░░ 
░░ The process' exit code is 'exited' and its exit status is 1.
Sep 22 06:36:40 openeuler-riscv64 systemd[1]: rpcbind.service: Failed with result 'exit-code'.
░░ Subject: Unit failed
░░ Defined-By: systemd
░░ Support: https://lists.freedesktop.org/mailman/listinfo/systemd-devel
░░ 
░░ The unit rpcbind.service has entered the 'failed' state with result 'exit-code'.
Sep 22 06:36:40 openeuler-riscv64 systemd[1]: Failed to start RPC Bind.
░░ Subject: A start job for unit rpcbind.service has failed
░░ Defined-By: systemd
░░ Support: https://lists.freedesktop.org/mailman/listinfo/systemd-devel
░░ 
░░ A start job for unit rpcbind.service has finished with a failure.
░░ 
░░ The job identifier is 9689 and the job result is failed.
Sep 22 06:36:40 openeuler-riscv64 systemd[1]: rpcbind.service: Start request repeated too quickly.
Sep 22 06:36:40 openeuler-riscv64 systemd[1]: rpcbind.service: Failed with result 'exit-code'.
░░ Subject: Unit failed
░░ Defined-By: systemd
░░ Support: https://lists.freedesktop.org/mailman/listinfo/systemd-devel
░░ 
░░ The unit rpcbind.service has entered the 'failed' state with result 'exit-code'.
Sep 22 06:36:40 openeuler-riscv64 systemd[1]: Failed to start RPC Bind.
░░ Subject: A start job for unit rpcbind.service has failed
░░ Defined-By: systemd
░░ Support: https://lists.freedesktop.org/mailman/listinfo/systemd-devel
░░ 
░░ A start job for unit rpcbind.service has finished with a failure.
░░ 
░░ The job identifier is 9698 and the job result is failed.
Sep 22 06:36:40 openeuler-riscv64 systemd[1]: rpcbind.socket: Failed with result 'service-start-limit-hit'.
░░ Subject: Unit failed
░░ Defined-By: systemd
░░ Support: https://lists.freedesktop.org/mailman/listinfo/systemd-devel
░░ 
░░ The unit rpcbind.socket has entered the 'failed' state with result 'service-start-limit-hit'.
Sep 22 06:36:40 openeuler-riscv64 rpc.statd[30139]: Failed to register (statd, 1, udp): svc_reg() err: RPC: Remote system error - Connection refused
Sep 22 06:36:40 openeuler-riscv64 rpc.statd[30139]: Failed to register (statd, 1, tcp): svc_reg() err: RPC: Remote system error - Connection refused
Sep 22 06:36:40 openeuler-riscv64 rpc.statd[30139]: Failed to register (statd, 1, udp6): svc_reg() err: RPC: Remote system error - Connection refused
Sep 22 06:36:40 openeuler-riscv64 rpc.statd[30139]: Failed to register (statd, 1, tcp6): svc_reg() err: RPC: Remote system error - Connection refused
Sep 22 06:36:40 openeuler-riscv64 rpc.statd[30139]: failed to create RPC listeners, exiting
Sep 22 06:36:40 openeuler-riscv64 systemd[1]: rpc-statd.service: Control process exited, code=exited, status=1/FAILURE
░░ Subject: Unit process exited
░░ Defined-By: systemd
░░ Support: https://lists.freedesktop.org/mailman/listinfo/systemd-devel
░░ 
░░ An ExecStart= process belonging to unit rpc-statd.service has exited.
░░ 
░░ The process' exit code is 'exited' and its exit status is 1.
Sep 22 06:36:40 openeuler-riscv64 systemd[1]: rpc-statd.service: Failed with result 'exit-code'.
░░ Subject: Unit failed
░░ Defined-By: systemd
░░ Support: https://lists.freedesktop.org/mailman/listinfo/systemd-devel
░░ 
░░ The unit rpc-statd.service has entered the 'failed' state with result 'exit-code'.
Sep 22 06:36:40 openeuler-riscv64 systemd[1]: Failed to start NFS status monitor for NFSv2/3 locking..
░░ Subject: A start job for unit rpc-statd.service has failed
░░ Defined-By: systemd
░░ Support: https://lists.freedesktop.org/mailman/listinfo/systemd-devel
░░ 
░░ A start job for unit rpc-statd.service has finished with a failure.
░░ 
░░ The job identifier is 9572 and the job result is failed.
Sep 22 06:36:40 openeuler-riscv64 rpc.statd[30163]: Version 2.6.2 starting
Sep 22 06:36:40 openeuler-riscv64 rpc.statd[30163]: Flags: TI-RPC
Sep 22 06:36:41 openeuler-riscv64 rpc.statd[30163]: Failed to register (statd, 1, udp): svc_reg() err: RPC: Remote system error - Connection refused
Sep 22 06:36:41 openeuler-riscv64 rpc.statd[30163]: Failed to register (statd, 1, tcp): svc_reg() err: RPC: Remote system error - Connection refused
Sep 22 06:36:41 openeuler-riscv64 rpc.statd[30163]: Failed to register (statd, 1, udp6): svc_reg() err: RPC: Remote system error - Connection refused
Sep 22 06:36:41 openeuler-riscv64 rpc.statd[30163]: Failed to register (statd, 1, tcp6): svc_reg() err: RPC: Remote system error - Connection refused
Sep 22 06:36:41 openeuler-riscv64 rpc.statd[30163]: failed to create RPC listeners, exiting
Sep 22 06:36:53 openeuler-riscv64 systemctl[30167]: [systemctl start rpc-statd.service] called by PID 30164 (/bin/sh /usr/sbin/start-statd)
Sep 22 06:36:53 openeuler-riscv64 systemd[1]: Listening on RPCbind Server Activation Socket.
░░ Subject: A start job for unit rpcbind.socket has finished successfully
░░ Defined-By: systemd
░░ Support: https://lists.freedesktop.org/mailman/listinfo/systemd-devel
░░ 
░░ A start job for unit rpcbind.socket has finished successfully.
░░ 
░░ The job identifier is 9708.
Sep 22 06:36:53 openeuler-riscv64 systemd[1]: Starting NFS status monitor for NFSv2/3 locking....
░░ Subject: A start job for unit rpc-statd.service has begun execution
░░ Defined-By: systemd
░░ Support: https://lists.freedesktop.org/mailman/listinfo/systemd-devel
░░ 
░░ A start job for unit rpc-statd.service has begun execution.
░░ 
░░ The job identifier is 9707.
Sep 22 06:36:53 openeuler-riscv64 rpc.statd[30171]: Version 2.6.2 starting
Sep 22 06:36:53 openeuler-riscv64 rpc.statd[30171]: Flags: TI-RPC
Sep 22 06:36:54 openeuler-riscv64 systemd[1]: Starting RPC Bind...
░░ Subject: A start job for unit rpcbind.service has begun execution
░░ Defined-By: systemd
░░ Support: https://lists.freedesktop.org/mailman/listinfo/systemd-devel
░░ 
░░ A start job for unit rpcbind.service has begun execution.
░░ 
░░ The job identifier is 9788.
Sep 22 06:36:54 openeuler-riscv64 systemd-tmpfiles[30173]: /usr/lib/tmpfiles.d/rpcbind.conf:2: Failed to resolve user 'rpc': No such process
Sep 22 06:36:54 openeuler-riscv64 rpcbind[30172]: rpcbind: /run/rpcbind/rpcbind.lock: No such file or directory
Sep 22 06:36:54 openeuler-riscv64 systemd[1]: rpcbind.service: Main process exited, code=exited, status=1/FAILURE
░░ Subject: Unit process exited
░░ Defined-By: systemd
░░ Support: https://lists.freedesktop.org/mailman/listinfo/systemd-devel
░░ 
░░ An ExecStart= process belonging to unit rpcbind.service has exited.
░░ 
░░ The process' exit code is 'exited' and its exit status is 1.
Sep 22 06:36:54 openeuler-riscv64 systemd[1]: rpcbind.service: Failed with result 'exit-code'.
░░ Subject: Unit failed
░░ Defined-By: systemd
░░ Support: https://lists.freedesktop.org/mailman/listinfo/systemd-devel
░░ 
░░ The unit rpcbind.service has entered the 'failed' state with result 'exit-code'.
Sep 22 06:36:54 openeuler-riscv64 systemd[1]: Failed to start RPC Bind.
░░ Subject: A start job for unit rpcbind.service has failed
░░ Defined-By: systemd
░░ Support: https://lists.freedesktop.org/mailman/listinfo/systemd-devel
░░ 
░░ A start job for unit rpcbind.service has finished with a failure.
░░ 
░░ The job identifier is 9788 and the job result is failed.
Sep 22 06:36:54 openeuler-riscv64 systemd[1]: Starting RPC Bind...
░░ Subject: A start job for unit rpcbind.service has begun execution
░░ Defined-By: systemd
░░ Support: https://lists.freedesktop.org/mailman/listinfo/systemd-devel
░░ 
░░ A start job for unit rpcbind.service has begun execution.
░░ 
░░ The job identifier is 9797.
Sep 22 06:36:55 openeuler-riscv64 systemd-tmpfiles[30176]: /usr/lib/tmpfiles.d/rpcbind.conf:2: Failed to resolve user 'rpc': No such process
Sep 22 06:36:55 openeuler-riscv64 rpcbind[30175]: rpcbind: /run/rpcbind/rpcbind.lock: No such file or directory
Sep 22 06:36:55 openeuler-riscv64 systemd[1]: rpcbind.service: Main process exited, code=exited, status=1/FAILURE
░░ Subject: Unit process exited
░░ Defined-By: systemd
░░ Support: https://lists.freedesktop.org/mailman/listinfo/systemd-devel
░░ 
░░ An ExecStart= process belonging to unit rpcbind.service has exited.
░░ 
░░ The process' exit code is 'exited' and its exit status is 1.
Sep 22 06:36:55 openeuler-riscv64 systemd[1]: rpcbind.service: Failed with result 'exit-code'.
░░ Subject: Unit failed
░░ Defined-By: systemd
░░ Support: https://lists.freedesktop.org/mailman/listinfo/systemd-devel
░░ 
░░ The unit rpcbind.service has entered the 'failed' state with result 'exit-code'.
Sep 22 06:36:55 openeuler-riscv64 systemd[1]: Failed to start RPC Bind.
░░ Subject: A start job for unit rpcbind.service has failed
░░ Defined-By: systemd
░░ Support: https://lists.freedesktop.org/mailman/listinfo/systemd-devel
░░ 
░░ A start job for unit rpcbind.service has finished with a failure.
░░ 
░░ The job identifier is 9797 and the job result is failed.
Sep 22 06:36:55 openeuler-riscv64 systemd[1]: Starting RPC Bind...
░░ Subject: A start job for unit rpcbind.service has begun execution
░░ Defined-By: systemd
░░ Support: https://lists.freedesktop.org/mailman/listinfo/systemd-devel
░░ 
░░ A start job for unit rpcbind.service has begun execution.
░░ 
░░ The job identifier is 9806.
Sep 22 06:36:55 openeuler-riscv64 systemd-tmpfiles[30179]: /usr/lib/tmpfiles.d/rpcbind.conf:2: Failed to resolve user 'rpc': No such process
Sep 22 06:36:55 openeuler-riscv64 rpcbind[30178]: rpcbind: /run/rpcbind/rpcbind.lock: No such file or directory
Sep 22 06:36:55 openeuler-riscv64 systemd[1]: rpcbind.service: Main process exited, code=exited, status=1/FAILURE
░░ Subject: Unit process exited
░░ Defined-By: systemd
░░ Support: https://lists.freedesktop.org/mailman/listinfo/systemd-devel
░░ 
░░ An ExecStart= process belonging to unit rpcbind.service has exited.
░░ 
░░ The process' exit code is 'exited' and its exit status is 1.
Sep 22 06:36:55 openeuler-riscv64 systemd[1]: rpcbind.service: Failed with result 'exit-code'.
░░ Subject: Unit failed
░░ Defined-By: systemd
░░ Support: https://lists.freedesktop.org/mailman/listinfo/systemd-devel
░░ 
░░ The unit rpcbind.service has entered the 'failed' state with result 'exit-code'.
Sep 22 06:36:55 openeuler-riscv64 systemd[1]: Failed to start RPC Bind.
░░ Subject: A start job for unit rpcbind.service has failed
░░ Defined-By: systemd
░░ Support: https://lists.freedesktop.org/mailman/listinfo/systemd-devel
░░ 
░░ A start job for unit rpcbind.service has finished with a failure.
░░ 
░░ The job identifier is 9806 and the job result is failed.
Sep 22 06:36:55 openeuler-riscv64 systemd[1]: Starting RPC Bind...
░░ Subject: A start job for unit rpcbind.service has begun execution
░░ Defined-By: systemd
░░ Support: https://lists.freedesktop.org/mailman/listinfo/systemd-devel
░░ 
░░ A start job for unit rpcbind.service has begun execution.
░░ 
░░ The job identifier is 9815.
Sep 22 06:36:56 openeuler-riscv64 systemd-tmpfiles[30182]: /usr/lib/tmpfiles.d/rpcbind.conf:2: Failed to resolve user 'rpc': No such process
Sep 22 06:36:56 openeuler-riscv64 rpcbind[30181]: rpcbind: /run/rpcbind/rpcbind.lock: No such file or directory
Sep 22 06:36:56 openeuler-riscv64 systemd[1]: rpcbind.service: Main process exited, code=exited, status=1/FAILURE
░░ Subject: Unit process exited
░░ Defined-By: systemd
░░ Support: https://lists.freedesktop.org/mailman/listinfo/systemd-devel
░░ 
░░ An ExecStart= process belonging to unit rpcbind.service has exited.
░░ 
░░ The process' exit code is 'exited' and its exit status is 1.
Sep 22 06:36:56 openeuler-riscv64 systemd[1]: rpcbind.service: Failed with result 'exit-code'.
░░ Subject: Unit failed
░░ Defined-By: systemd
░░ Support: https://lists.freedesktop.org/mailman/listinfo/systemd-devel
░░ 
░░ The unit rpcbind.service has entered the 'failed' state with result 'exit-code'.
Sep 22 06:36:56 openeuler-riscv64 systemd[1]: Failed to start RPC Bind.
░░ Subject: A start job for unit rpcbind.service has failed
░░ Defined-By: systemd
░░ Support: https://lists.freedesktop.org/mailman/listinfo/systemd-devel
░░ 
░░ A start job for unit rpcbind.service has finished with a failure.
░░ 
░░ The job identifier is 9815 and the job result is failed.
Sep 22 06:36:56 openeuler-riscv64 systemd[1]: Starting RPC Bind...
░░ Subject: A start job for unit rpcbind.service has begun execution
░░ Defined-By: systemd
░░ Support: https://lists.freedesktop.org/mailman/listinfo/systemd-devel
░░ 
░░ A start job for unit rpcbind.service has begun execution.
░░ 
░░ The job identifier is 9824.
Sep 22 06:36:56 openeuler-riscv64 systemd-tmpfiles[30185]: /usr/lib/tmpfiles.d/rpcbind.conf:2: Failed to resolve user 'rpc': No such process
Sep 22 06:36:56 openeuler-riscv64 rpcbind[30184]: rpcbind: /run/rpcbind/rpcbind.lock: No such file or directory
Sep 22 06:36:56 openeuler-riscv64 systemd[1]: rpcbind.service: Main process exited, code=exited, status=1/FAILURE
░░ Subject: Unit process exited
░░ Defined-By: systemd
░░ Support: https://lists.freedesktop.org/mailman/listinfo/systemd-devel
░░ 
░░ An ExecStart= process belonging to unit rpcbind.service has exited.
░░ 
░░ The process' exit code is 'exited' and its exit status is 1.
Sep 22 06:36:56 openeuler-riscv64 systemd[1]: rpcbind.service: Failed with result 'exit-code'.
░░ Subject: Unit failed
░░ Defined-By: systemd
░░ Support: https://lists.freedesktop.org/mailman/listinfo/systemd-devel
░░ 
░░ The unit rpcbind.service has entered the 'failed' state with result 'exit-code'.
Sep 22 06:36:56 openeuler-riscv64 systemd[1]: Failed to start RPC Bind.
░░ Subject: A start job for unit rpcbind.service has failed
░░ Defined-By: systemd
░░ Support: https://lists.freedesktop.org/mailman/listinfo/systemd-devel
░░ 
░░ A start job for unit rpcbind.service has finished with a failure.
░░ 
░░ The job identifier is 9824 and the job result is failed.
Sep 22 06:36:56 openeuler-riscv64 systemd[1]: rpcbind.service: Start request repeated too quickly.
Sep 22 06:36:56 openeuler-riscv64 systemd[1]: rpcbind.service: Failed with result 'exit-code'.
░░ Subject: Unit failed
░░ Defined-By: systemd
░░ Support: https://lists.freedesktop.org/mailman/listinfo/systemd-devel
░░ 
░░ The unit rpcbind.service has entered the 'failed' state with result 'exit-code'.
Sep 22 06:36:56 openeuler-riscv64 systemd[1]: Failed to start RPC Bind.
░░ Subject: A start job for unit rpcbind.service has failed
░░ Defined-By: systemd
░░ Support: https://lists.freedesktop.org/mailman/listinfo/systemd-devel
░░ 
░░ A start job for unit rpcbind.service has finished with a failure.
░░ 
░░ The job identifier is 9833 and the job result is failed.
Sep 22 06:36:56 openeuler-riscv64 systemd[1]: rpcbind.socket: Failed with result 'service-start-limit-hit'.
░░ Subject: Unit failed
░░ Defined-By: systemd
░░ Support: https://lists.freedesktop.org/mailman/listinfo/systemd-devel
░░ 
░░ The unit rpcbind.socket has entered the 'failed' state with result 'service-start-limit-hit'.
Sep 22 06:36:56 openeuler-riscv64 rpc.statd[30171]: Failed to register (statd, 1, udp): svc_reg() err: RPC: Remote system error - Connection refused
Sep 22 06:36:57 openeuler-riscv64 rpc.statd[30171]: Failed to register (statd, 1, tcp): svc_reg() err: RPC: Remote system error - Connection refused
