Sep 22 06:42:13 openeuler-riscv64 rpc.statd[30615]: Flags: TI-RPC
Sep 22 06:42:13 openeuler-riscv64 systemd[1]: rpcbind.service: Start request repeated too quickly.
Sep 22 06:42:13 openeuler-riscv64 systemd[1]: rpcbind.service: Failed with result 'exit-code'.
░░ Subject: Unit failed
░░ Defined-By: systemd
░░ Support: https://lists.freedesktop.org/mailman/listinfo/systemd-devel
░░ 
░░ The unit rpcbind.service has entered the 'failed' state with result 'exit-code'.
Sep 22 06:42:13 openeuler-riscv64 systemd[1]: Failed to start RPC Bind.
░░ Subject: A start job for unit rpcbind.service has failed
░░ Defined-By: systemd
░░ Support: https://lists.freedesktop.org/mailman/listinfo/systemd-devel
░░ 
░░ A start job for unit rpcbind.service has finished with a failure.
░░ 
░░ The job identifier is 10821 and the job result is failed.
Sep 22 06:42:13 openeuler-riscv64 systemd[1]: rpcbind.socket: Failed with result 'service-start-limit-hit'.
░░ Subject: Unit failed
░░ Defined-By: systemd
░░ Support: https://lists.freedesktop.org/mailman/listinfo/systemd-devel
░░ 
░░ The unit rpcbind.socket has entered the 'failed' state with result 'service-start-limit-hit'.
Sep 22 06:42:13 openeuler-riscv64 rpc.statd[30615]: Failed to register (statd, 1, udp): svc_reg() err: RPC: Remote system error - Connection refused
Sep 22 06:42:13 openeuler-riscv64 rpc.statd[30615]: Failed to register (statd, 1, tcp): svc_reg() err: RPC: Remote system error - Connection refused
Sep 22 06:42:14 openeuler-riscv64 rpc.statd[30615]: Failed to register (statd, 1, udp6): svc_reg() err: RPC: Remote system error - Connection refused
Sep 22 06:42:14 openeuler-riscv64 rpc.statd[30615]: Failed to register (statd, 1, tcp6): svc_reg() err: RPC: Remote system error - Connection refused
Sep 22 06:42:14 openeuler-riscv64 rpc.statd[30615]: failed to create RPC listeners, exiting
Sep 22 06:42:14 openeuler-riscv64 systemd[1]: rpc-statd.service: Control process exited, code=exited, status=1/FAILURE
░░ Subject: Unit process exited
░░ Defined-By: systemd
░░ Support: https://lists.freedesktop.org/mailman/listinfo/systemd-devel
░░ 
░░ An ExecStart= process belonging to unit rpc-statd.service has exited.
░░ 
░░ The process' exit code is 'exited' and its exit status is 1.
Sep 22 06:42:14 openeuler-riscv64 systemd[1]: rpc-statd.service: Failed with result 'exit-code'.
░░ Subject: Unit failed
░░ Defined-By: systemd
░░ Support: https://lists.freedesktop.org/mailman/listinfo/systemd-devel
░░ 
░░ The unit rpc-statd.service has entered the 'failed' state with result 'exit-code'.
Sep 22 06:42:14 openeuler-riscv64 systemd[1]: Failed to start NFS status monitor for NFSv2/3 locking..
░░ Subject: A start job for unit rpc-statd.service has failed
░░ Defined-By: systemd
░░ Support: https://lists.freedesktop.org/mailman/listinfo/systemd-devel
░░ 
░░ A start job for unit rpc-statd.service has finished with a failure.
░░ 
░░ The job identifier is 10740 and the job result is failed.
Sep 22 06:42:14 openeuler-riscv64 rpc.statd[30617]: Version 2.6.2 starting
Sep 22 06:42:14 openeuler-riscv64 rpc.statd[30617]: Flags: TI-RPC
Sep 22 06:42:14 openeuler-riscv64 rpc.statd[30617]: Failed to register (statd, 1, udp): svc_reg() err: RPC: Remote system error - Connection refused
Sep 22 06:42:14 openeuler-riscv64 rpc.statd[30617]: Failed to register (statd, 1, tcp): svc_reg() err: RPC: Remote system error - Connection refused
Sep 22 06:42:14 openeuler-riscv64 rpc.statd[30617]: Failed to register (statd, 1, udp6): svc_reg() err: RPC: Remote system error - Connection refused
Sep 22 06:42:14 openeuler-riscv64 rpc.statd[30617]: Failed to register (statd, 1, tcp6): svc_reg() err: RPC: Remote system error - Connection refused
Sep 22 06:42:14 openeuler-riscv64 rpc.statd[30617]: failed to create RPC listeners, exiting
Sep 22 06:42:16 openeuler-riscv64 dhclient[30543]: DHCPDISCOVER on enp0s5 to 255.255.255.255 port 67 interval 9 (xid=0xcda6a90f)
Sep 22 06:42:19 openeuler-riscv64 dhclient[30524]: DHCPDISCOVER on enp0s4 to 255.255.255.255 port 67 interval 16 (xid=0x50681a45)
Sep 22 06:42:25 openeuler-riscv64 dhclient[30543]: DHCPDISCOVER on enp0s5 to 255.255.255.255 port 67 interval 7 (xid=0xcda6a90f)
Sep 22 06:42:32 openeuler-riscv64 dhclient[30543]: DHCPDISCOVER on enp0s5 to 255.255.255.255 port 67 interval 10 (xid=0xcda6a90f)
Sep 22 06:42:35 openeuler-riscv64 dhclient[30524]: DHCPDISCOVER on enp0s4 to 255.255.255.255 port 67 interval 20 (xid=0x50681a45)
Sep 22 06:42:42 openeuler-riscv64 NetworkManager[687]: <info>  [1695336162.0432] device (enp0s4): state change: ip-config -> failed (reason 'ip-config-unavailable', sys-iface-state: 'managed')
Sep 22 06:42:42 openeuler-riscv64 NetworkManager[687]: <warn>  [1695336162.0581] device (enp0s4): Activation: failed for connection 'Wired connection 2'
Sep 22 06:42:42 openeuler-riscv64 NetworkManager[687]: <info>  [1695336162.0647] device (enp0s4): state change: failed -> disconnected (reason 'none', sys-iface-state: 'managed')
Sep 22 06:42:42 openeuler-riscv64 NetworkManager[687]: <info>  [1695336162.1082] dhcp4 (enp0s4): canceled DHCP transaction, DHCP client pid 30524
Sep 22 06:42:42 openeuler-riscv64 NetworkManager[687]: <info>  [1695336162.1092] dhcp4 (enp0s4): activation: beginning transaction (timeout in 45 seconds)
Sep 22 06:42:42 openeuler-riscv64 NetworkManager[687]: <info>  [1695336162.1097] dhcp4 (enp0s4): state changed no lease
Sep 22 06:42:42 openeuler-riscv64 NetworkManager[687]: <info>  [1695336162.4124] policy: auto-activating connection 'Wired connection 2' (0b05253b-3ac2-381f-a7e6-29e95faca6b0)
Sep 22 06:42:42 openeuler-riscv64 NetworkManager[687]: <info>  [1695336162.4230] device (enp0s4): Activation: starting connection 'Wired connection 2' (0b05253b-3ac2-381f-a7e6-29e95faca6b0)
Sep 22 06:42:42 openeuler-riscv64 NetworkManager[687]: <info>  [1695336162.4253] device (enp0s4): state change: disconnected -> prepare (reason 'none', sys-iface-state: 'managed')
Sep 22 06:42:42 openeuler-riscv64 NetworkManager[687]: <info>  [1695336162.4319] device (enp0s4): state change: prepare -> config (reason 'none', sys-iface-state: 'managed')
Sep 22 06:42:42 openeuler-riscv64 NetworkManager[687]: <info>  [1695336162.4442] device (enp0s4): state change: config -> ip-config (reason 'none', sys-iface-state: 'managed')
Sep 22 06:42:42 openeuler-riscv64 NetworkManager[687]: <info>  [1695336162.4554] dhcp4 (enp0s4): activation: beginning transaction (timeout in 45 seconds)
Sep 22 06:42:42 openeuler-riscv64 NetworkManager[687]: <info>  [1695336162.5150] dhcp4 (enp0s4): dhclient started with pid 30633
Sep 22 06:42:42 openeuler-riscv64 dhclient[30543]: DHCPDISCOVER on enp0s5 to 255.255.255.255 port 67 interval 10 (xid=0xcda6a90f)
Sep 22 06:42:42 openeuler-riscv64 dhclient[30633]: DHCPDISCOVER on enp0s4 to 255.255.255.255 port 67 interval 6 (xid=0x54ea3111)
Sep 22 06:42:45 openeuler-riscv64 NetworkManager[687]: <info>  [1695336165.0347] device (enp0s5): state change: ip-config -> failed (reason 'ip-config-unavailable', sys-iface-state: 'managed')
Sep 22 06:42:45 openeuler-riscv64 NetworkManager[687]: <warn>  [1695336165.0483] device (enp0s5): Activation: failed for connection 'Wired connection 3'
Sep 22 06:42:45 openeuler-riscv64 NetworkManager[687]: <info>  [1695336165.0536] device (enp0s5): state change: failed -> disconnected (reason 'none', sys-iface-state: 'managed')
Sep 22 06:42:45 openeuler-riscv64 NetworkManager[687]: <info>  [1695336165.0916] dhcp4 (enp0s5): canceled DHCP transaction, DHCP client pid 30543
Sep 22 06:42:45 openeuler-riscv64 NetworkManager[687]: <info>  [1695336165.0922] dhcp4 (enp0s5): activation: beginning transaction (timeout in 45 seconds)
Sep 22 06:42:45 openeuler-riscv64 NetworkManager[687]: <info>  [1695336165.0925] dhcp4 (enp0s5): state changed no lease
Sep 22 06:42:45 openeuler-riscv64 NetworkManager[687]: <info>  [1695336165.3757] policy: auto-activating connection 'Wired connection 3' (800d7b73-acc8-340d-b155-140a870391e2)
Sep 22 06:42:45 openeuler-riscv64 NetworkManager[687]: <info>  [1695336165.3853] device (enp0s5): Activation: starting connection 'Wired connection 3' (800d7b73-acc8-340d-b155-140a870391e2)
Sep 22 06:42:45 openeuler-riscv64 NetworkManager[687]: <info>  [1695336165.3872] device (enp0s5): state change: disconnected -> prepare (reason 'none', sys-iface-state: 'managed')
Sep 22 06:42:45 openeuler-riscv64 NetworkManager[687]: <info>  [1695336165.3949] device (enp0s5): state change: prepare -> config (reason 'none', sys-iface-state: 'managed')
Sep 22 06:42:45 openeuler-riscv64 NetworkManager[687]: <info>  [1695336165.4071] device (enp0s5): state change: config -> ip-config (reason 'none', sys-iface-state: 'managed')
Sep 22 06:42:45 openeuler-riscv64 NetworkManager[687]: <info>  [1695336165.4173] dhcp4 (enp0s5): activation: beginning transaction (timeout in 45 seconds)
Sep 22 06:42:45 openeuler-riscv64 NetworkManager[687]: <info>  [1695336165.4722] dhcp4 (enp0s5): dhclient started with pid 30644
Sep 22 06:42:45 openeuler-riscv64 dhclient[30644]: DHCPDISCOVER on enp0s5 to 255.255.255.255 port 67 interval 8 (xid=0x586a9753)
Sep 22 06:42:49 openeuler-riscv64 dhclient[30633]: DHCPDISCOVER on enp0s4 to 255.255.255.255 port 67 interval 7 (xid=0x54ea3111)
Sep 22 06:42:53 openeuler-riscv64 dhclient[30644]: DHCPDISCOVER on enp0s5 to 255.255.255.255 port 67 interval 13 (xid=0x586a9753)
Sep 22 06:42:56 openeuler-riscv64 dhclient[30633]: DHCPDISCOVER on enp0s4 to 255.255.255.255 port 67 interval 15 (xid=0x54ea3111)
Sep 22 06:43:06 openeuler-riscv64 dhclient[30644]: DHCPDISCOVER on enp0s5 to 255.255.255.255 port 67 interval 9 (xid=0x586a9753)
Sep 22 06:43:11 openeuler-riscv64 dhclient[30633]: DHCPDISCOVER on enp0s4 to 255.255.255.255 port 67 interval 20 (xid=0x54ea3111)
Sep 22 06:43:15 openeuler-riscv64 dhclient[30644]: DHCPDISCOVER on enp0s5 to 255.255.255.255 port 67 interval 14 (xid=0x586a9753)
Sep 22 06:43:28 openeuler-riscv64 NetworkManager[687]: <info>  [1695336208.0350] device (enp0s4): state change: ip-config -> failed (reason 'ip-config-unavailable', sys-iface-state: 'managed')
Sep 22 06:43:28 openeuler-riscv64 NetworkManager[687]: <warn>  [1695336208.0460] device (enp0s4): Activation: failed for connection 'Wired connection 2'
Sep 22 06:43:28 openeuler-riscv64 NetworkManager[687]: <info>  [1695336208.0516] device (enp0s4): state change: failed -> disconnected (reason 'none', sys-iface-state: 'managed')
Sep 22 06:43:28 openeuler-riscv64 NetworkManager[687]: <info>  [1695336208.0917] dhcp4 (enp0s4): canceled DHCP transaction, DHCP client pid 30633
Sep 22 06:43:28 openeuler-riscv64 NetworkManager[687]: <info>  [1695336208.0923] dhcp4 (enp0s4): activation: beginning transaction (timeout in 45 seconds)
Sep 22 06:43:28 openeuler-riscv64 NetworkManager[687]: <info>  [1695336208.0927] dhcp4 (enp0s4): state changed no lease
Sep 22 06:43:28 openeuler-riscv64 NetworkManager[687]: <info>  [1695336208.3933] policy: auto-activating connection 'Wired connection 2' (0b05253b-3ac2-381f-a7e6-29e95faca6b0)
Sep 22 06:43:28 openeuler-riscv64 NetworkManager[687]: <info>  [1695336208.4030] device (enp0s4): Activation: starting connection 'Wired connection 2' (0b05253b-3ac2-381f-a7e6-29e95faca6b0)
Sep 22 06:43:28 openeuler-riscv64 NetworkManager[687]: <info>  [1695336208.4051] device (enp0s4): state change: disconnected -> prepare (reason 'none', sys-iface-state: 'managed')
Sep 22 06:43:28 openeuler-riscv64 NetworkManager[687]: <info>  [1695336208.4126] device (enp0s4): state change: prepare -> config (reason 'none', sys-iface-state: 'managed')
Sep 22 06:43:28 openeuler-riscv64 NetworkManager[687]: <info>  [1695336208.4254] device (enp0s4): state change: config -> ip-config (reason 'none', sys-iface-state: 'managed')
Sep 22 06:43:28 openeuler-riscv64 NetworkManager[687]: <info>  [1695336208.4363] dhcp4 (enp0s4): activation: beginning transaction (timeout in 45 seconds)
Sep 22 06:43:28 openeuler-riscv64 NetworkManager[687]: <info>  [1695336208.4949] dhcp4 (enp0s4): dhclient started with pid 30668
Sep 22 06:43:28 openeuler-riscv64 dhclient[30668]: DHCPDISCOVER on enp0s4 to 255.255.255.255 port 67 interval 3 (xid=0xb5eb951a)
Sep 22 06:43:29 openeuler-riscv64 dhclient[30644]: DHCPDISCOVER on enp0s5 to 255.255.255.255 port 67 interval 17 (xid=0x586a9753)
Sep 22 06:43:31 openeuler-riscv64 NetworkManager[687]: <info>  [1695336211.0347] device (enp0s5): state change: ip-config -> failed (reason 'ip-config-unavailable', sys-iface-state: 'managed')
Sep 22 06:43:31 openeuler-riscv64 NetworkManager[687]: <warn>  [1695336211.0465] device (enp0s5): Activation: failed for connection 'Wired connection 3'
Sep 22 06:43:31 openeuler-riscv64 NetworkManager[687]: <info>  [1695336211.0515] device (enp0s5): state change: failed -> disconnected (reason 'none', sys-iface-state: 'managed')
Sep 22 06:43:31 openeuler-riscv64 NetworkManager[687]: <info>  [1695336211.1120] dhcp4 (enp0s5): canceled DHCP transaction, DHCP client pid 30644
Sep 22 06:43:31 openeuler-riscv64 NetworkManager[687]: <info>  [1695336211.1127] dhcp4 (enp0s5): activation: beginning transaction (timeout in 45 seconds)
Sep 22 06:43:31 openeuler-riscv64 NetworkManager[687]: <info>  [1695336211.1134] dhcp4 (enp0s5): state changed no lease
Sep 22 06:43:31 openeuler-riscv64 NetworkManager[687]: <info>  [1695336211.4633] policy: auto-activating connection 'Wired connection 3' (800d7b73-acc8-340d-b155-140a870391e2)
Sep 22 06:43:31 openeuler-riscv64 NetworkManager[687]: <info>  [1695336211.4745] device (enp0s5): Activation: starting connection 'Wired connection 3' (800d7b73-acc8-340d-b155-140a870391e2)
Sep 22 06:43:31 openeuler-riscv64 NetworkManager[687]: <info>  [1695336211.4775] device (enp0s5): state change: disconnected -> prepare (reason 'none', sys-iface-state: 'managed')
Sep 22 06:43:31 openeuler-riscv64 NetworkManager[687]: <info>  [1695336211.4878] device (enp0s5): state change: prepare -> config (reason 'none', sys-iface-state: 'managed')
Sep 22 06:43:31 openeuler-riscv64 NetworkManager[687]: <info>  [1695336211.5019] device (enp0s5): state change: config -> ip-config (reason 'none', sys-iface-state: 'managed')
Sep 22 06:43:31 openeuler-riscv64 NetworkManager[687]: <info>  [1695336211.5152] dhcp4 (enp0s5): activation: beginning transaction (timeout in 45 seconds)
Sep 22 06:43:31 openeuler-riscv64 dhclient[30668]: DHCPDISCOVER on enp0s4 to 255.255.255.255 port 67 interval 4 (xid=0xb5eb951a)
Sep 22 06:43:31 openeuler-riscv64 NetworkManager[687]: <info>  [1695336211.5746] dhcp4 (enp0s5): dhclient started with pid 30682
Sep 22 06:43:31 openeuler-riscv64 dhclient[30682]: DHCPDISCOVER on enp0s5 to 255.255.255.255 port 67 interval 8 (xid=0xfd94a162)
Sep 22 06:43:35 openeuler-riscv64 dhclient[30668]: DHCPDISCOVER on enp0s4 to 255.255.255.255 port 67 interval 6 (xid=0xb5eb951a)
Sep 22 06:43:39 openeuler-riscv64 dhclient[30682]: DHCPDISCOVER on enp0s5 to 255.255.255.255 port 67 interval 13 (xid=0xfd94a162)
Sep 22 06:43:41 openeuler-riscv64 dhclient[30668]: DHCPDISCOVER on enp0s4 to 255.255.255.255 port 67 interval 7 (xid=0xb5eb951a)
Sep 22 06:43:48 openeuler-riscv64 dhclient[30668]: DHCPDISCOVER on enp0s4 to 255.255.255.255 port 67 interval 13 (xid=0xb5eb951a)
Sep 22 06:43:52 openeuler-riscv64 dhclient[30682]: DHCPDISCOVER on enp0s5 to 255.255.255.255 port 67 interval 16 (xid=0xfd94a162)
Sep 22 06:44:01 openeuler-riscv64 dhclient[30668]: DHCPDISCOVER on enp0s4 to 255.255.255.255 port 67 interval 15 (xid=0xb5eb951a)
Sep 22 06:44:08 openeuler-riscv64 dhclient[30682]: DHCPDISCOVER on enp0s5 to 255.255.255.255 port 67 interval 11 (xid=0xfd94a162)
Sep 22 06:44:14 openeuler-riscv64 NetworkManager[687]: <info>  [1695336254.0385] device (enp0s4): state change: ip-config -> failed (reason 'ip-config-unavailable', sys-iface-state: 'managed')
Sep 22 06:44:14 openeuler-riscv64 NetworkManager[687]: <warn>  [1695336254.0508] device (enp0s4): Activation: failed for connection 'Wired connection 2'
Sep 22 06:44:14 openeuler-riscv64 NetworkManager[687]: <info>  [1695336254.0566] device (enp0s4): state change: failed -> disconnected (reason 'none', sys-iface-state: 'managed')
Sep 22 06:44:14 openeuler-riscv64 NetworkManager[687]: <info>  [1695336254.0961] dhcp4 (enp0s4): canceled DHCP transaction, DHCP client pid 30668
Sep 22 06:44:14 openeuler-riscv64 NetworkManager[687]: <info>  [1695336254.0968] dhcp4 (enp0s4): activation: beginning transaction (timeout in 45 seconds)
Sep 22 06:44:14 openeuler-riscv64 NetworkManager[687]: <info>  [1695336254.0975] dhcp4 (enp0s4): state changed no lease
Sep 22 06:44:17 openeuler-riscv64 NetworkManager[687]: <info>  [1695336257.0349] device (enp0s5): state change: ip-config -> failed (reason 'ip-config-unavailable', sys-iface-state: 'managed')
Sep 22 06:44:17 openeuler-riscv64 NetworkManager[687]: <warn>  [1695336257.0459] device (enp0s5): Activation: failed for connection 'Wired connection 3'
Sep 22 06:44:17 openeuler-riscv64 NetworkManager[687]: <info>  [1695336257.0504] device (enp0s5): state change: failed -> disconnected (reason 'none', sys-iface-state: 'managed')
Sep 22 06:44:17 openeuler-riscv64 NetworkManager[687]: <info>  [1695336257.0916] dhcp4 (enp0s5): canceled DHCP transaction, DHCP client pid 30682
Sep 22 06:44:17 openeuler-riscv64 NetworkManager[687]: <info>  [1695336257.0921] dhcp4 (enp0s5): activation: beginning transaction (timeout in 45 seconds)
Sep 22 06:44:17 openeuler-riscv64 NetworkManager[687]: <info>  [1695336257.0925] dhcp4 (enp0s5): state changed no lease
Sep 22 06:45:51 openeuler-riscv64 sudo[30415]: pam_unix(sudo:session): session closed for user root
Sep 22 06:45:52 openeuler-riscv64 sudo[30759]:     root : PWD=/root/mugen ; USER=root ; COMMAND=/usr/bin/journalctl -xe --no-pager
Sep 22 06:45:52 openeuler-riscv64 sudo[30759]: pam_unix(sudo:session): session opened for user root(uid=0) by root(uid=0)
Sep 22 06:45:54 openeuler-riscv64 sudo[30759]: pam_unix(sudo:session): session closed for user root
Sep 22 06:45:54 openeuler-riscv64 sudo[30762]:     root : PWD=/root/mugen ; USER=root ; COMMAND=/usr/bin/systemctl status rpcbind.service --no-pager
Sep 22 06:45:54 openeuler-riscv64 sudo[30762]: pam_unix(sudo:session): session opened for user root(uid=0) by root(uid=0)
Sep 22 06:45:54 openeuler-riscv64 sudo[30762]: pam_unix(sudo:session): session closed for user root
Sep 22 06:45:55 openeuler-riscv64 sudo[30771]:     root : PWD=/root/mugen ; USER=root ; COMMAND=/usr/bin/bash mugen.sh -f os-storage -r oe_test_storage_nfs_modify_port -x
Sep 22 06:45:55 openeuler-riscv64 sudo[30771]: pam_unix(sudo:session): session opened for user root(uid=0) by root(uid=0)
Sep 22 06:46:35 openeuler-riscv64 systemctl[30831]: [systemctl --now enable rpc-rquotad] called by PID 30818 (bash -x oe_test_storage_nfs_modify_port.sh)
Sep 22 06:46:35 openeuler-riscv64 systemd[1]: Reloading requested from client PID 30831 (unit session-14.scope)...
Sep 22 06:46:35 openeuler-riscv64 systemd[1]: Reloading.
Sep 22 06:46:38 openeuler-riscv64 systemd-sysv-generator[30850]: SysV service '/etc/rc.d/init.d/network' lacks a native systemd unit file. Automatically generating a unit file for compatibility. Please update package to include a native systemd unit file, in order to make it more safe and robust.
Sep 22 06:46:39 openeuler-riscv64 systemd[1]: /usr/lib/systemd/system/xinetd.service:10: PIDFile= references a path below legacy directory /var/run/, updating /var/run/xinetd.pid → /run/xinetd.pid; please update the unit file accordingly.
Sep 22 06:46:39 openeuler-riscv64 systemd[1]: /usr/lib/systemd/system/nslcd.service:8: PIDFile= references a path below legacy directory /var/run/, updating /var/run/nslcd/nslcd.pid → /run/nslcd/nslcd.pid; please update the unit file accordingly.
Sep 22 06:46:39 openeuler-riscv64 systemd[1]: /usr/lib/systemd/system/acpid.socket:6: ListenStream= references a path below legacy directory /var/run/, updating /var/run/acpid.socket → /run/acpid.socket; please update the unit file accordingly.
Sep 22 06:46:40 openeuler-riscv64 systemd[1]: /usr/lib/systemd/system/rtkit-daemon.service:32: Unknown key name 'ControlGroup' in section 'Service', ignoring.
Sep 22 06:46:40 openeuler-riscv64 systemd[1]: /usr/lib/systemd/system/dbus.socket:5: ListenStream= references a path below legacy directory /var/run/, updating /var/run/dbus/system_bus_socket → /run/dbus/system_bus_socket; please update the unit file accordingly.
Sep 22 06:46:43 openeuler-riscv64 systemd[1]: Listening on RPCbind Server Activation Socket.
░░ Subject: A start job for unit rpcbind.socket has finished successfully
░░ Defined-By: systemd
░░ Support: https://lists.freedesktop.org/mailman/listinfo/systemd-devel
░░ 
░░ A start job for unit rpcbind.socket has finished successfully.
░░ 
░░ The job identifier is 10835.
Sep 22 06:46:43 openeuler-riscv64 systemd[1]: Starting RPC Bind...
░░ Subject: A start job for unit rpcbind.service has begun execution
░░ Defined-By: systemd
░░ Support: https://lists.freedesktop.org/mailman/listinfo/systemd-devel
░░ 
░░ A start job for unit rpcbind.service has begun execution.
░░ 
░░ The job identifier is 10831.
Sep 22 06:46:44 openeuler-riscv64 systemd-tmpfiles[30861]: /usr/lib/tmpfiles.d/rpcbind.conf:2: Failed to resolve user 'rpc': No such process
Sep 22 06:46:44 openeuler-riscv64 rpcbind[30860]: rpcbind: /run/rpcbind/rpcbind.lock: No such file or directory
Sep 22 06:46:44 openeuler-riscv64 systemd[1]: rpcbind.service: Main process exited, code=exited, status=1/FAILURE
░░ Subject: Unit process exited
░░ Defined-By: systemd
░░ Support: https://lists.freedesktop.org/mailman/listinfo/systemd-devel
░░ 
░░ An ExecStart= process belonging to unit rpcbind.service has exited.
░░ 
░░ The process' exit code is 'exited' and its exit status is 1.
Sep 22 06:46:44 openeuler-riscv64 systemd[1]: rpcbind.service: Failed with result 'exit-code'.
░░ Subject: Unit failed
░░ Defined-By: systemd
░░ Support: https://lists.freedesktop.org/mailman/listinfo/systemd-devel
░░ 
░░ The unit rpcbind.service has entered the 'failed' state with result 'exit-code'.
Sep 22 06:46:44 openeuler-riscv64 systemd[1]: Failed to start RPC Bind.
░░ Subject: A start job for unit rpcbind.service has failed
░░ Defined-By: systemd
░░ Support: https://lists.freedesktop.org/mailman/listinfo/systemd-devel
░░ 
░░ A start job for unit rpcbind.service has finished with a failure.
░░ 
░░ The job identifier is 10831 and the job result is failed.
Sep 22 06:46:44 openeuler-riscv64 systemd[1]: Dependency failed for Remote quota server.
░░ Subject: A start job for unit rpc-rquotad.service has failed
░░ Defined-By: systemd
░░ Support: https://lists.freedesktop.org/mailman/listinfo/systemd-devel
░░ 
░░ A start job for unit rpc-rquotad.service has finished with a failure.
░░ 
░░ The job identifier is 10830 and the job result is dependency.
Sep 22 06:46:44 openeuler-riscv64 systemd[1]: rpc-rquotad.service: Job rpc-rquotad.service/start failed with result 'dependency'.
Sep 22 06:46:45 openeuler-riscv64 systemctl[30867]: [systemctl start nfs-server] called by PID 30818 (bash -x oe_test_storage_nfs_modify_port.sh)
Sep 22 06:46:46 openeuler-riscv64 systemd[1]: Kernel Module supporting RPCSEC_GSS was skipped because of an unmet condition check (ConditionPathExists=/etc/krb5.keytab).
░░ Subject: A start job for unit auth-rpcgss-module.service has finished successfully
░░ Defined-By: systemd
░░ Support: https://lists.freedesktop.org/mailman/listinfo/systemd-devel
░░ 
░░ A start job for unit auth-rpcgss-module.service has finished successfully.
░░ 
░░ The job identifier is 10990.
Sep 22 06:46:46 openeuler-riscv64 systemd[1]: Starting NFSv4 ID-name mapping service...
░░ Subject: A start job for unit nfs-idmapd.service has begun execution
░░ Defined-By: systemd
░░ Support: https://lists.freedesktop.org/mailman/listinfo/systemd-devel
░░ 
░░ A start job for unit nfs-idmapd.service has begun execution.
░░ 
░░ The job identifier is 10984.
Sep 22 06:46:46 openeuler-riscv64 systemd[1]: Starting NFS Mount Daemon...
░░ Subject: A start job for unit nfs-mountd.service has begun execution
░░ Defined-By: systemd
░░ Support: https://lists.freedesktop.org/mailman/listinfo/systemd-devel
░░ 
░░ A start job for unit nfs-mountd.service has begun execution.
░░ 
░░ The job identifier is 10911.
Sep 22 06:46:46 openeuler-riscv64 systemd[1]: RPC security service for NFS client and server was skipped because of an unmet condition check (ConditionPathExists=/etc/krb5.keytab).
░░ Subject: A start job for unit rpc-gssd.service has finished successfully
░░ Defined-By: systemd
░░ Support: https://lists.freedesktop.org/mailman/listinfo/systemd-devel
░░ 
░░ A start job for unit rpc-gssd.service has finished successfully.
░░ 
░░ The job identifier is 10991.
Sep 22 06:46:46 openeuler-riscv64 rpc.idmapd[30869]: Setting log level to 0
Sep 22 06:46:46 openeuler-riscv64 systemd[1]: Starting RPC Bind...
░░ Subject: A start job for unit rpcbind.service has begun execution
░░ Defined-By: systemd
░░ Support: https://lists.freedesktop.org/mailman/listinfo/systemd-devel
░░ 
░░ A start job for unit rpcbind.service has begun execution.
░░ 
░░ The job identifier is 10994.
Sep 22 06:46:46 openeuler-riscv64 systemd[1]: Started NFSv4 ID-name mapping service.
░░ Subject: A start job for unit nfs-idmapd.service has finished successfully
░░ Defined-By: systemd
░░ Support: https://lists.freedesktop.org/mailman/listinfo/systemd-devel
░░ 
░░ A start job for unit nfs-idmapd.service has finished successfully.
░░ 
░░ The job identifier is 10984.
Sep 22 06:46:46 openeuler-riscv64 systemd-tmpfiles[30872]: /usr/lib/tmpfiles.d/rpcbind.conf:2: Failed to resolve user 'rpc': No such process
Sep 22 06:46:46 openeuler-riscv64 rpcbind[30871]: rpcbind: /run/rpcbind/rpcbind.lock: No such file or directory
Sep 22 06:46:46 openeuler-riscv64 systemd[1]: rpcbind.service: Main process exited, code=exited, status=1/FAILURE
░░ Subject: Unit process exited
░░ Defined-By: systemd
░░ Support: https://lists.freedesktop.org/mailman/listinfo/systemd-devel
░░ 
░░ An ExecStart= process belonging to unit rpcbind.service has exited.
░░ 
░░ The process' exit code is 'exited' and its exit status is 1.
Sep 22 06:46:46 openeuler-riscv64 systemd[1]: rpcbind.service: Failed with result 'exit-code'.
░░ Subject: Unit failed
░░ Defined-By: systemd
░░ Support: https://lists.freedesktop.org/mailman/listinfo/systemd-devel
░░ 
░░ The unit rpcbind.service has entered the 'failed' state with result 'exit-code'.
Sep 22 06:46:46 openeuler-riscv64 systemd[1]: Failed to start RPC Bind.
░░ Subject: A start job for unit rpcbind.service has failed
░░ Defined-By: systemd
░░ Support: https://lists.freedesktop.org/mailman/listinfo/systemd-devel
░░ 
░░ A start job for unit rpcbind.service has finished with a failure.
░░ 
░░ The job identifier is 10994 and the job result is failed.
Sep 22 06:46:46 openeuler-riscv64 systemd[1]: Dependency failed for Remote quota server.
░░ Subject: A start job for unit rpc-rquotad.service has failed
░░ Defined-By: systemd
░░ Support: https://lists.freedesktop.org/mailman/listinfo/systemd-devel
░░ 
░░ A start job for unit rpc-rquotad.service has finished with a failure.
░░ 
░░ The job identifier is 10993 and the job result is dependency.
Sep 22 06:46:46 openeuler-riscv64 systemd[1]: rpc-rquotad.service: Job rpc-rquotad.service/start failed with result 'dependency'.
Sep 22 06:46:46 openeuler-riscv64 systemd[1]: Starting RPC Bind...
░░ Subject: A start job for unit rpcbind.service has begun execution
░░ Defined-By: systemd
░░ Support: https://lists.freedesktop.org/mailman/listinfo/systemd-devel
░░ 
░░ A start job for unit rpcbind.service has begun execution.
░░ 
░░ The job identifier is 10998.
Sep 22 06:46:47 openeuler-riscv64 systemd-tmpfiles[30882]: /usr/lib/tmpfiles.d/rpcbind.conf:2: Failed to resolve user 'rpc': No such process
Sep 22 06:46:47 openeuler-riscv64 rpcbind[30881]: rpcbind: /run/rpcbind/rpcbind.lock: No such file or directory
Sep 22 06:46:47 openeuler-riscv64 systemd[1]: rpcbind.service: Main process exited, code=exited, status=1/FAILURE
░░ Subject: Unit process exited
░░ Defined-By: systemd
░░ Support: https://lists.freedesktop.org/mailman/listinfo/systemd-devel
░░ 
░░ An ExecStart= process belonging to unit rpcbind.service has exited.
░░ 
░░ The process' exit code is 'exited' and its exit status is 1.
Sep 22 06:46:47 openeuler-riscv64 systemd[1]: rpcbind.service: Failed with result 'exit-code'.
░░ Subject: Unit failed
░░ Defined-By: systemd
░░ Support: https://lists.freedesktop.org/mailman/listinfo/systemd-devel
░░ 
░░ The unit rpcbind.service has entered the 'failed' state with result 'exit-code'.
Sep 22 06:46:47 openeuler-riscv64 systemd[1]: Failed to start RPC Bind.
░░ Subject: A start job for unit rpcbind.service has failed
░░ Defined-By: systemd
░░ Support: https://lists.freedesktop.org/mailman/listinfo/systemd-devel
░░ 
░░ A start job for unit rpcbind.service has finished with a failure.
░░ 
░░ The job identifier is 10998 and the job result is failed.
Sep 22 06:46:47 openeuler-riscv64 systemd[1]: Starting RPC Bind...
░░ Subject: A start job for unit rpcbind.service has begun execution
░░ Defined-By: systemd
░░ Support: https://lists.freedesktop.org/mailman/listinfo/systemd-devel
░░ 
░░ A start job for unit rpcbind.service has begun execution.
░░ 
░░ The job identifier is 11007.
Sep 22 06:46:47 openeuler-riscv64 systemd-tmpfiles[30885]: /usr/lib/tmpfiles.d/rpcbind.conf:2: Failed to resolve user 'rpc': No such process
Sep 22 06:46:47 openeuler-riscv64 rpcbind[30884]: rpcbind: /run/rpcbind/rpcbind.lock: No such file or directory
Sep 22 06:46:47 openeuler-riscv64 systemd[1]: rpcbind.service: Main process exited, code=exited, status=1/FAILURE
░░ Subject: Unit process exited
░░ Defined-By: systemd
░░ Support: https://lists.freedesktop.org/mailman/listinfo/systemd-devel
░░ 
░░ An ExecStart= process belonging to unit rpcbind.service has exited.
░░ 
░░ The process' exit code is 'exited' and its exit status is 1.
Sep 22 06:46:47 openeuler-riscv64 systemd[1]: rpcbind.service: Failed with result 'exit-code'.
░░ Subject: Unit failed
░░ Defined-By: systemd
░░ Support: https://lists.freedesktop.org/mailman/listinfo/systemd-devel
░░ 
░░ The unit rpcbind.service has entered the 'failed' state with result 'exit-code'.
Sep 22 06:46:48 openeuler-riscv64 systemd[1]: Failed to start RPC Bind.
░░ Subject: A start job for unit rpcbind.service has failed
░░ Defined-By: systemd
░░ Support: https://lists.freedesktop.org/mailman/listinfo/systemd-devel
░░ 
░░ A start job for unit rpcbind.service has finished with a failure.
░░ 
░░ The job identifier is 11007 and the job result is failed.
Sep 22 06:46:48 openeuler-riscv64 systemd[1]: Starting RPC Bind...
░░ Subject: A start job for unit rpcbind.service has begun execution
░░ Defined-By: systemd
░░ Support: https://lists.freedesktop.org/mailman/listinfo/systemd-devel
░░ 
░░ A start job for unit rpcbind.service has begun execution.
░░ 
░░ The job identifier is 11016.
Sep 22 06:46:48 openeuler-riscv64 systemd-tmpfiles[30895]: /usr/lib/tmpfiles.d/rpcbind.conf:2: Failed to resolve user 'rpc': No such process
Sep 22 06:46:48 openeuler-riscv64 rpcbind[30894]: rpcbind: /run/rpcbind/rpcbind.lock: No such file or directory
Sep 22 06:46:48 openeuler-riscv64 systemd[1]: rpcbind.service: Main process exited, code=exited, status=1/FAILURE
░░ Subject: Unit process exited
░░ Defined-By: systemd
░░ Support: https://lists.freedesktop.org/mailman/listinfo/systemd-devel
░░ 
░░ An ExecStart= process belonging to unit rpcbind.service has exited.
░░ 
░░ The process' exit code is 'exited' and its exit status is 1.
Sep 22 06:46:48 openeuler-riscv64 systemd[1]: rpcbind.service: Failed with result 'exit-code'.
░░ Subject: Unit failed
░░ Defined-By: systemd
░░ Support: https://lists.freedesktop.org/mailman/listinfo/systemd-devel
░░ 
░░ The unit rpcbind.service has entered the 'failed' state with result 'exit-code'.
Sep 22 06:46:48 openeuler-riscv64 systemd[1]: Failed to start RPC Bind.
░░ Subject: A start job for unit rpcbind.service has failed
░░ Defined-By: systemd
░░ Support: https://lists.freedesktop.org/mailman/listinfo/systemd-devel
░░ 
░░ A start job for unit rpcbind.service has finished with a failure.
░░ 
░░ The job identifier is 11016 and the job result is failed.
Sep 22 06:46:48 openeuler-riscv64 systemd[1]: rpcbind.service: Start request repeated too quickly.
Sep 22 06:46:48 openeuler-riscv64 systemd[1]: rpcbind.service: Failed with result 'exit-code'.
░░ Subject: Unit failed
░░ Defined-By: systemd
░░ Support: https://lists.freedesktop.org/mailman/listinfo/systemd-devel
░░ 
░░ The unit rpcbind.service has entered the 'failed' state with result 'exit-code'.
Sep 22 06:46:48 openeuler-riscv64 systemd[1]: Failed to start RPC Bind.
░░ Subject: A start job for unit rpcbind.service has failed
░░ Defined-By: systemd
░░ Support: https://lists.freedesktop.org/mailman/listinfo/systemd-devel
░░ 
░░ A start job for unit rpcbind.service has finished with a failure.
░░ 
░░ The job identifier is 11025 and the job result is failed.
Sep 22 06:46:48 openeuler-riscv64 systemd[1]: rpcbind.socket: Failed with result 'service-start-limit-hit'.
░░ Subject: Unit failed
░░ Defined-By: systemd
░░ Support: https://lists.freedesktop.org/mailman/listinfo/systemd-devel
░░ 
░░ The unit rpcbind.socket has entered the 'failed' state with result 'service-start-limit-hit'.
Sep 22 06:46:48 openeuler-riscv64 rpc.mountd[30870]: Could not bind socket: (98) Address already in use
Sep 22 06:46:48 openeuler-riscv64 rpc.mountd[30870]: Could not bind socket: (98) Address already in use
Sep 22 06:46:48 openeuler-riscv64 rpc.mountd[30870]: Could not bind socket: (98) Address already in use
Sep 22 06:46:48 openeuler-riscv64 rpc.mountd[30870]: Could not bind socket: (98) Address already in use
Sep 22 06:46:48 openeuler-riscv64 rpc.mountd[30870]: mountd: No V2 or V3 listeners created!
Sep 22 06:46:48 openeuler-riscv64 rpc.mountd[30897]: Version 2.6.2 starting
Sep 22 06:46:48 openeuler-riscv64 systemd[1]: Starting NFS status monitor for NFSv2/3 locking....
░░ Subject: A start job for unit rpc-statd.service has begun execution
░░ Defined-By: systemd
░░ Support: https://lists.freedesktop.org/mailman/listinfo/systemd-devel
░░ 
░░ A start job for unit rpc-statd.service has begun execution.
░░ 
░░ The job identifier is 10995.
Sep 22 06:46:48 openeuler-riscv64 systemd[1]: Started NFS Mount Daemon.
░░ Subject: A start job for unit nfs-mountd.service has finished successfully
░░ Defined-By: systemd
░░ Support: https://lists.freedesktop.org/mailman/listinfo/systemd-devel
░░ 
░░ A start job for unit nfs-mountd.service has finished successfully.
░░ 
░░ The job identifier is 10911.
Sep 22 06:46:49 openeuler-riscv64 rpc.statd[30899]: Version 2.6.2 starting
Sep 22 06:46:49 openeuler-riscv64 rpc.statd[30899]: Flags: TI-RPC
Sep 22 06:46:49 openeuler-riscv64 rpc.statd[30899]: Failed to register (statd, 1, udp): svc_reg() err: RPC: Remote system error - Connection refused
Sep 22 06:46:49 openeuler-riscv64 rpc.statd[30899]: Failed to register (statd, 1, tcp): svc_reg() err: RPC: Remote system error - Connection refused
Sep 22 06:46:49 openeuler-riscv64 rpc.statd[30899]: Failed to register (statd, 1, udp6): svc_reg() err: RPC: Remote system error - Connection refused
Sep 22 06:46:49 openeuler-riscv64 rpc.statd[30899]: Failed to register (statd, 1, tcp6): svc_reg() err: RPC: Remote system error - Connection refused
Sep 22 06:46:49 openeuler-riscv64 rpc.statd[30899]: failed to create RPC listeners, exiting
Sep 22 06:46:49 openeuler-riscv64 systemd[1]: rpc-statd.service: Control process exited, code=exited, status=1/FAILURE
░░ Subject: Unit process exited
░░ Defined-By: systemd
░░ Support: https://lists.freedesktop.org/mailman/listinfo/systemd-devel
░░ 
░░ An ExecStart= process belonging to unit rpc-statd.service has exited.
░░ 
░░ The process' exit code is 'exited' and its exit status is 1.
Sep 22 06:46:49 openeuler-riscv64 systemd[1]: rpc-statd.service: Failed with result 'exit-code'.
░░ Subject: Unit failed
░░ Defined-By: systemd
░░ Support: https://lists.freedesktop.org/mailman/listinfo/systemd-devel
░░ 
░░ The unit rpc-statd.service has entered the 'failed' state with result 'exit-code'.
Sep 22 06:46:49 openeuler-riscv64 systemd[1]: Failed to start NFS status monitor for NFSv2/3 locking..
░░ Subject: A start job for unit rpc-statd.service has failed
░░ Defined-By: systemd
░░ Support: https://lists.freedesktop.org/mailman/listinfo/systemd-devel
░░ 
░░ A start job for unit rpc-statd.service has finished with a failure.
░░ 
░░ The job identifier is 10995 and the job result is failed.
Sep 22 06:46:49 openeuler-riscv64 systemd[1]: Starting NFS server and services...
░░ Subject: A start job for unit nfs-server.service has begun execution
░░ Defined-By: systemd
░░ Support: https://lists.freedesktop.org/mailman/listinfo/systemd-devel
░░ 
░░ A start job for unit nfs-server.service has begun execution.
░░ 
░░ The job identifier is 10905.
Sep 22 06:46:49 openeuler-riscv64 exportfs[30901]: exportfs: /etc/exports [1]: Neither 'subtree_check' or 'no_subtree_check' specified for export "*:/home/nfs".
Sep 22 06:46:49 openeuler-riscv64 exportfs[30901]:   Assuming default behaviour ('no_subtree_check').
Sep 22 06:46:49 openeuler-riscv64 exportfs[30901]:   NOTE: this default has changed since nfs-utils version 1.0.x
Sep 22 06:46:49 openeuler-riscv64 kernel: svc: failed to register nfsdv3 RPC service (errno 111).
Sep 22 06:46:49 openeuler-riscv64 kernel: svc: failed to register nfsaclv3 RPC service (errno 111).
Sep 22 06:46:49 openeuler-riscv64 rpc.nfsd[30903]: rpc.nfsd: writing fd to kernel failed: errno 111 (Connection refused)
Sep 22 06:46:50 openeuler-riscv64 kernel: svc: failed to register lockdv1 RPC service (errno 111).
Sep 22 06:46:50 openeuler-riscv64 rpc.nfsd[30903]: error starting threads: errno 111 (Connection refused)
Sep 22 06:46:50 openeuler-riscv64 systemd[1]: nfs-server.service: Main process exited, code=exited, status=1/FAILURE
░░ Subject: Unit process exited
░░ Defined-By: systemd
░░ Support: https://lists.freedesktop.org/mailman/listinfo/systemd-devel
░░ 
░░ An ExecStart= process belonging to unit nfs-server.service has exited.
░░ 
░░ The process' exit code is 'exited' and its exit status is 1.
Sep 22 06:46:50 openeuler-riscv64 systemd[1]: nfs-server.service: Failed with result 'exit-code'.
░░ Subject: Unit failed
░░ Defined-By: systemd
░░ Support: https://lists.freedesktop.org/mailman/listinfo/systemd-devel
░░ 
░░ The unit nfs-server.service has entered the 'failed' state with result 'exit-code'.
Sep 22 06:46:50 openeuler-riscv64 systemd[1]: Stopped NFS server and services.
░░ Subject: A stop job for unit nfs-server.service has finished
░░ Defined-By: systemd
░░ Support: https://lists.freedesktop.org/mailman/listinfo/systemd-devel
░░ 
░░ A stop job for unit nfs-server.service has finished.
░░ 
░░ The job identifier is 11035 and the job result is done.
Sep 22 06:46:50 openeuler-riscv64 systemd[1]: Stopping NFSv4 ID-name mapping service...
░░ Subject: A stop job for unit nfs-idmapd.service has begun execution
░░ Defined-By: systemd
░░ Support: https://lists.freedesktop.org/mailman/listinfo/systemd-devel
░░ 
░░ A stop job for unit nfs-idmapd.service has begun execution.
░░ 
░░ The job identifier is 11036.
Sep 22 06:46:50 openeuler-riscv64 rpc.idmapd[30869]: exiting on signal 15
Sep 22 06:46:50 openeuler-riscv64 systemd[1]: Stopping NFS Mount Daemon...
░░ Subject: A stop job for unit nfs-mountd.service has begun execution
░░ Defined-By: systemd
░░ Support: https://lists.freedesktop.org/mailman/listinfo/systemd-devel
░░ 
░░ A stop job for unit nfs-mountd.service has begun execution.
░░ 
░░ The job identifier is 11034.
Sep 22 06:46:50 openeuler-riscv64 rpc.mountd[30897]: Caught signal 15, un-registering and exiting.
Sep 22 06:46:50 openeuler-riscv64 systemd[1]: nfs-idmapd.service: Deactivated successfully.
░░ Subject: Unit succeeded
░░ Defined-By: systemd
░░ Support: https://lists.freedesktop.org/mailman/listinfo/systemd-devel
░░ 
░░ The unit nfs-idmapd.service has successfully entered the 'dead' state.
Sep 22 06:46:50 openeuler-riscv64 systemd[1]: Stopped NFSv4 ID-name mapping service.
░░ Subject: A stop job for unit nfs-idmapd.service has finished
░░ Defined-By: systemd
░░ Support: https://lists.freedesktop.org/mailman/listinfo/systemd-devel
░░ 
░░ A stop job for unit nfs-idmapd.service has finished.
░░ 
░░ The job identifier is 11036 and the job result is done.
Sep 22 06:46:50 openeuler-riscv64 systemd[1]: nfs-mountd.service: Deactivated successfully.
░░ Subject: Unit succeeded
░░ Defined-By: systemd
░░ Support: https://lists.freedesktop.org/mailman/listinfo/systemd-devel
░░ 
░░ The unit nfs-mountd.service has successfully entered the 'dead' state.
Sep 22 06:46:50 openeuler-riscv64 systemd[1]: Stopped NFS Mount Daemon.
░░ Subject: A stop job for unit nfs-mountd.service has finished
░░ Defined-By: systemd
░░ Support: https://lists.freedesktop.org/mailman/listinfo/systemd-devel
░░ 
░░ A stop job for unit nfs-mountd.service has finished.
░░ 
░░ The job identifier is 11034 and the job result is done.
Sep 22 06:47:04 openeuler-riscv64 sudo[30771]: pam_unix(sudo:session): session closed for user root
Sep 22 06:47:05 openeuler-riscv64 sudo[30941]:     root : PWD=/root/mugen ; USER=root ; COMMAND=/usr/bin/bash mugen.sh -f os-storage -r oe_test_storage_nfs_showmount -x
Sep 22 06:47:05 openeuler-riscv64 sudo[30941]: pam_unix(sudo:session): session opened for user root(uid=0) by root(uid=0)
Sep 22 06:47:44 openeuler-riscv64 systemctl[31005]: [systemctl restart nfs-server rpcbind] called by PID 30988 (bash -x oe_test_storage_nfs_showmount.sh)
Sep 22 06:47:45 openeuler-riscv64 systemd[1]: Kernel Module supporting RPCSEC_GSS was skipped because of an unmet condition check (ConditionPathExists=/etc/krb5.keytab).
░░ Subject: A start job for unit auth-rpcgss-module.service has finished successfully
░░ Defined-By: systemd
░░ Support: https://lists.freedesktop.org/mailman/listinfo/systemd-devel
░░ 
░░ A start job for unit auth-rpcgss-module.service has finished successfully.
░░ 
░░ The job identifier is 11124.
Sep 22 06:47:45 openeuler-riscv64 systemd[1]: Listening on RPCbind Server Activation Socket.
░░ Subject: A start job for unit rpcbind.socket has finished successfully
░░ Defined-By: systemd
░░ Support: https://lists.freedesktop.org/mailman/listinfo/systemd-devel
░░ 
░░ A start job for unit rpcbind.socket has finished successfully.
░░ 
░░ The job identifier is 11122.
Sep 22 06:47:45 openeuler-riscv64 systemd[1]: Starting NFSv4 ID-name mapping service...
░░ Subject: A start job for unit nfs-idmapd.service has begun execution
░░ Defined-By: systemd
░░ Support: https://lists.freedesktop.org/mailman/listinfo/systemd-devel
░░ 
░░ A start job for unit nfs-idmapd.service has begun execution.
░░ 
░░ The job identifier is 11118.
Sep 22 06:47:45 openeuler-riscv64 systemd[1]: Starting NFS Mount Daemon...
░░ Subject: A start job for unit nfs-mountd.service has begun execution
░░ Defined-By: systemd
░░ Support: https://lists.freedesktop.org/mailman/listinfo/systemd-devel
░░ 
░░ A start job for unit nfs-mountd.service has begun execution.
░░ 
░░ The job identifier is 11044.
Sep 22 06:47:45 openeuler-riscv64 systemd[1]: RPC security service for NFS client and server was skipped because of an unmet condition check (ConditionPathExists=/etc/krb5.keytab).
░░ Subject: A start job for unit rpc-gssd.service has finished successfully
░░ Defined-By: systemd
░░ Support: https://lists.freedesktop.org/mailman/listinfo/systemd-devel
░░ 
░░ A start job for unit rpc-gssd.service has finished successfully.
░░ 
░░ The job identifier is 11125.
Sep 22 06:47:45 openeuler-riscv64 rpc.idmapd[31008]: Setting log level to 0
Sep 22 06:47:45 openeuler-riscv64 systemd[1]: Starting RPC Bind...
░░ Subject: A start job for unit rpcbind.service has begun execution
░░ Defined-By: systemd
░░ Support: https://lists.freedesktop.org/mailman/listinfo/systemd-devel
░░ 
░░ A start job for unit rpcbind.service has begun execution.
░░ 
░░ The job identifier is 11128.
Sep 22 06:47:45 openeuler-riscv64 systemd[1]: Started NFSv4 ID-name mapping service.
░░ Subject: A start job for unit nfs-idmapd.service has finished successfully
░░ Defined-By: systemd
░░ Support: https://lists.freedesktop.org/mailman/listinfo/systemd-devel
░░ 
░░ A start job for unit nfs-idmapd.service has finished successfully.
░░ 
░░ The job identifier is 11118.
Sep 22 06:47:45 openeuler-riscv64 systemd[1]: rpcbind.service: Deactivated successfully.
░░ Subject: Unit succeeded
░░ Defined-By: systemd
░░ Support: https://lists.freedesktop.org/mailman/listinfo/systemd-devel
░░ 
░░ The unit rpcbind.service has successfully entered the 'dead' state.
Sep 22 06:47:45 openeuler-riscv64 systemd[1]: Stopped RPC Bind.
░░ Subject: A stop job for unit rpcbind.service has finished
░░ Defined-By: systemd
░░ Support: https://lists.freedesktop.org/mailman/listinfo/systemd-devel
░░ 
░░ A stop job for unit rpcbind.service has finished.
░░ 
░░ The job identifier is 11128 and the job result is done.
Sep 22 06:47:45 openeuler-riscv64 systemd[1]: Starting RPC Bind...
░░ Subject: A start job for unit rpcbind.service has begun execution
░░ Defined-By: systemd
░░ Support: https://lists.freedesktop.org/mailman/listinfo/systemd-devel
░░ 
░░ A start job for unit rpcbind.service has begun execution.
░░ 
░░ The job identifier is 11128.
Sep 22 06:47:46 openeuler-riscv64 systemd-tmpfiles[31019]: /usr/lib/tmpfiles.d/rpcbind.conf:2: Failed to resolve user 'rpc': No such process
Sep 22 06:47:46 openeuler-riscv64 rpcbind[31018]: rpcbind: /run/rpcbind/rpcbind.lock: No such file or directory
Sep 22 06:47:46 openeuler-riscv64 systemd[1]: rpcbind.service: Main process exited, code=exited, status=1/FAILURE
░░ Subject: Unit process exited
░░ Defined-By: systemd
░░ Support: https://lists.freedesktop.org/mailman/listinfo/systemd-devel
░░ 
░░ An ExecStart= process belonging to unit rpcbind.service has exited.
░░ 
░░ The process' exit code is 'exited' and its exit status is 1.
Sep 22 06:47:46 openeuler-riscv64 systemd[1]: rpcbind.service: Failed with result 'exit-code'.
░░ Subject: Unit failed
░░ Defined-By: systemd
░░ Support: https://lists.freedesktop.org/mailman/listinfo/systemd-devel
░░ 
░░ The unit rpcbind.service has entered the 'failed' state with result 'exit-code'.
Sep 22 06:47:46 openeuler-riscv64 systemd[1]: Failed to start RPC Bind.
░░ Subject: A start job for unit rpcbind.service has failed
░░ Defined-By: systemd
░░ Support: https://lists.freedesktop.org/mailman/listinfo/systemd-devel
░░ 
░░ A start job for unit rpcbind.service has finished with a failure.
░░ 
░░ The job identifier is 11128 and the job result is failed.
Sep 22 06:47:46 openeuler-riscv64 systemd[1]: Dependency failed for Remote quota server.
░░ Subject: A start job for unit rpc-rquotad.service has failed
░░ Defined-By: systemd
░░ Support: https://lists.freedesktop.org/mailman/listinfo/systemd-devel
░░ 
░░ A start job for unit rpc-rquotad.service has finished with a failure.
░░ 
░░ The job identifier is 11127 and the job result is dependency.
Sep 22 06:47:46 openeuler-riscv64 systemd[1]: rpc-rquotad.service: Job rpc-rquotad.service/start failed with result 'dependency'.
Sep 22 06:47:46 openeuler-riscv64 systemd[1]: Starting RPC Bind...
░░ Subject: A start job for unit rpcbind.service has begun execution
░░ Defined-By: systemd
░░ Support: https://lists.freedesktop.org/mailman/listinfo/systemd-devel
░░ 
░░ A start job for unit rpcbind.service has begun execution.
░░ 
░░ The job identifier is 11141.
Sep 22 06:47:46 openeuler-riscv64 systemd-tmpfiles[31022]: /usr/lib/tmpfiles.d/rpcbind.conf:2: Failed to resolve user 'rpc': No such process
Sep 22 06:47:46 openeuler-riscv64 rpcbind[31021]: rpcbind: /run/rpcbind/rpcbind.lock: No such file or directory
Sep 22 06:47:46 openeuler-riscv64 systemd[1]: rpcbind.service: Main process exited, code=exited, status=1/FAILURE
░░ Subject: Unit process exited
░░ Defined-By: systemd
░░ Support: https://lists.freedesktop.org/mailman/listinfo/systemd-devel
░░ 
░░ An ExecStart= process belonging to unit rpcbind.service has exited.
░░ 
░░ The process' exit code is 'exited' and its exit status is 1.
Sep 22 06:47:46 openeuler-riscv64 systemd[1]: rpcbind.service: Failed with result 'exit-code'.
░░ Subject: Unit failed
░░ Defined-By: systemd
░░ Support: https://lists.freedesktop.org/mailman/listinfo/systemd-devel
░░ 
░░ The unit rpcbind.service has entered the 'failed' state with result 'exit-code'.
Sep 22 06:47:46 openeuler-riscv64 systemd[1]: Failed to start RPC Bind.
░░ Subject: A start job for unit rpcbind.service has failed
░░ Defined-By: systemd
░░ Support: https://lists.freedesktop.org/mailman/listinfo/systemd-devel
░░ 
░░ A start job for unit rpcbind.service has finished with a failure.
░░ 
░░ The job identifier is 11141 and the job result is failed.
Sep 22 06:47:46 openeuler-riscv64 systemd[1]: Starting RPC Bind...
░░ Subject: A start job for unit rpcbind.service has begun execution
░░ Defined-By: systemd
░░ Support: https://lists.freedesktop.org/mailman/listinfo/systemd-devel
░░ 
░░ A start job for unit rpcbind.service has begun execution.
░░ 
░░ The job identifier is 11150.
Sep 22 06:47:47 openeuler-riscv64 systemd-tmpfiles[31025]: /usr/lib/tmpfiles.d/rpcbind.conf:2: Failed to resolve user 'rpc': No such process
Sep 22 06:47:47 openeuler-riscv64 rpcbind[31024]: rpcbind: /run/rpcbind/rpcbind.lock: No such file or directory
Sep 22 06:47:47 openeuler-riscv64 systemd[1]: rpcbind.service: Main process exited, code=exited, status=1/FAILURE
░░ Subject: Unit process exited
░░ Defined-By: systemd
░░ Support: https://lists.freedesktop.org/mailman/listinfo/systemd-devel
░░ 
░░ An ExecStart= process belonging to unit rpcbind.service has exited.
░░ 
░░ The process' exit code is 'exited' and its exit status is 1.
Sep 22 06:47:47 openeuler-riscv64 systemd[1]: rpcbind.service: Failed with result 'exit-code'.
░░ Subject: Unit failed
░░ Defined-By: systemd
░░ Support: https://lists.freedesktop.org/mailman/listinfo/systemd-devel
░░ 
