░░ Subject: A start job for unit nfs-server.service has begun execution
░░ Defined-By: systemd
░░ Support: https://lists.freedesktop.org/mailman/listinfo/systemd-devel
░░ 
░░ A start job for unit nfs-server.service has begun execution.
░░ 
░░ The job identifier is 28760.
Sep 22 08:06:56 openeuler-riscv64 kernel: svc: failed to register nfsdv3 RPC service (errno 111).
Sep 22 08:06:56 openeuler-riscv64 kernel: svc: failed to register nfsaclv3 RPC service (errno 111).
Sep 22 08:06:56 openeuler-riscv64 rpc.nfsd[37401]: rpc.nfsd: writing fd to kernel failed: errno 111 (Connection refused)
Sep 22 08:06:56 openeuler-riscv64 kernel: svc: failed to register lockdv1 RPC service (errno 111).
Sep 22 08:06:56 openeuler-riscv64 rpc.nfsd[37401]: error starting threads: errno 111 (Connection refused)
Sep 22 08:06:56 openeuler-riscv64 systemd[1]: nfs-server.service: Main process exited, code=exited, status=1/FAILURE
░░ Subject: Unit process exited
░░ Defined-By: systemd
░░ Support: https://lists.freedesktop.org/mailman/listinfo/systemd-devel
░░ 
░░ An ExecStart= process belonging to unit nfs-server.service has exited.
░░ 
░░ The process' exit code is 'exited' and its exit status is 1.
Sep 22 08:06:56 openeuler-riscv64 systemd[1]: nfs-server.service: Failed with result 'exit-code'.
░░ Subject: Unit failed
░░ Defined-By: systemd
░░ Support: https://lists.freedesktop.org/mailman/listinfo/systemd-devel
░░ 
░░ The unit nfs-server.service has entered the 'failed' state with result 'exit-code'.
Sep 22 08:06:56 openeuler-riscv64 systemd[1]: Stopped NFS server and services.
░░ Subject: A stop job for unit nfs-server.service has finished
░░ Defined-By: systemd
░░ Support: https://lists.freedesktop.org/mailman/listinfo/systemd-devel
░░ 
░░ A stop job for unit nfs-server.service has finished.
░░ 
░░ The job identifier is 28908 and the job result is done.
Sep 22 08:06:56 openeuler-riscv64 rpc.idmapd[37378]: exiting on signal 15
Sep 22 08:06:56 openeuler-riscv64 systemd[1]: Stopping NFSv4 ID-name mapping service...
░░ Subject: A stop job for unit nfs-idmapd.service has begun execution
░░ Defined-By: systemd
░░ Support: https://lists.freedesktop.org/mailman/listinfo/systemd-devel
░░ 
░░ A stop job for unit nfs-idmapd.service has begun execution.
░░ 
░░ The job identifier is 28909.
Sep 22 08:06:56 openeuler-riscv64 systemd[1]: Stopping NFS Mount Daemon...
░░ Subject: A stop job for unit nfs-mountd.service has begun execution
░░ Defined-By: systemd
░░ Support: https://lists.freedesktop.org/mailman/listinfo/systemd-devel
░░ 
░░ A stop job for unit nfs-mountd.service has begun execution.
░░ 
░░ The job identifier is 28907.
Sep 22 08:06:56 openeuler-riscv64 rpc.mountd[37395]: Caught signal 15, un-registering and exiting.
Sep 22 08:06:56 openeuler-riscv64 systemd[1]: nfs-idmapd.service: Deactivated successfully.
░░ Subject: Unit succeeded
░░ Defined-By: systemd
░░ Support: https://lists.freedesktop.org/mailman/listinfo/systemd-devel
░░ 
░░ The unit nfs-idmapd.service has successfully entered the 'dead' state.
Sep 22 08:06:56 openeuler-riscv64 systemd[1]: Stopped NFSv4 ID-name mapping service.
░░ Subject: A stop job for unit nfs-idmapd.service has finished
░░ Defined-By: systemd
░░ Support: https://lists.freedesktop.org/mailman/listinfo/systemd-devel
░░ 
░░ A stop job for unit nfs-idmapd.service has finished.
░░ 
░░ The job identifier is 28909 and the job result is done.
Sep 22 08:06:57 openeuler-riscv64 systemd[1]: nfs-mountd.service: Deactivated successfully.
░░ Subject: Unit succeeded
░░ Defined-By: systemd
░░ Support: https://lists.freedesktop.org/mailman/listinfo/systemd-devel
░░ 
░░ The unit nfs-mountd.service has successfully entered the 'dead' state.
Sep 22 08:06:57 openeuler-riscv64 systemd[1]: Stopped NFS Mount Daemon.
░░ Subject: A stop job for unit nfs-mountd.service has finished
░░ Defined-By: systemd
░░ Support: https://lists.freedesktop.org/mailman/listinfo/systemd-devel
░░ 
░░ A stop job for unit nfs-mountd.service has finished.
░░ 
░░ The job identifier is 28907 and the job result is done.
Sep 22 08:07:09 openeuler-riscv64 sudo[37314]: pam_unix(sudo:session): session closed for user root
Sep 22 08:07:09 openeuler-riscv64 sudo[37432]:     root : PWD=/root/mugen ; USER=root ; COMMAND=/usr/bin/journalctl -xe --no-pager
Sep 22 08:07:10 openeuler-riscv64 sudo[37432]: pam_unix(sudo:session): session opened for user root(uid=0) by root(uid=0)
Sep 22 08:07:11 openeuler-riscv64 sudo[37432]: pam_unix(sudo:session): session closed for user root
Sep 22 08:07:12 openeuler-riscv64 sudo[37435]:     root : PWD=/root/mugen ; USER=root ; COMMAND=/usr/bin/systemctl status rpcbind.service --no-pager
Sep 22 08:07:12 openeuler-riscv64 sudo[37435]: pam_unix(sudo:session): session opened for user root(uid=0) by root(uid=0)
Sep 22 08:07:12 openeuler-riscv64 sudo[37435]: pam_unix(sudo:session): session closed for user root
Sep 22 08:07:13 openeuler-riscv64 sudo[37444]:     root : PWD=/root/mugen ; USER=root ; COMMAND=/usr/bin/bash mugen.sh -f os-storage -r oe_test_storage_smb_cmd_smbcontrol -x
Sep 22 08:07:13 openeuler-riscv64 sudo[37444]: pam_unix(sudo:session): session opened for user root(uid=0) by root(uid=0)
Sep 22 08:08:05 openeuler-riscv64 sudo[37444]: pam_unix(sudo:session): session closed for user root
Sep 22 08:08:05 openeuler-riscv64 sudo[37522]:     root : PWD=/root/mugen ; USER=root ; COMMAND=/usr/bin/bash mugen.sh -f os-storage -r oe_test_storage_repair_e2fsck -x
Sep 22 08:08:05 openeuler-riscv64 sudo[37522]: pam_unix(sudo:session): session opened for user root(uid=0) by root(uid=0)
Sep 22 08:08:27 openeuler-riscv64 sshd[37579]: Connection from 10.0.0.2 port 55504 on 10.0.0.2 port 22 rdomain ""
Sep 22 08:08:27 openeuler-riscv64 sshd[37579]: Accepted password for root from 10.0.0.2 port 55504 ssh2
Sep 22 08:08:27 openeuler-riscv64 systemd-logind[499]: New session 73 of user root.
░░ Subject: A new session 73 has been created for user root
░░ Defined-By: systemd
░░ Support: https://lists.freedesktop.org/mailman/listinfo/systemd-devel
░░ Documentation: sd-login(3)
░░ 
░░ A new session with the ID 73 has been created for the user root.
░░ 
░░ The leading process of the session is 37579.
Sep 22 08:08:27 openeuler-riscv64 systemd[1]: Started Session 73 of User root.
░░ Subject: A start job for unit session-73.scope has finished successfully
░░ Defined-By: systemd
░░ Support: https://lists.freedesktop.org/mailman/listinfo/systemd-devel
░░ 
░░ A start job for unit session-73.scope has finished successfully.
░░ 
░░ The job identifier is 28911.
Sep 22 08:08:27 openeuler-riscv64 sshd[37579]: pam_unix(sshd:session): session opened for user root(uid=0) by root(uid=0)
Sep 22 08:08:28 openeuler-riscv64 sshd[37579]: User child is on pid 37583
Sep 22 08:08:28 openeuler-riscv64 sshd[37583]: Starting session: command for root from 10.0.0.2 port 55504 id 0
Sep 22 08:08:32 openeuler-riscv64 sshd[37583]: Close session: user root from 10.0.0.2 port 55504 id 0
Sep 22 08:08:32 openeuler-riscv64 sshd[37583]: Starting session: command for root from 10.0.0.2 port 55504 id 0
Sep 22 08:08:37 openeuler-riscv64 sshd[37583]: Close session: user root from 10.0.0.2 port 55504 id 0
Sep 22 08:08:37 openeuler-riscv64 sshd[37583]: Connection closed by 10.0.0.2 port 55504
Sep 22 08:08:37 openeuler-riscv64 sshd[37583]: Transferred: sent 2176, received 1760 bytes
Sep 22 08:08:37 openeuler-riscv64 sshd[37583]: Closing connection to 10.0.0.2 port 55504
Sep 22 08:08:37 openeuler-riscv64 sshd[37579]: pam_unix(sshd:session): session closed for user root
Sep 22 08:08:37 openeuler-riscv64 systemd[1]: session-73.scope: Deactivated successfully.
░░ Subject: Unit succeeded
░░ Defined-By: systemd
░░ Support: https://lists.freedesktop.org/mailman/listinfo/systemd-devel
░░ 
░░ The unit session-73.scope has successfully entered the 'dead' state.
Sep 22 08:08:37 openeuler-riscv64 systemd-logind[499]: Session 73 logged out. Waiting for processes to exit.
Sep 22 08:08:37 openeuler-riscv64 systemd-logind[499]: Removed session 73.
░░ Subject: Session 73 has been terminated
░░ Defined-By: systemd
░░ Support: https://lists.freedesktop.org/mailman/listinfo/systemd-devel
░░ Documentation: sd-login(3)
░░ 
░░ A session with the ID 73 has been terminated.
Sep 22 08:08:40 openeuler-riscv64 kernel:  vdb: vdb1 vdb2 vdb3
Sep 22 08:09:00 openeuler-riscv64 kernel:  vdb:
Sep 22 08:09:00 openeuler-riscv64 kernel:  vdb:
Sep 22 08:09:06 openeuler-riscv64 sudo[37522]: pam_unix(sudo:session): session closed for user root
Sep 22 08:09:06 openeuler-riscv64 sudo[37780]:     root : PWD=/root/mugen ; USER=root ; COMMAND=/usr/bin/bash mugen.sh -f os-storage -r oe_test_storage_smb_cmd_smbpasswd -x
Sep 22 08:09:06 openeuler-riscv64 sudo[37780]: pam_unix(sudo:session): session opened for user root(uid=0) by root(uid=0)
Sep 22 08:09:45 openeuler-riscv64 NetworkManager[687]: <info>  [1695341385.0645] policy: auto-activating connection 'Wired connection 2' (0b05253b-3ac2-381f-a7e6-29e95faca6b0)
Sep 22 08:09:45 openeuler-riscv64 NetworkManager[687]: <info>  [1695341385.0809] device (enp0s4): Activation: starting connection 'Wired connection 2' (0b05253b-3ac2-381f-a7e6-29e95faca6b0)
Sep 22 08:09:45 openeuler-riscv64 NetworkManager[687]: <info>  [1695341385.0860] device (enp0s4): state change: disconnected -> prepare (reason 'none', sys-iface-state: 'managed')
Sep 22 08:09:45 openeuler-riscv64 NetworkManager[687]: <info>  [1695341385.0929] device (enp0s4): state change: prepare -> config (reason 'none', sys-iface-state: 'managed')
Sep 22 08:09:45 openeuler-riscv64 useradd[37840]: new group: name=testsamba, GID=1003
Sep 22 08:09:45 openeuler-riscv64 useradd[37840]: new user: name=testsamba, UID=1003, GID=1003, home=/home/testsamba, shell=/bin/bash, from=none
Sep 22 08:09:45 openeuler-riscv64 NetworkManager[687]: <info>  [1695341385.6469] device (enp0s4): state change: config -> ip-config (reason 'none', sys-iface-state: 'managed')
Sep 22 08:09:45 openeuler-riscv64 NetworkManager[687]: <info>  [1695341385.6634] dhcp4 (enp0s4): activation: beginning transaction (timeout in 45 seconds)
Sep 22 08:09:45 openeuler-riscv64 NetworkManager[687]: <info>  [1695341385.7296] dhcp4 (enp0s4): dhclient started with pid 37842
Sep 22 08:09:46 openeuler-riscv64 dhclient[37842]: DHCPDISCOVER on enp0s4 to 255.255.255.255 port 67 interval 3 (xid=0x8db8b43a)
Sep 22 08:09:47 openeuler-riscv64 NetworkManager[687]: <info>  [1695341387.0365] policy: auto-activating connection 'Wired connection 3' (800d7b73-acc8-340d-b155-140a870391e2)
Sep 22 08:09:47 openeuler-riscv64 NetworkManager[687]: <info>  [1695341387.0564] device (enp0s5): Activation: starting connection 'Wired connection 3' (800d7b73-acc8-340d-b155-140a870391e2)
Sep 22 08:09:47 openeuler-riscv64 NetworkManager[687]: <info>  [1695341387.0597] device (enp0s5): state change: disconnected -> prepare (reason 'none', sys-iface-state: 'managed')
Sep 22 08:09:47 openeuler-riscv64 NetworkManager[687]: <info>  [1695341387.0848] device (enp0s5): state change: prepare -> config (reason 'none', sys-iface-state: 'managed')
Sep 22 08:09:47 openeuler-riscv64 NetworkManager[687]: <info>  [1695341387.6516] device (enp0s5): state change: config -> ip-config (reason 'none', sys-iface-state: 'managed')
Sep 22 08:09:47 openeuler-riscv64 NetworkManager[687]: <info>  [1695341387.6693] dhcp4 (enp0s5): activation: beginning transaction (timeout in 45 seconds)
Sep 22 08:09:47 openeuler-riscv64 NetworkManager[687]: <info>  [1695341387.7304] dhcp4 (enp0s5): dhclient started with pid 37856
Sep 22 08:09:48 openeuler-riscv64 dhclient[37856]: DHCPDISCOVER on enp0s5 to 255.255.255.255 port 67 interval 8 (xid=0x7bea625a)
Sep 22 08:09:49 openeuler-riscv64 dhclient[37842]: DHCPDISCOVER on enp0s4 to 255.255.255.255 port 67 interval 4 (xid=0x8db8b43a)
Sep 22 08:09:53 openeuler-riscv64 dhclient[37842]: DHCPDISCOVER on enp0s4 to 255.255.255.255 port 67 interval 9 (xid=0x8db8b43a)
Sep 22 08:09:56 openeuler-riscv64 dhclient[37856]: DHCPDISCOVER on enp0s5 to 255.255.255.255 port 67 interval 11 (xid=0x7bea625a)
Sep 22 08:09:59 openeuler-riscv64 userdel[37880]: delete user 'testsamba'
Sep 22 08:09:59 openeuler-riscv64 userdel[37880]: removed group 'testsamba' owned by 'testsamba'
Sep 22 08:09:59 openeuler-riscv64 userdel[37880]: removed shadow group 'testsamba' owned by 'testsamba'
Sep 22 08:10:02 openeuler-riscv64 dhclient[37842]: DHCPDISCOVER on enp0s4 to 255.255.255.255 port 67 interval 18 (xid=0x8db8b43a)
Sep 22 08:10:05 openeuler-riscv64 sudo[37780]: pam_unix(sudo:session): session closed for user root
Sep 22 08:10:06 openeuler-riscv64 sudo[37899]:     root : PWD=/root/mugen ; USER=root ; COMMAND=/usr/bin/bash mugen.sh -f os-storage -r oe_test_storage_nfs_v3_v4 -x
Sep 22 08:10:06 openeuler-riscv64 sudo[37899]: pam_unix(sudo:session): session opened for user root(uid=0) by root(uid=0)
Sep 22 08:10:06 openeuler-riscv64 systemd[1]: Starting system activity accounting tool...
░░ Subject: A start job for unit sysstat-collect.service has begun execution
░░ Defined-By: systemd
░░ Support: https://lists.freedesktop.org/mailman/listinfo/systemd-devel
░░ 
░░ A start job for unit sysstat-collect.service has begun execution.
░░ 
░░ The job identifier is 29036.
Sep 22 08:10:06 openeuler-riscv64 systemd[1]: sysstat-collect.service: Deactivated successfully.
░░ Subject: Unit succeeded
░░ Defined-By: systemd
░░ Support: https://lists.freedesktop.org/mailman/listinfo/systemd-devel
░░ 
░░ The unit sysstat-collect.service has successfully entered the 'dead' state.
Sep 22 08:10:06 openeuler-riscv64 systemd[1]: Finished system activity accounting tool.
░░ Subject: A start job for unit sysstat-collect.service has finished successfully
░░ Defined-By: systemd
░░ Support: https://lists.freedesktop.org/mailman/listinfo/systemd-devel
░░ 
░░ A start job for unit sysstat-collect.service has finished successfully.
░░ 
░░ The job identifier is 29036.
Sep 22 08:10:07 openeuler-riscv64 dhclient[37856]: DHCPDISCOVER on enp0s5 to 255.255.255.255 port 67 interval 8 (xid=0x7bea625a)
Sep 22 08:10:15 openeuler-riscv64 dhclient[37856]: DHCPDISCOVER on enp0s5 to 255.255.255.255 port 67 interval 15 (xid=0x7bea625a)
Sep 22 08:10:20 openeuler-riscv64 dhclient[37842]: DHCPDISCOVER on enp0s4 to 255.255.255.255 port 67 interval 14 (xid=0x8db8b43a)
Sep 22 08:10:30 openeuler-riscv64 dhclient[37856]: DHCPDISCOVER on enp0s5 to 255.255.255.255 port 67 interval 17 (xid=0x7bea625a)
Sep 22 08:10:31 openeuler-riscv64 NetworkManager[687]: <info>  [1695341431.0360] device (enp0s4): state change: ip-config -> failed (reason 'ip-config-unavailable', sys-iface-state: 'managed')
Sep 22 08:10:31 openeuler-riscv64 NetworkManager[687]: <warn>  [1695341431.0582] device (enp0s4): Activation: failed for connection 'Wired connection 2'
Sep 22 08:10:31 openeuler-riscv64 NetworkManager[687]: <info>  [1695341431.0667] device (enp0s4): state change: failed -> disconnected (reason 'none', sys-iface-state: 'managed')
Sep 22 08:10:31 openeuler-riscv64 NetworkManager[687]: <info>  [1695341431.1251] dhcp4 (enp0s4): canceled DHCP transaction, DHCP client pid 37842
Sep 22 08:10:31 openeuler-riscv64 NetworkManager[687]: <info>  [1695341431.1257] dhcp4 (enp0s4): activation: beginning transaction (timeout in 45 seconds)
Sep 22 08:10:31 openeuler-riscv64 NetworkManager[687]: <info>  [1695341431.1261] dhcp4 (enp0s4): state changed no lease
Sep 22 08:10:31 openeuler-riscv64 NetworkManager[687]: <info>  [1695341431.4372] policy: auto-activating connection 'Wired connection 2' (0b05253b-3ac2-381f-a7e6-29e95faca6b0)
Sep 22 08:10:31 openeuler-riscv64 NetworkManager[687]: <info>  [1695341431.4518] device (enp0s4): Activation: starting connection 'Wired connection 2' (0b05253b-3ac2-381f-a7e6-29e95faca6b0)
Sep 22 08:10:31 openeuler-riscv64 NetworkManager[687]: <info>  [1695341431.4542] device (enp0s4): state change: disconnected -> prepare (reason 'none', sys-iface-state: 'managed')
Sep 22 08:10:31 openeuler-riscv64 NetworkManager[687]: <info>  [1695341431.4679] device (enp0s4): state change: prepare -> config (reason 'none', sys-iface-state: 'managed')
Sep 22 08:10:32 openeuler-riscv64 NetworkManager[687]: <info>  [1695341432.0519] device (enp0s4): state change: config -> ip-config (reason 'none', sys-iface-state: 'managed')
Sep 22 08:10:32 openeuler-riscv64 NetworkManager[687]: <info>  [1695341432.0668] dhcp4 (enp0s4): activation: beginning transaction (timeout in 45 seconds)
Sep 22 08:10:32 openeuler-riscv64 NetworkManager[687]: <info>  [1695341432.1229] dhcp4 (enp0s4): dhclient started with pid 37962
Sep 22 08:10:32 openeuler-riscv64 dhclient[37962]: DHCPDISCOVER on enp0s4 to 255.255.255.255 port 67 interval 6 (xid=0x9f2cf424)
Sep 22 08:10:33 openeuler-riscv64 NetworkManager[687]: <info>  [1695341433.0347] device (enp0s5): state change: ip-config -> failed (reason 'ip-config-unavailable', sys-iface-state: 'managed')
Sep 22 08:10:33 openeuler-riscv64 NetworkManager[687]: <warn>  [1695341433.0483] device (enp0s5): Activation: failed for connection 'Wired connection 3'
Sep 22 08:10:33 openeuler-riscv64 NetworkManager[687]: <info>  [1695341433.0568] device (enp0s5): state change: failed -> disconnected (reason 'none', sys-iface-state: 'managed')
Sep 22 08:10:33 openeuler-riscv64 NetworkManager[687]: <info>  [1695341433.1081] dhcp4 (enp0s5): canceled DHCP transaction, DHCP client pid 37856
Sep 22 08:10:33 openeuler-riscv64 NetworkManager[687]: <info>  [1695341433.1088] dhcp4 (enp0s5): activation: beginning transaction (timeout in 45 seconds)
Sep 22 08:10:33 openeuler-riscv64 NetworkManager[687]: <info>  [1695341433.1094] dhcp4 (enp0s5): state changed no lease
Sep 22 08:10:33 openeuler-riscv64 NetworkManager[687]: <info>  [1695341433.4564] policy: auto-activating connection 'Wired connection 3' (800d7b73-acc8-340d-b155-140a870391e2)
Sep 22 08:10:33 openeuler-riscv64 NetworkManager[687]: <info>  [1695341433.4696] device (enp0s5): Activation: starting connection 'Wired connection 3' (800d7b73-acc8-340d-b155-140a870391e2)
Sep 22 08:10:33 openeuler-riscv64 NetworkManager[687]: <info>  [1695341433.4717] device (enp0s5): state change: disconnected -> prepare (reason 'none', sys-iface-state: 'managed')
Sep 22 08:10:33 openeuler-riscv64 NetworkManager[687]: <info>  [1695341433.4799] device (enp0s5): state change: prepare -> config (reason 'none', sys-iface-state: 'managed')
Sep 22 08:10:34 openeuler-riscv64 NetworkManager[687]: <info>  [1695341434.0314] device (enp0s5): state change: config -> ip-config (reason 'none', sys-iface-state: 'managed')
Sep 22 08:10:34 openeuler-riscv64 NetworkManager[687]: <info>  [1695341434.0456] dhcp4 (enp0s5): activation: beginning transaction (timeout in 45 seconds)
Sep 22 08:10:34 openeuler-riscv64 NetworkManager[687]: <info>  [1695341434.1043] dhcp4 (enp0s5): dhclient started with pid 37974
Sep 22 08:10:34 openeuler-riscv64 dhclient[37974]: DHCPDISCOVER on enp0s5 to 255.255.255.255 port 67 interval 3 (xid=0x3156aa16)
Sep 22 08:10:37 openeuler-riscv64 dhclient[37974]: DHCPDISCOVER on enp0s5 to 255.255.255.255 port 67 interval 7 (xid=0x3156aa16)
Sep 22 08:10:39 openeuler-riscv64 dhclient[37962]: DHCPDISCOVER on enp0s4 to 255.255.255.255 port 67 interval 14 (xid=0x9f2cf424)
Sep 22 08:10:42 openeuler-riscv64 systemctl[37980]: [systemctl stop firewalld] called by PID 37948 (bash -x oe_test_storage_nfs_v3_v4.sh)
Sep 22 08:10:42 openeuler-riscv64 systemd[1]: Stopping firewalld - dynamic firewall daemon...
░░ Subject: A stop job for unit firewalld.service has begun execution
░░ Defined-By: systemd
░░ Support: https://lists.freedesktop.org/mailman/listinfo/systemd-devel
░░ 
░░ A stop job for unit firewalld.service has begun execution.
░░ 
░░ The job identifier is 29108.
Sep 22 08:10:43 openeuler-riscv64 systemd[1]: firewalld.service: Deactivated successfully.
░░ Subject: Unit succeeded
░░ Defined-By: systemd
░░ Support: https://lists.freedesktop.org/mailman/listinfo/systemd-devel
░░ 
░░ The unit firewalld.service has successfully entered the 'dead' state.
Sep 22 08:10:43 openeuler-riscv64 systemd[1]: Stopped firewalld - dynamic firewall daemon.
░░ Subject: A stop job for unit firewalld.service has finished
░░ Defined-By: systemd
░░ Support: https://lists.freedesktop.org/mailman/listinfo/systemd-devel
░░ 
░░ A stop job for unit firewalld.service has finished.
░░ 
░░ The job identifier is 29108 and the job result is done.
Sep 22 08:10:44 openeuler-riscv64 dhclient[37974]: DHCPDISCOVER on enp0s5 to 255.255.255.255 port 67 interval 13 (xid=0x3156aa16)
Sep 22 08:10:53 openeuler-riscv64 dhclient[37962]: DHCPDISCOVER on enp0s4 to 255.255.255.255 port 67 interval 18 (xid=0x9f2cf424)
Sep 22 08:10:57 openeuler-riscv64 dhclient[37974]: DHCPDISCOVER on enp0s5 to 255.255.255.255 port 67 interval 20 (xid=0x3156aa16)
Sep 22 08:11:11 openeuler-riscv64 dhclient[37962]: DHCPDISCOVER on enp0s4 to 255.255.255.255 port 67 interval 9 (xid=0x9f2cf424)
Sep 22 08:11:17 openeuler-riscv64 NetworkManager[687]: <info>  [1695341477.0429] device (enp0s4): state change: ip-config -> failed (reason 'ip-config-unavailable', sys-iface-state: 'managed')
Sep 22 08:11:17 openeuler-riscv64 NetworkManager[687]: <warn>  [1695341477.0569] device (enp0s4): Activation: failed for connection 'Wired connection 2'
Sep 22 08:11:17 openeuler-riscv64 NetworkManager[687]: <info>  [1695341477.0623] device (enp0s4): state change: failed -> disconnected (reason 'none', sys-iface-state: 'managed')
Sep 22 08:11:17 openeuler-riscv64 NetworkManager[687]: <info>  [1695341477.1045] dhcp4 (enp0s4): canceled DHCP transaction, DHCP client pid 37962
Sep 22 08:11:17 openeuler-riscv64 NetworkManager[687]: <info>  [1695341477.1055] dhcp4 (enp0s4): activation: beginning transaction (timeout in 45 seconds)
Sep 22 08:11:17 openeuler-riscv64 NetworkManager[687]: <info>  [1695341477.1060] dhcp4 (enp0s4): state changed no lease
Sep 22 08:11:17 openeuler-riscv64 NetworkManager[687]: <info>  [1695341477.4065] policy: auto-activating connection 'Wired connection 2' (0b05253b-3ac2-381f-a7e6-29e95faca6b0)
Sep 22 08:11:17 openeuler-riscv64 NetworkManager[687]: <info>  [1695341477.4178] device (enp0s4): Activation: starting connection 'Wired connection 2' (0b05253b-3ac2-381f-a7e6-29e95faca6b0)
Sep 22 08:11:17 openeuler-riscv64 NetworkManager[687]: <info>  [1695341477.4197] device (enp0s4): state change: disconnected -> prepare (reason 'none', sys-iface-state: 'managed')
Sep 22 08:11:17 openeuler-riscv64 NetworkManager[687]: <info>  [1695341477.4284] device (enp0s4): state change: prepare -> config (reason 'none', sys-iface-state: 'managed')
Sep 22 08:11:17 openeuler-riscv64 NetworkManager[687]: <info>  [1695341477.4416] device (enp0s4): state change: config -> ip-config (reason 'none', sys-iface-state: 'managed')
Sep 22 08:11:17 openeuler-riscv64 NetworkManager[687]: <info>  [1695341477.4521] dhcp4 (enp0s4): activation: beginning transaction (timeout in 45 seconds)
Sep 22 08:11:17 openeuler-riscv64 NetworkManager[687]: <info>  [1695341477.5094] dhcp4 (enp0s4): dhclient started with pid 38031
Sep 22 08:11:17 openeuler-riscv64 dhclient[37974]: DHCPDISCOVER on enp0s5 to 255.255.255.255 port 67 interval 8 (xid=0x3156aa16)
Sep 22 08:11:17 openeuler-riscv64 dhclient[38031]: DHCPDISCOVER on enp0s4 to 255.255.255.255 port 67 interval 8 (xid=0x43b5a50d)
Sep 22 08:11:19 openeuler-riscv64 NetworkManager[687]: <info>  [1695341479.0352] device (enp0s5): state change: ip-config -> failed (reason 'ip-config-unavailable', sys-iface-state: 'managed')
Sep 22 08:11:19 openeuler-riscv64 NetworkManager[687]: <warn>  [1695341479.0493] device (enp0s5): Activation: failed for connection 'Wired connection 3'
Sep 22 08:11:19 openeuler-riscv64 NetworkManager[687]: <info>  [1695341479.0546] device (enp0s5): state change: failed -> disconnected (reason 'none', sys-iface-state: 'managed')
Sep 22 08:11:19 openeuler-riscv64 NetworkManager[687]: <info>  [1695341479.0956] dhcp4 (enp0s5): canceled DHCP transaction, DHCP client pid 37974
Sep 22 08:11:19 openeuler-riscv64 NetworkManager[687]: <info>  [1695341479.0962] dhcp4 (enp0s5): activation: beginning transaction (timeout in 45 seconds)
Sep 22 08:11:19 openeuler-riscv64 NetworkManager[687]: <info>  [1695341479.0967] dhcp4 (enp0s5): state changed no lease
Sep 22 08:11:19 openeuler-riscv64 NetworkManager[687]: <info>  [1695341479.3999] policy: auto-activating connection 'Wired connection 3' (800d7b73-acc8-340d-b155-140a870391e2)
Sep 22 08:11:19 openeuler-riscv64 NetworkManager[687]: <info>  [1695341479.4091] device (enp0s5): Activation: starting connection 'Wired connection 3' (800d7b73-acc8-340d-b155-140a870391e2)
Sep 22 08:11:19 openeuler-riscv64 NetworkManager[687]: <info>  [1695341479.4110] device (enp0s5): state change: disconnected -> prepare (reason 'none', sys-iface-state: 'managed')
Sep 22 08:11:19 openeuler-riscv64 NetworkManager[687]: <info>  [1695341479.4168] device (enp0s5): state change: prepare -> config (reason 'none', sys-iface-state: 'managed')
Sep 22 08:11:19 openeuler-riscv64 NetworkManager[687]: <info>  [1695341479.4281] device (enp0s5): state change: config -> ip-config (reason 'none', sys-iface-state: 'managed')
Sep 22 08:11:19 openeuler-riscv64 NetworkManager[687]: <info>  [1695341479.4384] dhcp4 (enp0s5): activation: beginning transaction (timeout in 45 seconds)
Sep 22 08:11:19 openeuler-riscv64 NetworkManager[687]: <info>  [1695341479.4964] dhcp4 (enp0s5): dhclient started with pid 38042
Sep 22 08:11:19 openeuler-riscv64 dhclient[38042]: DHCPDISCOVER on enp0s5 to 255.255.255.255 port 67 interval 8 (xid=0xf434a71)
Sep 22 08:11:25 openeuler-riscv64 dhclient[38031]: DHCPDISCOVER on enp0s4 to 255.255.255.255 port 67 interval 18 (xid=0x43b5a50d)
Sep 22 08:11:27 openeuler-riscv64 dhclient[38042]: DHCPDISCOVER on enp0s5 to 255.255.255.255 port 67 interval 21 (xid=0xf434a71)
Sep 22 08:11:43 openeuler-riscv64 dhclient[38031]: DHCPDISCOVER on enp0s4 to 255.255.255.255 port 67 interval 15 (xid=0x43b5a50d)
Sep 22 08:11:48 openeuler-riscv64 dhclient[38042]: DHCPDISCOVER on enp0s5 to 255.255.255.255 port 67 interval 21 (xid=0xf434a71)
Sep 22 08:11:58 openeuler-riscv64 dhclient[38031]: DHCPDISCOVER on enp0s4 to 255.255.255.255 port 67 interval 10 (xid=0x43b5a50d)
Sep 22 08:12:03 openeuler-riscv64 NetworkManager[687]: <info>  [1695341523.0351] device (enp0s4): state change: ip-config -> failed (reason 'ip-config-unavailable', sys-iface-state: 'managed')
Sep 22 08:12:03 openeuler-riscv64 NetworkManager[687]: <warn>  [1695341523.0466] device (enp0s4): Activation: failed for connection 'Wired connection 2'
Sep 22 08:12:03 openeuler-riscv64 NetworkManager[687]: <info>  [1695341523.0518] device (enp0s4): state change: failed -> disconnected (reason 'none', sys-iface-state: 'managed')
Sep 22 08:12:03 openeuler-riscv64 NetworkManager[687]: <info>  [1695341523.1124] dhcp4 (enp0s4): canceled DHCP transaction, DHCP client pid 38031
Sep 22 08:12:03 openeuler-riscv64 NetworkManager[687]: <info>  [1695341523.1132] dhcp4 (enp0s4): activation: beginning transaction (timeout in 45 seconds)
Sep 22 08:12:03 openeuler-riscv64 NetworkManager[687]: <info>  [1695341523.1137] dhcp4 (enp0s4): state changed no lease
Sep 22 08:12:03 openeuler-riscv64 NetworkManager[687]: <info>  [1695341523.4474] policy: auto-activating connection 'Wired connection 2' (0b05253b-3ac2-381f-a7e6-29e95faca6b0)
Sep 22 08:12:03 openeuler-riscv64 NetworkManager[687]: <info>  [1695341523.4586] device (enp0s4): Activation: starting connection 'Wired connection 2' (0b05253b-3ac2-381f-a7e6-29e95faca6b0)
Sep 22 08:12:03 openeuler-riscv64 NetworkManager[687]: <info>  [1695341523.4607] device (enp0s4): state change: disconnected -> prepare (reason 'none', sys-iface-state: 'managed')
Sep 22 08:12:03 openeuler-riscv64 NetworkManager[687]: <info>  [1695341523.4687] device (enp0s4): state change: prepare -> config (reason 'none', sys-iface-state: 'managed')
Sep 22 08:12:03 openeuler-riscv64 NetworkManager[687]: <info>  [1695341523.4822] device (enp0s4): state change: config -> ip-config (reason 'none', sys-iface-state: 'managed')
Sep 22 08:12:03 openeuler-riscv64 NetworkManager[687]: <info>  [1695341523.4935] dhcp4 (enp0s4): activation: beginning transaction (timeout in 45 seconds)
Sep 22 08:12:03 openeuler-riscv64 NetworkManager[687]: <info>  [1695341523.5545] dhcp4 (enp0s4): dhclient started with pid 38052
Sep 22 08:12:03 openeuler-riscv64 dhclient[38052]: DHCPDISCOVER on enp0s4 to 255.255.255.255 port 67 interval 7 (xid=0x235a7b00)
Sep 22 08:12:05 openeuler-riscv64 NetworkManager[687]: <info>  [1695341525.0347] device (enp0s5): state change: ip-config -> failed (reason 'ip-config-unavailable', sys-iface-state: 'managed')
Sep 22 08:12:05 openeuler-riscv64 NetworkManager[687]: <warn>  [1695341525.0465] device (enp0s5): Activation: failed for connection 'Wired connection 3'
Sep 22 08:12:05 openeuler-riscv64 NetworkManager[687]: <info>  [1695341525.0517] device (enp0s5): state change: failed -> disconnected (reason 'none', sys-iface-state: 'managed')
Sep 22 08:12:05 openeuler-riscv64 NetworkManager[687]: <info>  [1695341525.0917] dhcp4 (enp0s5): canceled DHCP transaction, DHCP client pid 38042
Sep 22 08:12:05 openeuler-riscv64 NetworkManager[687]: <info>  [1695341525.0923] dhcp4 (enp0s5): activation: beginning transaction (timeout in 45 seconds)
Sep 22 08:12:05 openeuler-riscv64 NetworkManager[687]: <info>  [1695341525.0927] dhcp4 (enp0s5): state changed no lease
Sep 22 08:12:05 openeuler-riscv64 NetworkManager[687]: <info>  [1695341525.3947] policy: auto-activating connection 'Wired connection 3' (800d7b73-acc8-340d-b155-140a870391e2)
Sep 22 08:12:05 openeuler-riscv64 NetworkManager[687]: <info>  [1695341525.4087] device (enp0s5): Activation: starting connection 'Wired connection 3' (800d7b73-acc8-340d-b155-140a870391e2)
Sep 22 08:12:05 openeuler-riscv64 NetworkManager[687]: <info>  [1695341525.4110] device (enp0s5): state change: disconnected -> prepare (reason 'none', sys-iface-state: 'managed')
Sep 22 08:12:05 openeuler-riscv64 NetworkManager[687]: <info>  [1695341525.4176] device (enp0s5): state change: prepare -> config (reason 'none', sys-iface-state: 'managed')
Sep 22 08:12:05 openeuler-riscv64 NetworkManager[687]: <info>  [1695341525.4297] device (enp0s5): state change: config -> ip-config (reason 'none', sys-iface-state: 'managed')
Sep 22 08:12:05 openeuler-riscv64 NetworkManager[687]: <info>  [1695341525.4402] dhcp4 (enp0s5): activation: beginning transaction (timeout in 45 seconds)
Sep 22 08:12:05 openeuler-riscv64 NetworkManager[687]: <info>  [1695341525.4977] dhcp4 (enp0s5): dhclient started with pid 38063
Sep 22 08:12:05 openeuler-riscv64 dhclient[38063]: DHCPDISCOVER on enp0s5 to 255.255.255.255 port 67 interval 8 (xid=0xeeae1b35)
Sep 22 08:12:10 openeuler-riscv64 dhclient[38052]: DHCPDISCOVER on enp0s4 to 255.255.255.255 port 67 interval 15 (xid=0x235a7b00)
Sep 22 08:12:13 openeuler-riscv64 dhclient[38063]: DHCPDISCOVER on enp0s5 to 255.255.255.255 port 67 interval 13 (xid=0xeeae1b35)
Sep 22 08:12:25 openeuler-riscv64 dhclient[38052]: DHCPDISCOVER on enp0s4 to 255.255.255.255 port 67 interval 16 (xid=0x235a7b00)
Sep 22 08:12:26 openeuler-riscv64 dhclient[38063]: DHCPDISCOVER on enp0s5 to 255.255.255.255 port 67 interval 20 (xid=0xeeae1b35)
Sep 22 08:12:41 openeuler-riscv64 dhclient[38052]: DHCPDISCOVER on enp0s4 to 255.255.255.255 port 67 interval 8 (xid=0x235a7b00)
Sep 22 08:12:46 openeuler-riscv64 dhclient[38063]: DHCPDISCOVER on enp0s5 to 255.255.255.255 port 67 interval 11 (xid=0xeeae1b35)
Sep 22 08:12:49 openeuler-riscv64 NetworkManager[687]: <info>  [1695341569.0464] device (enp0s4): state change: ip-config -> failed (reason 'ip-config-unavailable', sys-iface-state: 'managed')
Sep 22 08:12:49 openeuler-riscv64 NetworkManager[687]: <warn>  [1695341569.0586] device (enp0s4): Activation: failed for connection 'Wired connection 2'
Sep 22 08:12:49 openeuler-riscv64 NetworkManager[687]: <info>  [1695341569.0638] device (enp0s4): state change: failed -> disconnected (reason 'none', sys-iface-state: 'managed')
Sep 22 08:12:49 openeuler-riscv64 NetworkManager[687]: <info>  [1695341569.1247] dhcp4 (enp0s4): canceled DHCP transaction, DHCP client pid 38052
Sep 22 08:12:49 openeuler-riscv64 NetworkManager[687]: <info>  [1695341569.1258] dhcp4 (enp0s4): activation: beginning transaction (timeout in 45 seconds)
Sep 22 08:12:49 openeuler-riscv64 NetworkManager[687]: <info>  [1695341569.1265] dhcp4 (enp0s4): state changed no lease
Sep 22 08:12:51 openeuler-riscv64 NetworkManager[687]: <info>  [1695341571.0346] device (enp0s5): state change: ip-config -> failed (reason 'ip-config-unavailable', sys-iface-state: 'managed')
Sep 22 08:12:51 openeuler-riscv64 NetworkManager[687]: <warn>  [1695341571.0496] device (enp0s5): Activation: failed for connection 'Wired connection 3'
Sep 22 08:12:51 openeuler-riscv64 NetworkManager[687]: <info>  [1695341571.0569] device (enp0s5): state change: failed -> disconnected (reason 'none', sys-iface-state: 'managed')
Sep 22 08:12:51 openeuler-riscv64 NetworkManager[687]: <info>  [1695341571.0955] dhcp4 (enp0s5): canceled DHCP transaction, DHCP client pid 38063
Sep 22 08:12:51 openeuler-riscv64 NetworkManager[687]: <info>  [1695341571.0961] dhcp4 (enp0s5): activation: beginning transaction (timeout in 45 seconds)
Sep 22 08:12:51 openeuler-riscv64 NetworkManager[687]: <info>  [1695341571.0966] dhcp4 (enp0s5): state changed no lease
Sep 22 08:13:10 openeuler-riscv64 systemctl[38100]: [systemctl restart nfs-server rpcbind] called by PID 37948 (bash -x oe_test_storage_nfs_v3_v4.sh)
Sep 22 08:13:10 openeuler-riscv64 systemd[1]: Kernel Module supporting RPCSEC_GSS was skipped because of an unmet condition check (ConditionPathExists=/etc/krb5.keytab).
░░ Subject: A start job for unit auth-rpcgss-module.service has finished successfully
░░ Defined-By: systemd
░░ Support: https://lists.freedesktop.org/mailman/listinfo/systemd-devel
░░ 
░░ A start job for unit auth-rpcgss-module.service has finished successfully.
░░ 
░░ The job identifier is 29118.
Sep 22 08:13:10 openeuler-riscv64 systemd[1]: Listening on RPCbind Server Activation Socket.
░░ Subject: A start job for unit rpcbind.socket has finished successfully
░░ Defined-By: systemd
░░ Support: https://lists.freedesktop.org/mailman/listinfo/systemd-devel
░░ 
░░ A start job for unit rpcbind.socket has finished successfully.
░░ 
░░ The job identifier is 29192.
Sep 22 08:13:10 openeuler-riscv64 systemd[1]: Starting NFSv4 ID-name mapping service...
░░ Subject: A start job for unit nfs-idmapd.service has begun execution
░░ Defined-By: systemd
░░ Support: https://lists.freedesktop.org/mailman/listinfo/systemd-devel
░░ 
░░ A start job for unit nfs-idmapd.service has begun execution.
░░ 
░░ The job identifier is 29194.
Sep 22 08:13:10 openeuler-riscv64 systemd[1]: Starting NFS Mount Daemon...
░░ Subject: A start job for unit nfs-mountd.service has begun execution
░░ Defined-By: systemd
░░ Support: https://lists.freedesktop.org/mailman/listinfo/systemd-devel
░░ 
░░ A start job for unit nfs-mountd.service has begun execution.
░░ 
░░ The job identifier is 29116.
Sep 22 08:13:10 openeuler-riscv64 systemd[1]: RPC security service for NFS client and server was skipped because of an unmet condition check (ConditionPathExists=/etc/krb5.keytab).
░░ Subject: A start job for unit rpc-gssd.service has finished successfully
░░ Defined-By: systemd
░░ Support: https://lists.freedesktop.org/mailman/listinfo/systemd-devel
░░ 
░░ A start job for unit rpc-gssd.service has finished successfully.
░░ 
░░ The job identifier is 29187.
Sep 22 08:13:10 openeuler-riscv64 rpc.idmapd[38103]: Setting log level to 0
Sep 22 08:13:11 openeuler-riscv64 systemd[1]: Starting RPC Bind...
░░ Subject: A start job for unit rpcbind.service has begun execution
░░ Defined-By: systemd
░░ Support: https://lists.freedesktop.org/mailman/listinfo/systemd-devel
░░ 
░░ A start job for unit rpcbind.service has begun execution.
░░ 
░░ The job identifier is 29191.
Sep 22 08:13:11 openeuler-riscv64 systemd[1]: Started NFSv4 ID-name mapping service.
░░ Subject: A start job for unit nfs-idmapd.service has finished successfully
░░ Defined-By: systemd
░░ Support: https://lists.freedesktop.org/mailman/listinfo/systemd-devel
░░ 
░░ A start job for unit nfs-idmapd.service has finished successfully.
░░ 
░░ The job identifier is 29194.
Sep 22 08:13:11 openeuler-riscv64 systemd[1]: rpcbind.service: Deactivated successfully.
░░ Subject: Unit succeeded
░░ Defined-By: systemd
░░ Support: https://lists.freedesktop.org/mailman/listinfo/systemd-devel
░░ 
░░ The unit rpcbind.service has successfully entered the 'dead' state.
Sep 22 08:13:11 openeuler-riscv64 systemd[1]: Stopped RPC Bind.
░░ Subject: A stop job for unit rpcbind.service has finished
░░ Defined-By: systemd
░░ Support: https://lists.freedesktop.org/mailman/listinfo/systemd-devel
░░ 
░░ A stop job for unit rpcbind.service has finished.
░░ 
░░ The job identifier is 29191 and the job result is done.
Sep 22 08:13:11 openeuler-riscv64 systemd[1]: Starting RPC Bind...
░░ Subject: A start job for unit rpcbind.service has begun execution
░░ Defined-By: systemd
░░ Support: https://lists.freedesktop.org/mailman/listinfo/systemd-devel
░░ 
░░ A start job for unit rpcbind.service has begun execution.
░░ 
░░ The job identifier is 29191.
Sep 22 08:13:11 openeuler-riscv64 systemd-tmpfiles[38115]: /usr/lib/tmpfiles.d/rpcbind.conf:2: Failed to resolve user 'rpc': No such process
Sep 22 08:13:11 openeuler-riscv64 rpcbind[38114]: rpcbind: /run/rpcbind/rpcbind.lock: No such file or directory
Sep 22 08:13:11 openeuler-riscv64 systemd[1]: rpcbind.service: Main process exited, code=exited, status=1/FAILURE
░░ Subject: Unit process exited
░░ Defined-By: systemd
░░ Support: https://lists.freedesktop.org/mailman/listinfo/systemd-devel
░░ 
░░ An ExecStart= process belonging to unit rpcbind.service has exited.
░░ 
░░ The process' exit code is 'exited' and its exit status is 1.
Sep 22 08:13:11 openeuler-riscv64 systemd[1]: rpcbind.service: Failed with result 'exit-code'.
░░ Subject: Unit failed
░░ Defined-By: systemd
░░ Support: https://lists.freedesktop.org/mailman/listinfo/systemd-devel
░░ 
░░ The unit rpcbind.service has entered the 'failed' state with result 'exit-code'.
Sep 22 08:13:11 openeuler-riscv64 systemd[1]: Failed to start RPC Bind.
░░ Subject: A start job for unit rpcbind.service has failed
░░ Defined-By: systemd
░░ Support: https://lists.freedesktop.org/mailman/listinfo/systemd-devel
░░ 
░░ A start job for unit rpcbind.service has finished with a failure.
░░ 
░░ The job identifier is 29191 and the job result is failed.
Sep 22 08:13:11 openeuler-riscv64 systemd[1]: Dependency failed for Remote quota server.
░░ Subject: A start job for unit rpc-rquotad.service has failed
░░ Defined-By: systemd
░░ Support: https://lists.freedesktop.org/mailman/listinfo/systemd-devel
░░ 
░░ A start job for unit rpc-rquotad.service has finished with a failure.
░░ 
░░ The job identifier is 29190 and the job result is dependency.
Sep 22 08:13:11 openeuler-riscv64 systemd[1]: rpc-rquotad.service: Job rpc-rquotad.service/start failed with result 'dependency'.
Sep 22 08:13:11 openeuler-riscv64 systemd[1]: Starting RPC Bind...
░░ Subject: A start job for unit rpcbind.service has begun execution
░░ Defined-By: systemd
░░ Support: https://lists.freedesktop.org/mailman/listinfo/systemd-devel
░░ 
░░ A start job for unit rpcbind.service has begun execution.
░░ 
░░ The job identifier is 29212.
Sep 22 08:13:12 openeuler-riscv64 systemd-tmpfiles[38120]: /usr/lib/tmpfiles.d/rpcbind.conf:2: Failed to resolve user 'rpc': No such process
Sep 22 08:13:12 openeuler-riscv64 rpcbind[38119]: rpcbind: /run/rpcbind/rpcbind.lock: No such file or directory
Sep 22 08:13:12 openeuler-riscv64 systemd[1]: rpcbind.service: Main process exited, code=exited, status=1/FAILURE
░░ Subject: Unit process exited
░░ Defined-By: systemd
░░ Support: https://lists.freedesktop.org/mailman/listinfo/systemd-devel
░░ 
░░ An ExecStart= process belonging to unit rpcbind.service has exited.
░░ 
░░ The process' exit code is 'exited' and its exit status is 1.
Sep 22 08:13:12 openeuler-riscv64 systemd[1]: rpcbind.service: Failed with result 'exit-code'.
░░ Subject: Unit failed
░░ Defined-By: systemd
░░ Support: https://lists.freedesktop.org/mailman/listinfo/systemd-devel
░░ 
░░ The unit rpcbind.service has entered the 'failed' state with result 'exit-code'.
Sep 22 08:13:12 openeuler-riscv64 systemd[1]: Failed to start RPC Bind.
░░ Subject: A start job for unit rpcbind.service has failed
░░ Defined-By: systemd
░░ Support: https://lists.freedesktop.org/mailman/listinfo/systemd-devel
░░ 
░░ A start job for unit rpcbind.service has finished with a failure.
░░ 
░░ The job identifier is 29212 and the job result is failed.
Sep 22 08:13:12 openeuler-riscv64 systemd[1]: Starting RPC Bind...
░░ Subject: A start job for unit rpcbind.service has begun execution
░░ Defined-By: systemd
░░ Support: https://lists.freedesktop.org/mailman/listinfo/systemd-devel
░░ 
░░ A start job for unit rpcbind.service has begun execution.
░░ 
░░ The job identifier is 29221.
Sep 22 08:13:12 openeuler-riscv64 systemd-tmpfiles[38125]: /usr/lib/tmpfiles.d/rpcbind.conf:2: Failed to resolve user 'rpc': No such process
Sep 22 08:13:12 openeuler-riscv64 rpcbind[38123]: rpcbind: /run/rpcbind/rpcbind.lock: No such file or directory
Sep 22 08:13:12 openeuler-riscv64 systemd[1]: rpcbind.service: Main process exited, code=exited, status=1/FAILURE
░░ Subject: Unit process exited
░░ Defined-By: systemd
░░ Support: https://lists.freedesktop.org/mailman/listinfo/systemd-devel
░░ 
░░ An ExecStart= process belonging to unit rpcbind.service has exited.
░░ 
░░ The process' exit code is 'exited' and its exit status is 1.
Sep 22 08:13:12 openeuler-riscv64 systemd[1]: rpcbind.service: Failed with result 'exit-code'.
░░ Subject: Unit failed
░░ Defined-By: systemd
░░ Support: https://lists.freedesktop.org/mailman/listinfo/systemd-devel
░░ 
░░ The unit rpcbind.service has entered the 'failed' state with result 'exit-code'.
Sep 22 08:13:12 openeuler-riscv64 systemd[1]: Failed to start RPC Bind.
░░ Subject: A start job for unit rpcbind.service has failed
░░ Defined-By: systemd
░░ Support: https://lists.freedesktop.org/mailman/listinfo/systemd-devel
░░ 
░░ A start job for unit rpcbind.service has finished with a failure.
░░ 
░░ The job identifier is 29221 and the job result is failed.
Sep 22 08:13:13 openeuler-riscv64 systemd[1]: Starting RPC Bind...
░░ Subject: A start job for unit rpcbind.service has begun execution
░░ Defined-By: systemd
░░ Support: https://lists.freedesktop.org/mailman/listinfo/systemd-devel
░░ 
░░ A start job for unit rpcbind.service has begun execution.
░░ 
░░ The job identifier is 29230.
Sep 22 08:13:13 openeuler-riscv64 systemd-tmpfiles[38128]: /usr/lib/tmpfiles.d/rpcbind.conf:2: Failed to resolve user 'rpc': No such process
Sep 22 08:13:13 openeuler-riscv64 rpcbind[38127]: rpcbind: /run/rpcbind/rpcbind.lock: No such file or directory
Sep 22 08:13:13 openeuler-riscv64 systemd[1]: rpcbind.service: Main process exited, code=exited, status=1/FAILURE
░░ Subject: Unit process exited
░░ Defined-By: systemd
░░ Support: https://lists.freedesktop.org/mailman/listinfo/systemd-devel
░░ 
░░ An ExecStart= process belonging to unit rpcbind.service has exited.
░░ 
░░ The process' exit code is 'exited' and its exit status is 1.
Sep 22 08:13:13 openeuler-riscv64 systemd[1]: rpcbind.service: Failed with result 'exit-code'.
░░ Subject: Unit failed
░░ Defined-By: systemd
░░ Support: https://lists.freedesktop.org/mailman/listinfo/systemd-devel
░░ 
░░ The unit rpcbind.service has entered the 'failed' state with result 'exit-code'.
Sep 22 08:13:13 openeuler-riscv64 systemd[1]: Failed to start RPC Bind.
░░ Subject: A start job for unit rpcbind.service has failed
░░ Defined-By: systemd
░░ Support: https://lists.freedesktop.org/mailman/listinfo/systemd-devel
░░ 
░░ A start job for unit rpcbind.service has finished with a failure.
░░ 
░░ The job identifier is 29230 and the job result is failed.
Sep 22 08:13:13 openeuler-riscv64 systemd[1]: rpcbind.service: Start request repeated too quickly.
Sep 22 08:13:13 openeuler-riscv64 systemd[1]: rpcbind.service: Failed with result 'exit-code'.
░░ Subject: Unit failed
░░ Defined-By: systemd
░░ Support: https://lists.freedesktop.org/mailman/listinfo/systemd-devel
░░ 
░░ The unit rpcbind.service has entered the 'failed' state with result 'exit-code'.
Sep 22 08:13:13 openeuler-riscv64 systemd[1]: Failed to start RPC Bind.
░░ Subject: A start job for unit rpcbind.service has failed
░░ Defined-By: systemd
░░ Support: https://lists.freedesktop.org/mailman/listinfo/systemd-devel
░░ 
░░ A start job for unit rpcbind.service has finished with a failure.
░░ 
░░ The job identifier is 29239 and the job result is failed.
Sep 22 08:13:13 openeuler-riscv64 systemd[1]: rpcbind.socket: Failed with result 'service-start-limit-hit'.
░░ Subject: Unit failed
░░ Defined-By: systemd
░░ Support: https://lists.freedesktop.org/mailman/listinfo/systemd-devel
░░ 
░░ The unit rpcbind.socket has entered the 'failed' state with result 'service-start-limit-hit'.
Sep 22 08:13:13 openeuler-riscv64 rpc.mountd[38102]: Could not bind socket: (98) Address already in use
Sep 22 08:13:13 openeuler-riscv64 rpc.mountd[38102]: Could not bind socket: (98) Address already in use
Sep 22 08:13:13 openeuler-riscv64 rpc.mountd[38102]: Could not bind socket: (98) Address already in use
Sep 22 08:13:13 openeuler-riscv64 rpc.mountd[38102]: Could not bind socket: (98) Address already in use
Sep 22 08:13:13 openeuler-riscv64 rpc.mountd[38102]: mountd: No V2 or V3 listeners created!
Sep 22 08:13:13 openeuler-riscv64 rpc.mountd[38130]: Version 2.6.2 starting
Sep 22 08:13:13 openeuler-riscv64 systemd[1]: Starting NFS status monitor for NFSv2/3 locking....
░░ Subject: A start job for unit rpc-statd.service has begun execution
░░ Defined-By: systemd
░░ Support: https://lists.freedesktop.org/mailman/listinfo/systemd-devel
░░ 
░░ A start job for unit rpc-statd.service has begun execution.
░░ 
░░ The job identifier is 29195.
Sep 22 08:13:13 openeuler-riscv64 systemd[1]: Started NFS Mount Daemon.
░░ Subject: A start job for unit nfs-mountd.service has finished successfully
░░ Defined-By: systemd
░░ Support: https://lists.freedesktop.org/mailman/listinfo/systemd-devel
░░ 
░░ A start job for unit nfs-mountd.service has finished successfully.
░░ 
░░ The job identifier is 29116.
Sep 22 08:13:13 openeuler-riscv64 rpc.statd[38132]: Version 2.6.2 starting
Sep 22 08:13:13 openeuler-riscv64 rpc.statd[38132]: Flags: TI-RPC
Sep 22 08:13:13 openeuler-riscv64 rpc.statd[38132]: Failed to register (statd, 1, udp): svc_reg() err: RPC: Remote system error - Connection refused
Sep 22 08:13:13 openeuler-riscv64 rpc.statd[38132]: Failed to register (statd, 1, tcp): svc_reg() err: RPC: Remote system error - Connection refused
Sep 22 08:13:14 openeuler-riscv64 rpc.statd[38132]: Failed to register (statd, 1, udp6): svc_reg() err: RPC: Remote system error - Connection refused
Sep 22 08:13:14 openeuler-riscv64 rpc.statd[38132]: Failed to register (statd, 1, tcp6): svc_reg() err: RPC: Remote system error - Connection refused
Sep 22 08:13:14 openeuler-riscv64 rpc.statd[38132]: failed to create RPC listeners, exiting
Sep 22 08:13:14 openeuler-riscv64 systemd[1]: rpc-statd.service: Control process exited, code=exited, status=1/FAILURE
░░ Subject: Unit process exited
░░ Defined-By: systemd
░░ Support: https://lists.freedesktop.org/mailman/listinfo/systemd-devel
░░ 
░░ An ExecStart= process belonging to unit rpc-statd.service has exited.
░░ 
░░ The process' exit code is 'exited' and its exit status is 1.
Sep 22 08:13:14 openeuler-riscv64 systemd[1]: rpc-statd.service: Failed with result 'exit-code'.
░░ Subject: Unit failed
░░ Defined-By: systemd
░░ Support: https://lists.freedesktop.org/mailman/listinfo/systemd-devel
░░ 
░░ The unit rpc-statd.service has entered the 'failed' state with result 'exit-code'.
Sep 22 08:13:14 openeuler-riscv64 systemd[1]: Failed to start NFS status monitor for NFSv2/3 locking..
░░ Subject: A start job for unit rpc-statd.service has failed
░░ Defined-By: systemd
░░ Support: https://lists.freedesktop.org/mailman/listinfo/systemd-devel
░░ 
░░ A start job for unit rpc-statd.service has finished with a failure.
░░ 
░░ The job identifier is 29195 and the job result is failed.
Sep 22 08:13:14 openeuler-riscv64 systemd[1]: Starting NFS server and services...
░░ Subject: A start job for unit nfs-server.service has begun execution
░░ Defined-By: systemd
░░ Support: https://lists.freedesktop.org/mailman/listinfo/systemd-devel
░░ 
░░ A start job for unit nfs-server.service has begun execution.
░░ 
░░ The job identifier is 29109.
Sep 22 08:13:14 openeuler-riscv64 exportfs[38135]: exportfs: /etc/exports [1]: Neither 'subtree_check' or 'no_subtree_check' specified for export "*:/home/nfs".
Sep 22 08:13:14 openeuler-riscv64 exportfs[38135]:   Assuming default behaviour ('no_subtree_check').
Sep 22 08:13:14 openeuler-riscv64 exportfs[38135]:   NOTE: this default has changed since nfs-utils version 1.0.x
Sep 22 08:13:14 openeuler-riscv64 exportfs[38135]: exportfs: Failed to stat /home/nfs: No such file or directory
Sep 22 08:13:14 openeuler-riscv64 kernel: svc: failed to register nfsdv3 RPC service (errno 111).
Sep 22 08:13:14 openeuler-riscv64 kernel: svc: failed to register nfsaclv3 RPC service (errno 111).
Sep 22 08:13:14 openeuler-riscv64 rpc.nfsd[38137]: rpc.nfsd: writing fd to kernel failed: errno 111 (Connection refused)
Sep 22 08:13:14 openeuler-riscv64 kernel: svc: failed to register lockdv1 RPC service (errno 111).
Sep 22 08:13:14 openeuler-riscv64 rpc.nfsd[38137]: error starting threads: errno 111 (Connection refused)
Sep 22 08:13:14 openeuler-riscv64 systemd[1]: nfs-server.service: Main process exited, code=exited, status=1/FAILURE
░░ Subject: Unit process exited
░░ Defined-By: systemd
░░ Support: https://lists.freedesktop.org/mailman/listinfo/systemd-devel
░░ 
░░ An ExecStart= process belonging to unit nfs-server.service has exited.
░░ 
