Sep 22 07:54:26 openeuler-riscv64 NetworkManager[687]: <info>  [1695340466.4218] device (enp0s5): state change: disconnected -> prepare (reason 'none', sys-iface-state: 'managed')
Sep 22 07:54:26 openeuler-riscv64 NetworkManager[687]: <info>  [1695340466.4284] device (enp0s5): state change: prepare -> config (reason 'none', sys-iface-state: 'managed')
Sep 22 07:54:26 openeuler-riscv64 NetworkManager[687]: <info>  [1695340466.4398] device (enp0s5): state change: config -> ip-config (reason 'none', sys-iface-state: 'managed')
Sep 22 07:54:26 openeuler-riscv64 NetworkManager[687]: <info>  [1695340466.4520] dhcp4 (enp0s5): activation: beginning transaction (timeout in 45 seconds)
Sep 22 07:54:26 openeuler-riscv64 NetworkManager[687]: <info>  [1695340466.5076] dhcp4 (enp0s5): dhclient started with pid 36328
Sep 22 07:54:26 openeuler-riscv64 dhclient[36328]: DHCPDISCOVER on enp0s5 to 255.255.255.255 port 67 interval 4 (xid=0xfe9b131a)
Sep 22 07:54:28 openeuler-riscv64 dhclient[36317]: DHCPDISCOVER on enp0s4 to 255.255.255.255 port 67 interval 5 (xid=0x6516715d)
Sep 22 07:54:30 openeuler-riscv64 dhclient[36328]: DHCPDISCOVER on enp0s5 to 255.255.255.255 port 67 interval 5 (xid=0xfe9b131a)
Sep 22 07:54:33 openeuler-riscv64 dhclient[36317]: DHCPDISCOVER on enp0s4 to 255.255.255.255 port 67 interval 11 (xid=0x6516715d)
Sep 22 07:54:35 openeuler-riscv64 dhclient[36328]: DHCPDISCOVER on enp0s5 to 255.255.255.255 port 67 interval 7 (xid=0xfe9b131a)
Sep 22 07:54:42 openeuler-riscv64 dhclient[36328]: DHCPDISCOVER on enp0s5 to 255.255.255.255 port 67 interval 12 (xid=0xfe9b131a)
Sep 22 07:54:44 openeuler-riscv64 dhclient[36317]: DHCPDISCOVER on enp0s4 to 255.255.255.255 port 67 interval 16 (xid=0x6516715d)
Sep 22 07:54:54 openeuler-riscv64 dhclient[36328]: DHCPDISCOVER on enp0s5 to 255.255.255.255 port 67 interval 8 (xid=0xfe9b131a)
Sep 22 07:55:00 openeuler-riscv64 dhclient[36317]: DHCPDISCOVER on enp0s4 to 255.255.255.255 port 67 interval 20 (xid=0x6516715d)
Sep 22 07:55:02 openeuler-riscv64 dhclient[36328]: DHCPDISCOVER on enp0s5 to 255.255.255.255 port 67 interval 12 (xid=0xfe9b131a)
Sep 22 07:55:10 openeuler-riscv64 NetworkManager[687]: <info>  [1695340510.0466] device (enp0s4): state change: ip-config -> failed (reason 'ip-config-unavailable', sys-iface-state: 'managed')
Sep 22 07:55:10 openeuler-riscv64 NetworkManager[687]: <warn>  [1695340510.0574] device (enp0s4): Activation: failed for connection 'Wired connection 2'
Sep 22 07:55:10 openeuler-riscv64 NetworkManager[687]: <info>  [1695340510.0616] device (enp0s4): state change: failed -> disconnected (reason 'none', sys-iface-state: 'managed')
Sep 22 07:55:10 openeuler-riscv64 NetworkManager[687]: <info>  [1695340510.1002] dhcp4 (enp0s4): canceled DHCP transaction, DHCP client pid 36317
Sep 22 07:55:10 openeuler-riscv64 NetworkManager[687]: <info>  [1695340510.1009] dhcp4 (enp0s4): activation: beginning transaction (timeout in 45 seconds)
Sep 22 07:55:10 openeuler-riscv64 NetworkManager[687]: <info>  [1695340510.1014] dhcp4 (enp0s4): state changed no lease
Sep 22 07:55:10 openeuler-riscv64 NetworkManager[687]: <info>  [1695340510.4120] policy: auto-activating connection 'Wired connection 2' (0b05253b-3ac2-381f-a7e6-29e95faca6b0)
Sep 22 07:55:10 openeuler-riscv64 NetworkManager[687]: <info>  [1695340510.4341] device (enp0s4): Activation: starting connection 'Wired connection 2' (0b05253b-3ac2-381f-a7e6-29e95faca6b0)
Sep 22 07:55:10 openeuler-riscv64 NetworkManager[687]: <info>  [1695340510.4383] device (enp0s4): state change: disconnected -> prepare (reason 'none', sys-iface-state: 'managed')
Sep 22 07:55:10 openeuler-riscv64 NetworkManager[687]: <info>  [1695340510.4471] device (enp0s4): state change: prepare -> config (reason 'none', sys-iface-state: 'managed')
Sep 22 07:55:10 openeuler-riscv64 NetworkManager[687]: <info>  [1695340510.4584] device (enp0s4): state change: config -> ip-config (reason 'none', sys-iface-state: 'managed')
Sep 22 07:55:10 openeuler-riscv64 NetworkManager[687]: <info>  [1695340510.4682] dhcp4 (enp0s4): activation: beginning transaction (timeout in 45 seconds)
Sep 22 07:55:10 openeuler-riscv64 NetworkManager[687]: <info>  [1695340510.5259] dhcp4 (enp0s4): dhclient started with pid 36338
Sep 22 07:55:10 openeuler-riscv64 dhclient[36338]: DHCPDISCOVER on enp0s4 to 255.255.255.255 port 67 interval 3 (xid=0x26d0606b)
Sep 22 07:55:12 openeuler-riscv64 NetworkManager[687]: <info>  [1695340512.0363] device (enp0s5): state change: ip-config -> failed (reason 'ip-config-unavailable', sys-iface-state: 'managed')
Sep 22 07:55:12 openeuler-riscv64 NetworkManager[687]: <warn>  [1695340512.0576] device (enp0s5): Activation: failed for connection 'Wired connection 3'
Sep 22 07:55:12 openeuler-riscv64 NetworkManager[687]: <info>  [1695340512.0683] device (enp0s5): state change: failed -> disconnected (reason 'none', sys-iface-state: 'managed')
Sep 22 07:55:12 openeuler-riscv64 NetworkManager[687]: <info>  [1695340512.1123] dhcp4 (enp0s5): canceled DHCP transaction, DHCP client pid 36328
Sep 22 07:55:12 openeuler-riscv64 NetworkManager[687]: <info>  [1695340512.1135] dhcp4 (enp0s5): activation: beginning transaction (timeout in 45 seconds)
Sep 22 07:55:12 openeuler-riscv64 NetworkManager[687]: <info>  [1695340512.1141] dhcp4 (enp0s5): state changed no lease
Sep 22 07:55:12 openeuler-riscv64 NetworkManager[687]: <info>  [1695340512.4138] policy: auto-activating connection 'Wired connection 3' (800d7b73-acc8-340d-b155-140a870391e2)
Sep 22 07:55:12 openeuler-riscv64 NetworkManager[687]: <info>  [1695340512.4242] device (enp0s5): Activation: starting connection 'Wired connection 3' (800d7b73-acc8-340d-b155-140a870391e2)
Sep 22 07:55:12 openeuler-riscv64 NetworkManager[687]: <info>  [1695340512.4299] device (enp0s5): state change: disconnected -> prepare (reason 'none', sys-iface-state: 'managed')
Sep 22 07:55:12 openeuler-riscv64 NetworkManager[687]: <info>  [1695340512.4358] device (enp0s5): state change: prepare -> config (reason 'none', sys-iface-state: 'managed')
Sep 22 07:55:12 openeuler-riscv64 NetworkManager[687]: <info>  [1695340512.4502] device (enp0s5): state change: config -> ip-config (reason 'none', sys-iface-state: 'managed')
Sep 22 07:55:12 openeuler-riscv64 NetworkManager[687]: <info>  [1695340512.4608] dhcp4 (enp0s5): activation: beginning transaction (timeout in 45 seconds)
Sep 22 07:55:12 openeuler-riscv64 NetworkManager[687]: <info>  [1695340512.5350] dhcp4 (enp0s5): dhclient started with pid 36349
Sep 22 07:55:12 openeuler-riscv64 dhclient[36349]: DHCPDISCOVER on enp0s5 to 255.255.255.255 port 67 interval 4 (xid=0xa4a2852b)
Sep 22 07:55:13 openeuler-riscv64 dhclient[36338]: DHCPDISCOVER on enp0s4 to 255.255.255.255 port 67 interval 6 (xid=0x26d0606b)
Sep 22 07:55:16 openeuler-riscv64 dhclient[36349]: DHCPDISCOVER on enp0s5 to 255.255.255.255 port 67 interval 9 (xid=0xa4a2852b)
Sep 22 07:55:19 openeuler-riscv64 dhclient[36338]: DHCPDISCOVER on enp0s4 to 255.255.255.255 port 67 interval 11 (xid=0x26d0606b)
Sep 22 07:55:25 openeuler-riscv64 dhclient[36349]: DHCPDISCOVER on enp0s5 to 255.255.255.255 port 67 interval 14 (xid=0xa4a2852b)
Sep 22 07:55:30 openeuler-riscv64 dhclient[36338]: DHCPDISCOVER on enp0s4 to 255.255.255.255 port 67 interval 8 (xid=0x26d0606b)
Sep 22 07:55:36 openeuler-riscv64 systemctl[36376]: [systemctl restart nfs-server rpcbind] called by PID 36267 (bash -x oe_test_storage_nfs_restrict_hostname.sh)
Sep 22 07:55:36 openeuler-riscv64 systemd[1]: Kernel Module supporting RPCSEC_GSS was skipped because of an unmet condition check (ConditionPathExists=/etc/krb5.keytab).
░░ Subject: A start job for unit auth-rpcgss-module.service has finished successfully
░░ Defined-By: systemd
░░ Support: https://lists.freedesktop.org/mailman/listinfo/systemd-devel
░░ 
░░ A start job for unit auth-rpcgss-module.service has finished successfully.
░░ 
░░ The job identifier is 26409.
Sep 22 07:55:36 openeuler-riscv64 systemd[1]: Listening on RPCbind Server Activation Socket.
░░ Subject: A start job for unit rpcbind.socket has finished successfully
░░ Defined-By: systemd
░░ Support: https://lists.freedesktop.org/mailman/listinfo/systemd-devel
░░ 
░░ A start job for unit rpcbind.socket has finished successfully.
░░ 
░░ The job identifier is 26483.
Sep 22 07:55:37 openeuler-riscv64 systemd[1]: Starting NFSv4 ID-name mapping service...
░░ Subject: A start job for unit nfs-idmapd.service has begun execution
░░ Defined-By: systemd
░░ Support: https://lists.freedesktop.org/mailman/listinfo/systemd-devel
░░ 
░░ A start job for unit nfs-idmapd.service has begun execution.
░░ 
░░ The job identifier is 26485.
Sep 22 07:55:37 openeuler-riscv64 systemd[1]: Starting NFS Mount Daemon...
░░ Subject: A start job for unit nfs-mountd.service has begun execution
░░ Defined-By: systemd
░░ Support: https://lists.freedesktop.org/mailman/listinfo/systemd-devel
░░ 
░░ A start job for unit nfs-mountd.service has begun execution.
░░ 
░░ The job identifier is 26407.
Sep 22 07:55:37 openeuler-riscv64 systemd[1]: RPC security service for NFS client and server was skipped because of an unmet condition check (ConditionPathExists=/etc/krb5.keytab).
░░ Subject: A start job for unit rpc-gssd.service has finished successfully
░░ Defined-By: systemd
░░ Support: https://lists.freedesktop.org/mailman/listinfo/systemd-devel
░░ 
░░ A start job for unit rpc-gssd.service has finished successfully.
░░ 
░░ The job identifier is 26478.
Sep 22 07:55:37 openeuler-riscv64 rpc.idmapd[36379]: Setting log level to 0
Sep 22 07:55:37 openeuler-riscv64 systemd[1]: Starting RPC Bind...
░░ Subject: A start job for unit rpcbind.service has begun execution
░░ Defined-By: systemd
░░ Support: https://lists.freedesktop.org/mailman/listinfo/systemd-devel
░░ 
░░ A start job for unit rpcbind.service has begun execution.
░░ 
░░ The job identifier is 26482.
Sep 22 07:55:37 openeuler-riscv64 systemd[1]: Started NFSv4 ID-name mapping service.
░░ Subject: A start job for unit nfs-idmapd.service has finished successfully
░░ Defined-By: systemd
░░ Support: https://lists.freedesktop.org/mailman/listinfo/systemd-devel
░░ 
░░ A start job for unit nfs-idmapd.service has finished successfully.
░░ 
░░ The job identifier is 26485.
Sep 22 07:55:37 openeuler-riscv64 systemd[1]: rpcbind.service: Deactivated successfully.
░░ Subject: Unit succeeded
░░ Defined-By: systemd
░░ Support: https://lists.freedesktop.org/mailman/listinfo/systemd-devel
░░ 
░░ The unit rpcbind.service has successfully entered the 'dead' state.
Sep 22 07:55:37 openeuler-riscv64 systemd[1]: Stopped RPC Bind.
░░ Subject: A stop job for unit rpcbind.service has finished
░░ Defined-By: systemd
░░ Support: https://lists.freedesktop.org/mailman/listinfo/systemd-devel
░░ 
░░ A stop job for unit rpcbind.service has finished.
░░ 
░░ The job identifier is 26482 and the job result is done.
Sep 22 07:55:38 openeuler-riscv64 systemd[1]: Starting RPC Bind...
░░ Subject: A start job for unit rpcbind.service has begun execution
░░ Defined-By: systemd
░░ Support: https://lists.freedesktop.org/mailman/listinfo/systemd-devel
░░ 
░░ A start job for unit rpcbind.service has begun execution.
░░ 
░░ The job identifier is 26482.
Sep 22 07:55:38 openeuler-riscv64 dhclient[36338]: DHCPDISCOVER on enp0s4 to 255.255.255.255 port 67 interval 9 (xid=0x26d0606b)
Sep 22 07:55:39 openeuler-riscv64 dhclient[36349]: DHCPDISCOVER on enp0s5 to 255.255.255.255 port 67 interval 10 (xid=0xa4a2852b)
Sep 22 07:55:39 openeuler-riscv64 systemd-tmpfiles[36385]: /usr/lib/tmpfiles.d/rpcbind.conf:2: Failed to resolve user 'rpc': No such process
Sep 22 07:55:39 openeuler-riscv64 rpcbind[36384]: rpcbind: /run/rpcbind/rpcbind.lock: No such file or directory
Sep 22 07:55:39 openeuler-riscv64 systemd[1]: rpcbind.service: Main process exited, code=exited, status=1/FAILURE
░░ Subject: Unit process exited
░░ Defined-By: systemd
░░ Support: https://lists.freedesktop.org/mailman/listinfo/systemd-devel
░░ 
░░ An ExecStart= process belonging to unit rpcbind.service has exited.
░░ 
░░ The process' exit code is 'exited' and its exit status is 1.
Sep 22 07:55:39 openeuler-riscv64 systemd[1]: rpcbind.service: Failed with result 'exit-code'.
░░ Subject: Unit failed
░░ Defined-By: systemd
░░ Support: https://lists.freedesktop.org/mailman/listinfo/systemd-devel
░░ 
░░ The unit rpcbind.service has entered the 'failed' state with result 'exit-code'.
Sep 22 07:55:40 openeuler-riscv64 systemd[1]: Failed to start RPC Bind.
░░ Subject: A start job for unit rpcbind.service has failed
░░ Defined-By: systemd
░░ Support: https://lists.freedesktop.org/mailman/listinfo/systemd-devel
░░ 
░░ A start job for unit rpcbind.service has finished with a failure.
░░ 
░░ The job identifier is 26482 and the job result is failed.
Sep 22 07:55:40 openeuler-riscv64 systemd[1]: Dependency failed for Remote quota server.
░░ Subject: A start job for unit rpc-rquotad.service has failed
░░ Defined-By: systemd
░░ Support: https://lists.freedesktop.org/mailman/listinfo/systemd-devel
░░ 
░░ A start job for unit rpc-rquotad.service has finished with a failure.
░░ 
░░ The job identifier is 26481 and the job result is dependency.
Sep 22 07:55:40 openeuler-riscv64 systemd[1]: rpc-rquotad.service: Job rpc-rquotad.service/start failed with result 'dependency'.
Sep 22 07:55:40 openeuler-riscv64 systemd[1]: Starting RPC Bind...
░░ Subject: A start job for unit rpcbind.service has begun execution
░░ Defined-By: systemd
░░ Support: https://lists.freedesktop.org/mailman/listinfo/systemd-devel
░░ 
░░ A start job for unit rpcbind.service has begun execution.
░░ 
░░ The job identifier is 26503.
Sep 22 07:55:41 openeuler-riscv64 systemd-tmpfiles[36396]: /usr/lib/tmpfiles.d/rpcbind.conf:2: Failed to resolve user 'rpc': No such process
Sep 22 07:55:41 openeuler-riscv64 rpcbind[36395]: rpcbind: /run/rpcbind/rpcbind.lock: No such file or directory
Sep 22 07:55:41 openeuler-riscv64 systemd[1]: rpcbind.service: Main process exited, code=exited, status=1/FAILURE
░░ Subject: Unit process exited
░░ Defined-By: systemd
░░ Support: https://lists.freedesktop.org/mailman/listinfo/systemd-devel
░░ 
░░ An ExecStart= process belonging to unit rpcbind.service has exited.
░░ 
░░ The process' exit code is 'exited' and its exit status is 1.
Sep 22 07:55:41 openeuler-riscv64 systemd[1]: rpcbind.service: Failed with result 'exit-code'.
░░ Subject: Unit failed
░░ Defined-By: systemd
░░ Support: https://lists.freedesktop.org/mailman/listinfo/systemd-devel
░░ 
░░ The unit rpcbind.service has entered the 'failed' state with result 'exit-code'.
Sep 22 07:55:41 openeuler-riscv64 systemd[1]: Failed to start RPC Bind.
░░ Subject: A start job for unit rpcbind.service has failed
░░ Defined-By: systemd
░░ Support: https://lists.freedesktop.org/mailman/listinfo/systemd-devel
░░ 
░░ A start job for unit rpcbind.service has finished with a failure.
░░ 
░░ The job identifier is 26503 and the job result is failed.
Sep 22 07:55:42 openeuler-riscv64 systemd[1]: Starting RPC Bind...
░░ Subject: A start job for unit rpcbind.service has begun execution
░░ Defined-By: systemd
░░ Support: https://lists.freedesktop.org/mailman/listinfo/systemd-devel
░░ 
░░ A start job for unit rpcbind.service has begun execution.
░░ 
░░ The job identifier is 26512.
Sep 22 07:55:42 openeuler-riscv64 systemd-tmpfiles[36403]: /usr/lib/tmpfiles.d/rpcbind.conf:2: Failed to resolve user 'rpc': No such process
Sep 22 07:55:42 openeuler-riscv64 rpcbind[36402]: rpcbind: /run/rpcbind/rpcbind.lock: No such file or directory
Sep 22 07:55:42 openeuler-riscv64 systemd[1]: rpcbind.service: Main process exited, code=exited, status=1/FAILURE
░░ Subject: Unit process exited
░░ Defined-By: systemd
░░ Support: https://lists.freedesktop.org/mailman/listinfo/systemd-devel
░░ 
░░ An ExecStart= process belonging to unit rpcbind.service has exited.
░░ 
░░ The process' exit code is 'exited' and its exit status is 1.
Sep 22 07:55:42 openeuler-riscv64 systemd[1]: rpcbind.service: Failed with result 'exit-code'.
░░ Subject: Unit failed
░░ Defined-By: systemd
░░ Support: https://lists.freedesktop.org/mailman/listinfo/systemd-devel
░░ 
░░ The unit rpcbind.service has entered the 'failed' state with result 'exit-code'.
Sep 22 07:55:42 openeuler-riscv64 systemd[1]: Failed to start RPC Bind.
░░ Subject: A start job for unit rpcbind.service has failed
░░ Defined-By: systemd
░░ Support: https://lists.freedesktop.org/mailman/listinfo/systemd-devel
░░ 
░░ A start job for unit rpcbind.service has finished with a failure.
░░ 
░░ The job identifier is 26512 and the job result is failed.
Sep 22 07:55:43 openeuler-riscv64 systemd[1]: Starting RPC Bind...
░░ Subject: A start job for unit rpcbind.service has begun execution
░░ Defined-By: systemd
░░ Support: https://lists.freedesktop.org/mailman/listinfo/systemd-devel
░░ 
░░ A start job for unit rpcbind.service has begun execution.
░░ 
░░ The job identifier is 26521.
Sep 22 07:55:43 openeuler-riscv64 systemd-tmpfiles[36406]: /usr/lib/tmpfiles.d/rpcbind.conf:2: Failed to resolve user 'rpc': No such process
Sep 22 07:55:43 openeuler-riscv64 rpcbind[36405]: rpcbind: /run/rpcbind/rpcbind.lock: No such file or directory
Sep 22 07:55:43 openeuler-riscv64 systemd[1]: rpcbind.service: Main process exited, code=exited, status=1/FAILURE
░░ Subject: Unit process exited
░░ Defined-By: systemd
░░ Support: https://lists.freedesktop.org/mailman/listinfo/systemd-devel
░░ 
░░ An ExecStart= process belonging to unit rpcbind.service has exited.
░░ 
░░ The process' exit code is 'exited' and its exit status is 1.
Sep 22 07:55:44 openeuler-riscv64 systemd[1]: rpcbind.service: Failed with result 'exit-code'.
░░ Subject: Unit failed
░░ Defined-By: systemd
░░ Support: https://lists.freedesktop.org/mailman/listinfo/systemd-devel
░░ 
░░ The unit rpcbind.service has entered the 'failed' state with result 'exit-code'.
Sep 22 07:55:44 openeuler-riscv64 systemd[1]: Failed to start RPC Bind.
░░ Subject: A start job for unit rpcbind.service has failed
░░ Defined-By: systemd
░░ Support: https://lists.freedesktop.org/mailman/listinfo/systemd-devel
░░ 
░░ A start job for unit rpcbind.service has finished with a failure.
░░ 
░░ The job identifier is 26521 and the job result is failed.
Sep 22 07:55:44 openeuler-riscv64 systemd[1]: rpcbind.service: Start request repeated too quickly.
Sep 22 07:55:44 openeuler-riscv64 systemd[1]: rpcbind.service: Failed with result 'exit-code'.
░░ Subject: Unit failed
░░ Defined-By: systemd
░░ Support: https://lists.freedesktop.org/mailman/listinfo/systemd-devel
░░ 
░░ The unit rpcbind.service has entered the 'failed' state with result 'exit-code'.
Sep 22 07:55:44 openeuler-riscv64 systemd[1]: Failed to start RPC Bind.
░░ Subject: A start job for unit rpcbind.service has failed
░░ Defined-By: systemd
░░ Support: https://lists.freedesktop.org/mailman/listinfo/systemd-devel
░░ 
░░ A start job for unit rpcbind.service has finished with a failure.
░░ 
░░ The job identifier is 26530 and the job result is failed.
Sep 22 07:55:44 openeuler-riscv64 systemd[1]: rpcbind.socket: Failed with result 'service-start-limit-hit'.
░░ Subject: Unit failed
░░ Defined-By: systemd
░░ Support: https://lists.freedesktop.org/mailman/listinfo/systemd-devel
░░ 
░░ The unit rpcbind.socket has entered the 'failed' state with result 'service-start-limit-hit'.
Sep 22 07:55:44 openeuler-riscv64 rpc.mountd[36378]: Could not bind socket: (98) Address already in use
Sep 22 07:55:44 openeuler-riscv64 rpc.mountd[36378]: Could not bind socket: (98) Address already in use
Sep 22 07:55:44 openeuler-riscv64 rpc.mountd[36378]: Could not bind socket: (98) Address already in use
Sep 22 07:55:44 openeuler-riscv64 rpc.mountd[36378]: Could not bind socket: (98) Address already in use
Sep 22 07:55:44 openeuler-riscv64 rpc.mountd[36378]: mountd: No V2 or V3 listeners created!
Sep 22 07:55:44 openeuler-riscv64 rpc.mountd[36408]: Version 2.6.2 starting
Sep 22 07:55:44 openeuler-riscv64 systemd[1]: Starting NFS status monitor for NFSv2/3 locking....
░░ Subject: A start job for unit rpc-statd.service has begun execution
░░ Defined-By: systemd
░░ Support: https://lists.freedesktop.org/mailman/listinfo/systemd-devel
░░ 
░░ A start job for unit rpc-statd.service has begun execution.
░░ 
░░ The job identifier is 26486.
Sep 22 07:55:44 openeuler-riscv64 systemd[1]: Started NFS Mount Daemon.
░░ Subject: A start job for unit nfs-mountd.service has finished successfully
░░ Defined-By: systemd
░░ Support: https://lists.freedesktop.org/mailman/listinfo/systemd-devel
░░ 
░░ A start job for unit nfs-mountd.service has finished successfully.
░░ 
░░ The job identifier is 26407.
Sep 22 07:55:44 openeuler-riscv64 rpc.statd[36410]: Version 2.6.2 starting
Sep 22 07:55:44 openeuler-riscv64 rpc.statd[36410]: Flags: TI-RPC
Sep 22 07:55:44 openeuler-riscv64 rpc.statd[36410]: Failed to register (statd, 1, udp): svc_reg() err: RPC: Remote system error - Connection refused
Sep 22 07:55:44 openeuler-riscv64 rpc.statd[36410]: Failed to register (statd, 1, tcp): svc_reg() err: RPC: Remote system error - Connection refused
Sep 22 07:55:44 openeuler-riscv64 rpc.statd[36410]: Failed to register (statd, 1, udp6): svc_reg() err: RPC: Remote system error - Connection refused
Sep 22 07:55:44 openeuler-riscv64 rpc.statd[36410]: Failed to register (statd, 1, tcp6): svc_reg() err: RPC: Remote system error - Connection refused
Sep 22 07:55:44 openeuler-riscv64 rpc.statd[36410]: failed to create RPC listeners, exiting
Sep 22 07:55:44 openeuler-riscv64 systemd[1]: rpc-statd.service: Control process exited, code=exited, status=1/FAILURE
░░ Subject: Unit process exited
░░ Defined-By: systemd
░░ Support: https://lists.freedesktop.org/mailman/listinfo/systemd-devel
░░ 
░░ An ExecStart= process belonging to unit rpc-statd.service has exited.
░░ 
░░ The process' exit code is 'exited' and its exit status is 1.
Sep 22 07:55:44 openeuler-riscv64 systemd[1]: rpc-statd.service: Failed with result 'exit-code'.
░░ Subject: Unit failed
░░ Defined-By: systemd
░░ Support: https://lists.freedesktop.org/mailman/listinfo/systemd-devel
░░ 
░░ The unit rpc-statd.service has entered the 'failed' state with result 'exit-code'.
Sep 22 07:55:45 openeuler-riscv64 systemd[1]: Failed to start NFS status monitor for NFSv2/3 locking..
░░ Subject: A start job for unit rpc-statd.service has failed
░░ Defined-By: systemd
░░ Support: https://lists.freedesktop.org/mailman/listinfo/systemd-devel
░░ 
░░ A start job for unit rpc-statd.service has finished with a failure.
░░ 
░░ The job identifier is 26486 and the job result is failed.
Sep 22 07:55:45 openeuler-riscv64 systemd[1]: Starting NFS server and services...
░░ Subject: A start job for unit nfs-server.service has begun execution
░░ Defined-By: systemd
░░ Support: https://lists.freedesktop.org/mailman/listinfo/systemd-devel
░░ 
░░ A start job for unit nfs-server.service has begun execution.
░░ 
░░ The job identifier is 26400.
Sep 22 07:55:45 openeuler-riscv64 exportfs[36412]: exportfs: /etc/exports [1]: Neither 'subtree_check' or 'no_subtree_check' specified for export "*:/home/nfs".
Sep 22 07:55:45 openeuler-riscv64 exportfs[36412]:   Assuming default behaviour ('no_subtree_check').
Sep 22 07:55:45 openeuler-riscv64 exportfs[36412]:   NOTE: this default has changed since nfs-utils version 1.0.x
Sep 22 07:55:45 openeuler-riscv64 exportfs[36412]: exportfs: Failed to stat /home/nfs: No such file or directory
Sep 22 07:55:45 openeuler-riscv64 kernel: svc: failed to register nfsdv3 RPC service (errno 111).
Sep 22 07:55:45 openeuler-riscv64 kernel: svc: failed to register nfsaclv3 RPC service (errno 111).
Sep 22 07:55:45 openeuler-riscv64 rpc.nfsd[36414]: rpc.nfsd: writing fd to kernel failed: errno 111 (Connection refused)
Sep 22 07:55:46 openeuler-riscv64 kernel: svc: failed to register lockdv1 RPC service (errno 111).
Sep 22 07:55:46 openeuler-riscv64 rpc.nfsd[36414]: error starting threads: errno 111 (Connection refused)
Sep 22 07:55:46 openeuler-riscv64 systemd[1]: nfs-server.service: Main process exited, code=exited, status=1/FAILURE
░░ Subject: Unit process exited
░░ Defined-By: systemd
░░ Support: https://lists.freedesktop.org/mailman/listinfo/systemd-devel
░░ 
░░ An ExecStart= process belonging to unit nfs-server.service has exited.
░░ 
░░ The process' exit code is 'exited' and its exit status is 1.
Sep 22 07:55:47 openeuler-riscv64 systemd[1]: nfs-server.service: Failed with result 'exit-code'.
░░ Subject: Unit failed
░░ Defined-By: systemd
░░ Support: https://lists.freedesktop.org/mailman/listinfo/systemd-devel
░░ 
░░ The unit nfs-server.service has entered the 'failed' state with result 'exit-code'.
Sep 22 07:55:47 openeuler-riscv64 systemd[1]: Stopped NFS server and services.
░░ Subject: A stop job for unit nfs-server.service has finished
░░ Defined-By: systemd
░░ Support: https://lists.freedesktop.org/mailman/listinfo/systemd-devel
░░ 
░░ A stop job for unit nfs-server.service has finished.
░░ 
░░ The job identifier is 26540 and the job result is done.
Sep 22 07:55:47 openeuler-riscv64 rpc.idmapd[36379]: exiting on signal 15
Sep 22 07:55:47 openeuler-riscv64 systemd[1]: Stopping NFSv4 ID-name mapping service...
░░ Subject: A stop job for unit nfs-idmapd.service has begun execution
░░ Defined-By: systemd
░░ Support: https://lists.freedesktop.org/mailman/listinfo/systemd-devel
░░ 
░░ A stop job for unit nfs-idmapd.service has begun execution.
░░ 
░░ The job identifier is 26541.
Sep 22 07:55:47 openeuler-riscv64 rpc.mountd[36408]: Caught signal 15, un-registering and exiting.
Sep 22 07:55:47 openeuler-riscv64 systemd[1]: Stopping NFS Mount Daemon...
░░ Subject: A stop job for unit nfs-mountd.service has begun execution
░░ Defined-By: systemd
░░ Support: https://lists.freedesktop.org/mailman/listinfo/systemd-devel
░░ 
░░ A stop job for unit nfs-mountd.service has begun execution.
░░ 
░░ The job identifier is 26539.
Sep 22 07:55:47 openeuler-riscv64 systemd[1]: nfs-idmapd.service: Deactivated successfully.
░░ Subject: Unit succeeded
░░ Defined-By: systemd
░░ Support: https://lists.freedesktop.org/mailman/listinfo/systemd-devel
░░ 
░░ The unit nfs-idmapd.service has successfully entered the 'dead' state.
Sep 22 07:55:47 openeuler-riscv64 systemd[1]: Stopped NFSv4 ID-name mapping service.
░░ Subject: A stop job for unit nfs-idmapd.service has finished
░░ Defined-By: systemd
░░ Support: https://lists.freedesktop.org/mailman/listinfo/systemd-devel
░░ 
░░ A stop job for unit nfs-idmapd.service has finished.
░░ 
░░ The job identifier is 26541 and the job result is done.
Sep 22 07:55:47 openeuler-riscv64 systemd[1]: nfs-mountd.service: Deactivated successfully.
░░ Subject: Unit succeeded
░░ Defined-By: systemd
░░ Support: https://lists.freedesktop.org/mailman/listinfo/systemd-devel
░░ 
░░ The unit nfs-mountd.service has successfully entered the 'dead' state.
Sep 22 07:55:47 openeuler-riscv64 systemd[1]: Stopped NFS Mount Daemon.
░░ Subject: A stop job for unit nfs-mountd.service has finished
░░ Defined-By: systemd
░░ Support: https://lists.freedesktop.org/mailman/listinfo/systemd-devel
░░ 
░░ A stop job for unit nfs-mountd.service has finished.
░░ 
░░ The job identifier is 26539 and the job result is done.
Sep 22 07:55:47 openeuler-riscv64 dhclient[36338]: DHCPDISCOVER on enp0s4 to 255.255.255.255 port 67 interval 15 (xid=0x26d0606b)
Sep 22 07:55:49 openeuler-riscv64 dhclient[36349]: DHCPDISCOVER on enp0s5 to 255.255.255.255 port 67 interval 19 (xid=0xa4a2852b)
Sep 22 07:55:50 openeuler-riscv64 systemctl[36440]: [systemctl start rpc-statd.service] called by PID 36436 (/bin/sh /usr/sbin/start-statd)
Sep 22 07:55:50 openeuler-riscv64 systemd[1]: Listening on RPCbind Server Activation Socket.
░░ Subject: A start job for unit rpcbind.socket has finished successfully
░░ Defined-By: systemd
░░ Support: https://lists.freedesktop.org/mailman/listinfo/systemd-devel
░░ 
░░ A start job for unit rpcbind.socket has finished successfully.
░░ 
░░ The job identifier is 26546.
Sep 22 07:55:51 openeuler-riscv64 systemd[1]: Starting NFS status monitor for NFSv2/3 locking....
░░ Subject: A start job for unit rpc-statd.service has begun execution
░░ Defined-By: systemd
░░ Support: https://lists.freedesktop.org/mailman/listinfo/systemd-devel
░░ 
░░ A start job for unit rpc-statd.service has begun execution.
░░ 
░░ The job identifier is 26543.
Sep 22 07:55:51 openeuler-riscv64 rpc.statd[36444]: Version 2.6.2 starting
Sep 22 07:55:51 openeuler-riscv64 rpc.statd[36444]: Flags: TI-RPC
Sep 22 07:55:51 openeuler-riscv64 systemd[1]: Starting RPC Bind...
░░ Subject: A start job for unit rpcbind.service has begun execution
░░ Defined-By: systemd
░░ Support: https://lists.freedesktop.org/mailman/listinfo/systemd-devel
░░ 
░░ A start job for unit rpcbind.service has begun execution.
░░ 
░░ The job identifier is 26624.
Sep 22 07:55:51 openeuler-riscv64 systemd-tmpfiles[36446]: /usr/lib/tmpfiles.d/rpcbind.conf:2: Failed to resolve user 'rpc': No such process
Sep 22 07:55:51 openeuler-riscv64 rpcbind[36445]: rpcbind: /run/rpcbind/rpcbind.lock: No such file or directory
Sep 22 07:55:51 openeuler-riscv64 systemd[1]: rpcbind.service: Main process exited, code=exited, status=1/FAILURE
░░ Subject: Unit process exited
░░ Defined-By: systemd
░░ Support: https://lists.freedesktop.org/mailman/listinfo/systemd-devel
░░ 
░░ An ExecStart= process belonging to unit rpcbind.service has exited.
░░ 
░░ The process' exit code is 'exited' and its exit status is 1.
Sep 22 07:55:51 openeuler-riscv64 systemd[1]: rpcbind.service: Failed with result 'exit-code'.
░░ Subject: Unit failed
░░ Defined-By: systemd
░░ Support: https://lists.freedesktop.org/mailman/listinfo/systemd-devel
░░ 
░░ The unit rpcbind.service has entered the 'failed' state with result 'exit-code'.
Sep 22 07:55:51 openeuler-riscv64 systemd[1]: Failed to start RPC Bind.
░░ Subject: A start job for unit rpcbind.service has failed
░░ Defined-By: systemd
░░ Support: https://lists.freedesktop.org/mailman/listinfo/systemd-devel
░░ 
░░ A start job for unit rpcbind.service has finished with a failure.
░░ 
░░ The job identifier is 26624 and the job result is failed.
Sep 22 07:55:51 openeuler-riscv64 systemd[1]: Starting RPC Bind...
░░ Subject: A start job for unit rpcbind.service has begun execution
░░ Defined-By: systemd
░░ Support: https://lists.freedesktop.org/mailman/listinfo/systemd-devel
░░ 
░░ A start job for unit rpcbind.service has begun execution.
░░ 
░░ The job identifier is 26633.
Sep 22 07:55:52 openeuler-riscv64 systemd-tmpfiles[36450]: /usr/lib/tmpfiles.d/rpcbind.conf:2: Failed to resolve user 'rpc': No such process
Sep 22 07:55:52 openeuler-riscv64 rpcbind[36449]: rpcbind: /run/rpcbind/rpcbind.lock: No such file or directory
Sep 22 07:55:52 openeuler-riscv64 systemd[1]: rpcbind.service: Main process exited, code=exited, status=1/FAILURE
░░ Subject: Unit process exited
░░ Defined-By: systemd
░░ Support: https://lists.freedesktop.org/mailman/listinfo/systemd-devel
░░ 
░░ An ExecStart= process belonging to unit rpcbind.service has exited.
░░ 
░░ The process' exit code is 'exited' and its exit status is 1.
Sep 22 07:55:52 openeuler-riscv64 systemd[1]: rpcbind.service: Failed with result 'exit-code'.
░░ Subject: Unit failed
░░ Defined-By: systemd
░░ Support: https://lists.freedesktop.org/mailman/listinfo/systemd-devel
░░ 
░░ The unit rpcbind.service has entered the 'failed' state with result 'exit-code'.
Sep 22 07:55:52 openeuler-riscv64 systemd[1]: Failed to start RPC Bind.
░░ Subject: A start job for unit rpcbind.service has failed
░░ Defined-By: systemd
░░ Support: https://lists.freedesktop.org/mailman/listinfo/systemd-devel
░░ 
░░ A start job for unit rpcbind.service has finished with a failure.
░░ 
░░ The job identifier is 26633 and the job result is failed.
Sep 22 07:55:52 openeuler-riscv64 systemd[1]: Starting RPC Bind...
░░ Subject: A start job for unit rpcbind.service has begun execution
░░ Defined-By: systemd
░░ Support: https://lists.freedesktop.org/mailman/listinfo/systemd-devel
░░ 
░░ A start job for unit rpcbind.service has begun execution.
░░ 
░░ The job identifier is 26642.
Sep 22 07:55:52 openeuler-riscv64 systemd-tmpfiles[36458]: /usr/lib/tmpfiles.d/rpcbind.conf:2: Failed to resolve user 'rpc': No such process
Sep 22 07:55:52 openeuler-riscv64 rpcbind[36457]: rpcbind: /run/rpcbind/rpcbind.lock: No such file or directory
Sep 22 07:55:52 openeuler-riscv64 systemd[1]: rpcbind.service: Main process exited, code=exited, status=1/FAILURE
░░ Subject: Unit process exited
░░ Defined-By: systemd
░░ Support: https://lists.freedesktop.org/mailman/listinfo/systemd-devel
░░ 
░░ An ExecStart= process belonging to unit rpcbind.service has exited.
░░ 
░░ The process' exit code is 'exited' and its exit status is 1.
Sep 22 07:55:52 openeuler-riscv64 systemd[1]: rpcbind.service: Failed with result 'exit-code'.
░░ Subject: Unit failed
░░ Defined-By: systemd
░░ Support: https://lists.freedesktop.org/mailman/listinfo/systemd-devel
░░ 
░░ The unit rpcbind.service has entered the 'failed' state with result 'exit-code'.
Sep 22 07:55:52 openeuler-riscv64 systemd[1]: Failed to start RPC Bind.
░░ Subject: A start job for unit rpcbind.service has failed
░░ Defined-By: systemd
░░ Support: https://lists.freedesktop.org/mailman/listinfo/systemd-devel
░░ 
░░ A start job for unit rpcbind.service has finished with a failure.
░░ 
░░ The job identifier is 26642 and the job result is failed.
Sep 22 07:55:53 openeuler-riscv64 systemd[1]: Starting RPC Bind...
░░ Subject: A start job for unit rpcbind.service has begun execution
░░ Defined-By: systemd
░░ Support: https://lists.freedesktop.org/mailman/listinfo/systemd-devel
░░ 
░░ A start job for unit rpcbind.service has begun execution.
░░ 
░░ The job identifier is 26651.
Sep 22 07:55:53 openeuler-riscv64 systemd-tmpfiles[36461]: /usr/lib/tmpfiles.d/rpcbind.conf:2: Failed to resolve user 'rpc': No such process
Sep 22 07:55:53 openeuler-riscv64 rpcbind[36460]: rpcbind: /run/rpcbind/rpcbind.lock: No such file or directory
Sep 22 07:55:53 openeuler-riscv64 systemd[1]: rpcbind.service: Main process exited, code=exited, status=1/FAILURE
░░ Subject: Unit process exited
░░ Defined-By: systemd
░░ Support: https://lists.freedesktop.org/mailman/listinfo/systemd-devel
░░ 
░░ An ExecStart= process belonging to unit rpcbind.service has exited.
░░ 
░░ The process' exit code is 'exited' and its exit status is 1.
Sep 22 07:55:53 openeuler-riscv64 systemd[1]: rpcbind.service: Failed with result 'exit-code'.
░░ Subject: Unit failed
░░ Defined-By: systemd
░░ Support: https://lists.freedesktop.org/mailman/listinfo/systemd-devel
░░ 
░░ The unit rpcbind.service has entered the 'failed' state with result 'exit-code'.
Sep 22 07:55:53 openeuler-riscv64 systemd[1]: Failed to start RPC Bind.
░░ Subject: A start job for unit rpcbind.service has failed
░░ Defined-By: systemd
░░ Support: https://lists.freedesktop.org/mailman/listinfo/systemd-devel
░░ 
░░ A start job for unit rpcbind.service has finished with a failure.
░░ 
░░ The job identifier is 26651 and the job result is failed.
Sep 22 07:55:53 openeuler-riscv64 systemd[1]: Starting RPC Bind...
░░ Subject: A start job for unit rpcbind.service has begun execution
░░ Defined-By: systemd
░░ Support: https://lists.freedesktop.org/mailman/listinfo/systemd-devel
░░ 
░░ A start job for unit rpcbind.service has begun execution.
░░ 
░░ The job identifier is 26660.
Sep 22 07:55:54 openeuler-riscv64 systemd-tmpfiles[36464]: /usr/lib/tmpfiles.d/rpcbind.conf:2: Failed to resolve user 'rpc': No such process
Sep 22 07:55:54 openeuler-riscv64 rpcbind[36463]: rpcbind: /run/rpcbind/rpcbind.lock: No such file or directory
Sep 22 07:55:54 openeuler-riscv64 systemd[1]: rpcbind.service: Main process exited, code=exited, status=1/FAILURE
░░ Subject: Unit process exited
░░ Defined-By: systemd
░░ Support: https://lists.freedesktop.org/mailman/listinfo/systemd-devel
░░ 
░░ An ExecStart= process belonging to unit rpcbind.service has exited.
░░ 
░░ The process' exit code is 'exited' and its exit status is 1.
Sep 22 07:55:54 openeuler-riscv64 systemd[1]: rpcbind.service: Failed with result 'exit-code'.
░░ Subject: Unit failed
░░ Defined-By: systemd
░░ Support: https://lists.freedesktop.org/mailman/listinfo/systemd-devel
░░ 
░░ The unit rpcbind.service has entered the 'failed' state with result 'exit-code'.
Sep 22 07:55:54 openeuler-riscv64 systemd[1]: Failed to start RPC Bind.
░░ Subject: A start job for unit rpcbind.service has failed
░░ Defined-By: systemd
░░ Support: https://lists.freedesktop.org/mailman/listinfo/systemd-devel
░░ 
░░ A start job for unit rpcbind.service has finished with a failure.
░░ 
░░ The job identifier is 26660 and the job result is failed.
Sep 22 07:55:54 openeuler-riscv64 systemd[1]: rpcbind.service: Start request repeated too quickly.
Sep 22 07:55:54 openeuler-riscv64 systemd[1]: rpcbind.service: Failed with result 'exit-code'.
░░ Subject: Unit failed
░░ Defined-By: systemd
░░ Support: https://lists.freedesktop.org/mailman/listinfo/systemd-devel
░░ 
░░ The unit rpcbind.service has entered the 'failed' state with result 'exit-code'.
Sep 22 07:55:54 openeuler-riscv64 systemd[1]: Failed to start RPC Bind.
░░ Subject: A start job for unit rpcbind.service has failed
░░ Defined-By: systemd
░░ Support: https://lists.freedesktop.org/mailman/listinfo/systemd-devel
░░ 
░░ A start job for unit rpcbind.service has finished with a failure.
░░ 
░░ The job identifier is 26669 and the job result is failed.
Sep 22 07:55:54 openeuler-riscv64 systemd[1]: rpcbind.socket: Failed with result 'service-start-limit-hit'.
░░ Subject: Unit failed
░░ Defined-By: systemd
░░ Support: https://lists.freedesktop.org/mailman/listinfo/systemd-devel
░░ 
░░ The unit rpcbind.socket has entered the 'failed' state with result 'service-start-limit-hit'.
Sep 22 07:55:54 openeuler-riscv64 rpc.statd[36444]: Failed to register (statd, 1, udp): svc_reg() err: RPC: Remote system error - Connection refused
Sep 22 07:55:54 openeuler-riscv64 rpc.statd[36444]: Failed to register (statd, 1, tcp): svc_reg() err: RPC: Remote system error - Connection refused
Sep 22 07:55:54 openeuler-riscv64 rpc.statd[36444]: Failed to register (statd, 1, udp6): svc_reg() err: RPC: Remote system error - Connection refused
Sep 22 07:55:54 openeuler-riscv64 rpc.statd[36444]: Failed to register (statd, 1, tcp6): svc_reg() err: RPC: Remote system error - Connection refused
Sep 22 07:55:54 openeuler-riscv64 rpc.statd[36444]: failed to create RPC listeners, exiting
Sep 22 07:55:54 openeuler-riscv64 systemd[1]: rpc-statd.service: Control process exited, code=exited, status=1/FAILURE
░░ Subject: Unit process exited
░░ Defined-By: systemd
░░ Support: https://lists.freedesktop.org/mailman/listinfo/systemd-devel
░░ 
░░ An ExecStart= process belonging to unit rpc-statd.service has exited.
░░ 
░░ The process' exit code is 'exited' and its exit status is 1.
Sep 22 07:55:54 openeuler-riscv64 systemd[1]: rpc-statd.service: Failed with result 'exit-code'.
░░ Subject: Unit failed
░░ Defined-By: systemd
░░ Support: https://lists.freedesktop.org/mailman/listinfo/systemd-devel
░░ 
░░ The unit rpc-statd.service has entered the 'failed' state with result 'exit-code'.
Sep 22 07:55:54 openeuler-riscv64 systemd[1]: Failed to start NFS status monitor for NFSv2/3 locking..
░░ Subject: A start job for unit rpc-statd.service has failed
░░ Defined-By: systemd
░░ Support: https://lists.freedesktop.org/mailman/listinfo/systemd-devel
░░ 
░░ A start job for unit rpc-statd.service has finished with a failure.
░░ 
░░ The job identifier is 26543 and the job result is failed.
Sep 22 07:55:54 openeuler-riscv64 rpc.statd[36467]: Version 2.6.2 starting
Sep 22 07:55:54 openeuler-riscv64 rpc.statd[36467]: Flags: TI-RPC
Sep 22 07:55:55 openeuler-riscv64 rpc.statd[36467]: Failed to register (statd, 1, udp): svc_reg() err: RPC: Remote system error - Connection refused
Sep 22 07:55:55 openeuler-riscv64 rpc.statd[36467]: Failed to register (statd, 1, tcp): svc_reg() err: RPC: Remote system error - Connection refused
Sep 22 07:55:55 openeuler-riscv64 rpc.statd[36467]: Failed to register (statd, 1, udp6): svc_reg() err: RPC: Remote system error - Connection refused
Sep 22 07:55:55 openeuler-riscv64 rpc.statd[36467]: Failed to register (statd, 1, tcp6): svc_reg() err: RPC: Remote system error - Connection refused
Sep 22 07:55:55 openeuler-riscv64 rpc.statd[36467]: failed to create RPC listeners, exiting
Sep 22 07:55:56 openeuler-riscv64 NetworkManager[687]: <info>  [1695340556.0358] device (enp0s4): state change: ip-config -> failed (reason 'ip-config-unavailable', sys-iface-state: 'managed')
Sep 22 07:55:56 openeuler-riscv64 NetworkManager[687]: <warn>  [1695340556.0541] device (enp0s4): Activation: failed for connection 'Wired connection 2'
Sep 22 07:55:56 openeuler-riscv64 NetworkManager[687]: <info>  [1695340556.0625] device (enp0s4): state change: failed -> disconnected (reason 'none', sys-iface-state: 'managed')
Sep 22 07:55:56 openeuler-riscv64 NetworkManager[687]: <info>  [1695340556.1239] dhcp4 (enp0s4): canceled DHCP transaction, DHCP client pid 36338
Sep 22 07:55:56 openeuler-riscv64 NetworkManager[687]: <info>  [1695340556.1246] dhcp4 (enp0s4): activation: beginning transaction (timeout in 45 seconds)
Sep 22 07:55:56 openeuler-riscv64 NetworkManager[687]: <info>  [1695340556.1252] dhcp4 (enp0s4): state changed no lease
Sep 22 07:55:56 openeuler-riscv64 NetworkManager[687]: <info>  [1695340556.4338] policy: auto-activating connection 'Wired connection 2' (0b05253b-3ac2-381f-a7e6-29e95faca6b0)
Sep 22 07:55:56 openeuler-riscv64 NetworkManager[687]: <info>  [1695340556.4436] device (enp0s4): Activation: starting connection 'Wired connection 2' (0b05253b-3ac2-381f-a7e6-29e95faca6b0)
Sep 22 07:55:56 openeuler-riscv64 NetworkManager[687]: <info>  [1695340556.4461] device (enp0s4): state change: disconnected -> prepare (reason 'none', sys-iface-state: 'managed')
Sep 22 07:55:56 openeuler-riscv64 NetworkManager[687]: <info>  [1695340556.4531] device (enp0s4): state change: prepare -> config (reason 'none', sys-iface-state: 'managed')
Sep 22 07:55:56 openeuler-riscv64 NetworkManager[687]: <info>  [1695340556.4646] device (enp0s4): state change: config -> ip-config (reason 'none', sys-iface-state: 'managed')
Sep 22 07:55:56 openeuler-riscv64 NetworkManager[687]: <info>  [1695340556.4768] dhcp4 (enp0s4): activation: beginning transaction (timeout in 45 seconds)
Sep 22 07:55:56 openeuler-riscv64 NetworkManager[687]: <info>  [1695340556.5567] dhcp4 (enp0s4): dhclient started with pid 36472
Sep 22 07:55:56 openeuler-riscv64 dhclient[36472]: DHCPDISCOVER on enp0s4 to 255.255.255.255 port 67 interval 4 (xid=0x20467f25)
Sep 22 07:55:58 openeuler-riscv64 NetworkManager[687]: <info>  [1695340558.0343] device (enp0s5): state change: ip-config -> failed (reason 'ip-config-unavailable', sys-iface-state: 'managed')
Sep 22 07:55:58 openeuler-riscv64 NetworkManager[687]: <warn>  [1695340558.0452] device (enp0s5): Activation: failed for connection 'Wired connection 3'
Sep 22 07:55:58 openeuler-riscv64 NetworkManager[687]: <info>  [1695340558.0505] device (enp0s5): state change: failed -> disconnected (reason 'none', sys-iface-state: 'managed')
Sep 22 07:55:58 openeuler-riscv64 NetworkManager[687]: <info>  [1695340558.0923] dhcp4 (enp0s5): canceled DHCP transaction, DHCP client pid 36349
Sep 22 07:55:58 openeuler-riscv64 NetworkManager[687]: <info>  [1695340558.0929] dhcp4 (enp0s5): activation: beginning transaction (timeout in 45 seconds)
Sep 22 07:55:58 openeuler-riscv64 NetworkManager[687]: <info>  [1695340558.0935] dhcp4 (enp0s5): state changed no lease
Sep 22 07:55:58 openeuler-riscv64 NetworkManager[687]: <info>  [1695340558.4088] policy: auto-activating connection 'Wired connection 3' (800d7b73-acc8-340d-b155-140a870391e2)
Sep 22 07:55:58 openeuler-riscv64 NetworkManager[687]: <info>  [1695340558.4221] device (enp0s5): Activation: starting connection 'Wired connection 3' (800d7b73-acc8-340d-b155-140a870391e2)
Sep 22 07:55:58 openeuler-riscv64 NetworkManager[687]: <info>  [1695340558.4243] device (enp0s5): state change: disconnected -> prepare (reason 'none', sys-iface-state: 'managed')
Sep 22 07:55:58 openeuler-riscv64 NetworkManager[687]: <info>  [1695340558.4338] device (enp0s5): state change: prepare -> config (reason 'none', sys-iface-state: 'managed')
Sep 22 07:55:58 openeuler-riscv64 NetworkManager[687]: <info>  [1695340558.4465] device (enp0s5): state change: config -> ip-config (reason 'none', sys-iface-state: 'managed')
Sep 22 07:55:58 openeuler-riscv64 NetworkManager[687]: <info>  [1695340558.4575] dhcp4 (enp0s5): activation: beginning transaction (timeout in 45 seconds)
Sep 22 07:55:58 openeuler-riscv64 NetworkManager[687]: <info>  [1695340558.5133] dhcp4 (enp0s5): dhclient started with pid 36483
Sep 22 07:55:58 openeuler-riscv64 dhclient[36483]: DHCPDISCOVER on enp0s5 to 255.255.255.255 port 67 interval 4 (xid=0x5678011a)
Sep 22 07:56:00 openeuler-riscv64 dhclient[36472]: DHCPDISCOVER on enp0s4 to 255.255.255.255 port 67 interval 4 (xid=0x20467f25)
Sep 22 07:56:02 openeuler-riscv64 dhclient[36483]: DHCPDISCOVER on enp0s5 to 255.255.255.255 port 67 interval 6 (xid=0x5678011a)
Sep 22 07:56:04 openeuler-riscv64 dhclient[36472]: DHCPDISCOVER on enp0s4 to 255.255.255.255 port 67 interval 7 (xid=0x20467f25)
Sep 22 07:56:07 openeuler-riscv64 systemctl[36493]: [systemctl start rpc-statd.service] called by PID 36489 (/bin/sh /usr/sbin/start-statd)
Sep 22 07:56:07 openeuler-riscv64 systemd[1]: Listening on RPCbind Server Activation Socket.
░░ Subject: A start job for unit rpcbind.socket has finished successfully
░░ Defined-By: systemd
░░ Support: https://lists.freedesktop.org/mailman/listinfo/systemd-devel
░░ 
░░ A start job for unit rpcbind.socket has finished successfully.
░░ 
░░ The job identifier is 26681.
Sep 22 07:56:07 openeuler-riscv64 systemd[1]: Starting NFS status monitor for NFSv2/3 locking....
░░ Subject: A start job for unit rpc-statd.service has begun execution
░░ Defined-By: systemd
░░ Support: https://lists.freedesktop.org/mailman/listinfo/systemd-devel
░░ 
░░ A start job for unit rpc-statd.service has begun execution.
░░ 
░░ The job identifier is 26678.
Sep 22 07:56:07 openeuler-riscv64 rpc.statd[36497]: Version 2.6.2 starting
Sep 22 07:56:07 openeuler-riscv64 rpc.statd[36497]: Flags: TI-RPC
Sep 22 07:56:08 openeuler-riscv64 systemd[1]: Starting RPC Bind...
░░ Subject: A start job for unit rpcbind.service has begun execution
░░ Defined-By: systemd
░░ Support: https://lists.freedesktop.org/mailman/listinfo/systemd-devel
░░ 
░░ A start job for unit rpcbind.service has begun execution.
░░ 
░░ The job identifier is 26759.
Sep 22 07:56:08 openeuler-riscv64 systemd-tmpfiles[36499]: /usr/lib/tmpfiles.d/rpcbind.conf:2: Failed to resolve user 'rpc': No such process
Sep 22 07:56:08 openeuler-riscv64 rpcbind[36498]: rpcbind: /run/rpcbind/rpcbind.lock: No such file or directory
Sep 22 07:56:08 openeuler-riscv64 systemd[1]: rpcbind.service: Main process exited, code=exited, status=1/FAILURE
░░ Subject: Unit process exited
░░ Defined-By: systemd
░░ Support: https://lists.freedesktop.org/mailman/listinfo/systemd-devel
░░ 
░░ An ExecStart= process belonging to unit rpcbind.service has exited.
░░ 
░░ The process' exit code is 'exited' and its exit status is 1.
Sep 22 07:56:08 openeuler-riscv64 systemd[1]: rpcbind.service: Failed with result 'exit-code'.
░░ Subject: Unit failed
░░ Defined-By: systemd
░░ Support: https://lists.freedesktop.org/mailman/listinfo/systemd-devel
░░ 
░░ The unit rpcbind.service has entered the 'failed' state with result 'exit-code'.
Sep 22 07:56:08 openeuler-riscv64 systemd[1]: Failed to start RPC Bind.
░░ Subject: A start job for unit rpcbind.service has failed
░░ Defined-By: systemd
░░ Support: https://lists.freedesktop.org/mailman/listinfo/systemd-devel
░░ 
░░ A start job for unit rpcbind.service has finished with a failure.
░░ 
░░ The job identifier is 26759 and the job result is failed.
Sep 22 07:56:08 openeuler-riscv64 dhclient[36483]: DHCPDISCOVER on enp0s5 to 255.255.255.255 port 67 interval 10 (xid=0x5678011a)
Sep 22 07:56:08 openeuler-riscv64 systemd[1]: Starting RPC Bind...
░░ Subject: A start job for unit rpcbind.service has begun execution
░░ Defined-By: systemd
░░ Support: https://lists.freedesktop.org/mailman/listinfo/systemd-devel
░░ 
░░ A start job for unit rpcbind.service has begun execution.
░░ 
░░ The job identifier is 26768.
Sep 22 07:56:09 openeuler-riscv64 systemd-tmpfiles[36507]: /usr/lib/tmpfiles.d/rpcbind.conf:2: Failed to resolve user 'rpc': No such process
Sep 22 07:56:09 openeuler-riscv64 rpcbind[36506]: rpcbind: /run/rpcbind/rpcbind.lock: No such file or directory
Sep 22 07:56:09 openeuler-riscv64 systemd[1]: rpcbind.service: Main process exited, code=exited, status=1/FAILURE
░░ Subject: Unit process exited
░░ Defined-By: systemd
░░ Support: https://lists.freedesktop.org/mailman/listinfo/systemd-devel
░░ 
░░ An ExecStart= process belonging to unit rpcbind.service has exited.
░░ 
░░ The process' exit code is 'exited' and its exit status is 1.
Sep 22 07:56:09 openeuler-riscv64 systemd[1]: rpcbind.service: Failed with result 'exit-code'.
░░ Subject: Unit failed
░░ Defined-By: systemd
░░ Support: https://lists.freedesktop.org/mailman/listinfo/systemd-devel
░░ 
░░ The unit rpcbind.service has entered the 'failed' state with result 'exit-code'.
Sep 22 07:56:09 openeuler-riscv64 systemd[1]: Failed to start RPC Bind.
░░ Subject: A start job for unit rpcbind.service has failed
░░ Defined-By: systemd
░░ Support: https://lists.freedesktop.org/mailman/listinfo/systemd-devel
░░ 
░░ A start job for unit rpcbind.service has finished with a failure.
░░ 
░░ The job identifier is 26768 and the job result is failed.
Sep 22 07:56:09 openeuler-riscv64 systemd[1]: Starting RPC Bind...
░░ Subject: A start job for unit rpcbind.service has begun execution
░░ Defined-By: systemd
░░ Support: https://lists.freedesktop.org/mailman/listinfo/systemd-devel
░░ 
░░ A start job for unit rpcbind.service has begun execution.
░░ 
░░ The job identifier is 26777.
