░░ Support: https://lists.freedesktop.org/mailman/listinfo/systemd-devel
░░ 
░░ A start job for unit rpcbind.service has begun execution.
░░ 
░░ The job identifier is 25345.
Sep 22 07:44:43 openeuler-riscv64 systemd-tmpfiles[35638]: /usr/lib/tmpfiles.d/rpcbind.conf:2: Failed to resolve user 'rpc': No such process
Sep 22 07:44:43 openeuler-riscv64 rpcbind[35637]: rpcbind: /run/rpcbind/rpcbind.lock: No such file or directory
Sep 22 07:44:43 openeuler-riscv64 systemd[1]: rpcbind.service: Main process exited, code=exited, status=1/FAILURE
░░ Subject: Unit process exited
░░ Defined-By: systemd
░░ Support: https://lists.freedesktop.org/mailman/listinfo/systemd-devel
░░ 
░░ An ExecStart= process belonging to unit rpcbind.service has exited.
░░ 
░░ The process' exit code is 'exited' and its exit status is 1.
Sep 22 07:44:43 openeuler-riscv64 systemd[1]: rpcbind.service: Failed with result 'exit-code'.
░░ Subject: Unit failed
░░ Defined-By: systemd
░░ Support: https://lists.freedesktop.org/mailman/listinfo/systemd-devel
░░ 
░░ The unit rpcbind.service has entered the 'failed' state with result 'exit-code'.
Sep 22 07:44:43 openeuler-riscv64 systemd[1]: Failed to start RPC Bind.
░░ Subject: A start job for unit rpcbind.service has failed
░░ Defined-By: systemd
░░ Support: https://lists.freedesktop.org/mailman/listinfo/systemd-devel
░░ 
░░ A start job for unit rpcbind.service has finished with a failure.
░░ 
░░ The job identifier is 25345 and the job result is failed.
Sep 22 07:44:44 openeuler-riscv64 systemd[1]: Starting RPC Bind...
░░ Subject: A start job for unit rpcbind.service has begun execution
░░ Defined-By: systemd
░░ Support: https://lists.freedesktop.org/mailman/listinfo/systemd-devel
░░ 
░░ A start job for unit rpcbind.service has begun execution.
░░ 
░░ The job identifier is 25354.
Sep 22 07:44:44 openeuler-riscv64 systemd-tmpfiles[35641]: /usr/lib/tmpfiles.d/rpcbind.conf:2: Failed to resolve user 'rpc': No such process
Sep 22 07:44:44 openeuler-riscv64 rpcbind[35640]: rpcbind: /run/rpcbind/rpcbind.lock: No such file or directory
Sep 22 07:44:44 openeuler-riscv64 systemd[1]: rpcbind.service: Main process exited, code=exited, status=1/FAILURE
░░ Subject: Unit process exited
░░ Defined-By: systemd
░░ Support: https://lists.freedesktop.org/mailman/listinfo/systemd-devel
░░ 
░░ An ExecStart= process belonging to unit rpcbind.service has exited.
░░ 
░░ The process' exit code is 'exited' and its exit status is 1.
Sep 22 07:44:44 openeuler-riscv64 systemd[1]: rpcbind.service: Failed with result 'exit-code'.
░░ Subject: Unit failed
░░ Defined-By: systemd
░░ Support: https://lists.freedesktop.org/mailman/listinfo/systemd-devel
░░ 
░░ The unit rpcbind.service has entered the 'failed' state with result 'exit-code'.
Sep 22 07:44:44 openeuler-riscv64 systemd[1]: Failed to start RPC Bind.
░░ Subject: A start job for unit rpcbind.service has failed
░░ Defined-By: systemd
░░ Support: https://lists.freedesktop.org/mailman/listinfo/systemd-devel
░░ 
░░ A start job for unit rpcbind.service has finished with a failure.
░░ 
░░ The job identifier is 25354 and the job result is failed.
Sep 22 07:44:44 openeuler-riscv64 systemd[1]: Starting RPC Bind...
░░ Subject: A start job for unit rpcbind.service has begun execution
░░ Defined-By: systemd
░░ Support: https://lists.freedesktop.org/mailman/listinfo/systemd-devel
░░ 
░░ A start job for unit rpcbind.service has begun execution.
░░ 
░░ The job identifier is 25363.
Sep 22 07:44:45 openeuler-riscv64 systemd-tmpfiles[35644]: /usr/lib/tmpfiles.d/rpcbind.conf:2: Failed to resolve user 'rpc': No such process
Sep 22 07:44:45 openeuler-riscv64 rpcbind[35643]: rpcbind: /run/rpcbind/rpcbind.lock: No such file or directory
Sep 22 07:44:45 openeuler-riscv64 systemd[1]: rpcbind.service: Main process exited, code=exited, status=1/FAILURE
░░ Subject: Unit process exited
░░ Defined-By: systemd
░░ Support: https://lists.freedesktop.org/mailman/listinfo/systemd-devel
░░ 
░░ An ExecStart= process belonging to unit rpcbind.service has exited.
░░ 
░░ The process' exit code is 'exited' and its exit status is 1.
Sep 22 07:44:45 openeuler-riscv64 systemd[1]: rpcbind.service: Failed with result 'exit-code'.
░░ Subject: Unit failed
░░ Defined-By: systemd
░░ Support: https://lists.freedesktop.org/mailman/listinfo/systemd-devel
░░ 
░░ The unit rpcbind.service has entered the 'failed' state with result 'exit-code'.
Sep 22 07:44:45 openeuler-riscv64 systemd[1]: Failed to start RPC Bind.
░░ Subject: A start job for unit rpcbind.service has failed
░░ Defined-By: systemd
░░ Support: https://lists.freedesktop.org/mailman/listinfo/systemd-devel
░░ 
░░ A start job for unit rpcbind.service has finished with a failure.
░░ 
░░ The job identifier is 25363 and the job result is failed.
Sep 22 07:44:45 openeuler-riscv64 systemd[1]: rpcbind.service: Start request repeated too quickly.
Sep 22 07:44:45 openeuler-riscv64 systemd[1]: rpcbind.service: Failed with result 'exit-code'.
░░ Subject: Unit failed
░░ Defined-By: systemd
░░ Support: https://lists.freedesktop.org/mailman/listinfo/systemd-devel
░░ 
░░ The unit rpcbind.service has entered the 'failed' state with result 'exit-code'.
Sep 22 07:44:45 openeuler-riscv64 systemd[1]: Failed to start RPC Bind.
░░ Subject: A start job for unit rpcbind.service has failed
░░ Defined-By: systemd
░░ Support: https://lists.freedesktop.org/mailman/listinfo/systemd-devel
░░ 
░░ A start job for unit rpcbind.service has finished with a failure.
░░ 
░░ The job identifier is 25372 and the job result is failed.
Sep 22 07:44:45 openeuler-riscv64 systemd[1]: rpcbind.socket: Failed with result 'service-start-limit-hit'.
░░ Subject: Unit failed
░░ Defined-By: systemd
░░ Support: https://lists.freedesktop.org/mailman/listinfo/systemd-devel
░░ 
░░ The unit rpcbind.socket has entered the 'failed' state with result 'service-start-limit-hit'.
Sep 22 07:44:45 openeuler-riscv64 rpc.statd[35630]: Failed to register (statd, 1, udp): svc_reg() err: RPC: Remote system error - Connection refused
Sep 22 07:44:45 openeuler-riscv64 rpc.statd[35630]: Failed to register (statd, 1, tcp): svc_reg() err: RPC: Remote system error - Connection refused
Sep 22 07:44:45 openeuler-riscv64 rpc.statd[35630]: Failed to register (statd, 1, udp6): svc_reg() err: RPC: Remote system error - Connection refused
Sep 22 07:44:45 openeuler-riscv64 rpc.statd[35630]: Failed to register (statd, 1, tcp6): svc_reg() err: RPC: Remote system error - Connection refused
Sep 22 07:44:45 openeuler-riscv64 rpc.statd[35630]: failed to create RPC listeners, exiting
Sep 22 07:44:45 openeuler-riscv64 systemd[1]: rpc-statd.service: Control process exited, code=exited, status=1/FAILURE
░░ Subject: Unit process exited
░░ Defined-By: systemd
░░ Support: https://lists.freedesktop.org/mailman/listinfo/systemd-devel
░░ 
░░ An ExecStart= process belonging to unit rpc-statd.service has exited.
░░ 
░░ The process' exit code is 'exited' and its exit status is 1.
Sep 22 07:44:45 openeuler-riscv64 systemd[1]: rpc-statd.service: Failed with result 'exit-code'.
░░ Subject: Unit failed
░░ Defined-By: systemd
░░ Support: https://lists.freedesktop.org/mailman/listinfo/systemd-devel
░░ 
░░ The unit rpc-statd.service has entered the 'failed' state with result 'exit-code'.
Sep 22 07:44:45 openeuler-riscv64 systemd[1]: Failed to start NFS status monitor for NFSv2/3 locking..
░░ Subject: A start job for unit rpc-statd.service has failed
░░ Defined-By: systemd
░░ Support: https://lists.freedesktop.org/mailman/listinfo/systemd-devel
░░ 
░░ A start job for unit rpc-statd.service has finished with a failure.
░░ 
░░ The job identifier is 25246 and the job result is failed.
Sep 22 07:44:45 openeuler-riscv64 rpc.statd[35647]: Version 2.6.2 starting
Sep 22 07:44:45 openeuler-riscv64 rpc.statd[35647]: Flags: TI-RPC
Sep 22 07:44:45 openeuler-riscv64 rpc.statd[35647]: Failed to register (statd, 1, udp): svc_reg() err: RPC: Remote system error - Connection refused
Sep 22 07:44:45 openeuler-riscv64 rpc.statd[35647]: Failed to register (statd, 1, tcp): svc_reg() err: RPC: Remote system error - Connection refused
Sep 22 07:44:46 openeuler-riscv64 rpc.statd[35647]: Failed to register (statd, 1, udp6): svc_reg() err: RPC: Remote system error - Connection refused
Sep 22 07:44:46 openeuler-riscv64 rpc.statd[35647]: Failed to register (statd, 1, tcp6): svc_reg() err: RPC: Remote system error - Connection refused
Sep 22 07:44:46 openeuler-riscv64 rpc.statd[35647]: failed to create RPC listeners, exiting
Sep 22 07:45:36 openeuler-riscv64 NetworkManager[687]: <info>  [1695339936.0715] policy: auto-activating connection 'Wired connection 2' (0b05253b-3ac2-381f-a7e6-29e95faca6b0)
Sep 22 07:45:36 openeuler-riscv64 NetworkManager[687]: <info>  [1695339936.0965] device (enp0s4): Activation: starting connection 'Wired connection 2' (0b05253b-3ac2-381f-a7e6-29e95faca6b0)
Sep 22 07:45:36 openeuler-riscv64 NetworkManager[687]: <info>  [1695339936.0988] device (enp0s4): state change: disconnected -> prepare (reason 'none', sys-iface-state: 'managed')
Sep 22 07:45:36 openeuler-riscv64 NetworkManager[687]: <info>  [1695339936.1055] device (enp0s4): state change: prepare -> config (reason 'none', sys-iface-state: 'managed')
Sep 22 07:45:36 openeuler-riscv64 NetworkManager[687]: <info>  [1695339936.1165] device (enp0s4): state change: config -> ip-config (reason 'none', sys-iface-state: 'managed')
Sep 22 07:45:36 openeuler-riscv64 NetworkManager[687]: <info>  [1695339936.1270] dhcp4 (enp0s4): activation: beginning transaction (timeout in 45 seconds)
Sep 22 07:45:36 openeuler-riscv64 NetworkManager[687]: <info>  [1695339936.1796] dhcp4 (enp0s4): dhclient started with pid 35690
Sep 22 07:45:36 openeuler-riscv64 dhclient[35690]: DHCPDISCOVER on enp0s4 to 255.255.255.255 port 67 interval 6 (xid=0xab2b7079)
Sep 22 07:45:36 openeuler-riscv64 sudo[35253]: pam_unix(sudo:session): session closed for user root
Sep 22 07:45:37 openeuler-riscv64 sudo[35698]:     root : PWD=/root/mugen ; USER=root ; COMMAND=/usr/bin/journalctl -xe --no-pager
Sep 22 07:45:37 openeuler-riscv64 sudo[35698]: pam_unix(sudo:session): session opened for user root(uid=0) by root(uid=0)
Sep 22 07:45:38 openeuler-riscv64 NetworkManager[687]: <info>  [1695339938.0358] policy: auto-activating connection 'Wired connection 3' (800d7b73-acc8-340d-b155-140a870391e2)
Sep 22 07:45:38 openeuler-riscv64 NetworkManager[687]: <info>  [1695339938.0473] device (enp0s5): Activation: starting connection 'Wired connection 3' (800d7b73-acc8-340d-b155-140a870391e2)
Sep 22 07:45:38 openeuler-riscv64 NetworkManager[687]: <info>  [1695339938.0498] device (enp0s5): state change: disconnected -> prepare (reason 'none', sys-iface-state: 'managed')
Sep 22 07:45:38 openeuler-riscv64 NetworkManager[687]: <info>  [1695339938.0576] device (enp0s5): state change: prepare -> config (reason 'none', sys-iface-state: 'managed')
Sep 22 07:45:38 openeuler-riscv64 NetworkManager[687]: <info>  [1695339938.0705] device (enp0s5): state change: config -> ip-config (reason 'none', sys-iface-state: 'managed')
Sep 22 07:45:38 openeuler-riscv64 NetworkManager[687]: <info>  [1695339938.0907] dhcp4 (enp0s5): activation: beginning transaction (timeout in 45 seconds)
Sep 22 07:45:38 openeuler-riscv64 NetworkManager[687]: <info>  [1695339938.1492] dhcp4 (enp0s5): dhclient started with pid 35700
Sep 22 07:45:38 openeuler-riscv64 dhclient[35700]: DHCPDISCOVER on enp0s5 to 255.255.255.255 port 67 interval 5 (xid=0x4fae514b)
Sep 22 07:45:39 openeuler-riscv64 sudo[35698]: pam_unix(sudo:session): session closed for user root
Sep 22 07:45:39 openeuler-riscv64 sudo[35707]:     root : PWD=/root/mugen ; USER=root ; COMMAND=/usr/bin/systemctl status rpcbind.service --no-pager
Sep 22 07:45:39 openeuler-riscv64 sudo[35707]: pam_unix(sudo:session): session opened for user root(uid=0) by root(uid=0)
Sep 22 07:45:39 openeuler-riscv64 sudo[35707]: pam_unix(sudo:session): session closed for user root
Sep 22 07:45:40 openeuler-riscv64 sudo[35716]:     root : PWD=/root/mugen ; USER=root ; COMMAND=/usr/bin/bash mugen.sh -f os-storage -r oe_test_storage_nfs_network_latency -x
Sep 22 07:45:40 openeuler-riscv64 sudo[35716]: pam_unix(sudo:session): session opened for user root(uid=0) by root(uid=0)
Sep 22 07:45:42 openeuler-riscv64 dhclient[35690]: DHCPDISCOVER on enp0s4 to 255.255.255.255 port 67 interval 14 (xid=0xab2b7079)
Sep 22 07:45:43 openeuler-riscv64 dhclient[35700]: DHCPDISCOVER on enp0s5 to 255.255.255.255 port 67 interval 6 (xid=0x4fae514b)
Sep 22 07:45:49 openeuler-riscv64 dhclient[35700]: DHCPDISCOVER on enp0s5 to 255.255.255.255 port 67 interval 8 (xid=0x4fae514b)
Sep 22 07:45:56 openeuler-riscv64 dhclient[35690]: DHCPDISCOVER on enp0s4 to 255.255.255.255 port 67 interval 21 (xid=0xab2b7079)
Sep 22 07:45:57 openeuler-riscv64 dhclient[35700]: DHCPDISCOVER on enp0s5 to 255.255.255.255 port 67 interval 13 (xid=0x4fae514b)
Sep 22 07:46:10 openeuler-riscv64 dhclient[35700]: DHCPDISCOVER on enp0s5 to 255.255.255.255 port 67 interval 8 (xid=0x4fae514b)
Sep 22 07:46:15 openeuler-riscv64 systemctl[35773]: [systemctl stop firewalld] called by PID 35763 (bash -x oe_test_storage_nfs_network_latency.sh)
Sep 22 07:46:17 openeuler-riscv64 dhclient[35690]: DHCPDISCOVER on enp0s4 to 255.255.255.255 port 67 interval 10 (xid=0xab2b7079)
Sep 22 07:46:18 openeuler-riscv64 dhclient[35700]: DHCPDISCOVER on enp0s5 to 255.255.255.255 port 67 interval 13 (xid=0x4fae514b)
Sep 22 07:46:21 openeuler-riscv64 NetworkManager[687]: <info>  [1695339981.0434] device (enp0s4): state change: ip-config -> failed (reason 'ip-config-unavailable', sys-iface-state: 'managed')
Sep 22 07:46:21 openeuler-riscv64 NetworkManager[687]: <warn>  [1695339981.0608] device (enp0s4): Activation: failed for connection 'Wired connection 2'
Sep 22 07:46:21 openeuler-riscv64 NetworkManager[687]: <info>  [1695339981.0705] device (enp0s4): state change: failed -> disconnected (reason 'none', sys-iface-state: 'managed')
Sep 22 07:46:21 openeuler-riscv64 NetworkManager[687]: <info>  [1695339981.1121] dhcp4 (enp0s4): canceled DHCP transaction, DHCP client pid 35690
Sep 22 07:46:21 openeuler-riscv64 NetworkManager[687]: <info>  [1695339981.1127] dhcp4 (enp0s4): activation: beginning transaction (timeout in 45 seconds)
Sep 22 07:46:21 openeuler-riscv64 NetworkManager[687]: <info>  [1695339981.1133] dhcp4 (enp0s4): state changed no lease
Sep 22 07:46:21 openeuler-riscv64 NetworkManager[687]: <info>  [1695339981.4239] policy: auto-activating connection 'Wired connection 2' (0b05253b-3ac2-381f-a7e6-29e95faca6b0)
Sep 22 07:46:21 openeuler-riscv64 NetworkManager[687]: <info>  [1695339981.4342] device (enp0s4): Activation: starting connection 'Wired connection 2' (0b05253b-3ac2-381f-a7e6-29e95faca6b0)
Sep 22 07:46:21 openeuler-riscv64 NetworkManager[687]: <info>  [1695339981.4363] device (enp0s4): state change: disconnected -> prepare (reason 'none', sys-iface-state: 'managed')
Sep 22 07:46:21 openeuler-riscv64 NetworkManager[687]: <info>  [1695339981.4447] device (enp0s4): state change: prepare -> config (reason 'none', sys-iface-state: 'managed')
Sep 22 07:46:21 openeuler-riscv64 NetworkManager[687]: <info>  [1695339981.4574] device (enp0s4): state change: config -> ip-config (reason 'none', sys-iface-state: 'managed')
Sep 22 07:46:21 openeuler-riscv64 NetworkManager[687]: <info>  [1695339981.4679] dhcp4 (enp0s4): activation: beginning transaction (timeout in 45 seconds)
Sep 22 07:46:21 openeuler-riscv64 NetworkManager[687]: <info>  [1695339981.5482] dhcp4 (enp0s4): dhclient started with pid 35798
Sep 22 07:46:21 openeuler-riscv64 dhclient[35798]: DHCPDISCOVER on enp0s4 to 255.255.255.255 port 67 interval 4 (xid=0x2fc3ae43)
Sep 22 07:46:23 openeuler-riscv64 NetworkManager[687]: <info>  [1695339983.0347] device (enp0s5): state change: ip-config -> failed (reason 'ip-config-unavailable', sys-iface-state: 'managed')
Sep 22 07:46:23 openeuler-riscv64 NetworkManager[687]: <warn>  [1695339983.0496] device (enp0s5): Activation: failed for connection 'Wired connection 3'
Sep 22 07:46:23 openeuler-riscv64 NetworkManager[687]: <info>  [1695339983.0564] device (enp0s5): state change: failed -> disconnected (reason 'none', sys-iface-state: 'managed')
Sep 22 07:46:23 openeuler-riscv64 NetworkManager[687]: <info>  [1695339983.1159] dhcp4 (enp0s5): canceled DHCP transaction, DHCP client pid 35700
Sep 22 07:46:23 openeuler-riscv64 NetworkManager[687]: <info>  [1695339983.1166] dhcp4 (enp0s5): activation: beginning transaction (timeout in 45 seconds)
Sep 22 07:46:23 openeuler-riscv64 NetworkManager[687]: <info>  [1695339983.1174] dhcp4 (enp0s5): state changed no lease
Sep 22 07:46:23 openeuler-riscv64 NetworkManager[687]: <info>  [1695339983.4781] policy: auto-activating connection 'Wired connection 3' (800d7b73-acc8-340d-b155-140a870391e2)
Sep 22 07:46:23 openeuler-riscv64 NetworkManager[687]: <info>  [1695339983.4913] device (enp0s5): Activation: starting connection 'Wired connection 3' (800d7b73-acc8-340d-b155-140a870391e2)
Sep 22 07:46:23 openeuler-riscv64 NetworkManager[687]: <info>  [1695339983.4980] device (enp0s5): state change: disconnected -> prepare (reason 'none', sys-iface-state: 'managed')
Sep 22 07:46:23 openeuler-riscv64 NetworkManager[687]: <info>  [1695339983.5052] device (enp0s5): state change: prepare -> config (reason 'none', sys-iface-state: 'managed')
Sep 22 07:46:23 openeuler-riscv64 NetworkManager[687]: <info>  [1695339983.5197] device (enp0s5): state change: config -> ip-config (reason 'none', sys-iface-state: 'managed')
Sep 22 07:46:23 openeuler-riscv64 NetworkManager[687]: <info>  [1695339983.5299] dhcp4 (enp0s5): activation: beginning transaction (timeout in 45 seconds)
Sep 22 07:46:23 openeuler-riscv64 NetworkManager[687]: <info>  [1695339983.6096] dhcp4 (enp0s5): dhclient started with pid 35809
Sep 22 07:46:23 openeuler-riscv64 dhclient[35809]: DHCPDISCOVER on enp0s5 to 255.255.255.255 port 67 interval 8 (xid=0x2daa5118)
Sep 22 07:46:25 openeuler-riscv64 dhclient[35798]: DHCPDISCOVER on enp0s4 to 255.255.255.255 port 67 interval 10 (xid=0x2fc3ae43)
Sep 22 07:46:31 openeuler-riscv64 dhclient[35809]: DHCPDISCOVER on enp0s5 to 255.255.255.255 port 67 interval 14 (xid=0x2daa5118)
Sep 22 07:46:35 openeuler-riscv64 dhclient[35798]: DHCPDISCOVER on enp0s4 to 255.255.255.255 port 67 interval 21 (xid=0x2fc3ae43)
Sep 22 07:46:45 openeuler-riscv64 dhclient[35809]: DHCPDISCOVER on enp0s5 to 255.255.255.255 port 67 interval 10 (xid=0x2daa5118)
Sep 22 07:46:55 openeuler-riscv64 dhclient[35809]: DHCPDISCOVER on enp0s5 to 255.255.255.255 port 67 interval 10 (xid=0x2daa5118)
Sep 22 07:46:56 openeuler-riscv64 dhclient[35798]: DHCPDISCOVER on enp0s4 to 255.255.255.255 port 67 interval 12 (xid=0x2fc3ae43)
Sep 22 07:47:05 openeuler-riscv64 dhclient[35809]: DHCPDISCOVER on enp0s5 to 255.255.255.255 port 67 interval 8 (xid=0x2daa5118)
Sep 22 07:47:07 openeuler-riscv64 NetworkManager[687]: <info>  [1695340027.0378] device (enp0s4): state change: ip-config -> failed (reason 'ip-config-unavailable', sys-iface-state: 'managed')
Sep 22 07:47:07 openeuler-riscv64 NetworkManager[687]: <warn>  [1695340027.0750] device (enp0s4): Activation: failed for connection 'Wired connection 2'
Sep 22 07:47:07 openeuler-riscv64 NetworkManager[687]: <info>  [1695340027.0937] device (enp0s4): state change: failed -> disconnected (reason 'none', sys-iface-state: 'managed')
Sep 22 07:47:07 openeuler-riscv64 NetworkManager[687]: <info>  [1695340027.1636] dhcp4 (enp0s4): canceled DHCP transaction, DHCP client pid 35798
Sep 22 07:47:07 openeuler-riscv64 NetworkManager[687]: <info>  [1695340027.1649] dhcp4 (enp0s4): activation: beginning transaction (timeout in 45 seconds)
Sep 22 07:47:07 openeuler-riscv64 NetworkManager[687]: <info>  [1695340027.1663] dhcp4 (enp0s4): state changed no lease
Sep 22 07:47:07 openeuler-riscv64 NetworkManager[687]: <info>  [1695340027.5354] policy: auto-activating connection 'Wired connection 2' (0b05253b-3ac2-381f-a7e6-29e95faca6b0)
Sep 22 07:47:07 openeuler-riscv64 NetworkManager[687]: <info>  [1695340027.5453] device (enp0s4): Activation: starting connection 'Wired connection 2' (0b05253b-3ac2-381f-a7e6-29e95faca6b0)
Sep 22 07:47:07 openeuler-riscv64 NetworkManager[687]: <info>  [1695340027.5473] device (enp0s4): state change: disconnected -> prepare (reason 'none', sys-iface-state: 'managed')
Sep 22 07:47:07 openeuler-riscv64 NetworkManager[687]: <info>  [1695340027.5541] device (enp0s4): state change: prepare -> config (reason 'none', sys-iface-state: 'managed')
Sep 22 07:47:07 openeuler-riscv64 NetworkManager[687]: <info>  [1695340027.5662] device (enp0s4): state change: config -> ip-config (reason 'none', sys-iface-state: 'managed')
Sep 22 07:47:07 openeuler-riscv64 NetworkManager[687]: <info>  [1695340027.5764] dhcp4 (enp0s4): activation: beginning transaction (timeout in 45 seconds)
Sep 22 07:47:07 openeuler-riscv64 NetworkManager[687]: <info>  [1695340027.6354] dhcp4 (enp0s4): dhclient started with pid 35841
Sep 22 07:47:07 openeuler-riscv64 dhclient[35841]: DHCPDISCOVER on enp0s4 to 255.255.255.255 port 67 interval 7 (xid=0x705b4e3b)
Sep 22 07:47:09 openeuler-riscv64 NetworkManager[687]: <info>  [1695340029.0345] device (enp0s5): state change: ip-config -> failed (reason 'ip-config-unavailable', sys-iface-state: 'managed')
Sep 22 07:47:09 openeuler-riscv64 NetworkManager[687]: <warn>  [1695340029.0466] device (enp0s5): Activation: failed for connection 'Wired connection 3'
Sep 22 07:47:09 openeuler-riscv64 NetworkManager[687]: <info>  [1695340029.0514] device (enp0s5): state change: failed -> disconnected (reason 'none', sys-iface-state: 'managed')
Sep 22 07:47:09 openeuler-riscv64 NetworkManager[687]: <info>  [1695340029.0916] dhcp4 (enp0s5): canceled DHCP transaction, DHCP client pid 35809
Sep 22 07:47:09 openeuler-riscv64 NetworkManager[687]: <info>  [1695340029.0922] dhcp4 (enp0s5): activation: beginning transaction (timeout in 45 seconds)
Sep 22 07:47:09 openeuler-riscv64 NetworkManager[687]: <info>  [1695340029.0926] dhcp4 (enp0s5): state changed no lease
Sep 22 07:47:09 openeuler-riscv64 NetworkManager[687]: <info>  [1695340029.3799] policy: auto-activating connection 'Wired connection 3' (800d7b73-acc8-340d-b155-140a870391e2)
Sep 22 07:47:09 openeuler-riscv64 NetworkManager[687]: <info>  [1695340029.3896] device (enp0s5): Activation: starting connection 'Wired connection 3' (800d7b73-acc8-340d-b155-140a870391e2)
Sep 22 07:47:09 openeuler-riscv64 NetworkManager[687]: <info>  [1695340029.3915] device (enp0s5): state change: disconnected -> prepare (reason 'none', sys-iface-state: 'managed')
Sep 22 07:47:09 openeuler-riscv64 NetworkManager[687]: <info>  [1695340029.3986] device (enp0s5): state change: prepare -> config (reason 'none', sys-iface-state: 'managed')
Sep 22 07:47:09 openeuler-riscv64 NetworkManager[687]: <info>  [1695340029.4119] device (enp0s5): state change: config -> ip-config (reason 'none', sys-iface-state: 'managed')
Sep 22 07:47:09 openeuler-riscv64 NetworkManager[687]: <info>  [1695340029.4240] dhcp4 (enp0s5): activation: beginning transaction (timeout in 45 seconds)
Sep 22 07:47:09 openeuler-riscv64 NetworkManager[687]: <info>  [1695340029.4861] dhcp4 (enp0s5): dhclient started with pid 35852
Sep 22 07:47:09 openeuler-riscv64 dhclient[35852]: DHCPDISCOVER on enp0s5 to 255.255.255.255 port 67 interval 5 (xid=0x3b9aec24)
Sep 22 07:47:14 openeuler-riscv64 dhclient[35841]: DHCPDISCOVER on enp0s4 to 255.255.255.255 port 67 interval 9 (xid=0x705b4e3b)
Sep 22 07:47:14 openeuler-riscv64 dhclient[35852]: DHCPDISCOVER on enp0s5 to 255.255.255.255 port 67 interval 10 (xid=0x3b9aec24)
Sep 22 07:47:23 openeuler-riscv64 dhclient[35841]: DHCPDISCOVER on enp0s4 to 255.255.255.255 port 67 interval 9 (xid=0x705b4e3b)
Sep 22 07:47:25 openeuler-riscv64 dhclient[35852]: DHCPDISCOVER on enp0s5 to 255.255.255.255 port 67 interval 17 (xid=0x3b9aec24)
Sep 22 07:47:32 openeuler-riscv64 dhclient[35841]: DHCPDISCOVER on enp0s4 to 255.255.255.255 port 67 interval 9 (xid=0x705b4e3b)
Sep 22 07:47:41 openeuler-riscv64 dhclient[35841]: DHCPDISCOVER on enp0s4 to 255.255.255.255 port 67 interval 19 (xid=0x705b4e3b)
Sep 22 07:47:42 openeuler-riscv64 dhclient[35852]: DHCPDISCOVER on enp0s5 to 255.255.255.255 port 67 interval 19 (xid=0x3b9aec24)
Sep 22 07:47:53 openeuler-riscv64 NetworkManager[687]: <info>  [1695340073.0430] device (enp0s4): state change: ip-config -> failed (reason 'ip-config-unavailable', sys-iface-state: 'managed')
Sep 22 07:47:53 openeuler-riscv64 NetworkManager[687]: <warn>  [1695340073.0595] device (enp0s4): Activation: failed for connection 'Wired connection 2'
Sep 22 07:47:53 openeuler-riscv64 NetworkManager[687]: <info>  [1695340073.0696] device (enp0s4): state change: failed -> disconnected (reason 'none', sys-iface-state: 'managed')
Sep 22 07:47:53 openeuler-riscv64 NetworkManager[687]: <info>  [1695340073.1401] dhcp4 (enp0s4): canceled DHCP transaction, DHCP client pid 35841
Sep 22 07:47:53 openeuler-riscv64 NetworkManager[687]: <info>  [1695340073.1419] dhcp4 (enp0s4): activation: beginning transaction (timeout in 45 seconds)
Sep 22 07:47:53 openeuler-riscv64 NetworkManager[687]: <info>  [1695340073.1431] dhcp4 (enp0s4): state changed no lease
Sep 22 07:47:53 openeuler-riscv64 NetworkManager[687]: <info>  [1695340073.4595] policy: auto-activating connection 'Wired connection 2' (0b05253b-3ac2-381f-a7e6-29e95faca6b0)
Sep 22 07:47:53 openeuler-riscv64 NetworkManager[687]: <info>  [1695340073.4698] device (enp0s4): Activation: starting connection 'Wired connection 2' (0b05253b-3ac2-381f-a7e6-29e95faca6b0)
Sep 22 07:47:53 openeuler-riscv64 NetworkManager[687]: <info>  [1695340073.4720] device (enp0s4): state change: disconnected -> prepare (reason 'none', sys-iface-state: 'managed')
Sep 22 07:47:53 openeuler-riscv64 NetworkManager[687]: <info>  [1695340073.4793] device (enp0s4): state change: prepare -> config (reason 'none', sys-iface-state: 'managed')
Sep 22 07:47:53 openeuler-riscv64 NetworkManager[687]: <info>  [1695340073.4917] device (enp0s4): state change: config -> ip-config (reason 'none', sys-iface-state: 'managed')
Sep 22 07:47:53 openeuler-riscv64 NetworkManager[687]: <info>  [1695340073.5027] dhcp4 (enp0s4): activation: beginning transaction (timeout in 45 seconds)
Sep 22 07:47:53 openeuler-riscv64 NetworkManager[687]: <info>  [1695340073.5618] dhcp4 (enp0s4): dhclient started with pid 35863
Sep 22 07:47:53 openeuler-riscv64 dhclient[35863]: DHCPDISCOVER on enp0s4 to 255.255.255.255 port 67 interval 8 (xid=0x53d9be17)
Sep 22 07:47:55 openeuler-riscv64 NetworkManager[687]: <info>  [1695340075.0359] device (enp0s5): state change: ip-config -> failed (reason 'ip-config-unavailable', sys-iface-state: 'managed')
Sep 22 07:47:55 openeuler-riscv64 NetworkManager[687]: <warn>  [1695340075.0548] device (enp0s5): Activation: failed for connection 'Wired connection 3'
Sep 22 07:47:55 openeuler-riscv64 NetworkManager[687]: <info>  [1695340075.0637] device (enp0s5): state change: failed -> disconnected (reason 'none', sys-iface-state: 'managed')
Sep 22 07:47:55 openeuler-riscv64 NetworkManager[687]: <info>  [1695340075.1087] dhcp4 (enp0s5): canceled DHCP transaction, DHCP client pid 35852
Sep 22 07:47:55 openeuler-riscv64 NetworkManager[687]: <info>  [1695340075.1100] dhcp4 (enp0s5): activation: beginning transaction (timeout in 45 seconds)
Sep 22 07:47:55 openeuler-riscv64 NetworkManager[687]: <info>  [1695340075.1106] dhcp4 (enp0s5): state changed no lease
Sep 22 07:47:55 openeuler-riscv64 NetworkManager[687]: <info>  [1695340075.4111] policy: auto-activating connection 'Wired connection 3' (800d7b73-acc8-340d-b155-140a870391e2)
Sep 22 07:47:55 openeuler-riscv64 NetworkManager[687]: <info>  [1695340075.4238] device (enp0s5): Activation: starting connection 'Wired connection 3' (800d7b73-acc8-340d-b155-140a870391e2)
Sep 22 07:47:55 openeuler-riscv64 NetworkManager[687]: <info>  [1695340075.4276] device (enp0s5): state change: disconnected -> prepare (reason 'none', sys-iface-state: 'managed')
Sep 22 07:47:55 openeuler-riscv64 NetworkManager[687]: <info>  [1695340075.4391] device (enp0s5): state change: prepare -> config (reason 'none', sys-iface-state: 'managed')
Sep 22 07:47:55 openeuler-riscv64 NetworkManager[687]: <info>  [1695340075.4521] device (enp0s5): state change: config -> ip-config (reason 'none', sys-iface-state: 'managed')
Sep 22 07:47:55 openeuler-riscv64 NetworkManager[687]: <info>  [1695340075.4652] dhcp4 (enp0s5): activation: beginning transaction (timeout in 45 seconds)
Sep 22 07:47:55 openeuler-riscv64 NetworkManager[687]: <info>  [1695340075.5365] dhcp4 (enp0s5): dhclient started with pid 35874
Sep 22 07:47:55 openeuler-riscv64 dhclient[35874]: DHCPDISCOVER on enp0s5 to 255.255.255.255 port 67 interval 5 (xid=0x3f08e345)
Sep 22 07:48:00 openeuler-riscv64 dhclient[35874]: DHCPDISCOVER on enp0s5 to 255.255.255.255 port 67 interval 12 (xid=0x3f08e345)
Sep 22 07:48:01 openeuler-riscv64 dhclient[35863]: DHCPDISCOVER on enp0s4 to 255.255.255.255 port 67 interval 20 (xid=0x53d9be17)
Sep 22 07:48:12 openeuler-riscv64 dhclient[35874]: DHCPDISCOVER on enp0s5 to 255.255.255.255 port 67 interval 15 (xid=0x3f08e345)
Sep 22 07:48:21 openeuler-riscv64 dhclient[35863]: DHCPDISCOVER on enp0s4 to 255.255.255.255 port 67 interval 20 (xid=0x53d9be17)
Sep 22 07:48:27 openeuler-riscv64 dhclient[35874]: DHCPDISCOVER on enp0s5 to 255.255.255.255 port 67 interval 9 (xid=0x3f08e345)
Sep 22 07:48:37 openeuler-riscv64 dhclient[35874]: DHCPDISCOVER on enp0s5 to 255.255.255.255 port 67 interval 13 (xid=0x3f08e345)
Sep 22 07:48:39 openeuler-riscv64 NetworkManager[687]: <info>  [1695340119.0346] device (enp0s4): state change: ip-config -> failed (reason 'ip-config-unavailable', sys-iface-state: 'managed')
Sep 22 07:48:39 openeuler-riscv64 NetworkManager[687]: <warn>  [1695340119.0613] device (enp0s4): Activation: failed for connection 'Wired connection 2'
Sep 22 07:48:39 openeuler-riscv64 NetworkManager[687]: <info>  [1695340119.0666] device (enp0s4): state change: failed -> disconnected (reason 'none', sys-iface-state: 'managed')
Sep 22 07:48:39 openeuler-riscv64 NetworkManager[687]: <info>  [1695340119.1078] dhcp4 (enp0s4): canceled DHCP transaction, DHCP client pid 35863
Sep 22 07:48:39 openeuler-riscv64 NetworkManager[687]: <info>  [1695340119.1086] dhcp4 (enp0s4): activation: beginning transaction (timeout in 45 seconds)
Sep 22 07:48:39 openeuler-riscv64 NetworkManager[687]: <info>  [1695340119.1092] dhcp4 (enp0s4): state changed no lease
Sep 22 07:48:41 openeuler-riscv64 NetworkManager[687]: <info>  [1695340121.0348] device (enp0s5): state change: ip-config -> failed (reason 'ip-config-unavailable', sys-iface-state: 'managed')
Sep 22 07:48:41 openeuler-riscv64 NetworkManager[687]: <warn>  [1695340121.0504] device (enp0s5): Activation: failed for connection 'Wired connection 3'
Sep 22 07:48:41 openeuler-riscv64 NetworkManager[687]: <info>  [1695340121.0551] device (enp0s5): state change: failed -> disconnected (reason 'none', sys-iface-state: 'managed')
Sep 22 07:48:41 openeuler-riscv64 NetworkManager[687]: <info>  [1695340121.1154] dhcp4 (enp0s5): canceled DHCP transaction, DHCP client pid 35874
Sep 22 07:48:41 openeuler-riscv64 NetworkManager[687]: <info>  [1695340121.1160] dhcp4 (enp0s5): activation: beginning transaction (timeout in 45 seconds)
Sep 22 07:48:41 openeuler-riscv64 NetworkManager[687]: <info>  [1695340121.1164] dhcp4 (enp0s5): state changed no lease
Sep 22 07:49:00 openeuler-riscv64 systemctl[35936]: [systemctl start rpc-statd.service] called by PID 35933 (/bin/sh /usr/sbin/start-statd)
Sep 22 07:49:00 openeuler-riscv64 systemd[1]: Listening on RPCbind Server Activation Socket.
░░ Subject: A start job for unit rpcbind.socket has finished successfully
░░ Defined-By: systemd
░░ Support: https://lists.freedesktop.org/mailman/listinfo/systemd-devel
░░ 
░░ A start job for unit rpcbind.socket has finished successfully.
░░ 
░░ The job identifier is 25385.
Sep 22 07:49:00 openeuler-riscv64 systemd[1]: Starting NFS status monitor for NFSv2/3 locking....
░░ Subject: A start job for unit rpc-statd.service has begun execution
░░ Defined-By: systemd
░░ Support: https://lists.freedesktop.org/mailman/listinfo/systemd-devel
░░ 
░░ A start job for unit rpc-statd.service has begun execution.
░░ 
░░ The job identifier is 25382.
Sep 22 07:49:00 openeuler-riscv64 rpc.statd[35940]: Version 2.6.2 starting
Sep 22 07:49:00 openeuler-riscv64 rpc.statd[35940]: Flags: TI-RPC
Sep 22 07:49:01 openeuler-riscv64 systemd[1]: Starting RPC Bind...
░░ Subject: A start job for unit rpcbind.service has begun execution
░░ Defined-By: systemd
░░ Support: https://lists.freedesktop.org/mailman/listinfo/systemd-devel
░░ 
░░ A start job for unit rpcbind.service has begun execution.
░░ 
░░ The job identifier is 25463.
Sep 22 07:49:01 openeuler-riscv64 systemd-tmpfiles[35942]: /usr/lib/tmpfiles.d/rpcbind.conf:2: Failed to resolve user 'rpc': No such process
Sep 22 07:49:01 openeuler-riscv64 rpcbind[35941]: rpcbind: /run/rpcbind/rpcbind.lock: No such file or directory
Sep 22 07:49:01 openeuler-riscv64 systemd[1]: rpcbind.service: Main process exited, code=exited, status=1/FAILURE
░░ Subject: Unit process exited
░░ Defined-By: systemd
░░ Support: https://lists.freedesktop.org/mailman/listinfo/systemd-devel
░░ 
░░ An ExecStart= process belonging to unit rpcbind.service has exited.
░░ 
░░ The process' exit code is 'exited' and its exit status is 1.
Sep 22 07:49:01 openeuler-riscv64 systemd[1]: rpcbind.service: Failed with result 'exit-code'.
░░ Subject: Unit failed
░░ Defined-By: systemd
░░ Support: https://lists.freedesktop.org/mailman/listinfo/systemd-devel
░░ 
░░ The unit rpcbind.service has entered the 'failed' state with result 'exit-code'.
Sep 22 07:49:01 openeuler-riscv64 systemd[1]: Failed to start RPC Bind.
░░ Subject: A start job for unit rpcbind.service has failed
░░ Defined-By: systemd
░░ Support: https://lists.freedesktop.org/mailman/listinfo/systemd-devel
░░ 
░░ A start job for unit rpcbind.service has finished with a failure.
░░ 
░░ The job identifier is 25463 and the job result is failed.
Sep 22 07:49:01 openeuler-riscv64 systemd[1]: Starting RPC Bind...
░░ Subject: A start job for unit rpcbind.service has begun execution
░░ Defined-By: systemd
░░ Support: https://lists.freedesktop.org/mailman/listinfo/systemd-devel
░░ 
░░ A start job for unit rpcbind.service has begun execution.
░░ 
░░ The job identifier is 25472.
Sep 22 07:49:01 openeuler-riscv64 systemd-tmpfiles[35948]: /usr/lib/tmpfiles.d/rpcbind.conf:2: Failed to resolve user 'rpc': No such process
Sep 22 07:49:01 openeuler-riscv64 rpcbind[35947]: rpcbind: /run/rpcbind/rpcbind.lock: No such file or directory
Sep 22 07:49:01 openeuler-riscv64 systemd[1]: rpcbind.service: Main process exited, code=exited, status=1/FAILURE
░░ Subject: Unit process exited
░░ Defined-By: systemd
░░ Support: https://lists.freedesktop.org/mailman/listinfo/systemd-devel
░░ 
░░ An ExecStart= process belonging to unit rpcbind.service has exited.
░░ 
░░ The process' exit code is 'exited' and its exit status is 1.
Sep 22 07:49:02 openeuler-riscv64 systemd[1]: rpcbind.service: Failed with result 'exit-code'.
░░ Subject: Unit failed
░░ Defined-By: systemd
░░ Support: https://lists.freedesktop.org/mailman/listinfo/systemd-devel
░░ 
░░ The unit rpcbind.service has entered the 'failed' state with result 'exit-code'.
Sep 22 07:49:02 openeuler-riscv64 systemd[1]: Failed to start RPC Bind.
░░ Subject: A start job for unit rpcbind.service has failed
░░ Defined-By: systemd
░░ Support: https://lists.freedesktop.org/mailman/listinfo/systemd-devel
░░ 
░░ A start job for unit rpcbind.service has finished with a failure.
░░ 
░░ The job identifier is 25472 and the job result is failed.
Sep 22 07:49:02 openeuler-riscv64 systemd[1]: Starting RPC Bind...
░░ Subject: A start job for unit rpcbind.service has begun execution
░░ Defined-By: systemd
░░ Support: https://lists.freedesktop.org/mailman/listinfo/systemd-devel
░░ 
░░ A start job for unit rpcbind.service has begun execution.
░░ 
░░ The job identifier is 25481.
Sep 22 07:49:02 openeuler-riscv64 systemd-tmpfiles[35951]: /usr/lib/tmpfiles.d/rpcbind.conf:2: Failed to resolve user 'rpc': No such process
Sep 22 07:49:02 openeuler-riscv64 rpcbind[35950]: rpcbind: /run/rpcbind/rpcbind.lock: No such file or directory
Sep 22 07:49:02 openeuler-riscv64 systemd[1]: rpcbind.service: Main process exited, code=exited, status=1/FAILURE
░░ Subject: Unit process exited
░░ Defined-By: systemd
░░ Support: https://lists.freedesktop.org/mailman/listinfo/systemd-devel
░░ 
░░ An ExecStart= process belonging to unit rpcbind.service has exited.
░░ 
░░ The process' exit code is 'exited' and its exit status is 1.
Sep 22 07:49:02 openeuler-riscv64 systemd[1]: rpcbind.service: Failed with result 'exit-code'.
░░ Subject: Unit failed
░░ Defined-By: systemd
░░ Support: https://lists.freedesktop.org/mailman/listinfo/systemd-devel
░░ 
░░ The unit rpcbind.service has entered the 'failed' state with result 'exit-code'.
Sep 22 07:49:02 openeuler-riscv64 systemd[1]: Failed to start RPC Bind.
░░ Subject: A start job for unit rpcbind.service has failed
░░ Defined-By: systemd
░░ Support: https://lists.freedesktop.org/mailman/listinfo/systemd-devel
░░ 
░░ A start job for unit rpcbind.service has finished with a failure.
░░ 
░░ The job identifier is 25481 and the job result is failed.
Sep 22 07:49:02 openeuler-riscv64 systemd[1]: Starting RPC Bind...
░░ Subject: A start job for unit rpcbind.service has begun execution
░░ Defined-By: systemd
░░ Support: https://lists.freedesktop.org/mailman/listinfo/systemd-devel
░░ 
░░ A start job for unit rpcbind.service has begun execution.
░░ 
░░ The job identifier is 25490.
Sep 22 07:49:03 openeuler-riscv64 systemd-tmpfiles[35954]: /usr/lib/tmpfiles.d/rpcbind.conf:2: Failed to resolve user 'rpc': No such process
Sep 22 07:49:03 openeuler-riscv64 rpcbind[35953]: rpcbind: /run/rpcbind/rpcbind.lock: No such file or directory
Sep 22 07:49:03 openeuler-riscv64 systemd[1]: rpcbind.service: Main process exited, code=exited, status=1/FAILURE
░░ Subject: Unit process exited
░░ Defined-By: systemd
░░ Support: https://lists.freedesktop.org/mailman/listinfo/systemd-devel
░░ 
░░ An ExecStart= process belonging to unit rpcbind.service has exited.
░░ 
░░ The process' exit code is 'exited' and its exit status is 1.
Sep 22 07:49:03 openeuler-riscv64 systemd[1]: rpcbind.service: Failed with result 'exit-code'.
░░ Subject: Unit failed
░░ Defined-By: systemd
░░ Support: https://lists.freedesktop.org/mailman/listinfo/systemd-devel
░░ 
░░ The unit rpcbind.service has entered the 'failed' state with result 'exit-code'.
Sep 22 07:49:03 openeuler-riscv64 systemd[1]: Failed to start RPC Bind.
░░ Subject: A start job for unit rpcbind.service has failed
░░ Defined-By: systemd
░░ Support: https://lists.freedesktop.org/mailman/listinfo/systemd-devel
░░ 
░░ A start job for unit rpcbind.service has finished with a failure.
░░ 
░░ The job identifier is 25490 and the job result is failed.
Sep 22 07:49:03 openeuler-riscv64 systemd[1]: Starting RPC Bind...
░░ Subject: A start job for unit rpcbind.service has begun execution
░░ Defined-By: systemd
░░ Support: https://lists.freedesktop.org/mailman/listinfo/systemd-devel
░░ 
░░ A start job for unit rpcbind.service has begun execution.
░░ 
░░ The job identifier is 25499.
Sep 22 07:49:03 openeuler-riscv64 systemd-tmpfiles[35958]: /usr/lib/tmpfiles.d/rpcbind.conf:2: Failed to resolve user 'rpc': No such process
Sep 22 07:49:03 openeuler-riscv64 rpcbind[35956]: rpcbind: /run/rpcbind/rpcbind.lock: No such file or directory
Sep 22 07:49:03 openeuler-riscv64 systemd[1]: rpcbind.service: Main process exited, code=exited, status=1/FAILURE
░░ Subject: Unit process exited
░░ Defined-By: systemd
░░ Support: https://lists.freedesktop.org/mailman/listinfo/systemd-devel
░░ 
░░ An ExecStart= process belonging to unit rpcbind.service has exited.
░░ 
░░ The process' exit code is 'exited' and its exit status is 1.
Sep 22 07:49:03 openeuler-riscv64 systemd[1]: rpcbind.service: Failed with result 'exit-code'.
░░ Subject: Unit failed
░░ Defined-By: systemd
░░ Support: https://lists.freedesktop.org/mailman/listinfo/systemd-devel
░░ 
░░ The unit rpcbind.service has entered the 'failed' state with result 'exit-code'.
Sep 22 07:49:03 openeuler-riscv64 systemd[1]: Failed to start RPC Bind.
░░ Subject: A start job for unit rpcbind.service has failed
░░ Defined-By: systemd
░░ Support: https://lists.freedesktop.org/mailman/listinfo/systemd-devel
░░ 
░░ A start job for unit rpcbind.service has finished with a failure.
░░ 
░░ The job identifier is 25499 and the job result is failed.
Sep 22 07:49:03 openeuler-riscv64 systemd[1]: rpcbind.service: Start request repeated too quickly.
Sep 22 07:49:03 openeuler-riscv64 systemd[1]: rpcbind.service: Failed with result 'exit-code'.
░░ Subject: Unit failed
░░ Defined-By: systemd
░░ Support: https://lists.freedesktop.org/mailman/listinfo/systemd-devel
░░ 
░░ The unit rpcbind.service has entered the 'failed' state with result 'exit-code'.
Sep 22 07:49:03 openeuler-riscv64 systemd[1]: Failed to start RPC Bind.
░░ Subject: A start job for unit rpcbind.service has failed
░░ Defined-By: systemd
░░ Support: https://lists.freedesktop.org/mailman/listinfo/systemd-devel
░░ 
░░ A start job for unit rpcbind.service has finished with a failure.
░░ 
░░ The job identifier is 25508 and the job result is failed.
Sep 22 07:49:03 openeuler-riscv64 systemd[1]: rpcbind.socket: Failed with result 'service-start-limit-hit'.
░░ Subject: Unit failed
░░ Defined-By: systemd
░░ Support: https://lists.freedesktop.org/mailman/listinfo/systemd-devel
░░ 
░░ The unit rpcbind.socket has entered the 'failed' state with result 'service-start-limit-hit'.
Sep 22 07:49:03 openeuler-riscv64 rpc.statd[35940]: Failed to register (statd, 1, udp): svc_reg() err: RPC: Remote system error - Connection refused
Sep 22 07:49:03 openeuler-riscv64 rpc.statd[35940]: Failed to register (statd, 1, tcp): svc_reg() err: RPC: Remote system error - Connection refused
Sep 22 07:49:04 openeuler-riscv64 rpc.statd[35940]: Failed to register (statd, 1, udp6): svc_reg() err: RPC: Remote system error - Connection refused
Sep 22 07:49:04 openeuler-riscv64 rpc.statd[35940]: Failed to register (statd, 1, tcp6): svc_reg() err: RPC: Remote system error - Connection refused
Sep 22 07:49:04 openeuler-riscv64 rpc.statd[35940]: failed to create RPC listeners, exiting
Sep 22 07:49:04 openeuler-riscv64 systemd[1]: rpc-statd.service: Control process exited, code=exited, status=1/FAILURE
░░ Subject: Unit process exited
░░ Defined-By: systemd
░░ Support: https://lists.freedesktop.org/mailman/listinfo/systemd-devel
░░ 
░░ An ExecStart= process belonging to unit rpc-statd.service has exited.
░░ 
░░ The process' exit code is 'exited' and its exit status is 1.
Sep 22 07:49:04 openeuler-riscv64 systemd[1]: rpc-statd.service: Failed with result 'exit-code'.
░░ Subject: Unit failed
░░ Defined-By: systemd
░░ Support: https://lists.freedesktop.org/mailman/listinfo/systemd-devel
░░ 
░░ The unit rpc-statd.service has entered the 'failed' state with result 'exit-code'.
Sep 22 07:49:04 openeuler-riscv64 systemd[1]: Failed to start NFS status monitor for NFSv2/3 locking..
░░ Subject: A start job for unit rpc-statd.service has failed
░░ Defined-By: systemd
░░ Support: https://lists.freedesktop.org/mailman/listinfo/systemd-devel
░░ 
░░ A start job for unit rpc-statd.service has finished with a failure.
░░ 
░░ The job identifier is 25382 and the job result is failed.
Sep 22 07:49:04 openeuler-riscv64 rpc.statd[35961]: Version 2.6.2 starting
Sep 22 07:49:04 openeuler-riscv64 rpc.statd[35961]: Flags: TI-RPC
Sep 22 07:49:04 openeuler-riscv64 rpc.statd[35961]: Failed to register (statd, 1, udp): svc_reg() err: RPC: Remote system error - Connection refused
Sep 22 07:49:04 openeuler-riscv64 rpc.statd[35961]: Failed to register (statd, 1, tcp): svc_reg() err: RPC: Remote system error - Connection refused
Sep 22 07:49:04 openeuler-riscv64 rpc.statd[35961]: Failed to register (statd, 1, udp6): svc_reg() err: RPC: Remote system error - Connection refused
Sep 22 07:49:04 openeuler-riscv64 rpc.statd[35961]: Failed to register (statd, 1, tcp6): svc_reg() err: RPC: Remote system error - Connection refused
Sep 22 07:49:04 openeuler-riscv64 rpc.statd[35961]: failed to create RPC listeners, exiting
Sep 22 07:49:16 openeuler-riscv64 systemctl[35966]: [systemctl start rpc-statd.service] called by PID 35962 (/bin/sh /usr/sbin/start-statd)
Sep 22 07:49:16 openeuler-riscv64 systemd[1]: Listening on RPCbind Server Activation Socket.
░░ Subject: A start job for unit rpcbind.socket has finished successfully
░░ Defined-By: systemd
░░ Support: https://lists.freedesktop.org/mailman/listinfo/systemd-devel
░░ 
░░ A start job for unit rpcbind.socket has finished successfully.
░░ 
░░ The job identifier is 25520.
Sep 22 07:49:17 openeuler-riscv64 systemd[1]: Starting NFS status monitor for NFSv2/3 locking....
░░ Subject: A start job for unit rpc-statd.service has begun execution
░░ Defined-By: systemd
░░ Support: https://lists.freedesktop.org/mailman/listinfo/systemd-devel
░░ 
░░ A start job for unit rpc-statd.service has begun execution.
░░ 
░░ The job identifier is 25517.
Sep 22 07:49:17 openeuler-riscv64 rpc.statd[35969]: Version 2.6.2 starting
Sep 22 07:49:17 openeuler-riscv64 rpc.statd[35969]: Flags: TI-RPC
Sep 22 07:49:17 openeuler-riscv64 systemd[1]: Starting RPC Bind...
░░ Subject: A start job for unit rpcbind.service has begun execution
░░ Defined-By: systemd
░░ Support: https://lists.freedesktop.org/mailman/listinfo/systemd-devel
░░ 
░░ A start job for unit rpcbind.service has begun execution.
░░ 
░░ The job identifier is 25598.
Sep 22 07:49:17 openeuler-riscv64 systemd-tmpfiles[35971]: /usr/lib/tmpfiles.d/rpcbind.conf:2: Failed to resolve user 'rpc': No such process
Sep 22 07:49:17 openeuler-riscv64 rpcbind[35970]: rpcbind: /run/rpcbind/rpcbind.lock: No such file or directory
Sep 22 07:49:17 openeuler-riscv64 systemd[1]: rpcbind.service: Main process exited, code=exited, status=1/FAILURE
░░ Subject: Unit process exited
░░ Defined-By: systemd
░░ Support: https://lists.freedesktop.org/mailman/listinfo/systemd-devel
░░ 
░░ An ExecStart= process belonging to unit rpcbind.service has exited.
░░ 
░░ The process' exit code is 'exited' and its exit status is 1.
Sep 22 07:49:17 openeuler-riscv64 systemd[1]: rpcbind.service: Failed with result 'exit-code'.
░░ Subject: Unit failed
░░ Defined-By: systemd
░░ Support: https://lists.freedesktop.org/mailman/listinfo/systemd-devel
░░ 
░░ The unit rpcbind.service has entered the 'failed' state with result 'exit-code'.
Sep 22 07:49:17 openeuler-riscv64 systemd[1]: Failed to start RPC Bind.
░░ Subject: A start job for unit rpcbind.service has failed
░░ Defined-By: systemd
░░ Support: https://lists.freedesktop.org/mailman/listinfo/systemd-devel
░░ 
░░ A start job for unit rpcbind.service has finished with a failure.
░░ 
░░ The job identifier is 25598 and the job result is failed.
Sep 22 07:49:18 openeuler-riscv64 systemd[1]: Starting RPC Bind...
░░ Subject: A start job for unit rpcbind.service has begun execution
░░ Defined-By: systemd
░░ Support: https://lists.freedesktop.org/mailman/listinfo/systemd-devel
░░ 
░░ A start job for unit rpcbind.service has begun execution.
░░ 
░░ The job identifier is 25607.
Sep 22 07:49:18 openeuler-riscv64 systemd-tmpfiles[35974]: /usr/lib/tmpfiles.d/rpcbind.conf:2: Failed to resolve user 'rpc': No such process
Sep 22 07:49:18 openeuler-riscv64 rpcbind[35973]: rpcbind: /run/rpcbind/rpcbind.lock: No such file or directory
Sep 22 07:49:18 openeuler-riscv64 systemd[1]: rpcbind.service: Main process exited, code=exited, status=1/FAILURE
░░ Subject: Unit process exited
░░ Defined-By: systemd
░░ Support: https://lists.freedesktop.org/mailman/listinfo/systemd-devel
░░ 
░░ An ExecStart= process belonging to unit rpcbind.service has exited.
░░ 
░░ The process' exit code is 'exited' and its exit status is 1.
Sep 22 07:49:18 openeuler-riscv64 systemd[1]: rpcbind.service: Failed with result 'exit-code'.
░░ Subject: Unit failed
░░ Defined-By: systemd
░░ Support: https://lists.freedesktop.org/mailman/listinfo/systemd-devel
░░ 
░░ The unit rpcbind.service has entered the 'failed' state with result 'exit-code'.
Sep 22 07:49:18 openeuler-riscv64 systemd[1]: Failed to start RPC Bind.
░░ Subject: A start job for unit rpcbind.service has failed
░░ Defined-By: systemd
░░ Support: https://lists.freedesktop.org/mailman/listinfo/systemd-devel
░░ 
░░ A start job for unit rpcbind.service has finished with a failure.
░░ 
░░ The job identifier is 25607 and the job result is failed.
Sep 22 07:49:18 openeuler-riscv64 systemd[1]: Starting RPC Bind...
░░ Subject: A start job for unit rpcbind.service has begun execution
░░ Defined-By: systemd
░░ Support: https://lists.freedesktop.org/mailman/listinfo/systemd-devel
░░ 
░░ A start job for unit rpcbind.service has begun execution.
░░ 
░░ The job identifier is 25616.
Sep 22 07:49:19 openeuler-riscv64 systemd-tmpfiles[35977]: /usr/lib/tmpfiles.d/rpcbind.conf:2: Failed to resolve user 'rpc': No such process
Sep 22 07:49:19 openeuler-riscv64 rpcbind[35976]: rpcbind: /run/rpcbind/rpcbind.lock: No such file or directory
Sep 22 07:49:19 openeuler-riscv64 systemd[1]: rpcbind.service: Main process exited, code=exited, status=1/FAILURE
░░ Subject: Unit process exited
░░ Defined-By: systemd
░░ Support: https://lists.freedesktop.org/mailman/listinfo/systemd-devel
░░ 
░░ An ExecStart= process belonging to unit rpcbind.service has exited.
░░ 
░░ The process' exit code is 'exited' and its exit status is 1.
Sep 22 07:49:19 openeuler-riscv64 systemd[1]: rpcbind.service: Failed with result 'exit-code'.
░░ Subject: Unit failed
░░ Defined-By: systemd
░░ Support: https://lists.freedesktop.org/mailman/listinfo/systemd-devel
░░ 
░░ The unit rpcbind.service has entered the 'failed' state with result 'exit-code'.
Sep 22 07:49:19 openeuler-riscv64 systemd[1]: Failed to start RPC Bind.
