Sep 22 06:57:17 openeuler-riscv64 NetworkManager[687]: <info>  [1695337037.2058] device (enp0s4): state change: config -> ip-config (reason 'none', sys-iface-state: 'managed')
Sep 22 06:57:17 openeuler-riscv64 NetworkManager[687]: <info>  [1695337037.2199] dhcp4 (enp0s4): activation: beginning transaction (timeout in 45 seconds)
Sep 22 06:57:17 openeuler-riscv64 NetworkManager[687]: <info>  [1695337037.2812] dhcp4 (enp0s4): dhclient started with pid 31834
Sep 22 06:57:17 openeuler-riscv64 dhclient[31834]: DHCPDISCOVER on enp0s4 to 255.255.255.255 port 67 interval 7 (xid=0xaaadff7e)
Sep 22 06:57:19 openeuler-riscv64 systemctl[31841]: [systemctl stop firewalld] called by PID 31824 (bash -x oe_test_storage_nfs_mount_readonly.sh)
Sep 22 06:57:20 openeuler-riscv64 NetworkManager[687]: <info>  [1695337040.0358] policy: auto-activating connection 'Wired connection 3' (800d7b73-acc8-340d-b155-140a870391e2)
Sep 22 06:57:20 openeuler-riscv64 NetworkManager[687]: <info>  [1695337040.0473] device (enp0s5): Activation: starting connection 'Wired connection 3' (800d7b73-acc8-340d-b155-140a870391e2)
Sep 22 06:57:20 openeuler-riscv64 NetworkManager[687]: <info>  [1695337040.0498] device (enp0s5): state change: disconnected -> prepare (reason 'none', sys-iface-state: 'managed')
Sep 22 06:57:20 openeuler-riscv64 NetworkManager[687]: <info>  [1695337040.0576] device (enp0s5): state change: prepare -> config (reason 'none', sys-iface-state: 'managed')
Sep 22 06:57:20 openeuler-riscv64 NetworkManager[687]: <info>  [1695337040.0839] device (enp0s5): state change: config -> ip-config (reason 'none', sys-iface-state: 'managed')
Sep 22 06:57:20 openeuler-riscv64 NetworkManager[687]: <info>  [1695337040.1037] dhcp4 (enp0s5): activation: beginning transaction (timeout in 45 seconds)
Sep 22 06:57:20 openeuler-riscv64 NetworkManager[687]: <info>  [1695337040.1816] dhcp4 (enp0s5): dhclient started with pid 31849
Sep 22 06:57:20 openeuler-riscv64 dhclient[31849]: DHCPDISCOVER on enp0s5 to 255.255.255.255 port 67 interval 6 (xid=0x548d2531)
Sep 22 06:57:24 openeuler-riscv64 dhclient[31834]: DHCPDISCOVER on enp0s4 to 255.255.255.255 port 67 interval 9 (xid=0xaaadff7e)
Sep 22 06:57:26 openeuler-riscv64 dhclient[31849]: DHCPDISCOVER on enp0s5 to 255.255.255.255 port 67 interval 14 (xid=0x548d2531)
Sep 22 06:57:33 openeuler-riscv64 dhclient[31834]: DHCPDISCOVER on enp0s4 to 255.255.255.255 port 67 interval 19 (xid=0xaaadff7e)
Sep 22 06:57:40 openeuler-riscv64 dhclient[31849]: DHCPDISCOVER on enp0s5 to 255.255.255.255 port 67 interval 20 (xid=0x548d2531)
Sep 22 06:57:52 openeuler-riscv64 dhclient[31834]: DHCPDISCOVER on enp0s4 to 255.255.255.255 port 67 interval 20 (xid=0xaaadff7e)
Sep 22 06:58:00 openeuler-riscv64 dhclient[31849]: DHCPDISCOVER on enp0s5 to 255.255.255.255 port 67 interval 15 (xid=0x548d2531)
Sep 22 06:58:02 openeuler-riscv64 NetworkManager[687]: <info>  [1695337082.0346] device (enp0s4): state change: ip-config -> failed (reason 'ip-config-unavailable', sys-iface-state: 'managed')
Sep 22 06:58:02 openeuler-riscv64 NetworkManager[687]: <warn>  [1695337082.0464] device (enp0s4): Activation: failed for connection 'Wired connection 2'
Sep 22 06:58:02 openeuler-riscv64 NetworkManager[687]: <info>  [1695337082.0519] device (enp0s4): state change: failed -> disconnected (reason 'none', sys-iface-state: 'managed')
Sep 22 06:58:02 openeuler-riscv64 NetworkManager[687]: <info>  [1695337082.1121] dhcp4 (enp0s4): canceled DHCP transaction, DHCP client pid 31834
Sep 22 06:58:02 openeuler-riscv64 NetworkManager[687]: <info>  [1695337082.1128] dhcp4 (enp0s4): activation: beginning transaction (timeout in 45 seconds)
Sep 22 06:58:02 openeuler-riscv64 NetworkManager[687]: <info>  [1695337082.1140] dhcp4 (enp0s4): state changed no lease
Sep 22 06:58:02 openeuler-riscv64 NetworkManager[687]: <info>  [1695337082.4084] policy: auto-activating connection 'Wired connection 2' (0b05253b-3ac2-381f-a7e6-29e95faca6b0)
Sep 22 06:58:02 openeuler-riscv64 NetworkManager[687]: <info>  [1695337082.4178] device (enp0s4): Activation: starting connection 'Wired connection 2' (0b05253b-3ac2-381f-a7e6-29e95faca6b0)
Sep 22 06:58:02 openeuler-riscv64 NetworkManager[687]: <info>  [1695337082.4204] device (enp0s4): state change: disconnected -> prepare (reason 'none', sys-iface-state: 'managed')
Sep 22 06:58:02 openeuler-riscv64 NetworkManager[687]: <info>  [1695337082.4276] device (enp0s4): state change: prepare -> config (reason 'none', sys-iface-state: 'managed')
Sep 22 06:58:02 openeuler-riscv64 NetworkManager[687]: <info>  [1695337082.4391] device (enp0s4): state change: config -> ip-config (reason 'none', sys-iface-state: 'managed')
Sep 22 06:58:02 openeuler-riscv64 NetworkManager[687]: <info>  [1695337082.4493] dhcp4 (enp0s4): activation: beginning transaction (timeout in 45 seconds)
Sep 22 06:58:02 openeuler-riscv64 NetworkManager[687]: <info>  [1695337082.5135] dhcp4 (enp0s4): dhclient started with pid 31894
Sep 22 06:58:02 openeuler-riscv64 dhclient[31894]: DHCPDISCOVER on enp0s4 to 255.255.255.255 port 67 interval 3 (xid=0x190d3419)
Sep 22 06:58:05 openeuler-riscv64 NetworkManager[687]: <info>  [1695337085.0346] device (enp0s5): state change: ip-config -> failed (reason 'ip-config-unavailable', sys-iface-state: 'managed')
Sep 22 06:58:05 openeuler-riscv64 NetworkManager[687]: <warn>  [1695337085.0465] device (enp0s5): Activation: failed for connection 'Wired connection 3'
Sep 22 06:58:05 openeuler-riscv64 NetworkManager[687]: <info>  [1695337085.0511] device (enp0s5): state change: failed -> disconnected (reason 'none', sys-iface-state: 'managed')
Sep 22 06:58:05 openeuler-riscv64 NetworkManager[687]: <info>  [1695337085.0916] dhcp4 (enp0s5): canceled DHCP transaction, DHCP client pid 31849
Sep 22 06:58:05 openeuler-riscv64 NetworkManager[687]: <info>  [1695337085.0921] dhcp4 (enp0s5): activation: beginning transaction (timeout in 45 seconds)
Sep 22 06:58:05 openeuler-riscv64 NetworkManager[687]: <info>  [1695337085.0925] dhcp4 (enp0s5): state changed no lease
Sep 22 06:58:05 openeuler-riscv64 NetworkManager[687]: <info>  [1695337085.3817] policy: auto-activating connection 'Wired connection 3' (800d7b73-acc8-340d-b155-140a870391e2)
Sep 22 06:58:05 openeuler-riscv64 NetworkManager[687]: <info>  [1695337085.3923] device (enp0s5): Activation: starting connection 'Wired connection 3' (800d7b73-acc8-340d-b155-140a870391e2)
Sep 22 06:58:05 openeuler-riscv64 NetworkManager[687]: <info>  [1695337085.3946] device (enp0s5): state change: disconnected -> prepare (reason 'none', sys-iface-state: 'managed')
Sep 22 06:58:05 openeuler-riscv64 NetworkManager[687]: <info>  [1695337085.4016] device (enp0s5): state change: prepare -> config (reason 'none', sys-iface-state: 'managed')
Sep 22 06:58:05 openeuler-riscv64 NetworkManager[687]: <info>  [1695337085.4149] device (enp0s5): state change: config -> ip-config (reason 'none', sys-iface-state: 'managed')
Sep 22 06:58:05 openeuler-riscv64 NetworkManager[687]: <info>  [1695337085.4263] dhcp4 (enp0s5): activation: beginning transaction (timeout in 45 seconds)
Sep 22 06:58:05 openeuler-riscv64 NetworkManager[687]: <info>  [1695337085.4837] dhcp4 (enp0s5): dhclient started with pid 31905
Sep 22 06:58:05 openeuler-riscv64 dhclient[31905]: DHCPDISCOVER on enp0s5 to 255.255.255.255 port 67 interval 5 (xid=0x2ab9a80c)
Sep 22 06:58:06 openeuler-riscv64 dhclient[31894]: DHCPDISCOVER on enp0s4 to 255.255.255.255 port 67 interval 5 (xid=0x190d3419)
Sep 22 06:58:10 openeuler-riscv64 dhclient[31905]: DHCPDISCOVER on enp0s5 to 255.255.255.255 port 67 interval 9 (xid=0x2ab9a80c)
Sep 22 06:58:11 openeuler-riscv64 dhclient[31894]: DHCPDISCOVER on enp0s4 to 255.255.255.255 port 67 interval 9 (xid=0x190d3419)
Sep 22 06:58:19 openeuler-riscv64 dhclient[31905]: DHCPDISCOVER on enp0s5 to 255.255.255.255 port 67 interval 9 (xid=0x2ab9a80c)
Sep 22 06:58:20 openeuler-riscv64 dhclient[31894]: DHCPDISCOVER on enp0s4 to 255.255.255.255 port 67 interval 18 (xid=0x190d3419)
Sep 22 06:58:28 openeuler-riscv64 dhclient[31905]: DHCPDISCOVER on enp0s5 to 255.255.255.255 port 67 interval 11 (xid=0x2ab9a80c)
Sep 22 06:58:38 openeuler-riscv64 dhclient[31894]: DHCPDISCOVER on enp0s4 to 255.255.255.255 port 67 interval 10 (xid=0x190d3419)
Sep 22 06:58:39 openeuler-riscv64 dhclient[31905]: DHCPDISCOVER on enp0s5 to 255.255.255.255 port 67 interval 12 (xid=0x2ab9a80c)
Sep 22 06:58:48 openeuler-riscv64 NetworkManager[687]: <info>  [1695337128.0385] device (enp0s4): state change: ip-config -> failed (reason 'ip-config-unavailable', sys-iface-state: 'managed')
Sep 22 06:58:48 openeuler-riscv64 NetworkManager[687]: <warn>  [1695337128.0504] device (enp0s4): Activation: failed for connection 'Wired connection 2'
Sep 22 06:58:48 openeuler-riscv64 NetworkManager[687]: <info>  [1695337128.0563] device (enp0s4): state change: failed -> disconnected (reason 'none', sys-iface-state: 'managed')
Sep 22 06:58:48 openeuler-riscv64 NetworkManager[687]: <info>  [1695337128.0999] dhcp4 (enp0s4): canceled DHCP transaction, DHCP client pid 31894
Sep 22 06:58:48 openeuler-riscv64 NetworkManager[687]: <info>  [1695337128.1006] dhcp4 (enp0s4): activation: beginning transaction (timeout in 45 seconds)
Sep 22 06:58:48 openeuler-riscv64 NetworkManager[687]: <info>  [1695337128.1012] dhcp4 (enp0s4): state changed no lease
Sep 22 06:58:48 openeuler-riscv64 NetworkManager[687]: <info>  [1695337128.4296] policy: auto-activating connection 'Wired connection 2' (0b05253b-3ac2-381f-a7e6-29e95faca6b0)
Sep 22 06:58:48 openeuler-riscv64 NetworkManager[687]: <info>  [1695337128.4397] device (enp0s4): Activation: starting connection 'Wired connection 2' (0b05253b-3ac2-381f-a7e6-29e95faca6b0)
Sep 22 06:58:48 openeuler-riscv64 NetworkManager[687]: <info>  [1695337128.4424] device (enp0s4): state change: disconnected -> prepare (reason 'none', sys-iface-state: 'managed')
Sep 22 06:58:48 openeuler-riscv64 NetworkManager[687]: <info>  [1695337128.4499] device (enp0s4): state change: prepare -> config (reason 'none', sys-iface-state: 'managed')
Sep 22 06:58:48 openeuler-riscv64 NetworkManager[687]: <info>  [1695337128.4637] device (enp0s4): state change: config -> ip-config (reason 'none', sys-iface-state: 'managed')
Sep 22 06:58:48 openeuler-riscv64 NetworkManager[687]: <info>  [1695337128.4752] dhcp4 (enp0s4): activation: beginning transaction (timeout in 45 seconds)
Sep 22 06:58:48 openeuler-riscv64 NetworkManager[687]: <info>  [1695337128.5321] dhcp4 (enp0s4): dhclient started with pid 31917
Sep 22 06:58:48 openeuler-riscv64 dhclient[31917]: DHCPDISCOVER on enp0s4 to 255.255.255.255 port 67 interval 6 (xid=0xcb98153d)
Sep 22 06:58:51 openeuler-riscv64 NetworkManager[687]: <info>  [1695337131.0349] device (enp0s5): state change: ip-config -> failed (reason 'ip-config-unavailable', sys-iface-state: 'managed')
Sep 22 06:58:51 openeuler-riscv64 NetworkManager[687]: <warn>  [1695337131.0533] device (enp0s5): Activation: failed for connection 'Wired connection 3'
Sep 22 06:58:51 openeuler-riscv64 NetworkManager[687]: <info>  [1695337131.0614] device (enp0s5): state change: failed -> disconnected (reason 'none', sys-iface-state: 'managed')
Sep 22 06:58:51 openeuler-riscv64 NetworkManager[687]: <info>  [1695337131.1035] dhcp4 (enp0s5): canceled DHCP transaction, DHCP client pid 31905
Sep 22 06:58:51 openeuler-riscv64 NetworkManager[687]: <info>  [1695337131.1042] dhcp4 (enp0s5): activation: beginning transaction (timeout in 45 seconds)
Sep 22 06:58:51 openeuler-riscv64 NetworkManager[687]: <info>  [1695337131.1046] dhcp4 (enp0s5): state changed no lease
Sep 22 06:58:51 openeuler-riscv64 NetworkManager[687]: <info>  [1695337131.3991] policy: auto-activating connection 'Wired connection 3' (800d7b73-acc8-340d-b155-140a870391e2)
Sep 22 06:58:51 openeuler-riscv64 NetworkManager[687]: <info>  [1695337131.4089] device (enp0s5): Activation: starting connection 'Wired connection 3' (800d7b73-acc8-340d-b155-140a870391e2)
Sep 22 06:58:51 openeuler-riscv64 NetworkManager[687]: <info>  [1695337131.4112] device (enp0s5): state change: disconnected -> prepare (reason 'none', sys-iface-state: 'managed')
Sep 22 06:58:51 openeuler-riscv64 NetworkManager[687]: <info>  [1695337131.4183] device (enp0s5): state change: prepare -> config (reason 'none', sys-iface-state: 'managed')
Sep 22 06:58:51 openeuler-riscv64 NetworkManager[687]: <info>  [1695337131.4303] device (enp0s5): state change: config -> ip-config (reason 'none', sys-iface-state: 'managed')
Sep 22 06:58:51 openeuler-riscv64 NetworkManager[687]: <info>  [1695337131.4407] dhcp4 (enp0s5): activation: beginning transaction (timeout in 45 seconds)
Sep 22 06:58:51 openeuler-riscv64 NetworkManager[687]: <info>  [1695337131.5032] dhcp4 (enp0s5): dhclient started with pid 31928
Sep 22 06:58:51 openeuler-riscv64 dhclient[31928]: DHCPDISCOVER on enp0s5 to 255.255.255.255 port 67 interval 3 (xid=0xe629d01b)
Sep 22 06:58:54 openeuler-riscv64 dhclient[31928]: DHCPDISCOVER on enp0s5 to 255.255.255.255 port 67 interval 8 (xid=0xe629d01b)
Sep 22 06:58:55 openeuler-riscv64 dhclient[31917]: DHCPDISCOVER on enp0s4 to 255.255.255.255 port 67 interval 8 (xid=0xcb98153d)
Sep 22 06:59:02 openeuler-riscv64 dhclient[31928]: DHCPDISCOVER on enp0s5 to 255.255.255.255 port 67 interval 10 (xid=0xe629d01b)
Sep 22 06:59:03 openeuler-riscv64 dhclient[31917]: DHCPDISCOVER on enp0s4 to 255.255.255.255 port 67 interval 14 (xid=0xcb98153d)
Sep 22 06:59:12 openeuler-riscv64 dhclient[31928]: DHCPDISCOVER on enp0s5 to 255.255.255.255 port 67 interval 18 (xid=0xe629d01b)
Sep 22 06:59:17 openeuler-riscv64 dhclient[31917]: DHCPDISCOVER on enp0s4 to 255.255.255.255 port 67 interval 17 (xid=0xcb98153d)
Sep 22 06:59:30 openeuler-riscv64 dhclient[31928]: DHCPDISCOVER on enp0s5 to 255.255.255.255 port 67 interval 18 (xid=0xe629d01b)
Sep 22 06:59:34 openeuler-riscv64 NetworkManager[687]: <info>  [1695337174.0346] device (enp0s4): state change: ip-config -> failed (reason 'ip-config-unavailable', sys-iface-state: 'managed')
Sep 22 06:59:34 openeuler-riscv64 NetworkManager[687]: <warn>  [1695337174.0598] device (enp0s4): Activation: failed for connection 'Wired connection 2'
Sep 22 06:59:34 openeuler-riscv64 NetworkManager[687]: <info>  [1695337174.0662] device (enp0s4): state change: failed -> disconnected (reason 'none', sys-iface-state: 'managed')
Sep 22 06:59:34 openeuler-riscv64 NetworkManager[687]: <info>  [1695337174.0959] dhcp4 (enp0s4): canceled DHCP transaction, DHCP client pid 31917
Sep 22 06:59:34 openeuler-riscv64 NetworkManager[687]: <info>  [1695337174.0967] dhcp4 (enp0s4): activation: beginning transaction (timeout in 45 seconds)
Sep 22 06:59:34 openeuler-riscv64 NetworkManager[687]: <info>  [1695337174.0974] dhcp4 (enp0s4): state changed no lease
Sep 22 06:59:34 openeuler-riscv64 NetworkManager[687]: <info>  [1695337174.4240] policy: auto-activating connection 'Wired connection 2' (0b05253b-3ac2-381f-a7e6-29e95faca6b0)
Sep 22 06:59:34 openeuler-riscv64 NetworkManager[687]: <info>  [1695337174.4336] device (enp0s4): Activation: starting connection 'Wired connection 2' (0b05253b-3ac2-381f-a7e6-29e95faca6b0)
Sep 22 06:59:34 openeuler-riscv64 NetworkManager[687]: <info>  [1695337174.4355] device (enp0s4): state change: disconnected -> prepare (reason 'none', sys-iface-state: 'managed')
Sep 22 06:59:34 openeuler-riscv64 NetworkManager[687]: <info>  [1695337174.4435] device (enp0s4): state change: prepare -> config (reason 'none', sys-iface-state: 'managed')
Sep 22 06:59:34 openeuler-riscv64 NetworkManager[687]: <info>  [1695337174.4565] device (enp0s4): state change: config -> ip-config (reason 'none', sys-iface-state: 'managed')
Sep 22 06:59:34 openeuler-riscv64 NetworkManager[687]: <info>  [1695337174.4679] dhcp4 (enp0s4): activation: beginning transaction (timeout in 45 seconds)
Sep 22 06:59:34 openeuler-riscv64 NetworkManager[687]: <info>  [1695337174.5257] dhcp4 (enp0s4): dhclient started with pid 31947
Sep 22 06:59:34 openeuler-riscv64 dhclient[31947]: DHCPDISCOVER on enp0s4 to 255.255.255.255 port 67 interval 8 (xid=0xe8d66862)
Sep 22 06:59:37 openeuler-riscv64 NetworkManager[687]: <info>  [1695337177.0345] device (enp0s5): state change: ip-config -> failed (reason 'ip-config-unavailable', sys-iface-state: 'managed')
Sep 22 06:59:37 openeuler-riscv64 NetworkManager[687]: <warn>  [1695337177.0475] device (enp0s5): Activation: failed for connection 'Wired connection 3'
Sep 22 06:59:37 openeuler-riscv64 NetworkManager[687]: <info>  [1695337177.0528] device (enp0s5): state change: failed -> disconnected (reason 'none', sys-iface-state: 'managed')
Sep 22 06:59:37 openeuler-riscv64 NetworkManager[687]: <info>  [1695337177.0866] dhcp4 (enp0s5): canceled DHCP transaction, DHCP client pid 31928
Sep 22 06:59:37 openeuler-riscv64 NetworkManager[687]: <info>  [1695337177.0874] dhcp4 (enp0s5): activation: beginning transaction (timeout in 45 seconds)
Sep 22 06:59:37 openeuler-riscv64 NetworkManager[687]: <info>  [1695337177.0878] dhcp4 (enp0s5): state changed no lease
Sep 22 06:59:37 openeuler-riscv64 NetworkManager[687]: <info>  [1695337177.3754] policy: auto-activating connection 'Wired connection 3' (800d7b73-acc8-340d-b155-140a870391e2)
Sep 22 06:59:37 openeuler-riscv64 NetworkManager[687]: <info>  [1695337177.3848] device (enp0s5): Activation: starting connection 'Wired connection 3' (800d7b73-acc8-340d-b155-140a870391e2)
Sep 22 06:59:37 openeuler-riscv64 NetworkManager[687]: <info>  [1695337177.3869] device (enp0s5): state change: disconnected -> prepare (reason 'none', sys-iface-state: 'managed')
Sep 22 06:59:37 openeuler-riscv64 NetworkManager[687]: <info>  [1695337177.3931] device (enp0s5): state change: prepare -> config (reason 'none', sys-iface-state: 'managed')
Sep 22 06:59:37 openeuler-riscv64 NetworkManager[687]: <info>  [1695337177.4060] device (enp0s5): state change: config -> ip-config (reason 'none', sys-iface-state: 'managed')
Sep 22 06:59:37 openeuler-riscv64 NetworkManager[687]: <info>  [1695337177.4166] dhcp4 (enp0s5): activation: beginning transaction (timeout in 45 seconds)
Sep 22 06:59:37 openeuler-riscv64 NetworkManager[687]: <info>  [1695337177.4784] dhcp4 (enp0s5): dhclient started with pid 31960
Sep 22 06:59:37 openeuler-riscv64 dhclient[31960]: DHCPDISCOVER on enp0s5 to 255.255.255.255 port 67 interval 8 (xid=0xdeba5d3a)
Sep 22 06:59:42 openeuler-riscv64 dhclient[31947]: DHCPDISCOVER on enp0s4 to 255.255.255.255 port 67 interval 10 (xid=0xe8d66862)
Sep 22 06:59:45 openeuler-riscv64 dhclient[31960]: DHCPDISCOVER on enp0s5 to 255.255.255.255 port 67 interval 9 (xid=0xdeba5d3a)
Sep 22 06:59:52 openeuler-riscv64 dhclient[31947]: DHCPDISCOVER on enp0s4 to 255.255.255.255 port 67 interval 11 (xid=0xe8d66862)
Sep 22 06:59:54 openeuler-riscv64 dhclient[31960]: DHCPDISCOVER on enp0s5 to 255.255.255.255 port 67 interval 16 (xid=0xdeba5d3a)
Sep 22 07:00:00 openeuler-riscv64 systemctl[31997]: [systemctl restart nfs-server rpcbind] called by PID 31824 (bash -x oe_test_storage_nfs_mount_readonly.sh)
Sep 22 07:00:00 openeuler-riscv64 systemd[1]: Starting system activity accounting tool...
░░ Subject: A start job for unit sysstat-collect.service has begun execution
░░ Defined-By: systemd
░░ Support: https://lists.freedesktop.org/mailman/listinfo/systemd-devel
░░ 
░░ A start job for unit sysstat-collect.service has begun execution.
░░ 
░░ The job identifier is 12574.
Sep 22 07:00:00 openeuler-riscv64 systemd[1]: Kernel Module supporting RPCSEC_GSS was skipped because of an unmet condition check (ConditionPathExists=/etc/krb5.keytab).
░░ Subject: A start job for unit auth-rpcgss-module.service has finished successfully
░░ Defined-By: systemd
░░ Support: https://lists.freedesktop.org/mailman/listinfo/systemd-devel
░░ 
░░ A start job for unit auth-rpcgss-module.service has finished successfully.
░░ 
░░ The job identifier is 12655.
Sep 22 07:00:00 openeuler-riscv64 systemd[1]: Listening on RPCbind Server Activation Socket.
░░ Subject: A start job for unit rpcbind.socket has finished successfully
░░ Defined-By: systemd
░░ Support: https://lists.freedesktop.org/mailman/listinfo/systemd-devel
░░ 
░░ A start job for unit rpcbind.socket has finished successfully.
░░ 
░░ The job identifier is 12729.
Sep 22 07:00:00 openeuler-riscv64 systemd[1]: Starting NFSv4 ID-name mapping service...
░░ Subject: A start job for unit nfs-idmapd.service has begun execution
░░ Defined-By: systemd
░░ Support: https://lists.freedesktop.org/mailman/listinfo/systemd-devel
░░ 
░░ A start job for unit nfs-idmapd.service has begun execution.
░░ 
░░ The job identifier is 12731.
Sep 22 07:00:00 openeuler-riscv64 systemd[1]: Starting NFS Mount Daemon...
░░ Subject: A start job for unit nfs-mountd.service has begun execution
░░ Defined-By: systemd
░░ Support: https://lists.freedesktop.org/mailman/listinfo/systemd-devel
░░ 
░░ A start job for unit nfs-mountd.service has begun execution.
░░ 
░░ The job identifier is 12653.
Sep 22 07:00:00 openeuler-riscv64 rpc.idmapd[32001]: Setting log level to 0
Sep 22 07:00:00 openeuler-riscv64 systemd[1]: RPC security service for NFS client and server was skipped because of an unmet condition check (ConditionPathExists=/etc/krb5.keytab).
░░ Subject: A start job for unit rpc-gssd.service has finished successfully
░░ Defined-By: systemd
░░ Support: https://lists.freedesktop.org/mailman/listinfo/systemd-devel
░░ 
░░ A start job for unit rpc-gssd.service has finished successfully.
░░ 
░░ The job identifier is 12724.
Sep 22 07:00:01 openeuler-riscv64 systemd[1]: Starting RPC Bind...
░░ Subject: A start job for unit rpcbind.service has begun execution
░░ Defined-By: systemd
░░ Support: https://lists.freedesktop.org/mailman/listinfo/systemd-devel
░░ 
░░ A start job for unit rpcbind.service has begun execution.
░░ 
░░ The job identifier is 12728.
Sep 22 07:00:01 openeuler-riscv64 systemd[1]: sysstat-collect.service: Deactivated successfully.
░░ Subject: Unit succeeded
░░ Defined-By: systemd
░░ Support: https://lists.freedesktop.org/mailman/listinfo/systemd-devel
░░ 
░░ The unit sysstat-collect.service has successfully entered the 'dead' state.
Sep 22 07:00:01 openeuler-riscv64 systemd[1]: Finished system activity accounting tool.
░░ Subject: A start job for unit sysstat-collect.service has finished successfully
░░ Defined-By: systemd
░░ Support: https://lists.freedesktop.org/mailman/listinfo/systemd-devel
░░ 
░░ A start job for unit sysstat-collect.service has finished successfully.
░░ 
░░ The job identifier is 12574.
Sep 22 07:00:01 openeuler-riscv64 systemd[1]: Started NFSv4 ID-name mapping service.
░░ Subject: A start job for unit nfs-idmapd.service has finished successfully
░░ Defined-By: systemd
░░ Support: https://lists.freedesktop.org/mailman/listinfo/systemd-devel
░░ 
░░ A start job for unit nfs-idmapd.service has finished successfully.
░░ 
░░ The job identifier is 12731.
Sep 22 07:00:01 openeuler-riscv64 systemd[1]: rpcbind.service: Deactivated successfully.
░░ Subject: Unit succeeded
░░ Defined-By: systemd
░░ Support: https://lists.freedesktop.org/mailman/listinfo/systemd-devel
░░ 
░░ The unit rpcbind.service has successfully entered the 'dead' state.
Sep 22 07:00:01 openeuler-riscv64 systemd[1]: Stopped RPC Bind.
░░ Subject: A stop job for unit rpcbind.service has finished
░░ Defined-By: systemd
░░ Support: https://lists.freedesktop.org/mailman/listinfo/systemd-devel
░░ 
░░ A stop job for unit rpcbind.service has finished.
░░ 
░░ The job identifier is 12728 and the job result is done.
Sep 22 07:00:01 openeuler-riscv64 systemd[1]: Starting RPC Bind...
░░ Subject: A start job for unit rpcbind.service has begun execution
░░ Defined-By: systemd
░░ Support: https://lists.freedesktop.org/mailman/listinfo/systemd-devel
░░ 
░░ A start job for unit rpcbind.service has begun execution.
░░ 
░░ The job identifier is 12728.
Sep 22 07:00:01 openeuler-riscv64 systemd-tmpfiles[32011]: /usr/lib/tmpfiles.d/rpcbind.conf:2: Failed to resolve user 'rpc': No such process
Sep 22 07:00:01 openeuler-riscv64 rpcbind[32008]: rpcbind: /run/rpcbind/rpcbind.lock: No such file or directory
Sep 22 07:00:01 openeuler-riscv64 systemd[1]: rpcbind.service: Main process exited, code=exited, status=1/FAILURE
░░ Subject: Unit process exited
░░ Defined-By: systemd
░░ Support: https://lists.freedesktop.org/mailman/listinfo/systemd-devel
░░ 
░░ An ExecStart= process belonging to unit rpcbind.service has exited.
░░ 
░░ The process' exit code is 'exited' and its exit status is 1.
Sep 22 07:00:01 openeuler-riscv64 systemd[1]: rpcbind.service: Failed with result 'exit-code'.
░░ Subject: Unit failed
░░ Defined-By: systemd
░░ Support: https://lists.freedesktop.org/mailman/listinfo/systemd-devel
░░ 
░░ The unit rpcbind.service has entered the 'failed' state with result 'exit-code'.
Sep 22 07:00:01 openeuler-riscv64 systemd[1]: Failed to start RPC Bind.
░░ Subject: A start job for unit rpcbind.service has failed
░░ Defined-By: systemd
░░ Support: https://lists.freedesktop.org/mailman/listinfo/systemd-devel
░░ 
░░ A start job for unit rpcbind.service has finished with a failure.
░░ 
░░ The job identifier is 12728 and the job result is failed.
Sep 22 07:00:01 openeuler-riscv64 systemd[1]: Dependency failed for Remote quota server.
░░ Subject: A start job for unit rpc-rquotad.service has failed
░░ Defined-By: systemd
░░ Support: https://lists.freedesktop.org/mailman/listinfo/systemd-devel
░░ 
░░ A start job for unit rpc-rquotad.service has finished with a failure.
░░ 
░░ The job identifier is 12727 and the job result is dependency.
Sep 22 07:00:01 openeuler-riscv64 systemd[1]: rpc-rquotad.service: Job rpc-rquotad.service/start failed with result 'dependency'.
Sep 22 07:00:01 openeuler-riscv64 systemd[1]: Starting RPC Bind...
░░ Subject: A start job for unit rpcbind.service has begun execution
░░ Defined-By: systemd
░░ Support: https://lists.freedesktop.org/mailman/listinfo/systemd-devel
░░ 
░░ A start job for unit rpcbind.service has begun execution.
░░ 
░░ The job identifier is 12749.
Sep 22 07:00:02 openeuler-riscv64 systemd-tmpfiles[32019]: /usr/lib/tmpfiles.d/rpcbind.conf:2: Failed to resolve user 'rpc': No such process
Sep 22 07:00:02 openeuler-riscv64 rpcbind[32018]: rpcbind: /run/rpcbind/rpcbind.lock: No such file or directory
Sep 22 07:00:02 openeuler-riscv64 systemd[1]: rpcbind.service: Main process exited, code=exited, status=1/FAILURE
░░ Subject: Unit process exited
░░ Defined-By: systemd
░░ Support: https://lists.freedesktop.org/mailman/listinfo/systemd-devel
░░ 
░░ An ExecStart= process belonging to unit rpcbind.service has exited.
░░ 
░░ The process' exit code is 'exited' and its exit status is 1.
Sep 22 07:00:02 openeuler-riscv64 systemd[1]: rpcbind.service: Failed with result 'exit-code'.
░░ Subject: Unit failed
░░ Defined-By: systemd
░░ Support: https://lists.freedesktop.org/mailman/listinfo/systemd-devel
░░ 
░░ The unit rpcbind.service has entered the 'failed' state with result 'exit-code'.
Sep 22 07:00:02 openeuler-riscv64 systemd[1]: Failed to start RPC Bind.
░░ Subject: A start job for unit rpcbind.service has failed
░░ Defined-By: systemd
░░ Support: https://lists.freedesktop.org/mailman/listinfo/systemd-devel
░░ 
░░ A start job for unit rpcbind.service has finished with a failure.
░░ 
░░ The job identifier is 12749 and the job result is failed.
Sep 22 07:00:02 openeuler-riscv64 systemd[1]: Starting RPC Bind...
░░ Subject: A start job for unit rpcbind.service has begun execution
░░ Defined-By: systemd
░░ Support: https://lists.freedesktop.org/mailman/listinfo/systemd-devel
░░ 
░░ A start job for unit rpcbind.service has begun execution.
░░ 
░░ The job identifier is 12758.
Sep 22 07:00:02 openeuler-riscv64 systemd-tmpfiles[32022]: /usr/lib/tmpfiles.d/rpcbind.conf:2: Failed to resolve user 'rpc': No such process
Sep 22 07:00:02 openeuler-riscv64 rpcbind[32021]: rpcbind: /run/rpcbind/rpcbind.lock: No such file or directory
Sep 22 07:00:02 openeuler-riscv64 systemd[1]: rpcbind.service: Main process exited, code=exited, status=1/FAILURE
░░ Subject: Unit process exited
░░ Defined-By: systemd
░░ Support: https://lists.freedesktop.org/mailman/listinfo/systemd-devel
░░ 
░░ An ExecStart= process belonging to unit rpcbind.service has exited.
░░ 
░░ The process' exit code is 'exited' and its exit status is 1.
Sep 22 07:00:02 openeuler-riscv64 systemd[1]: rpcbind.service: Failed with result 'exit-code'.
░░ Subject: Unit failed
░░ Defined-By: systemd
░░ Support: https://lists.freedesktop.org/mailman/listinfo/systemd-devel
░░ 
░░ The unit rpcbind.service has entered the 'failed' state with result 'exit-code'.
Sep 22 07:00:02 openeuler-riscv64 systemd[1]: Failed to start RPC Bind.
░░ Subject: A start job for unit rpcbind.service has failed
░░ Defined-By: systemd
░░ Support: https://lists.freedesktop.org/mailman/listinfo/systemd-devel
░░ 
░░ A start job for unit rpcbind.service has finished with a failure.
░░ 
░░ The job identifier is 12758 and the job result is failed.
Sep 22 07:00:03 openeuler-riscv64 systemd[1]: Starting RPC Bind...
░░ Subject: A start job for unit rpcbind.service has begun execution
░░ Defined-By: systemd
░░ Support: https://lists.freedesktop.org/mailman/listinfo/systemd-devel
░░ 
░░ A start job for unit rpcbind.service has begun execution.
░░ 
░░ The job identifier is 12767.
Sep 22 07:00:03 openeuler-riscv64 systemd-tmpfiles[32025]: /usr/lib/tmpfiles.d/rpcbind.conf:2: Failed to resolve user 'rpc': No such process
Sep 22 07:00:03 openeuler-riscv64 rpcbind[32024]: rpcbind: /run/rpcbind/rpcbind.lock: No such file or directory
Sep 22 07:00:03 openeuler-riscv64 systemd[1]: rpcbind.service: Main process exited, code=exited, status=1/FAILURE
░░ Subject: Unit process exited
░░ Defined-By: systemd
░░ Support: https://lists.freedesktop.org/mailman/listinfo/systemd-devel
░░ 
░░ An ExecStart= process belonging to unit rpcbind.service has exited.
░░ 
░░ The process' exit code is 'exited' and its exit status is 1.
Sep 22 07:00:03 openeuler-riscv64 systemd[1]: rpcbind.service: Failed with result 'exit-code'.
░░ Subject: Unit failed
░░ Defined-By: systemd
░░ Support: https://lists.freedesktop.org/mailman/listinfo/systemd-devel
░░ 
░░ The unit rpcbind.service has entered the 'failed' state with result 'exit-code'.
Sep 22 07:00:03 openeuler-riscv64 systemd[1]: Failed to start RPC Bind.
░░ Subject: A start job for unit rpcbind.service has failed
░░ Defined-By: systemd
░░ Support: https://lists.freedesktop.org/mailman/listinfo/systemd-devel
░░ 
░░ A start job for unit rpcbind.service has finished with a failure.
░░ 
░░ The job identifier is 12767 and the job result is failed.
Sep 22 07:00:03 openeuler-riscv64 systemd[1]: rpcbind.service: Start request repeated too quickly.
Sep 22 07:00:03 openeuler-riscv64 systemd[1]: rpcbind.service: Failed with result 'exit-code'.
░░ Subject: Unit failed
░░ Defined-By: systemd
░░ Support: https://lists.freedesktop.org/mailman/listinfo/systemd-devel
░░ 
░░ The unit rpcbind.service has entered the 'failed' state with result 'exit-code'.
Sep 22 07:00:03 openeuler-riscv64 systemd[1]: Failed to start RPC Bind.
░░ Subject: A start job for unit rpcbind.service has failed
░░ Defined-By: systemd
░░ Support: https://lists.freedesktop.org/mailman/listinfo/systemd-devel
░░ 
░░ A start job for unit rpcbind.service has finished with a failure.
░░ 
░░ The job identifier is 12776 and the job result is failed.
Sep 22 07:00:03 openeuler-riscv64 systemd[1]: rpcbind.socket: Failed with result 'service-start-limit-hit'.
░░ Subject: Unit failed
░░ Defined-By: systemd
░░ Support: https://lists.freedesktop.org/mailman/listinfo/systemd-devel
░░ 
░░ The unit rpcbind.socket has entered the 'failed' state with result 'service-start-limit-hit'.
Sep 22 07:00:03 openeuler-riscv64 rpc.mountd[32002]: Could not bind socket: (98) Address already in use
Sep 22 07:00:03 openeuler-riscv64 rpc.mountd[32002]: Could not bind socket: (98) Address already in use
Sep 22 07:00:03 openeuler-riscv64 rpc.mountd[32002]: Could not bind socket: (98) Address already in use
Sep 22 07:00:03 openeuler-riscv64 rpc.mountd[32002]: Could not bind socket: (98) Address already in use
Sep 22 07:00:03 openeuler-riscv64 rpc.mountd[32002]: mountd: No V2 or V3 listeners created!
Sep 22 07:00:03 openeuler-riscv64 rpc.mountd[32028]: Version 2.6.2 starting
Sep 22 07:00:03 openeuler-riscv64 systemd[1]: Starting NFS status monitor for NFSv2/3 locking....
░░ Subject: A start job for unit rpc-statd.service has begun execution
░░ Defined-By: systemd
░░ Support: https://lists.freedesktop.org/mailman/listinfo/systemd-devel
░░ 
░░ A start job for unit rpc-statd.service has begun execution.
░░ 
░░ The job identifier is 12732.
Sep 22 07:00:03 openeuler-riscv64 systemd[1]: Started NFS Mount Daemon.
░░ Subject: A start job for unit nfs-mountd.service has finished successfully
░░ Defined-By: systemd
░░ Support: https://lists.freedesktop.org/mailman/listinfo/systemd-devel
░░ 
░░ A start job for unit nfs-mountd.service has finished successfully.
░░ 
░░ The job identifier is 12653.
Sep 22 07:00:03 openeuler-riscv64 rpc.statd[32029]: Version 2.6.2 starting
Sep 22 07:00:03 openeuler-riscv64 rpc.statd[32029]: Flags: TI-RPC
Sep 22 07:00:03 openeuler-riscv64 dhclient[31947]: DHCPDISCOVER on enp0s4 to 255.255.255.255 port 67 interval 14 (xid=0xe8d66862)
Sep 22 07:00:04 openeuler-riscv64 rpc.statd[32029]: Failed to register (statd, 1, udp): svc_reg() err: RPC: Remote system error - Connection refused
Sep 22 07:00:04 openeuler-riscv64 rpc.statd[32029]: Failed to register (statd, 1, tcp): svc_reg() err: RPC: Remote system error - Connection refused
Sep 22 07:00:04 openeuler-riscv64 rpc.statd[32029]: Failed to register (statd, 1, udp6): svc_reg() err: RPC: Remote system error - Connection refused
Sep 22 07:00:04 openeuler-riscv64 rpc.statd[32029]: Failed to register (statd, 1, tcp6): svc_reg() err: RPC: Remote system error - Connection refused
Sep 22 07:00:04 openeuler-riscv64 rpc.statd[32029]: failed to create RPC listeners, exiting
Sep 22 07:00:04 openeuler-riscv64 systemd[1]: rpc-statd.service: Control process exited, code=exited, status=1/FAILURE
░░ Subject: Unit process exited
░░ Defined-By: systemd
░░ Support: https://lists.freedesktop.org/mailman/listinfo/systemd-devel
░░ 
░░ An ExecStart= process belonging to unit rpc-statd.service has exited.
░░ 
░░ The process' exit code is 'exited' and its exit status is 1.
Sep 22 07:00:04 openeuler-riscv64 systemd[1]: rpc-statd.service: Failed with result 'exit-code'.
░░ Subject: Unit failed
░░ Defined-By: systemd
░░ Support: https://lists.freedesktop.org/mailman/listinfo/systemd-devel
░░ 
░░ The unit rpc-statd.service has entered the 'failed' state with result 'exit-code'.
Sep 22 07:00:04 openeuler-riscv64 systemd[1]: Failed to start NFS status monitor for NFSv2/3 locking..
░░ Subject: A start job for unit rpc-statd.service has failed
░░ Defined-By: systemd
░░ Support: https://lists.freedesktop.org/mailman/listinfo/systemd-devel
░░ 
░░ A start job for unit rpc-statd.service has finished with a failure.
░░ 
░░ The job identifier is 12732 and the job result is failed.
Sep 22 07:00:04 openeuler-riscv64 systemd[1]: Starting NFS server and services...
░░ Subject: A start job for unit nfs-server.service has begun execution
░░ Defined-By: systemd
░░ Support: https://lists.freedesktop.org/mailman/listinfo/systemd-devel
░░ 
░░ A start job for unit nfs-server.service has begun execution.
░░ 
░░ The job identifier is 12646.
Sep 22 07:00:04 openeuler-riscv64 exportfs[32032]: exportfs: /etc/exports [1]: Neither 'subtree_check' or 'no_subtree_check' specified for export "*:/home/nfs".
Sep 22 07:00:04 openeuler-riscv64 exportfs[32032]:   Assuming default behaviour ('no_subtree_check').
Sep 22 07:00:04 openeuler-riscv64 exportfs[32032]:   NOTE: this default has changed since nfs-utils version 1.0.x
Sep 22 07:00:04 openeuler-riscv64 kernel: svc: failed to register nfsdv3 RPC service (errno 111).
Sep 22 07:00:04 openeuler-riscv64 kernel: svc: failed to register nfsaclv3 RPC service (errno 111).
Sep 22 07:00:04 openeuler-riscv64 rpc.nfsd[32034]: rpc.nfsd: writing fd to kernel failed: errno 111 (Connection refused)
Sep 22 07:00:04 openeuler-riscv64 kernel: svc: failed to register lockdv1 RPC service (errno 111).
Sep 22 07:00:05 openeuler-riscv64 rpc.nfsd[32034]: error starting threads: errno 111 (Connection refused)
Sep 22 07:00:05 openeuler-riscv64 systemd[1]: nfs-server.service: Main process exited, code=exited, status=1/FAILURE
░░ Subject: Unit process exited
░░ Defined-By: systemd
░░ Support: https://lists.freedesktop.org/mailman/listinfo/systemd-devel
░░ 
░░ An ExecStart= process belonging to unit nfs-server.service has exited.
░░ 
░░ The process' exit code is 'exited' and its exit status is 1.
Sep 22 07:00:05 openeuler-riscv64 systemd[1]: nfs-server.service: Failed with result 'exit-code'.
░░ Subject: Unit failed
░░ Defined-By: systemd
░░ Support: https://lists.freedesktop.org/mailman/listinfo/systemd-devel
░░ 
░░ The unit nfs-server.service has entered the 'failed' state with result 'exit-code'.
Sep 22 07:00:05 openeuler-riscv64 systemd[1]: Stopped NFS server and services.
░░ Subject: A stop job for unit nfs-server.service has finished
░░ Defined-By: systemd
░░ Support: https://lists.freedesktop.org/mailman/listinfo/systemd-devel
░░ 
░░ A stop job for unit nfs-server.service has finished.
░░ 
░░ The job identifier is 12786 and the job result is done.
Sep 22 07:00:05 openeuler-riscv64 rpc.idmapd[32001]: exiting on signal 15
Sep 22 07:00:05 openeuler-riscv64 systemd[1]: Stopping NFSv4 ID-name mapping service...
░░ Subject: A stop job for unit nfs-idmapd.service has begun execution
░░ Defined-By: systemd
░░ Support: https://lists.freedesktop.org/mailman/listinfo/systemd-devel
░░ 
░░ A stop job for unit nfs-idmapd.service has begun execution.
░░ 
░░ The job identifier is 12787.
Sep 22 07:00:05 openeuler-riscv64 rpc.mountd[32028]: Caught signal 15, un-registering and exiting.
Sep 22 07:00:05 openeuler-riscv64 systemd[1]: Stopping NFS Mount Daemon...
░░ Subject: A stop job for unit nfs-mountd.service has begun execution
░░ Defined-By: systemd
░░ Support: https://lists.freedesktop.org/mailman/listinfo/systemd-devel
░░ 
░░ A stop job for unit nfs-mountd.service has begun execution.
░░ 
░░ The job identifier is 12785.
Sep 22 07:00:05 openeuler-riscv64 systemd[1]: nfs-idmapd.service: Deactivated successfully.
░░ Subject: Unit succeeded
░░ Defined-By: systemd
░░ Support: https://lists.freedesktop.org/mailman/listinfo/systemd-devel
░░ 
░░ The unit nfs-idmapd.service has successfully entered the 'dead' state.
Sep 22 07:00:05 openeuler-riscv64 systemd[1]: Stopped NFSv4 ID-name mapping service.
░░ Subject: A stop job for unit nfs-idmapd.service has finished
░░ Defined-By: systemd
░░ Support: https://lists.freedesktop.org/mailman/listinfo/systemd-devel
░░ 
░░ A stop job for unit nfs-idmapd.service has finished.
░░ 
░░ The job identifier is 12787 and the job result is done.
Sep 22 07:00:05 openeuler-riscv64 systemd[1]: nfs-mountd.service: Deactivated successfully.
░░ Subject: Unit succeeded
░░ Defined-By: systemd
░░ Support: https://lists.freedesktop.org/mailman/listinfo/systemd-devel
░░ 
░░ The unit nfs-mountd.service has successfully entered the 'dead' state.
Sep 22 07:00:05 openeuler-riscv64 systemd[1]: Stopped NFS Mount Daemon.
░░ Subject: A stop job for unit nfs-mountd.service has finished
░░ Defined-By: systemd
░░ Support: https://lists.freedesktop.org/mailman/listinfo/systemd-devel
░░ 
░░ A stop job for unit nfs-mountd.service has finished.
░░ 
░░ The job identifier is 12785 and the job result is done.
Sep 22 07:00:05 openeuler-riscv64 systemctl[32050]: [systemctl start rpc-statd.service] called by PID 32047 (/bin/sh /usr/sbin/start-statd)
Sep 22 07:00:05 openeuler-riscv64 systemd[1]: Listening on RPCbind Server Activation Socket.
░░ Subject: A start job for unit rpcbind.socket has finished successfully
░░ Defined-By: systemd
░░ Support: https://lists.freedesktop.org/mailman/listinfo/systemd-devel
░░ 
░░ A start job for unit rpcbind.socket has finished successfully.
░░ 
░░ The job identifier is 12792.
Sep 22 07:00:05 openeuler-riscv64 systemd[1]: Starting NFS status monitor for NFSv2/3 locking....
░░ Subject: A start job for unit rpc-statd.service has begun execution
░░ Defined-By: systemd
░░ Support: https://lists.freedesktop.org/mailman/listinfo/systemd-devel
░░ 
░░ A start job for unit rpc-statd.service has begun execution.
░░ 
░░ The job identifier is 12789.
Sep 22 07:00:06 openeuler-riscv64 rpc.statd[32054]: Version 2.6.2 starting
Sep 22 07:00:06 openeuler-riscv64 rpc.statd[32054]: Flags: TI-RPC
Sep 22 07:00:06 openeuler-riscv64 systemd[1]: rpcbind.service: Start request repeated too quickly.
Sep 22 07:00:06 openeuler-riscv64 systemd[1]: rpcbind.service: Failed with result 'exit-code'.
░░ Subject: Unit failed
░░ Defined-By: systemd
░░ Support: https://lists.freedesktop.org/mailman/listinfo/systemd-devel
░░ 
░░ The unit rpcbind.service has entered the 'failed' state with result 'exit-code'.
Sep 22 07:00:06 openeuler-riscv64 systemd[1]: Failed to start RPC Bind.
░░ Subject: A start job for unit rpcbind.service has failed
░░ Defined-By: systemd
░░ Support: https://lists.freedesktop.org/mailman/listinfo/systemd-devel
░░ 
░░ A start job for unit rpcbind.service has finished with a failure.
░░ 
░░ The job identifier is 12870 and the job result is failed.
Sep 22 07:00:06 openeuler-riscv64 systemd[1]: rpcbind.socket: Failed with result 'service-start-limit-hit'.
░░ Subject: Unit failed
░░ Defined-By: systemd
░░ Support: https://lists.freedesktop.org/mailman/listinfo/systemd-devel
░░ 
░░ The unit rpcbind.socket has entered the 'failed' state with result 'service-start-limit-hit'.
Sep 22 07:00:06 openeuler-riscv64 rpc.statd[32054]: Failed to register (statd, 1, udp): svc_reg() err: RPC: Remote system error - Connection refused
Sep 22 07:00:06 openeuler-riscv64 rpc.statd[32054]: Failed to register (statd, 1, tcp): svc_reg() err: RPC: Remote system error - Connection refused
Sep 22 07:00:06 openeuler-riscv64 rpc.statd[32054]: Failed to register (statd, 1, udp6): svc_reg() err: RPC: Remote system error - Connection refused
Sep 22 07:00:06 openeuler-riscv64 rpc.statd[32054]: Failed to register (statd, 1, tcp6): svc_reg() err: RPC: Remote system error - Connection refused
Sep 22 07:00:06 openeuler-riscv64 rpc.statd[32054]: failed to create RPC listeners, exiting
Sep 22 07:00:06 openeuler-riscv64 systemd[1]: rpc-statd.service: Control process exited, code=exited, status=1/FAILURE
░░ Subject: Unit process exited
░░ Defined-By: systemd
░░ Support: https://lists.freedesktop.org/mailman/listinfo/systemd-devel
░░ 
░░ An ExecStart= process belonging to unit rpc-statd.service has exited.
░░ 
░░ The process' exit code is 'exited' and its exit status is 1.
Sep 22 07:00:06 openeuler-riscv64 systemd[1]: rpc-statd.service: Failed with result 'exit-code'.
░░ Subject: Unit failed
░░ Defined-By: systemd
░░ Support: https://lists.freedesktop.org/mailman/listinfo/systemd-devel
░░ 
░░ The unit rpc-statd.service has entered the 'failed' state with result 'exit-code'.
Sep 22 07:00:06 openeuler-riscv64 systemd[1]: Failed to start NFS status monitor for NFSv2/3 locking..
░░ Subject: A start job for unit rpc-statd.service has failed
░░ Defined-By: systemd
░░ Support: https://lists.freedesktop.org/mailman/listinfo/systemd-devel
░░ 
░░ A start job for unit rpc-statd.service has finished with a failure.
░░ 
░░ The job identifier is 12789 and the job result is failed.
Sep 22 07:00:06 openeuler-riscv64 rpc.statd[32056]: Version 2.6.2 starting
Sep 22 07:00:06 openeuler-riscv64 rpc.statd[32056]: Flags: TI-RPC
Sep 22 07:00:06 openeuler-riscv64 rpc.statd[32056]: Failed to register (statd, 1, udp): svc_reg() err: RPC: Remote system error - Connection refused
Sep 22 07:00:06 openeuler-riscv64 rpc.statd[32056]: Failed to register (statd, 1, tcp): svc_reg() err: RPC: Remote system error - Connection refused
Sep 22 07:00:06 openeuler-riscv64 rpc.statd[32056]: Failed to register (statd, 1, udp6): svc_reg() err: RPC: Remote system error - Connection refused
Sep 22 07:00:06 openeuler-riscv64 rpc.statd[32056]: Failed to register (statd, 1, tcp6): svc_reg() err: RPC: Remote system error - Connection refused
Sep 22 07:00:06 openeuler-riscv64 rpc.statd[32056]: failed to create RPC listeners, exiting
Sep 22 07:00:10 openeuler-riscv64 dhclient[31960]: DHCPDISCOVER on enp0s5 to 255.255.255.255 port 67 interval 19 (xid=0xdeba5d3a)
Sep 22 07:00:17 openeuler-riscv64 dhclient[31947]: DHCPDISCOVER on enp0s4 to 255.255.255.255 port 67 interval 13 (xid=0xe8d66862)
Sep 22 07:00:19 openeuler-riscv64 systemctl[32061]: [systemctl start rpc-statd.service] called by PID 32057 (/bin/sh /usr/sbin/start-statd)
Sep 22 07:00:19 openeuler-riscv64 systemd[1]: Listening on RPCbind Server Activation Socket.
░░ Subject: A start job for unit rpcbind.socket has finished successfully
░░ Defined-By: systemd
░░ Support: https://lists.freedesktop.org/mailman/listinfo/systemd-devel
░░ 
░░ A start job for unit rpcbind.socket has finished successfully.
░░ 
░░ The job identifier is 12882.
Sep 22 07:00:19 openeuler-riscv64 systemd[1]: Starting NFS status monitor for NFSv2/3 locking....
░░ Subject: A start job for unit rpc-statd.service has begun execution
░░ Defined-By: systemd
░░ Support: https://lists.freedesktop.org/mailman/listinfo/systemd-devel
░░ 
░░ A start job for unit rpc-statd.service has begun execution.
░░ 
░░ The job identifier is 12879.
Sep 22 07:00:19 openeuler-riscv64 rpc.statd[32064]: Version 2.6.2 starting
Sep 22 07:00:19 openeuler-riscv64 rpc.statd[32064]: Flags: TI-RPC
Sep 22 07:00:19 openeuler-riscv64 systemd[1]: Starting RPC Bind...
░░ Subject: A start job for unit rpcbind.service has begun execution
░░ Defined-By: systemd
░░ Support: https://lists.freedesktop.org/mailman/listinfo/systemd-devel
░░ 
░░ A start job for unit rpcbind.service has begun execution.
░░ 
░░ The job identifier is 12960.
Sep 22 07:00:20 openeuler-riscv64 systemd-tmpfiles[32066]: /usr/lib/tmpfiles.d/rpcbind.conf:2: Failed to resolve user 'rpc': No such process
Sep 22 07:00:20 openeuler-riscv64 rpcbind[32065]: rpcbind: /run/rpcbind/rpcbind.lock: No such file or directory
Sep 22 07:00:20 openeuler-riscv64 NetworkManager[687]: <info>  [1695337220.0401] device (enp0s4): state change: ip-config -> failed (reason 'ip-config-unavailable', sys-iface-state: 'managed')
Sep 22 07:00:20 openeuler-riscv64 systemd[1]: rpcbind.service: Main process exited, code=exited, status=1/FAILURE
░░ Subject: Unit process exited
░░ Defined-By: systemd
░░ Support: https://lists.freedesktop.org/mailman/listinfo/systemd-devel
░░ 
░░ An ExecStart= process belonging to unit rpcbind.service has exited.
░░ 
░░ The process' exit code is 'exited' and its exit status is 1.
Sep 22 07:00:20 openeuler-riscv64 NetworkManager[687]: <warn>  [1695337220.0521] device (enp0s4): Activation: failed for connection 'Wired connection 2'
Sep 22 07:00:20 openeuler-riscv64 NetworkManager[687]: <info>  [1695337220.0574] device (enp0s4): state change: failed -> disconnected (reason 'none', sys-iface-state: 'managed')
Sep 22 07:00:20 openeuler-riscv64 systemd[1]: rpcbind.service: Failed with result 'exit-code'.
░░ Subject: Unit failed
░░ Defined-By: systemd
░░ Support: https://lists.freedesktop.org/mailman/listinfo/systemd-devel
░░ 
░░ The unit rpcbind.service has entered the 'failed' state with result 'exit-code'.
Sep 22 07:00:20 openeuler-riscv64 systemd[1]: Failed to start RPC Bind.
░░ Subject: A start job for unit rpcbind.service has failed
░░ Defined-By: systemd
░░ Support: https://lists.freedesktop.org/mailman/listinfo/systemd-devel
░░ 
░░ A start job for unit rpcbind.service has finished with a failure.
░░ 
░░ The job identifier is 12960 and the job result is failed.
Sep 22 07:00:20 openeuler-riscv64 NetworkManager[687]: <info>  [1695337220.1279] dhcp4 (enp0s4): canceled DHCP transaction, DHCP client pid 31947
Sep 22 07:00:20 openeuler-riscv64 NetworkManager[687]: <info>  [1695337220.1285] dhcp4 (enp0s4): activation: beginning transaction (timeout in 45 seconds)
Sep 22 07:00:20 openeuler-riscv64 NetworkManager[687]: <info>  [1695337220.1291] dhcp4 (enp0s4): state changed no lease
Sep 22 07:00:20 openeuler-riscv64 systemd[1]: Starting RPC Bind...
░░ Subject: A start job for unit rpcbind.service has begun execution
░░ Defined-By: systemd
░░ Support: https://lists.freedesktop.org/mailman/listinfo/systemd-devel
░░ 
░░ A start job for unit rpcbind.service has begun execution.
░░ 
░░ The job identifier is 12969.
Sep 22 07:00:20 openeuler-riscv64 systemd-tmpfiles[32073]: /usr/lib/tmpfiles.d/rpcbind.conf:2: Failed to resolve user 'rpc': No such process
Sep 22 07:00:20 openeuler-riscv64 rpcbind[32069]: rpcbind: /run/rpcbind/rpcbind.lock: No such file or directory
Sep 22 07:00:20 openeuler-riscv64 systemd[1]: rpcbind.service: Main process exited, code=exited, status=1/FAILURE
░░ Subject: Unit process exited
░░ Defined-By: systemd
░░ Support: https://lists.freedesktop.org/mailman/listinfo/systemd-devel
░░ 
░░ An ExecStart= process belonging to unit rpcbind.service has exited.
░░ 
░░ The process' exit code is 'exited' and its exit status is 1.
Sep 22 07:00:20 openeuler-riscv64 systemd[1]: rpcbind.service: Failed with result 'exit-code'.
░░ Subject: Unit failed
░░ Defined-By: systemd
░░ Support: https://lists.freedesktop.org/mailman/listinfo/systemd-devel
░░ 
░░ The unit rpcbind.service has entered the 'failed' state with result 'exit-code'.
Sep 22 07:00:20 openeuler-riscv64 systemd[1]: Failed to start RPC Bind.
░░ Subject: A start job for unit rpcbind.service has failed
░░ Defined-By: systemd
░░ Support: https://lists.freedesktop.org/mailman/listinfo/systemd-devel
░░ 
░░ A start job for unit rpcbind.service has finished with a failure.
░░ 
░░ The job identifier is 12969 and the job result is failed.
Sep 22 07:00:20 openeuler-riscv64 systemd[1]: Starting RPC Bind...
░░ Subject: A start job for unit rpcbind.service has begun execution
░░ Defined-By: systemd
░░ Support: https://lists.freedesktop.org/mailman/listinfo/systemd-devel
░░ 
