Sep 22 05:30:34 openeuler-riscv64 systemctl[16980]: [/usr/bin/systemctl daemon-reload] called by PID 16978 (/bin/sh /var/tmp/rpm-tmp.Yh0i01 0)
Sep 22 05:30:34 openeuler-riscv64 systemd[1]: Reloading requested from client PID 16980 (unit session-14.scope)...
Sep 22 05:30:34 openeuler-riscv64 systemd[1]: Reloading.
Sep 22 05:30:35 openeuler-riscv64 systemd-sysv-generator[16998]: SysV service '/etc/rc.d/init.d/network' lacks a native systemd unit file. Automatically generating a unit file for compatibility. Please update package to include a native systemd unit file, in order to make it more safe and robust.
Sep 22 05:30:35 openeuler-riscv64 systemd[1]: /usr/lib/systemd/system/xinetd.service:10: PIDFile= references a path below legacy directory /var/run/, updating /var/run/xinetd.pid → /run/xinetd.pid; please update the unit file accordingly.
Sep 22 05:30:35 openeuler-riscv64 systemd[1]: /usr/lib/systemd/system/squid.service:14: Unknown key name 'killMode' in section 'Service', ignoring.
Sep 22 05:30:35 openeuler-riscv64 systemd[1]: /usr/lib/systemd/system/nslcd.service:8: PIDFile= references a path below legacy directory /var/run/, updating /var/run/nslcd/nslcd.pid → /run/nslcd/nslcd.pid; please update the unit file accordingly.
Sep 22 05:30:35 openeuler-riscv64 systemd[1]: /usr/lib/systemd/system/acpid.socket:6: ListenStream= references a path below legacy directory /var/run/, updating /var/run/acpid.socket → /run/acpid.socket; please update the unit file accordingly.
Sep 22 05:30:36 openeuler-riscv64 systemd[1]: /usr/lib/systemd/system/rtkit-daemon.service:32: Unknown key name 'ControlGroup' in section 'Service', ignoring.
Sep 22 05:30:36 openeuler-riscv64 systemd[1]: /usr/lib/systemd/system/dbus.socket:5: ListenStream= references a path below legacy directory /var/run/, updating /var/run/dbus/system_bus_socket → /run/dbus/system_bus_socket; please update the unit file accordingly.
Sep 22 05:30:37 openeuler-riscv64 [RPM][16966]: erase mariadb-server-4:10.5.22-1.oe2309.riscv64: success
Sep 22 05:30:37 openeuler-riscv64 [RPM][16966]: erase mariadb-backup-4:10.5.22-1.oe2309.riscv64: success
Sep 22 05:30:38 openeuler-riscv64 dhclient[16942]: DHCPDISCOVER on enp0s5 to 255.255.255.255 port 67 interval 10 (xid=0x10885950)
Sep 22 05:30:48 openeuler-riscv64 dhclient[16942]: DHCPDISCOVER on enp0s5 to 255.255.255.255 port 67 interval 21 (xid=0x10885950)
Sep 22 05:30:48 openeuler-riscv64 dhclient[16941]: DHCPDISCOVER on enp0s4 to 255.255.255.255 port 67 interval 19 (xid=0x17c5b318)
Sep 22 05:30:54 openeuler-riscv64 NetworkManager[667]: <info>  [1695331854.7952] device (enp0s4): state change: ip-config -> failed (reason 'ip-config-unavailable', sys-iface-state: 'managed')
Sep 22 05:30:54 openeuler-riscv64 NetworkManager[667]: <warn>  [1695331854.8022] device (enp0s4): Activation: failed for connection 'Wired connection 2'
Sep 22 05:30:54 openeuler-riscv64 NetworkManager[667]: <info>  [1695331854.8032] device (enp0s5): state change: ip-config -> failed (reason 'ip-config-unavailable', sys-iface-state: 'managed')
Sep 22 05:30:54 openeuler-riscv64 NetworkManager[667]: <warn>  [1695331854.8190] device (enp0s5): Activation: failed for connection 'Wired connection 3'
Sep 22 05:30:54 openeuler-riscv64 NetworkManager[667]: <info>  [1695331854.8239] device (enp0s4): state change: failed -> disconnected (reason 'none', sys-iface-state: 'managed')
Sep 22 05:30:54 openeuler-riscv64 NetworkManager[667]: <info>  [1695331854.8634] dhcp4 (enp0s4): canceled DHCP transaction, DHCP client pid 16941
Sep 22 05:30:54 openeuler-riscv64 NetworkManager[667]: <info>  [1695331854.8638] dhcp4 (enp0s4): activation: beginning transaction (timeout in 45 seconds)
Sep 22 05:30:54 openeuler-riscv64 NetworkManager[667]: <info>  [1695331854.8641] dhcp4 (enp0s4): state changed no lease
Sep 22 05:30:54 openeuler-riscv64 NetworkManager[667]: <info>  [1695331854.9920] device (enp0s5): state change: failed -> disconnected (reason 'none', sys-iface-state: 'managed')
Sep 22 05:30:55 openeuler-riscv64 NetworkManager[667]: <info>  [1695331855.0311] dhcp4 (enp0s5): canceled DHCP transaction, DHCP client pid 16942
Sep 22 05:30:55 openeuler-riscv64 NetworkManager[667]: <info>  [1695331855.0315] dhcp4 (enp0s5): activation: beginning transaction (timeout in 45 seconds)
Sep 22 05:30:55 openeuler-riscv64 NetworkManager[667]: <info>  [1695331855.0317] dhcp4 (enp0s5): state changed no lease
Sep 22 05:30:55 openeuler-riscv64 NetworkManager[667]: <info>  [1695331855.1409] policy: auto-activating connection 'Wired connection 2' (81a731eb-4d99-3655-94a4-3c571a0d2abf)
Sep 22 05:30:55 openeuler-riscv64 NetworkManager[667]: <info>  [1695331855.1524] policy: auto-activating connection 'Wired connection 3' (3785d83e-6144-3d49-846d-368db2bdcfa6)
Sep 22 05:30:55 openeuler-riscv64 NetworkManager[667]: <info>  [1695331855.1587] device (enp0s4): Activation: starting connection 'Wired connection 2' (81a731eb-4d99-3655-94a4-3c571a0d2abf)
Sep 22 05:30:55 openeuler-riscv64 NetworkManager[667]: <info>  [1695331855.1625] device (enp0s5): Activation: starting connection 'Wired connection 3' (3785d83e-6144-3d49-846d-368db2bdcfa6)
Sep 22 05:30:55 openeuler-riscv64 NetworkManager[667]: <info>  [1695331855.1641] device (enp0s4): state change: disconnected -> prepare (reason 'none', sys-iface-state: 'managed')
Sep 22 05:30:55 openeuler-riscv64 NetworkManager[667]: <info>  [1695331855.1682] device (enp0s4): state change: prepare -> config (reason 'none', sys-iface-state: 'managed')
Sep 22 05:30:55 openeuler-riscv64 NetworkManager[667]: <info>  [1695331855.1753] device (enp0s5): state change: disconnected -> prepare (reason 'none', sys-iface-state: 'managed')
Sep 22 05:30:55 openeuler-riscv64 NetworkManager[667]: <info>  [1695331855.1788] device (enp0s5): state change: prepare -> config (reason 'none', sys-iface-state: 'managed')
Sep 22 05:30:55 openeuler-riscv64 NetworkManager[667]: <info>  [1695331855.1952] device (enp0s4): state change: config -> ip-config (reason 'none', sys-iface-state: 'managed')
Sep 22 05:30:55 openeuler-riscv64 NetworkManager[667]: <info>  [1695331855.1992] dhcp4 (enp0s4): activation: beginning transaction (timeout in 45 seconds)
Sep 22 05:30:55 openeuler-riscv64 NetworkManager[667]: <info>  [1695331855.2214] dhcp4 (enp0s4): dhclient started with pid 17020
Sep 22 05:30:55 openeuler-riscv64 NetworkManager[667]: <info>  [1695331855.2271] device (enp0s5): state change: config -> ip-config (reason 'none', sys-iface-state: 'managed')
Sep 22 05:30:55 openeuler-riscv64 NetworkManager[667]: <info>  [1695331855.2317] dhcp4 (enp0s5): activation: beginning transaction (timeout in 45 seconds)
Sep 22 05:30:55 openeuler-riscv64 NetworkManager[667]: <info>  [1695331855.2576] dhcp4 (enp0s5): dhclient started with pid 17021
Sep 22 05:30:55 openeuler-riscv64 dhclient[17020]: DHCPDISCOVER on enp0s4 to 255.255.255.255 port 67 interval 3 (xid=0x96035a25)
Sep 22 05:30:55 openeuler-riscv64 dhclient[17021]: DHCPDISCOVER on enp0s5 to 255.255.255.255 port 67 interval 6 (xid=0xd77d9a0e)
Sep 22 05:30:58 openeuler-riscv64 dhclient[17020]: DHCPDISCOVER on enp0s4 to 255.255.255.255 port 67 interval 4 (xid=0x96035a25)
Sep 22 05:31:01 openeuler-riscv64 dhclient[17021]: DHCPDISCOVER on enp0s5 to 255.255.255.255 port 67 interval 19 (xid=0xd77d9a0e)
Sep 22 05:31:02 openeuler-riscv64 dhclient[17020]: DHCPDISCOVER on enp0s4 to 255.255.255.255 port 67 interval 8 (xid=0x96035a25)
Sep 22 05:31:10 openeuler-riscv64 dhclient[17020]: DHCPDISCOVER on enp0s4 to 255.255.255.255 port 67 interval 15 (xid=0x96035a25)
Sep 22 05:31:13 openeuler-riscv64 [RPM][16966]: erase mysql-selinux-1.0.0-2.oe2309.noarch: success
Sep 22 05:31:14 openeuler-riscv64 [RPM][16966]: erase mariadb-errmsg-4:10.5.22-1.oe2309.riscv64: success
Sep 22 05:31:14 openeuler-riscv64 [RPM][16966]: erase mariadb-server-utils-4:10.5.22-1.oe2309.riscv64: success
Sep 22 05:31:15 openeuler-riscv64 systemd[1]: Started /usr/bin/systemctl start man-db-cache-update.
░░ Subject: A start job for unit run-r6884ba7245c043e796f8290542a31da0.service has finished successfully
░░ Defined-By: systemd
░░ Support: https://lists.freedesktop.org/mailman/listinfo/systemd-devel
░░ 
░░ A start job for unit run-r6884ba7245c043e796f8290542a31da0.service has finished successfully.
░░ 
░░ The job identifier is 15540.
Sep 22 05:31:15 openeuler-riscv64 [RPM][16966]: Transaction ID 650cb5f7 finished: 0
Sep 22 05:31:15 openeuler-riscv64 systemctl[17039]: [/usr/bin/systemctl start man-db-cache-update] called by PID 1 (/sbin/init)
Sep 22 05:31:15 openeuler-riscv64 systemd[1]: Starting man-db-cache-update.service...
░░ Subject: A start job for unit man-db-cache-update.service has begun execution
░░ Defined-By: systemd
░░ Support: https://lists.freedesktop.org/mailman/listinfo/systemd-devel
░░ 
░░ A start job for unit man-db-cache-update.service has begun execution.
░░ 
░░ The job identifier is 15612.
Sep 22 05:31:17 openeuler-riscv64 systemd[1]: man-db-cache-update.service: Deactivated successfully.
░░ Subject: Unit succeeded
░░ Defined-By: systemd
░░ Support: https://lists.freedesktop.org/mailman/listinfo/systemd-devel
░░ 
░░ The unit man-db-cache-update.service has successfully entered the 'dead' state.
Sep 22 05:31:17 openeuler-riscv64 systemd[1]: Finished man-db-cache-update.service.
░░ Subject: A start job for unit man-db-cache-update.service has finished successfully
░░ Defined-By: systemd
░░ Support: https://lists.freedesktop.org/mailman/listinfo/systemd-devel
░░ 
░░ A start job for unit man-db-cache-update.service has finished successfully.
░░ 
░░ The job identifier is 15612.
Sep 22 05:31:17 openeuler-riscv64 systemd[1]: run-r6884ba7245c043e796f8290542a31da0.service: Deactivated successfully.
░░ Subject: Unit succeeded
░░ Defined-By: systemd
░░ Support: https://lists.freedesktop.org/mailman/listinfo/systemd-devel
░░ 
░░ The unit run-r6884ba7245c043e796f8290542a31da0.service has successfully entered the 'dead' state.
Sep 22 05:31:20 openeuler-riscv64 sudo[16279]: pam_unix(sudo:session): session closed for user root
Sep 22 05:31:20 openeuler-riscv64 dhclient[17021]: DHCPDISCOVER on enp0s5 to 255.255.255.255 port 67 interval 10 (xid=0xd77d9a0e)
Sep 22 05:31:20 openeuler-riscv64 sudo[17061]:     root : PWD=/root/mugen ; USER=root ; COMMAND=/usr/bin/bash mugen.sh -f os-basic -r oe_test_server_mariadb_dumpMulDB -x
Sep 22 05:31:20 openeuler-riscv64 sudo[17061]: pam_unix(sudo:session): session opened for user root(uid=0) by root(uid=0)
Sep 22 05:31:25 openeuler-riscv64 dhclient[17020]: DHCPDISCOVER on enp0s4 to 255.255.255.255 port 67 interval 20 (xid=0x96035a25)
Sep 22 05:31:30 openeuler-riscv64 dhclient[17021]: DHCPDISCOVER on enp0s5 to 255.255.255.255 port 67 interval 15 (xid=0xd77d9a0e)
Sep 22 05:31:40 openeuler-riscv64 NetworkManager[667]: <info>  [1695331900.7947] device (enp0s4): state change: ip-config -> failed (reason 'ip-config-unavailable', sys-iface-state: 'managed')
Sep 22 05:31:40 openeuler-riscv64 NetworkManager[667]: <warn>  [1695331900.8016] device (enp0s4): Activation: failed for connection 'Wired connection 2'
Sep 22 05:31:40 openeuler-riscv64 NetworkManager[667]: <info>  [1695331900.8024] device (enp0s5): state change: ip-config -> failed (reason 'ip-config-unavailable', sys-iface-state: 'managed')
Sep 22 05:31:40 openeuler-riscv64 NetworkManager[667]: <warn>  [1695331900.8116] device (enp0s5): Activation: failed for connection 'Wired connection 3'
Sep 22 05:31:40 openeuler-riscv64 NetworkManager[667]: <info>  [1695331900.8166] device (enp0s4): state change: failed -> disconnected (reason 'none', sys-iface-state: 'managed')
Sep 22 05:31:40 openeuler-riscv64 NetworkManager[667]: <info>  [1695331900.8446] dhcp4 (enp0s4): canceled DHCP transaction, DHCP client pid 17020
Sep 22 05:31:40 openeuler-riscv64 NetworkManager[667]: <info>  [1695331900.8450] dhcp4 (enp0s4): activation: beginning transaction (timeout in 45 seconds)
Sep 22 05:31:40 openeuler-riscv64 NetworkManager[667]: <info>  [1695331900.8453] dhcp4 (enp0s4): state changed no lease
Sep 22 05:31:41 openeuler-riscv64 NetworkManager[667]: <info>  [1695331901.0106] device (enp0s5): state change: failed -> disconnected (reason 'none', sys-iface-state: 'managed')
Sep 22 05:31:41 openeuler-riscv64 NetworkManager[667]: <info>  [1695331901.0474] dhcp4 (enp0s5): canceled DHCP transaction, DHCP client pid 17021
Sep 22 05:31:41 openeuler-riscv64 NetworkManager[667]: <info>  [1695331901.0477] dhcp4 (enp0s5): activation: beginning transaction (timeout in 45 seconds)
Sep 22 05:31:41 openeuler-riscv64 NetworkManager[667]: <info>  [1695331901.0480] dhcp4 (enp0s5): state changed no lease
Sep 22 05:31:41 openeuler-riscv64 NetworkManager[667]: <info>  [1695331901.2415] policy: auto-activating connection 'Wired connection 2' (81a731eb-4d99-3655-94a4-3c571a0d2abf)
Sep 22 05:31:41 openeuler-riscv64 NetworkManager[667]: <info>  [1695331901.2454] policy: auto-activating connection 'Wired connection 3' (3785d83e-6144-3d49-846d-368db2bdcfa6)
Sep 22 05:31:41 openeuler-riscv64 NetworkManager[667]: <info>  [1695331901.2521] device (enp0s4): Activation: starting connection 'Wired connection 2' (81a731eb-4d99-3655-94a4-3c571a0d2abf)
Sep 22 05:31:41 openeuler-riscv64 NetworkManager[667]: <info>  [1695331901.2570] device (enp0s5): Activation: starting connection 'Wired connection 3' (3785d83e-6144-3d49-846d-368db2bdcfa6)
Sep 22 05:31:41 openeuler-riscv64 NetworkManager[667]: <info>  [1695331901.2585] device (enp0s4): state change: disconnected -> prepare (reason 'none', sys-iface-state: 'managed')
Sep 22 05:31:41 openeuler-riscv64 NetworkManager[667]: <info>  [1695331901.2624] device (enp0s4): state change: prepare -> config (reason 'none', sys-iface-state: 'managed')
Sep 22 05:31:41 openeuler-riscv64 NetworkManager[667]: <info>  [1695331901.2671] device (enp0s5): state change: disconnected -> prepare (reason 'none', sys-iface-state: 'managed')
Sep 22 05:31:41 openeuler-riscv64 NetworkManager[667]: <info>  [1695331901.2695] device (enp0s5): state change: prepare -> config (reason 'none', sys-iface-state: 'managed')
Sep 22 05:31:41 openeuler-riscv64 NetworkManager[667]: <info>  [1695331901.2747] device (enp0s4): state change: config -> ip-config (reason 'none', sys-iface-state: 'managed')
Sep 22 05:31:41 openeuler-riscv64 NetworkManager[667]: <info>  [1695331901.2787] dhcp4 (enp0s4): activation: beginning transaction (timeout in 45 seconds)
Sep 22 05:31:41 openeuler-riscv64 NetworkManager[667]: <info>  [1695331901.3000] dhcp4 (enp0s4): dhclient started with pid 17138
Sep 22 05:31:41 openeuler-riscv64 NetworkManager[667]: <info>  [1695331901.3063] device (enp0s5): state change: config -> ip-config (reason 'none', sys-iface-state: 'managed')
Sep 22 05:31:41 openeuler-riscv64 NetworkManager[667]: <info>  [1695331901.3117] dhcp4 (enp0s5): activation: beginning transaction (timeout in 45 seconds)
Sep 22 05:31:41 openeuler-riscv64 NetworkManager[667]: <info>  [1695331901.3404] dhcp4 (enp0s5): dhclient started with pid 17139
Sep 22 05:31:41 openeuler-riscv64 dhclient[17138]: DHCPDISCOVER on enp0s4 to 255.255.255.255 port 67 interval 6 (xid=0x2a08c36d)
Sep 22 05:31:41 openeuler-riscv64 dhclient[17139]: DHCPDISCOVER on enp0s5 to 255.255.255.255 port 67 interval 3 (xid=0xdf7d676a)
Sep 22 05:31:44 openeuler-riscv64 dhclient[17139]: DHCPDISCOVER on enp0s5 to 255.255.255.255 port 67 interval 5 (xid=0xdf7d676a)
Sep 22 05:31:47 openeuler-riscv64 dhclient[17138]: DHCPDISCOVER on enp0s4 to 255.255.255.255 port 67 interval 18 (xid=0x2a08c36d)
Sep 22 05:31:49 openeuler-riscv64 dhclient[17139]: DHCPDISCOVER on enp0s5 to 255.255.255.255 port 67 interval 5 (xid=0xdf7d676a)
Sep 22 05:31:54 openeuler-riscv64 dhclient[17139]: DHCPDISCOVER on enp0s5 to 255.255.255.255 port 67 interval 13 (xid=0xdf7d676a)
Sep 22 05:32:03 openeuler-riscv64 [RPM][17161]: Transaction ID 650cb651 started
Sep 22 05:32:05 openeuler-riscv64 dhclient[17138]: DHCPDISCOVER on enp0s4 to 255.255.255.255 port 67 interval 21 (xid=0x2a08c36d)
Sep 22 05:32:07 openeuler-riscv64 dhclient[17139]: DHCPDISCOVER on enp0s5 to 255.255.255.255 port 67 interval 7 (xid=0xdf7d676a)
Sep 22 05:32:14 openeuler-riscv64 dhclient[17139]: DHCPDISCOVER on enp0s5 to 255.255.255.255 port 67 interval 9 (xid=0xdf7d676a)
Sep 22 05:32:23 openeuler-riscv64 dhclient[17139]: DHCPDISCOVER on enp0s5 to 255.255.255.255 port 67 interval 10 (xid=0xdf7d676a)
Sep 22 05:32:26 openeuler-riscv64 dhclient[17138]: DHCPDISCOVER on enp0s4 to 255.255.255.255 port 67 interval 16 (xid=0x2a08c36d)
Sep 22 05:32:26 openeuler-riscv64 NetworkManager[667]: <info>  [1695331946.7832] device (enp0s4): state change: ip-config -> failed (reason 'ip-config-unavailable', sys-iface-state: 'managed')
Sep 22 05:32:26 openeuler-riscv64 NetworkManager[667]: <warn>  [1695331946.7905] device (enp0s4): Activation: failed for connection 'Wired connection 2'
Sep 22 05:32:26 openeuler-riscv64 NetworkManager[667]: <info>  [1695331946.7912] device (enp0s5): state change: ip-config -> failed (reason 'ip-config-unavailable', sys-iface-state: 'managed')
Sep 22 05:32:26 openeuler-riscv64 NetworkManager[667]: <warn>  [1695331946.7968] device (enp0s5): Activation: failed for connection 'Wired connection 3'
Sep 22 05:32:26 openeuler-riscv64 NetworkManager[667]: <info>  [1695331946.8014] device (enp0s4): state change: failed -> disconnected (reason 'none', sys-iface-state: 'managed')
Sep 22 05:32:26 openeuler-riscv64 NetworkManager[667]: <info>  [1695331946.8597] dhcp4 (enp0s4): canceled DHCP transaction, DHCP client pid 17138
Sep 22 05:32:26 openeuler-riscv64 NetworkManager[667]: <info>  [1695331946.8601] dhcp4 (enp0s4): activation: beginning transaction (timeout in 45 seconds)
Sep 22 05:32:26 openeuler-riscv64 NetworkManager[667]: <info>  [1695331946.8603] dhcp4 (enp0s4): state changed no lease
Sep 22 05:32:26 openeuler-riscv64 NetworkManager[667]: <info>  [1695331946.9887] device (enp0s5): state change: failed -> disconnected (reason 'none', sys-iface-state: 'managed')
Sep 22 05:32:27 openeuler-riscv64 NetworkManager[667]: <info>  [1695331947.0108] dhcp4 (enp0s5): canceled DHCP transaction, DHCP client pid 17139
Sep 22 05:32:27 openeuler-riscv64 NetworkManager[667]: <info>  [1695331947.0111] dhcp4 (enp0s5): activation: beginning transaction (timeout in 45 seconds)
Sep 22 05:32:27 openeuler-riscv64 NetworkManager[667]: <info>  [1695331947.0112] dhcp4 (enp0s5): state changed no lease
Sep 22 05:32:27 openeuler-riscv64 NetworkManager[667]: <info>  [1695331947.1088] policy: auto-activating connection 'Wired connection 2' (81a731eb-4d99-3655-94a4-3c571a0d2abf)
Sep 22 05:32:27 openeuler-riscv64 NetworkManager[667]: <info>  [1695331947.1113] policy: auto-activating connection 'Wired connection 3' (3785d83e-6144-3d49-846d-368db2bdcfa6)
Sep 22 05:32:27 openeuler-riscv64 NetworkManager[667]: <info>  [1695331947.1161] device (enp0s4): Activation: starting connection 'Wired connection 2' (81a731eb-4d99-3655-94a4-3c571a0d2abf)
Sep 22 05:32:27 openeuler-riscv64 NetworkManager[667]: <info>  [1695331947.1177] device (enp0s5): Activation: starting connection 'Wired connection 3' (3785d83e-6144-3d49-846d-368db2bdcfa6)
Sep 22 05:32:27 openeuler-riscv64 NetworkManager[667]: <info>  [1695331947.1184] device (enp0s4): state change: disconnected -> prepare (reason 'none', sys-iface-state: 'managed')
Sep 22 05:32:27 openeuler-riscv64 NetworkManager[667]: <info>  [1695331947.1204] device (enp0s4): state change: prepare -> config (reason 'none', sys-iface-state: 'managed')
Sep 22 05:32:27 openeuler-riscv64 NetworkManager[667]: <info>  [1695331947.1237] device (enp0s5): state change: disconnected -> prepare (reason 'none', sys-iface-state: 'managed')
Sep 22 05:32:27 openeuler-riscv64 NetworkManager[667]: <info>  [1695331947.1276] device (enp0s5): state change: prepare -> config (reason 'none', sys-iface-state: 'managed')
Sep 22 05:32:27 openeuler-riscv64 NetworkManager[667]: <info>  [1695331947.1313] device (enp0s4): state change: config -> ip-config (reason 'none', sys-iface-state: 'managed')
Sep 22 05:32:27 openeuler-riscv64 NetworkManager[667]: <info>  [1695331947.1348] dhcp4 (enp0s4): activation: beginning transaction (timeout in 45 seconds)
Sep 22 05:32:27 openeuler-riscv64 NetworkManager[667]: <info>  [1695331947.1569] dhcp4 (enp0s4): dhclient started with pid 17178
Sep 22 05:32:27 openeuler-riscv64 NetworkManager[667]: <info>  [1695331947.1625] device (enp0s5): state change: config -> ip-config (reason 'none', sys-iface-state: 'managed')
Sep 22 05:32:27 openeuler-riscv64 NetworkManager[667]: <info>  [1695331947.1673] dhcp4 (enp0s5): activation: beginning transaction (timeout in 45 seconds)
Sep 22 05:32:27 openeuler-riscv64 NetworkManager[667]: <info>  [1695331947.1884] dhcp4 (enp0s5): dhclient started with pid 17179
Sep 22 05:32:27 openeuler-riscv64 dhclient[17179]: DHCPDISCOVER on enp0s5 to 255.255.255.255 port 67 interval 7 (xid=0x618abf32)
Sep 22 05:32:27 openeuler-riscv64 dhclient[17178]: DHCPDISCOVER on enp0s4 to 255.255.255.255 port 67 interval 5 (xid=0x96634923)
Sep 22 05:32:32 openeuler-riscv64 dhclient[17178]: DHCPDISCOVER on enp0s4 to 255.255.255.255 port 67 interval 8 (xid=0x96634923)
Sep 22 05:32:34 openeuler-riscv64 dhclient[17179]: DHCPDISCOVER on enp0s5 to 255.255.255.255 port 67 interval 9 (xid=0x618abf32)
Sep 22 05:32:40 openeuler-riscv64 [RPM][17161]: install mysql-selinux-1.0.0-2.oe2309.noarch: success
Sep 22 05:32:40 openeuler-riscv64 dhclient[17178]: DHCPDISCOVER on enp0s4 to 255.255.255.255 port 67 interval 14 (xid=0x96634923)
Sep 22 05:32:40 openeuler-riscv64 [RPM][17161]: install mariadb-errmsg-4:10.5.22-1.oe2309.riscv64: success
Sep 22 05:32:40 openeuler-riscv64 [RPM][17161]: install mariadb-gssapi-server-4:10.5.22-1.oe2309.riscv64: success
Sep 22 05:32:41 openeuler-riscv64 [RPM][17161]: install mariadb-server-utils-4:10.5.22-1.oe2309.riscv64: success
Sep 22 05:32:41 openeuler-riscv64 useradd[17198]: failed adding user 'mysql', exit code: 9
Sep 22 05:32:43 openeuler-riscv64 dhclient[17179]: DHCPDISCOVER on enp0s5 to 255.255.255.255 port 67 interval 11 (xid=0x618abf32)
Sep 22 05:32:54 openeuler-riscv64 dhclient[17179]: DHCPDISCOVER on enp0s5 to 255.255.255.255 port 67 interval 13 (xid=0x618abf32)
Sep 22 05:32:54 openeuler-riscv64 dhclient[17178]: DHCPDISCOVER on enp0s4 to 255.255.255.255 port 67 interval 17 (xid=0x96634923)
Sep 22 05:32:56 openeuler-riscv64 systemctl[17201]: [systemctl --no-reload preset mariadb.service] called by PID 17200 (bash /usr/lib/systemd/systemd-update-helper install-system-units mariadb.service)
Sep 22 05:32:56 openeuler-riscv64 [RPM][17161]: install mariadb-server-4:10.5.22-1.oe2309.riscv64: success
Sep 22 05:33:01 openeuler-riscv64 [RPM][17161]: install mariadb-backup-4:10.5.22-1.oe2309.riscv64: success
Sep 22 05:33:01 openeuler-riscv64 [RPM][17161]: install mysql-selinux-1.0.0-2.oe2309.noarch: success
Sep 22 05:33:03 openeuler-riscv64 systemd[1]: Started /usr/bin/systemctl start man-db-cache-update.
░░ Subject: A start job for unit run-r6430ff73e12f48bbbadc94cd11320171.service has finished successfully
░░ Defined-By: systemd
░░ Support: https://lists.freedesktop.org/mailman/listinfo/systemd-devel
░░ 
░░ A start job for unit run-r6430ff73e12f48bbbadc94cd11320171.service has finished successfully.
░░ 
░░ The job identifier is 15615.
Sep 22 05:33:03 openeuler-riscv64 systemctl[17208]: [/usr/bin/systemctl start man-db-cache-update] called by PID 1 (/sbin/init)
Sep 22 05:33:03 openeuler-riscv64 systemctl[17210]: [/usr/bin/systemctl daemon-reload] called by PID 17209 (/bin/sh /var/tmp/rpm-tmp.2jeLTx 0)
Sep 22 05:33:03 openeuler-riscv64 systemd[1]: Starting man-db-cache-update.service...
░░ Subject: A start job for unit man-db-cache-update.service has begun execution
░░ Defined-By: systemd
░░ Support: https://lists.freedesktop.org/mailman/listinfo/systemd-devel
░░ 
░░ A start job for unit man-db-cache-update.service has begun execution.
░░ 
░░ The job identifier is 15687.
Sep 22 05:33:03 openeuler-riscv64 systemd[1]: Reloading requested from client PID 17210 (unit session-14.scope)...
Sep 22 05:33:03 openeuler-riscv64 systemd[1]: Reloading.
Sep 22 05:33:04 openeuler-riscv64 systemd-sysv-generator[17235]: SysV service '/etc/rc.d/init.d/network' lacks a native systemd unit file. Automatically generating a unit file for compatibility. Please update package to include a native systemd unit file, in order to make it more safe and robust.
Sep 22 05:33:05 openeuler-riscv64 systemd[1]: /usr/lib/systemd/system/xinetd.service:10: PIDFile= references a path below legacy directory /var/run/, updating /var/run/xinetd.pid → /run/xinetd.pid; please update the unit file accordingly.
Sep 22 05:33:05 openeuler-riscv64 systemd[1]: /usr/lib/systemd/system/squid.service:14: Unknown key name 'killMode' in section 'Service', ignoring.
Sep 22 05:33:05 openeuler-riscv64 systemd[1]: /usr/lib/systemd/system/nslcd.service:8: PIDFile= references a path below legacy directory /var/run/, updating /var/run/nslcd/nslcd.pid → /run/nslcd/nslcd.pid; please update the unit file accordingly.
Sep 22 05:33:05 openeuler-riscv64 systemd[1]: /usr/lib/systemd/system/acpid.socket:6: ListenStream= references a path below legacy directory /var/run/, updating /var/run/acpid.socket → /run/acpid.socket; please update the unit file accordingly.
Sep 22 05:33:05 openeuler-riscv64 systemd[1]: /usr/lib/systemd/system/rtkit-daemon.service:32: Unknown key name 'ControlGroup' in section 'Service', ignoring.
Sep 22 05:33:05 openeuler-riscv64 systemd[1]: /usr/lib/systemd/system/dbus.socket:5: ListenStream= references a path below legacy directory /var/run/, updating /var/run/dbus/system_bus_socket → /run/dbus/system_bus_socket; please update the unit file accordingly.
Sep 22 05:33:06 openeuler-riscv64 systemd[1]: man-db-cache-update.service: Deactivated successfully.
░░ Subject: Unit succeeded
░░ Defined-By: systemd
░░ Support: https://lists.freedesktop.org/mailman/listinfo/systemd-devel
░░ 
░░ The unit man-db-cache-update.service has successfully entered the 'dead' state.
Sep 22 05:33:06 openeuler-riscv64 systemd[1]: Finished man-db-cache-update.service.
░░ Subject: A start job for unit man-db-cache-update.service has finished successfully
░░ Defined-By: systemd
░░ Support: https://lists.freedesktop.org/mailman/listinfo/systemd-devel
░░ 
░░ A start job for unit man-db-cache-update.service has finished successfully.
░░ 
░░ The job identifier is 15687.
Sep 22 05:33:06 openeuler-riscv64 systemd[1]: run-r6430ff73e12f48bbbadc94cd11320171.service: Deactivated successfully.
░░ Subject: Unit succeeded
░░ Defined-By: systemd
░░ Support: https://lists.freedesktop.org/mailman/listinfo/systemd-devel
░░ 
░░ The unit run-r6430ff73e12f48bbbadc94cd11320171.service has successfully entered the 'dead' state.
Sep 22 05:33:07 openeuler-riscv64 dhclient[17179]: DHCPDISCOVER on enp0s5 to 255.255.255.255 port 67 interval 15 (xid=0x618abf32)
Sep 22 05:33:08 openeuler-riscv64 [RPM][17161]: install mysql-selinux-1.0.0-2.oe2309.noarch: success
Sep 22 05:33:08 openeuler-riscv64 [RPM][17161]: install mariadb-errmsg-4:10.5.22-1.oe2309.riscv64: success
Sep 22 05:33:08 openeuler-riscv64 [RPM][17161]: install mariadb-gssapi-server-4:10.5.22-1.oe2309.riscv64: success
Sep 22 05:33:08 openeuler-riscv64 [RPM][17161]: install mariadb-server-utils-4:10.5.22-1.oe2309.riscv64: success
Sep 22 05:33:08 openeuler-riscv64 [RPM][17161]: install mariadb-server-4:10.5.22-1.oe2309.riscv64: success
Sep 22 05:33:08 openeuler-riscv64 [RPM][17161]: install mariadb-backup-4:10.5.22-1.oe2309.riscv64: success
Sep 22 05:33:08 openeuler-riscv64 [RPM][17161]: Transaction ID 650cb651 finished: 0
Sep 22 05:33:11 openeuler-riscv64 dhclient[17178]: DHCPDISCOVER on enp0s4 to 255.255.255.255 port 67 interval 9 (xid=0x96634923)
Sep 22 05:33:11 openeuler-riscv64 systemctl[17252]: [systemctl start mariadb.service] called by PID 17108 (bash -x oe_test_server_mariadb_dumpMulDB.sh)
Sep 22 05:33:12 openeuler-riscv64 systemd[1]: Starting MariaDB 10.5.15 database server...
░░ Subject: A start job for unit mariadb.service has begun execution
░░ Defined-By: systemd
░░ Support: https://lists.freedesktop.org/mailman/listinfo/systemd-devel
░░ 
░░ A start job for unit mariadb.service has begun execution.
░░ 
░░ The job identifier is 15690.
Sep 22 05:33:12 openeuler-riscv64 NetworkManager[667]: <info>  [1695331992.7833] device (enp0s4): state change: ip-config -> failed (reason 'ip-config-unavailable', sys-iface-state: 'managed')
Sep 22 05:33:12 openeuler-riscv64 NetworkManager[667]: <warn>  [1695331992.7907] device (enp0s4): Activation: failed for connection 'Wired connection 2'
Sep 22 05:33:12 openeuler-riscv64 NetworkManager[667]: <info>  [1695331992.7913] device (enp0s5): state change: ip-config -> failed (reason 'ip-config-unavailable', sys-iface-state: 'managed')
Sep 22 05:33:12 openeuler-riscv64 NetworkManager[667]: <warn>  [1695331992.8001] device (enp0s5): Activation: failed for connection 'Wired connection 3'
Sep 22 05:33:12 openeuler-riscv64 NetworkManager[667]: <info>  [1695331992.8027] device (enp0s4): state change: failed -> disconnected (reason 'none', sys-iface-state: 'managed')
Sep 22 05:33:12 openeuler-riscv64 NetworkManager[667]: <info>  [1695331992.8395] dhcp4 (enp0s4): canceled DHCP transaction, DHCP client pid 17178
Sep 22 05:33:12 openeuler-riscv64 NetworkManager[667]: <info>  [1695331992.8398] dhcp4 (enp0s4): activation: beginning transaction (timeout in 45 seconds)
Sep 22 05:33:12 openeuler-riscv64 NetworkManager[667]: <info>  [1695331992.8401] dhcp4 (enp0s4): state changed no lease
Sep 22 05:33:12 openeuler-riscv64 NetworkManager[667]: <info>  [1695331992.9567] device (enp0s5): state change: failed -> disconnected (reason 'none', sys-iface-state: 'managed')
Sep 22 05:33:13 openeuler-riscv64 NetworkManager[667]: <info>  [1695331993.0110] dhcp4 (enp0s5): canceled DHCP transaction, DHCP client pid 17179
Sep 22 05:33:13 openeuler-riscv64 NetworkManager[667]: <info>  [1695331993.0112] dhcp4 (enp0s5): activation: beginning transaction (timeout in 45 seconds)
Sep 22 05:33:13 openeuler-riscv64 NetworkManager[667]: <info>  [1695331993.0113] dhcp4 (enp0s5): state changed no lease
Sep 22 05:33:13 openeuler-riscv64 mariadb-prepare-db-dir[17275]: Initializing MariaDB database
Sep 22 05:33:18 openeuler-riscv64 mariadb-prepare-db-dir[17323]: Two all-privilege accounts were created.
Sep 22 05:33:18 openeuler-riscv64 mariadb-prepare-db-dir[17323]: One is root@localhost, it has no password, but you need to
Sep 22 05:33:18 openeuler-riscv64 mariadb-prepare-db-dir[17323]: be system 'root' user to connect. Use, for example, sudo mysql
Sep 22 05:33:18 openeuler-riscv64 mariadb-prepare-db-dir[17323]: The second is mysql@localhost, it has no password either, but
Sep 22 05:33:18 openeuler-riscv64 mariadb-prepare-db-dir[17323]: you need to be the system 'mysql' user to connect.
Sep 22 05:33:18 openeuler-riscv64 mariadb-prepare-db-dir[17323]: After connecting you can set the password, if you would need to be
Sep 22 05:33:18 openeuler-riscv64 mariadb-prepare-db-dir[17323]: able to connect as any of these users with a password and without sudo
Sep 22 05:33:18 openeuler-riscv64 mariadb-prepare-db-dir[17323]: See the MariaDB Knowledgebase at https://mariadb.com/kb
Sep 22 05:33:18 openeuler-riscv64 mariadb-prepare-db-dir[17323]: Please report any problems at https://mariadb.org/jira
Sep 22 05:33:18 openeuler-riscv64 mariadb-prepare-db-dir[17323]: The latest information about MariaDB is available at https://mariadb.org/.
Sep 22 05:33:18 openeuler-riscv64 mariadb-prepare-db-dir[17323]: Consider joining MariaDB's strong and vibrant community:
Sep 22 05:33:18 openeuler-riscv64 mariadb-prepare-db-dir[17323]: https://mariadb.org/get-involved/
Sep 22 05:33:20 openeuler-riscv64 systemd[1]: Started MariaDB 10.5.15 database server.
░░ Subject: A start job for unit mariadb.service has finished successfully
░░ Defined-By: systemd
░░ Support: https://lists.freedesktop.org/mailman/listinfo/systemd-devel
░░ 
░░ A start job for unit mariadb.service has finished successfully.
░░ 
░░ The job identifier is 15690.
Sep 22 05:33:31 openeuler-riscv64 [RPM][17446]: Transaction ID 650cb6ab started
Sep 22 05:33:32 openeuler-riscv64 [RPM][17446]: erase mariadb-gssapi-server-4:10.5.22-1.oe2309.riscv64: success
Sep 22 05:33:32 openeuler-riscv64 [RPM][17446]: erase mariadb-server-4:10.5.22-1.oe2309.riscv64: success
Sep 22 05:33:32 openeuler-riscv64 [RPM][17446]: erase mariadb-backup-4:10.5.22-1.oe2309.riscv64: success
Sep 22 05:33:32 openeuler-riscv64 [RPM][17446]: erase mysql-selinux-1.0.0-2.oe2309.noarch: success
Sep 22 05:33:32 openeuler-riscv64 [RPM][17446]: erase mariadb-errmsg-4:10.5.22-1.oe2309.riscv64: success
Sep 22 05:33:32 openeuler-riscv64 [RPM][17446]: erase mariadb-server-utils-4:10.5.22-1.oe2309.riscv64: success
Sep 22 05:33:32 openeuler-riscv64 [RPM][17446]: erase mariadb-gssapi-server-4:10.5.22-1.oe2309.riscv64: success
Sep 22 05:33:33 openeuler-riscv64 systemctl[17452]: [systemctl --no-reload --now --no-warn disable mariadb.service] called by PID 17451 (bash /usr/lib/systemd/systemd-update-helper remove-system-units mariadb.service)
Sep 22 05:33:33 openeuler-riscv64 systemd[1]: Stopping MariaDB 10.5.15 database server...
░░ Subject: A stop job for unit mariadb.service has begun execution
░░ Defined-By: systemd
░░ Support: https://lists.freedesktop.org/mailman/listinfo/systemd-devel
░░ 
░░ A stop job for unit mariadb.service has begun execution.
░░ 
░░ The job identifier is 15762.
Sep 22 05:33:33 openeuler-riscv64 systemd[1]: mariadb.service: Deactivated successfully.
░░ Subject: Unit succeeded
░░ Defined-By: systemd
░░ Support: https://lists.freedesktop.org/mailman/listinfo/systemd-devel
░░ 
░░ The unit mariadb.service has successfully entered the 'dead' state.
Sep 22 05:33:33 openeuler-riscv64 systemd[1]: Stopped MariaDB 10.5.15 database server.
░░ Subject: A stop job for unit mariadb.service has finished
░░ Defined-By: systemd
░░ Support: https://lists.freedesktop.org/mailman/listinfo/systemd-devel
░░ 
░░ A stop job for unit mariadb.service has finished.
░░ 
░░ The job identifier is 15762 and the job result is done.
Sep 22 05:33:34 openeuler-riscv64 systemctl[17461]: [/usr/bin/systemctl daemon-reload] called by PID 17459 (/bin/sh /var/tmp/rpm-tmp.WkFbKw 0)
Sep 22 05:33:34 openeuler-riscv64 systemd[1]: Reloading requested from client PID 17461 (unit session-14.scope)...
Sep 22 05:33:34 openeuler-riscv64 systemd[1]: Reloading.
Sep 22 05:33:35 openeuler-riscv64 systemd-sysv-generator[17478]: SysV service '/etc/rc.d/init.d/network' lacks a native systemd unit file. Automatically generating a unit file for compatibility. Please update package to include a native systemd unit file, in order to make it more safe and robust.
Sep 22 05:33:35 openeuler-riscv64 systemd[1]: /usr/lib/systemd/system/xinetd.service:10: PIDFile= references a path below legacy directory /var/run/, updating /var/run/xinetd.pid → /run/xinetd.pid; please update the unit file accordingly.
Sep 22 05:33:36 openeuler-riscv64 systemd[1]: /usr/lib/systemd/system/squid.service:14: Unknown key name 'killMode' in section 'Service', ignoring.
Sep 22 05:33:36 openeuler-riscv64 systemd[1]: /usr/lib/systemd/system/nslcd.service:8: PIDFile= references a path below legacy directory /var/run/, updating /var/run/nslcd/nslcd.pid → /run/nslcd/nslcd.pid; please update the unit file accordingly.
Sep 22 05:33:36 openeuler-riscv64 systemd[1]: /usr/lib/systemd/system/acpid.socket:6: ListenStream= references a path below legacy directory /var/run/, updating /var/run/acpid.socket → /run/acpid.socket; please update the unit file accordingly.
Sep 22 05:33:36 openeuler-riscv64 systemd[1]: /usr/lib/systemd/system/rtkit-daemon.service:32: Unknown key name 'ControlGroup' in section 'Service', ignoring.
Sep 22 05:33:36 openeuler-riscv64 systemd[1]: /usr/lib/systemd/system/dbus.socket:5: ListenStream= references a path below legacy directory /var/run/, updating /var/run/dbus/system_bus_socket → /run/dbus/system_bus_socket; please update the unit file accordingly.
Sep 22 05:33:37 openeuler-riscv64 [RPM][17446]: erase mariadb-server-4:10.5.22-1.oe2309.riscv64: success
Sep 22 05:33:37 openeuler-riscv64 [RPM][17446]: erase mariadb-backup-4:10.5.22-1.oe2309.riscv64: success
Sep 22 05:34:18 openeuler-riscv64 [RPM][17446]: erase mysql-selinux-1.0.0-2.oe2309.noarch: success
Sep 22 05:34:18 openeuler-riscv64 [RPM][17446]: erase mariadb-errmsg-4:10.5.22-1.oe2309.riscv64: success
Sep 22 05:34:18 openeuler-riscv64 [RPM][17446]: erase mariadb-server-utils-4:10.5.22-1.oe2309.riscv64: success
Sep 22 05:34:19 openeuler-riscv64 systemd[1]: Started /usr/bin/systemctl start man-db-cache-update.
░░ Subject: A start job for unit run-rfc5516912baa41719ec193b0b1a953d6.service has finished successfully
░░ Defined-By: systemd
░░ Support: https://lists.freedesktop.org/mailman/listinfo/systemd-devel
░░ 
░░ A start job for unit run-rfc5516912baa41719ec193b0b1a953d6.service has finished successfully.
░░ 
░░ The job identifier is 15763.
Sep 22 05:34:19 openeuler-riscv64 [RPM][17446]: Transaction ID 650cb6ab finished: 0
Sep 22 05:34:19 openeuler-riscv64 systemctl[17500]: [/usr/bin/systemctl start man-db-cache-update] called by PID 1 (/sbin/init)
Sep 22 05:34:19 openeuler-riscv64 systemd[1]: Starting man-db-cache-update.service...
░░ Subject: A start job for unit man-db-cache-update.service has begun execution
░░ Defined-By: systemd
░░ Support: https://lists.freedesktop.org/mailman/listinfo/systemd-devel
░░ 
░░ A start job for unit man-db-cache-update.service has begun execution.
░░ 
░░ The job identifier is 15835.
Sep 22 05:34:21 openeuler-riscv64 systemd[1]: man-db-cache-update.service: Deactivated successfully.
░░ Subject: Unit succeeded
░░ Defined-By: systemd
░░ Support: https://lists.freedesktop.org/mailman/listinfo/systemd-devel
░░ 
░░ The unit man-db-cache-update.service has successfully entered the 'dead' state.
Sep 22 05:34:21 openeuler-riscv64 systemd[1]: Finished man-db-cache-update.service.
░░ Subject: A start job for unit man-db-cache-update.service has finished successfully
░░ Defined-By: systemd
░░ Support: https://lists.freedesktop.org/mailman/listinfo/systemd-devel
░░ 
░░ A start job for unit man-db-cache-update.service has finished successfully.
░░ 
░░ The job identifier is 15835.
Sep 22 05:34:21 openeuler-riscv64 systemd[1]: run-rfc5516912baa41719ec193b0b1a953d6.service: Deactivated successfully.
░░ Subject: Unit succeeded
░░ Defined-By: systemd
░░ Support: https://lists.freedesktop.org/mailman/listinfo/systemd-devel
░░ 
░░ The unit run-rfc5516912baa41719ec193b0b1a953d6.service has successfully entered the 'dead' state.
Sep 22 05:34:24 openeuler-riscv64 sudo[17061]: pam_unix(sudo:session): session closed for user root
Sep 22 05:34:25 openeuler-riscv64 sudo[17521]:     root : PWD=/root/mugen ; USER=root ; COMMAND=/usr/bin/bash mugen.sh -f os-basic -r oe_test_server_mariadb_dump -x
Sep 22 05:34:25 openeuler-riscv64 sudo[17521]: pam_unix(sudo:session): session opened for user root(uid=0) by root(uid=0)
Sep 22 05:35:39 openeuler-riscv64 [RPM][17600]: Transaction ID 650cb72a started
Sep 22 05:36:17 openeuler-riscv64 [RPM][17600]: install mysql-selinux-1.0.0-2.oe2309.noarch: success
Sep 22 05:36:18 openeuler-riscv64 [RPM][17600]: install mariadb-errmsg-4:10.5.22-1.oe2309.riscv64: success
Sep 22 05:36:18 openeuler-riscv64 [RPM][17600]: install mariadb-gssapi-server-4:10.5.22-1.oe2309.riscv64: success
Sep 22 05:36:19 openeuler-riscv64 [RPM][17600]: install mariadb-server-utils-4:10.5.22-1.oe2309.riscv64: success
Sep 22 05:36:19 openeuler-riscv64 useradd[17616]: failed adding user 'mysql', exit code: 9
Sep 22 05:36:33 openeuler-riscv64 systemctl[17619]: [systemctl --no-reload preset mariadb.service] called by PID 17618 (bash /usr/lib/systemd/systemd-update-helper install-system-units mariadb.service)
Sep 22 05:36:34 openeuler-riscv64 [RPM][17600]: install mariadb-server-4:10.5.22-1.oe2309.riscv64: success
Sep 22 05:36:38 openeuler-riscv64 [RPM][17600]: install mariadb-backup-4:10.5.22-1.oe2309.riscv64: success
Sep 22 05:36:38 openeuler-riscv64 [RPM][17600]: install mysql-selinux-1.0.0-2.oe2309.noarch: success
Sep 22 05:36:40 openeuler-riscv64 systemd[1]: Started /usr/bin/systemctl start man-db-cache-update.
░░ Subject: A start job for unit run-rc4e15889e50e413eaa091975326a2486.service has finished successfully
░░ Defined-By: systemd
░░ Support: https://lists.freedesktop.org/mailman/listinfo/systemd-devel
░░ 
░░ A start job for unit run-rc4e15889e50e413eaa091975326a2486.service has finished successfully.
░░ 
░░ The job identifier is 15838.
Sep 22 05:36:40 openeuler-riscv64 systemctl[17626]: [/usr/bin/systemctl start man-db-cache-update] called by PID 1 (/sbin/init)
Sep 22 05:36:40 openeuler-riscv64 systemctl[17628]: [/usr/bin/systemctl daemon-reload] called by PID 17627 (/bin/sh /var/tmp/rpm-tmp.DuxJAR 0)
Sep 22 05:36:40 openeuler-riscv64 systemd[1]: Starting man-db-cache-update.service...
░░ Subject: A start job for unit man-db-cache-update.service has begun execution
░░ Defined-By: systemd
░░ Support: https://lists.freedesktop.org/mailman/listinfo/systemd-devel
░░ 
░░ A start job for unit man-db-cache-update.service has begun execution.
░░ 
░░ The job identifier is 15910.
Sep 22 05:36:40 openeuler-riscv64 systemd[1]: Reloading requested from client PID 17628 (unit session-14.scope)...
Sep 22 05:36:40 openeuler-riscv64 systemd[1]: Reloading.
Sep 22 05:36:42 openeuler-riscv64 systemd-sysv-generator[17652]: SysV service '/etc/rc.d/init.d/network' lacks a native systemd unit file. Automatically generating a unit file for compatibility. Please update package to include a native systemd unit file, in order to make it more safe and robust.
Sep 22 05:36:42 openeuler-riscv64 systemd[1]: /usr/lib/systemd/system/xinetd.service:10: PIDFile= references a path below legacy directory /var/run/, updating /var/run/xinetd.pid → /run/xinetd.pid; please update the unit file accordingly.
Sep 22 05:36:42 openeuler-riscv64 systemd[1]: /usr/lib/systemd/system/squid.service:14: Unknown key name 'killMode' in section 'Service', ignoring.
Sep 22 05:36:42 openeuler-riscv64 systemd[1]: /usr/lib/systemd/system/nslcd.service:8: PIDFile= references a path below legacy directory /var/run/, updating /var/run/nslcd/nslcd.pid → /run/nslcd/nslcd.pid; please update the unit file accordingly.
Sep 22 05:36:42 openeuler-riscv64 systemd[1]: /usr/lib/systemd/system/acpid.socket:6: ListenStream= references a path below legacy directory /var/run/, updating /var/run/acpid.socket → /run/acpid.socket; please update the unit file accordingly.
Sep 22 05:36:42 openeuler-riscv64 systemd[1]: /usr/lib/systemd/system/rtkit-daemon.service:32: Unknown key name 'ControlGroup' in section 'Service', ignoring.
Sep 22 05:36:42 openeuler-riscv64 systemd[1]: /usr/lib/systemd/system/dbus.socket:5: ListenStream= references a path below legacy directory /var/run/, updating /var/run/dbus/system_bus_socket → /run/dbus/system_bus_socket; please update the unit file accordingly.
Sep 22 05:36:44 openeuler-riscv64 systemd[1]: man-db-cache-update.service: Deactivated successfully.
░░ Subject: Unit succeeded
░░ Defined-By: systemd
░░ Support: https://lists.freedesktop.org/mailman/listinfo/systemd-devel
░░ 
░░ The unit man-db-cache-update.service has successfully entered the 'dead' state.
Sep 22 05:36:44 openeuler-riscv64 systemd[1]: Finished man-db-cache-update.service.
░░ Subject: A start job for unit man-db-cache-update.service has finished successfully
░░ Defined-By: systemd
░░ Support: https://lists.freedesktop.org/mailman/listinfo/systemd-devel
░░ 
░░ A start job for unit man-db-cache-update.service has finished successfully.
░░ 
░░ The job identifier is 15910.
Sep 22 05:36:44 openeuler-riscv64 systemd[1]: run-rc4e15889e50e413eaa091975326a2486.service: Deactivated successfully.
░░ Subject: Unit succeeded
░░ Defined-By: systemd
░░ Support: https://lists.freedesktop.org/mailman/listinfo/systemd-devel
░░ 
░░ The unit run-rc4e15889e50e413eaa091975326a2486.service has successfully entered the 'dead' state.
Sep 22 05:36:45 openeuler-riscv64 [RPM][17600]: install mysql-selinux-1.0.0-2.oe2309.noarch: success
Sep 22 05:36:45 openeuler-riscv64 [RPM][17600]: install mariadb-errmsg-4:10.5.22-1.oe2309.riscv64: success
Sep 22 05:36:45 openeuler-riscv64 [RPM][17600]: install mariadb-gssapi-server-4:10.5.22-1.oe2309.riscv64: success
Sep 22 05:36:45 openeuler-riscv64 [RPM][17600]: install mariadb-server-utils-4:10.5.22-1.oe2309.riscv64: success
Sep 22 05:36:45 openeuler-riscv64 [RPM][17600]: install mariadb-server-4:10.5.22-1.oe2309.riscv64: success
Sep 22 05:36:45 openeuler-riscv64 [RPM][17600]: install mariadb-backup-4:10.5.22-1.oe2309.riscv64: success
Sep 22 05:36:45 openeuler-riscv64 [RPM][17600]: Transaction ID 650cb72a finished: 0
Sep 22 05:36:49 openeuler-riscv64 systemctl[17677]: [systemctl start mariadb.service] called by PID 17568 (bash -x oe_test_server_mariadb_dump.sh)
Sep 22 05:36:49 openeuler-riscv64 systemd[1]: Starting MariaDB 10.5.15 database server...
░░ Subject: A start job for unit mariadb.service has begun execution
░░ Defined-By: systemd
░░ Support: https://lists.freedesktop.org/mailman/listinfo/systemd-devel
░░ 
░░ A start job for unit mariadb.service has begun execution.
░░ 
░░ The job identifier is 15913.
Sep 22 05:36:51 openeuler-riscv64 mariadb-prepare-db-dir[17701]: Initializing MariaDB database
Sep 22 05:36:56 openeuler-riscv64 mariadb-prepare-db-dir[17740]: Two all-privilege accounts were created.
Sep 22 05:36:56 openeuler-riscv64 mariadb-prepare-db-dir[17740]: One is root@localhost, it has no password, but you need to
Sep 22 05:36:56 openeuler-riscv64 mariadb-prepare-db-dir[17740]: be system 'root' user to connect. Use, for example, sudo mysql
Sep 22 05:36:56 openeuler-riscv64 mariadb-prepare-db-dir[17740]: The second is mysql@localhost, it has no password either, but
Sep 22 05:36:56 openeuler-riscv64 mariadb-prepare-db-dir[17740]: you need to be the system 'mysql' user to connect.
Sep 22 05:36:56 openeuler-riscv64 mariadb-prepare-db-dir[17740]: After connecting you can set the password, if you would need to be
Sep 22 05:36:56 openeuler-riscv64 mariadb-prepare-db-dir[17740]: able to connect as any of these users with a password and without sudo
Sep 22 05:36:56 openeuler-riscv64 mariadb-prepare-db-dir[17740]: See the MariaDB Knowledgebase at https://mariadb.com/kb
Sep 22 05:36:56 openeuler-riscv64 mariadb-prepare-db-dir[17740]: Please report any problems at https://mariadb.org/jira
Sep 22 05:36:56 openeuler-riscv64 mariadb-prepare-db-dir[17740]: The latest information about MariaDB is available at https://mariadb.org/.
Sep 22 05:36:56 openeuler-riscv64 mariadb-prepare-db-dir[17740]: Consider joining MariaDB's strong and vibrant community:
Sep 22 05:36:56 openeuler-riscv64 mariadb-prepare-db-dir[17740]: https://mariadb.org/get-involved/
Sep 22 05:36:58 openeuler-riscv64 systemd[1]: Started MariaDB 10.5.15 database server.
░░ Subject: A start job for unit mariadb.service has finished successfully
░░ Defined-By: systemd
░░ Support: https://lists.freedesktop.org/mailman/listinfo/systemd-devel
░░ 
░░ A start job for unit mariadb.service has finished successfully.
░░ 
░░ The job identifier is 15913.
Sep 22 05:37:09 openeuler-riscv64 [RPM][17855]: Transaction ID 650cb785 started
Sep 22 05:37:10 openeuler-riscv64 [RPM][17855]: erase mariadb-gssapi-server-4:10.5.22-1.oe2309.riscv64: success
Sep 22 05:37:10 openeuler-riscv64 [RPM][17855]: erase mariadb-server-4:10.5.22-1.oe2309.riscv64: success
Sep 22 05:37:10 openeuler-riscv64 [RPM][17855]: erase mariadb-backup-4:10.5.22-1.oe2309.riscv64: success
Sep 22 05:37:10 openeuler-riscv64 [RPM][17855]: erase mysql-selinux-1.0.0-2.oe2309.noarch: success
Sep 22 05:37:10 openeuler-riscv64 [RPM][17855]: erase mariadb-errmsg-4:10.5.22-1.oe2309.riscv64: success
Sep 22 05:37:10 openeuler-riscv64 [RPM][17855]: erase mariadb-server-utils-4:10.5.22-1.oe2309.riscv64: success
Sep 22 05:37:10 openeuler-riscv64 [RPM][17855]: erase mariadb-gssapi-server-4:10.5.22-1.oe2309.riscv64: success
Sep 22 05:37:11 openeuler-riscv64 systemctl[17861]: [systemctl --no-reload --now --no-warn disable mariadb.service] called by PID 17860 (bash /usr/lib/systemd/systemd-update-helper remove-system-units mariadb.service)
Sep 22 05:37:11 openeuler-riscv64 systemd[1]: Stopping MariaDB 10.5.15 database server...
░░ Subject: A stop job for unit mariadb.service has begun execution
░░ Defined-By: systemd
░░ Support: https://lists.freedesktop.org/mailman/listinfo/systemd-devel
░░ 
░░ A stop job for unit mariadb.service has begun execution.
░░ 
░░ The job identifier is 15985.
Sep 22 05:37:11 openeuler-riscv64 systemd[1]: mariadb.service: Deactivated successfully.
░░ Subject: Unit succeeded
░░ Defined-By: systemd
░░ Support: https://lists.freedesktop.org/mailman/listinfo/systemd-devel
░░ 
░░ The unit mariadb.service has successfully entered the 'dead' state.
Sep 22 05:37:11 openeuler-riscv64 systemd[1]: Stopped MariaDB 10.5.15 database server.
░░ Subject: A stop job for unit mariadb.service has finished
░░ Defined-By: systemd
░░ Support: https://lists.freedesktop.org/mailman/listinfo/systemd-devel
░░ 
░░ A stop job for unit mariadb.service has finished.
░░ 
░░ The job identifier is 15985 and the job result is done.
Sep 22 05:37:12 openeuler-riscv64 systemctl[17868]: [/usr/bin/systemctl daemon-reload] called by PID 17866 (/bin/sh /var/tmp/rpm-tmp.Fj8s6U 0)
Sep 22 05:37:12 openeuler-riscv64 systemd[1]: Reloading requested from client PID 17868 (unit session-14.scope)...
Sep 22 05:37:12 openeuler-riscv64 systemd[1]: Reloading.
Sep 22 05:37:13 openeuler-riscv64 systemd-sysv-generator[17886]: SysV service '/etc/rc.d/init.d/network' lacks a native systemd unit file. Automatically generating a unit file for compatibility. Please update package to include a native systemd unit file, in order to make it more safe and robust.
