Sep 22 05:43:31 openeuler-riscv64 mariadb-prepare-db-dir[18641]: you need to be the system 'mysql' user to connect.
Sep 22 05:43:31 openeuler-riscv64 mariadb-prepare-db-dir[18641]: After connecting you can set the password, if you would need to be
Sep 22 05:43:31 openeuler-riscv64 mariadb-prepare-db-dir[18641]: able to connect as any of these users with a password and without sudo
Sep 22 05:43:31 openeuler-riscv64 mariadb-prepare-db-dir[18641]: See the MariaDB Knowledgebase at https://mariadb.com/kb
Sep 22 05:43:31 openeuler-riscv64 mariadb-prepare-db-dir[18641]: Please report any problems at https://mariadb.org/jira
Sep 22 05:43:31 openeuler-riscv64 mariadb-prepare-db-dir[18641]: The latest information about MariaDB is available at https://mariadb.org/.
Sep 22 05:43:31 openeuler-riscv64 mariadb-prepare-db-dir[18641]: Consider joining MariaDB's strong and vibrant community:
Sep 22 05:43:31 openeuler-riscv64 mariadb-prepare-db-dir[18641]: https://mariadb.org/get-involved/
Sep 22 05:43:32 openeuler-riscv64 systemd[1]: Started MariaDB 10.5.15 database server.
░░ Subject: A start job for unit mariadb.service has finished successfully
░░ Defined-By: systemd
░░ Support: https://lists.freedesktop.org/mailman/listinfo/systemd-devel
░░ 
░░ A start job for unit mariadb.service has finished successfully.
░░ 
░░ The job identifier is 16431.
Sep 22 05:43:43 openeuler-riscv64 [RPM][18763]: Transaction ID 650cb90f started
Sep 22 05:43:44 openeuler-riscv64 [RPM][18763]: erase mariadb-gssapi-server-4:10.5.22-1.oe2309.riscv64: success
Sep 22 05:43:44 openeuler-riscv64 [RPM][18763]: erase mariadb-server-4:10.5.22-1.oe2309.riscv64: success
Sep 22 05:43:44 openeuler-riscv64 [RPM][18763]: erase mariadb-backup-4:10.5.22-1.oe2309.riscv64: success
Sep 22 05:43:44 openeuler-riscv64 [RPM][18763]: erase mysql-selinux-1.0.0-2.oe2309.noarch: success
Sep 22 05:43:44 openeuler-riscv64 [RPM][18763]: erase mariadb-errmsg-4:10.5.22-1.oe2309.riscv64: success
Sep 22 05:43:44 openeuler-riscv64 [RPM][18763]: erase mariadb-server-utils-4:10.5.22-1.oe2309.riscv64: success
Sep 22 05:43:44 openeuler-riscv64 [RPM][18763]: erase mariadb-gssapi-server-4:10.5.22-1.oe2309.riscv64: success
Sep 22 05:43:45 openeuler-riscv64 systemctl[18769]: [systemctl --no-reload --now --no-warn disable mariadb.service] called by PID 18768 (bash /usr/lib/systemd/systemd-update-helper remove-system-units mariadb.service)
Sep 22 05:43:45 openeuler-riscv64 systemd[1]: Stopping MariaDB 10.5.15 database server...
░░ Subject: A stop job for unit mariadb.service has begun execution
░░ Defined-By: systemd
░░ Support: https://lists.freedesktop.org/mailman/listinfo/systemd-devel
░░ 
░░ A stop job for unit mariadb.service has begun execution.
░░ 
░░ The job identifier is 16503.
Sep 22 05:43:45 openeuler-riscv64 systemd[1]: mariadb.service: Deactivated successfully.
░░ Subject: Unit succeeded
░░ Defined-By: systemd
░░ Support: https://lists.freedesktop.org/mailman/listinfo/systemd-devel
░░ 
░░ The unit mariadb.service has successfully entered the 'dead' state.
Sep 22 05:43:45 openeuler-riscv64 systemd[1]: Stopped MariaDB 10.5.15 database server.
░░ Subject: A stop job for unit mariadb.service has finished
░░ Defined-By: systemd
░░ Support: https://lists.freedesktop.org/mailman/listinfo/systemd-devel
░░ 
░░ A stop job for unit mariadb.service has finished.
░░ 
░░ The job identifier is 16503 and the job result is done.
Sep 22 05:43:46 openeuler-riscv64 systemctl[18776]: [/usr/bin/systemctl daemon-reload] called by PID 18774 (/bin/sh /var/tmp/rpm-tmp.GmVyrg 0)
Sep 22 05:43:46 openeuler-riscv64 systemd[1]: Reloading requested from client PID 18776 (unit session-14.scope)...
Sep 22 05:43:46 openeuler-riscv64 systemd[1]: Reloading.
Sep 22 05:43:47 openeuler-riscv64 systemd-sysv-generator[18794]: SysV service '/etc/rc.d/init.d/network' lacks a native systemd unit file. Automatically generating a unit file for compatibility. Please update package to include a native systemd unit file, in order to make it more safe and robust.
Sep 22 05:43:47 openeuler-riscv64 systemd[1]: /usr/lib/systemd/system/xinetd.service:10: PIDFile= references a path below legacy directory /var/run/, updating /var/run/xinetd.pid → /run/xinetd.pid; please update the unit file accordingly.
Sep 22 05:43:47 openeuler-riscv64 systemd[1]: /usr/lib/systemd/system/squid.service:14: Unknown key name 'killMode' in section 'Service', ignoring.
Sep 22 05:43:48 openeuler-riscv64 systemd[1]: /usr/lib/systemd/system/nslcd.service:8: PIDFile= references a path below legacy directory /var/run/, updating /var/run/nslcd/nslcd.pid → /run/nslcd/nslcd.pid; please update the unit file accordingly.
Sep 22 05:43:48 openeuler-riscv64 systemd[1]: /usr/lib/systemd/system/acpid.socket:6: ListenStream= references a path below legacy directory /var/run/, updating /var/run/acpid.socket → /run/acpid.socket; please update the unit file accordingly.
Sep 22 05:43:48 openeuler-riscv64 systemd[1]: /usr/lib/systemd/system/rtkit-daemon.service:32: Unknown key name 'ControlGroup' in section 'Service', ignoring.
Sep 22 05:43:48 openeuler-riscv64 systemd[1]: /usr/lib/systemd/system/dbus.socket:5: ListenStream= references a path below legacy directory /var/run/, updating /var/run/dbus/system_bus_socket → /run/dbus/system_bus_socket; please update the unit file accordingly.
Sep 22 05:43:49 openeuler-riscv64 [RPM][18763]: erase mariadb-server-4:10.5.22-1.oe2309.riscv64: success
Sep 22 05:43:49 openeuler-riscv64 [RPM][18763]: erase mariadb-backup-4:10.5.22-1.oe2309.riscv64: success
Sep 22 05:44:27 openeuler-riscv64 [RPM][18763]: erase mysql-selinux-1.0.0-2.oe2309.noarch: success
Sep 22 05:44:27 openeuler-riscv64 [RPM][18763]: erase mariadb-errmsg-4:10.5.22-1.oe2309.riscv64: success
Sep 22 05:44:27 openeuler-riscv64 [RPM][18763]: erase mariadb-server-utils-4:10.5.22-1.oe2309.riscv64: success
Sep 22 05:44:28 openeuler-riscv64 systemd[1]: Started /usr/bin/systemctl start man-db-cache-update.
░░ Subject: A start job for unit run-r57bc0256235f4267acc7df0ecbc503ff.service has finished successfully
░░ Defined-By: systemd
░░ Support: https://lists.freedesktop.org/mailman/listinfo/systemd-devel
░░ 
░░ A start job for unit run-r57bc0256235f4267acc7df0ecbc503ff.service has finished successfully.
░░ 
░░ The job identifier is 16504.
Sep 22 05:44:28 openeuler-riscv64 [RPM][18763]: Transaction ID 650cb90f finished: 0
Sep 22 05:44:28 openeuler-riscv64 systemctl[18815]: [/usr/bin/systemctl start man-db-cache-update] called by PID 1 (/sbin/init)
Sep 22 05:44:29 openeuler-riscv64 systemd[1]: Starting man-db-cache-update.service...
░░ Subject: A start job for unit man-db-cache-update.service has begun execution
░░ Defined-By: systemd
░░ Support: https://lists.freedesktop.org/mailman/listinfo/systemd-devel
░░ 
░░ A start job for unit man-db-cache-update.service has begun execution.
░░ 
░░ The job identifier is 16576.
Sep 22 05:44:31 openeuler-riscv64 systemd[1]: man-db-cache-update.service: Deactivated successfully.
░░ Subject: Unit succeeded
░░ Defined-By: systemd
░░ Support: https://lists.freedesktop.org/mailman/listinfo/systemd-devel
░░ 
░░ The unit man-db-cache-update.service has successfully entered the 'dead' state.
Sep 22 05:44:31 openeuler-riscv64 systemd[1]: Finished man-db-cache-update.service.
░░ Subject: A start job for unit man-db-cache-update.service has finished successfully
░░ Defined-By: systemd
░░ Support: https://lists.freedesktop.org/mailman/listinfo/systemd-devel
░░ 
░░ A start job for unit man-db-cache-update.service has finished successfully.
░░ 
░░ The job identifier is 16576.
Sep 22 05:44:31 openeuler-riscv64 systemd[1]: run-r57bc0256235f4267acc7df0ecbc503ff.service: Deactivated successfully.
░░ Subject: Unit succeeded
░░ Defined-By: systemd
░░ Support: https://lists.freedesktop.org/mailman/listinfo/systemd-devel
░░ 
░░ The unit run-r57bc0256235f4267acc7df0ecbc503ff.service has successfully entered the 'dead' state.
Sep 22 05:44:34 openeuler-riscv64 sudo[18422]: pam_unix(sudo:session): session closed for user root
Sep 22 05:44:34 openeuler-riscv64 sudo[18835]:     root : PWD=/root/mugen ; USER=root ; COMMAND=/usr/bin/bash mugen.sh -f os-basic -r oe_test_server_mariadb_backupDB -x
Sep 22 05:44:34 openeuler-riscv64 sudo[18835]: pam_unix(sudo:session): session opened for user root(uid=0) by root(uid=0)
Sep 22 05:45:15 openeuler-riscv64 [RPM][18914]: Transaction ID 650cb96a started
Sep 22 05:45:51 openeuler-riscv64 [RPM][18914]: install mysql-selinux-1.0.0-2.oe2309.noarch: success
Sep 22 05:45:52 openeuler-riscv64 [RPM][18914]: install mariadb-errmsg-4:10.5.22-1.oe2309.riscv64: success
Sep 22 05:45:52 openeuler-riscv64 [RPM][18914]: install mariadb-gssapi-server-4:10.5.22-1.oe2309.riscv64: success
Sep 22 05:45:53 openeuler-riscv64 [RPM][18914]: install mariadb-server-utils-4:10.5.22-1.oe2309.riscv64: success
Sep 22 05:45:53 openeuler-riscv64 useradd[18937]: failed adding user 'mysql', exit code: 9
Sep 22 05:46:01 openeuler-riscv64 anacron[8920]: Job `cron.monthly' started
Sep 22 05:46:01 openeuler-riscv64 anacron[8920]: Job `cron.monthly' terminated
Sep 22 05:46:01 openeuler-riscv64 anacron[8920]: Normal exit (3 jobs run)
Sep 22 05:46:07 openeuler-riscv64 systemctl[18942]: [systemctl --no-reload preset mariadb.service] called by PID 18941 (bash /usr/lib/systemd/systemd-update-helper install-system-units mariadb.service)
Sep 22 05:46:07 openeuler-riscv64 [RPM][18914]: install mariadb-server-4:10.5.22-1.oe2309.riscv64: success
Sep 22 05:46:12 openeuler-riscv64 [RPM][18914]: install mariadb-backup-4:10.5.22-1.oe2309.riscv64: success
Sep 22 05:46:12 openeuler-riscv64 [RPM][18914]: install mysql-selinux-1.0.0-2.oe2309.noarch: success
Sep 22 05:46:14 openeuler-riscv64 systemd[1]: Started /usr/bin/systemctl start man-db-cache-update.
░░ Subject: A start job for unit run-ra3a772584a0d463bb50eccef0081ef12.service has finished successfully
░░ Defined-By: systemd
░░ Support: https://lists.freedesktop.org/mailman/listinfo/systemd-devel
░░ 
░░ A start job for unit run-ra3a772584a0d463bb50eccef0081ef12.service has finished successfully.
░░ 
░░ The job identifier is 16579.
Sep 22 05:46:14 openeuler-riscv64 systemctl[18949]: [/usr/bin/systemctl start man-db-cache-update] called by PID 1 (/sbin/init)
Sep 22 05:46:14 openeuler-riscv64 systemctl[18951]: [/usr/bin/systemctl daemon-reload] called by PID 18950 (/bin/sh /var/tmp/rpm-tmp.HBTZiU 0)
Sep 22 05:46:14 openeuler-riscv64 systemd[1]: Starting man-db-cache-update.service...
░░ Subject: A start job for unit man-db-cache-update.service has begun execution
░░ Defined-By: systemd
░░ Support: https://lists.freedesktop.org/mailman/listinfo/systemd-devel
░░ 
░░ A start job for unit man-db-cache-update.service has begun execution.
░░ 
░░ The job identifier is 16651.
Sep 22 05:46:14 openeuler-riscv64 systemd[1]: Reloading requested from client PID 18951 (unit session-14.scope)...
Sep 22 05:46:14 openeuler-riscv64 systemd[1]: Reloading.
Sep 22 05:46:15 openeuler-riscv64 NetworkManager[667]: <info>  [1695332775.7991] policy: auto-activating connection 'Wired connection 2' (81a731eb-4d99-3655-94a4-3c571a0d2abf)
Sep 22 05:46:15 openeuler-riscv64 NetworkManager[667]: <info>  [1695332775.8005] policy: auto-activating connection 'Wired connection 3' (3785d83e-6144-3d49-846d-368db2bdcfa6)
Sep 22 05:46:15 openeuler-riscv64 NetworkManager[667]: <info>  [1695332775.8033] device (enp0s4): Activation: starting connection 'Wired connection 2' (81a731eb-4d99-3655-94a4-3c571a0d2abf)
Sep 22 05:46:15 openeuler-riscv64 NetworkManager[667]: <info>  [1695332775.8049] device (enp0s5): Activation: starting connection 'Wired connection 3' (3785d83e-6144-3d49-846d-368db2bdcfa6)
Sep 22 05:46:15 openeuler-riscv64 NetworkManager[667]: <info>  [1695332775.8055] device (enp0s4): state change: disconnected -> prepare (reason 'none', sys-iface-state: 'managed')
Sep 22 05:46:15 openeuler-riscv64 NetworkManager[667]: <info>  [1695332775.8082] device (enp0s4): state change: prepare -> config (reason 'none', sys-iface-state: 'managed')
Sep 22 05:46:15 openeuler-riscv64 NetworkManager[667]: <info>  [1695332775.8164] device (enp0s5): state change: disconnected -> prepare (reason 'none', sys-iface-state: 'managed')
Sep 22 05:46:15 openeuler-riscv64 NetworkManager[667]: <info>  [1695332775.8186] device (enp0s5): state change: prepare -> config (reason 'none', sys-iface-state: 'managed')
Sep 22 05:46:15 openeuler-riscv64 NetworkManager[667]: <info>  [1695332775.8277] device (enp0s4): state change: config -> ip-config (reason 'none', sys-iface-state: 'managed')
Sep 22 05:46:15 openeuler-riscv64 NetworkManager[667]: <info>  [1695332775.8346] dhcp4 (enp0s4): activation: beginning transaction (timeout in 45 seconds)
Sep 22 05:46:15 openeuler-riscv64 NetworkManager[667]: <info>  [1695332775.8625] dhcp4 (enp0s4): dhclient started with pid 18959
Sep 22 05:46:15 openeuler-riscv64 NetworkManager[667]: <info>  [1695332775.8678] device (enp0s5): state change: config -> ip-config (reason 'none', sys-iface-state: 'managed')
Sep 22 05:46:15 openeuler-riscv64 NetworkManager[667]: <info>  [1695332775.8786] dhcp4 (enp0s5): activation: beginning transaction (timeout in 45 seconds)
Sep 22 05:46:15 openeuler-riscv64 NetworkManager[667]: <info>  [1695332775.9072] dhcp4 (enp0s5): dhclient started with pid 18961
Sep 22 05:46:16 openeuler-riscv64 systemd-sysv-generator[18978]: SysV service '/etc/rc.d/init.d/network' lacks a native systemd unit file. Automatically generating a unit file for compatibility. Please update package to include a native systemd unit file, in order to make it more safe and robust.
Sep 22 05:46:16 openeuler-riscv64 dhclient[18959]: DHCPDISCOVER on enp0s4 to 255.255.255.255 port 67 interval 3 (xid=0x4a163e61)
Sep 22 05:46:16 openeuler-riscv64 dhclient[18961]: DHCPDISCOVER on enp0s5 to 255.255.255.255 port 67 interval 7 (xid=0x5f0f516e)
Sep 22 05:46:16 openeuler-riscv64 systemd[1]: /usr/lib/systemd/system/xinetd.service:10: PIDFile= references a path below legacy directory /var/run/, updating /var/run/xinetd.pid → /run/xinetd.pid; please update the unit file accordingly.
Sep 22 05:46:16 openeuler-riscv64 systemd[1]: /usr/lib/systemd/system/squid.service:14: Unknown key name 'killMode' in section 'Service', ignoring.
Sep 22 05:46:16 openeuler-riscv64 systemd[1]: /usr/lib/systemd/system/nslcd.service:8: PIDFile= references a path below legacy directory /var/run/, updating /var/run/nslcd/nslcd.pid → /run/nslcd/nslcd.pid; please update the unit file accordingly.
Sep 22 05:46:16 openeuler-riscv64 systemd[1]: /usr/lib/systemd/system/acpid.socket:6: ListenStream= references a path below legacy directory /var/run/, updating /var/run/acpid.socket → /run/acpid.socket; please update the unit file accordingly.
Sep 22 05:46:16 openeuler-riscv64 systemd[1]: /usr/lib/systemd/system/rtkit-daemon.service:32: Unknown key name 'ControlGroup' in section 'Service', ignoring.
Sep 22 05:46:16 openeuler-riscv64 systemd[1]: /usr/lib/systemd/system/dbus.socket:5: ListenStream= references a path below legacy directory /var/run/, updating /var/run/dbus/system_bus_socket → /run/dbus/system_bus_socket; please update the unit file accordingly.
Sep 22 05:46:18 openeuler-riscv64 systemd[1]: man-db-cache-update.service: Deactivated successfully.
░░ Subject: Unit succeeded
░░ Defined-By: systemd
░░ Support: https://lists.freedesktop.org/mailman/listinfo/systemd-devel
░░ 
░░ The unit man-db-cache-update.service has successfully entered the 'dead' state.
Sep 22 05:46:18 openeuler-riscv64 systemd[1]: Finished man-db-cache-update.service.
░░ Subject: A start job for unit man-db-cache-update.service has finished successfully
░░ Defined-By: systemd
░░ Support: https://lists.freedesktop.org/mailman/listinfo/systemd-devel
░░ 
░░ A start job for unit man-db-cache-update.service has finished successfully.
░░ 
░░ The job identifier is 16651.
Sep 22 05:46:18 openeuler-riscv64 systemd[1]: run-ra3a772584a0d463bb50eccef0081ef12.service: Deactivated successfully.
░░ Subject: Unit succeeded
░░ Defined-By: systemd
░░ Support: https://lists.freedesktop.org/mailman/listinfo/systemd-devel
░░ 
░░ The unit run-ra3a772584a0d463bb50eccef0081ef12.service has successfully entered the 'dead' state.
Sep 22 05:46:19 openeuler-riscv64 [RPM][18914]: install mysql-selinux-1.0.0-2.oe2309.noarch: success
Sep 22 05:46:19 openeuler-riscv64 [RPM][18914]: install mariadb-errmsg-4:10.5.22-1.oe2309.riscv64: success
Sep 22 05:46:19 openeuler-riscv64 [RPM][18914]: install mariadb-gssapi-server-4:10.5.22-1.oe2309.riscv64: success
Sep 22 05:46:19 openeuler-riscv64 [RPM][18914]: install mariadb-server-utils-4:10.5.22-1.oe2309.riscv64: success
Sep 22 05:46:19 openeuler-riscv64 [RPM][18914]: install mariadb-server-4:10.5.22-1.oe2309.riscv64: success
Sep 22 05:46:19 openeuler-riscv64 [RPM][18914]: install mariadb-backup-4:10.5.22-1.oe2309.riscv64: success
Sep 22 05:46:19 openeuler-riscv64 [RPM][18914]: Transaction ID 650cb96a finished: 0
Sep 22 05:46:19 openeuler-riscv64 dhclient[18959]: DHCPDISCOVER on enp0s4 to 255.255.255.255 port 67 interval 5 (xid=0x4a163e61)
Sep 22 05:46:23 openeuler-riscv64 systemctl[19006]: [systemctl start mariadb.service] called by PID 18882 (bash -x oe_test_server_mariadb_backupDB.sh)
Sep 22 05:46:23 openeuler-riscv64 systemd[1]: Starting MariaDB 10.5.15 database server...
░░ Subject: A start job for unit mariadb.service has begun execution
░░ Defined-By: systemd
░░ Support: https://lists.freedesktop.org/mailman/listinfo/systemd-devel
░░ 
░░ A start job for unit mariadb.service has begun execution.
░░ 
░░ The job identifier is 16654.
Sep 22 05:46:23 openeuler-riscv64 dhclient[18961]: DHCPDISCOVER on enp0s5 to 255.255.255.255 port 67 interval 17 (xid=0x5f0f516e)
Sep 22 05:46:24 openeuler-riscv64 dhclient[18959]: DHCPDISCOVER on enp0s4 to 255.255.255.255 port 67 interval 5 (xid=0x4a163e61)
Sep 22 05:46:25 openeuler-riscv64 mariadb-prepare-db-dir[19030]: Initializing MariaDB database
Sep 22 05:46:29 openeuler-riscv64 dhclient[18959]: DHCPDISCOVER on enp0s4 to 255.255.255.255 port 67 interval 5 (xid=0x4a163e61)
Sep 22 05:46:30 openeuler-riscv64 mariadb-prepare-db-dir[19069]: Two all-privilege accounts were created.
Sep 22 05:46:30 openeuler-riscv64 mariadb-prepare-db-dir[19069]: One is root@localhost, it has no password, but you need to
Sep 22 05:46:30 openeuler-riscv64 mariadb-prepare-db-dir[19069]: be system 'root' user to connect. Use, for example, sudo mysql
Sep 22 05:46:30 openeuler-riscv64 mariadb-prepare-db-dir[19069]: The second is mysql@localhost, it has no password either, but
Sep 22 05:46:30 openeuler-riscv64 mariadb-prepare-db-dir[19069]: you need to be the system 'mysql' user to connect.
Sep 22 05:46:30 openeuler-riscv64 mariadb-prepare-db-dir[19069]: After connecting you can set the password, if you would need to be
Sep 22 05:46:30 openeuler-riscv64 mariadb-prepare-db-dir[19069]: able to connect as any of these users with a password and without sudo
Sep 22 05:46:30 openeuler-riscv64 mariadb-prepare-db-dir[19069]: See the MariaDB Knowledgebase at https://mariadb.com/kb
Sep 22 05:46:30 openeuler-riscv64 mariadb-prepare-db-dir[19069]: Please report any problems at https://mariadb.org/jira
Sep 22 05:46:30 openeuler-riscv64 mariadb-prepare-db-dir[19069]: The latest information about MariaDB is available at https://mariadb.org/.
Sep 22 05:46:30 openeuler-riscv64 mariadb-prepare-db-dir[19069]: Consider joining MariaDB's strong and vibrant community:
Sep 22 05:46:30 openeuler-riscv64 mariadb-prepare-db-dir[19069]: https://mariadb.org/get-involved/
Sep 22 05:46:32 openeuler-riscv64 systemd[1]: Started MariaDB 10.5.15 database server.
░░ Subject: A start job for unit mariadb.service has finished successfully
░░ Defined-By: systemd
░░ Support: https://lists.freedesktop.org/mailman/listinfo/systemd-devel
░░ 
░░ A start job for unit mariadb.service has finished successfully.
░░ 
░░ The job identifier is 16654.
Sep 22 05:46:34 openeuler-riscv64 dhclient[18959]: DHCPDISCOVER on enp0s4 to 255.255.255.255 port 67 interval 10 (xid=0x4a163e61)
Sep 22 05:46:40 openeuler-riscv64 dhclient[18961]: DHCPDISCOVER on enp0s5 to 255.255.255.255 port 67 interval 20 (xid=0x5f0f516e)
Sep 22 05:46:42 openeuler-riscv64 [RPM][19185]: Transaction ID 650cb9c2 started
Sep 22 05:46:44 openeuler-riscv64 [RPM][19185]: erase mariadb-gssapi-server-4:10.5.22-1.oe2309.riscv64: success
Sep 22 05:46:44 openeuler-riscv64 [RPM][19185]: erase mariadb-server-4:10.5.22-1.oe2309.riscv64: success
Sep 22 05:46:44 openeuler-riscv64 [RPM][19185]: erase mariadb-backup-4:10.5.22-1.oe2309.riscv64: success
Sep 22 05:46:44 openeuler-riscv64 [RPM][19185]: erase mysql-selinux-1.0.0-2.oe2309.noarch: success
Sep 22 05:46:44 openeuler-riscv64 [RPM][19185]: erase mariadb-errmsg-4:10.5.22-1.oe2309.riscv64: success
Sep 22 05:46:44 openeuler-riscv64 [RPM][19185]: erase mariadb-server-utils-4:10.5.22-1.oe2309.riscv64: success
Sep 22 05:46:44 openeuler-riscv64 [RPM][19185]: erase mariadb-gssapi-server-4:10.5.22-1.oe2309.riscv64: success
Sep 22 05:46:44 openeuler-riscv64 systemctl[19191]: [systemctl --no-reload --now --no-warn disable mariadb.service] called by PID 19190 (bash /usr/lib/systemd/systemd-update-helper remove-system-units mariadb.service)
Sep 22 05:46:44 openeuler-riscv64 systemd[1]: Stopping MariaDB 10.5.15 database server...
░░ Subject: A stop job for unit mariadb.service has begun execution
░░ Defined-By: systemd
░░ Support: https://lists.freedesktop.org/mailman/listinfo/systemd-devel
░░ 
░░ A stop job for unit mariadb.service has begun execution.
░░ 
░░ The job identifier is 16726.
Sep 22 05:46:44 openeuler-riscv64 dhclient[18959]: DHCPDISCOVER on enp0s4 to 255.255.255.255 port 67 interval 10 (xid=0x4a163e61)
Sep 22 05:46:44 openeuler-riscv64 systemd[1]: mariadb.service: Deactivated successfully.
░░ Subject: Unit succeeded
░░ Defined-By: systemd
░░ Support: https://lists.freedesktop.org/mailman/listinfo/systemd-devel
░░ 
░░ The unit mariadb.service has successfully entered the 'dead' state.
Sep 22 05:46:44 openeuler-riscv64 systemd[1]: Stopped MariaDB 10.5.15 database server.
░░ Subject: A stop job for unit mariadb.service has finished
░░ Defined-By: systemd
░░ Support: https://lists.freedesktop.org/mailman/listinfo/systemd-devel
░░ 
░░ A stop job for unit mariadb.service has finished.
░░ 
░░ The job identifier is 16726 and the job result is done.
Sep 22 05:46:45 openeuler-riscv64 systemctl[19198]: [/usr/bin/systemctl daemon-reload] called by PID 19196 (/bin/sh /var/tmp/rpm-tmp.uGxOi9 0)
Sep 22 05:46:45 openeuler-riscv64 systemd[1]: Reloading requested from client PID 19198 (unit session-14.scope)...
Sep 22 05:46:45 openeuler-riscv64 systemd[1]: Reloading.
Sep 22 05:46:46 openeuler-riscv64 systemd-sysv-generator[19216]: SysV service '/etc/rc.d/init.d/network' lacks a native systemd unit file. Automatically generating a unit file for compatibility. Please update package to include a native systemd unit file, in order to make it more safe and robust.
Sep 22 05:46:47 openeuler-riscv64 systemd[1]: /usr/lib/systemd/system/xinetd.service:10: PIDFile= references a path below legacy directory /var/run/, updating /var/run/xinetd.pid → /run/xinetd.pid; please update the unit file accordingly.
Sep 22 05:46:47 openeuler-riscv64 systemd[1]: /usr/lib/systemd/system/squid.service:14: Unknown key name 'killMode' in section 'Service', ignoring.
Sep 22 05:46:47 openeuler-riscv64 systemd[1]: /usr/lib/systemd/system/nslcd.service:8: PIDFile= references a path below legacy directory /var/run/, updating /var/run/nslcd/nslcd.pid → /run/nslcd/nslcd.pid; please update the unit file accordingly.
Sep 22 05:46:47 openeuler-riscv64 systemd[1]: /usr/lib/systemd/system/acpid.socket:6: ListenStream= references a path below legacy directory /var/run/, updating /var/run/acpid.socket → /run/acpid.socket; please update the unit file accordingly.
Sep 22 05:46:47 openeuler-riscv64 systemd[1]: /usr/lib/systemd/system/rtkit-daemon.service:32: Unknown key name 'ControlGroup' in section 'Service', ignoring.
Sep 22 05:46:47 openeuler-riscv64 systemd[1]: /usr/lib/systemd/system/dbus.socket:5: ListenStream= references a path below legacy directory /var/run/, updating /var/run/dbus/system_bus_socket → /run/dbus/system_bus_socket; please update the unit file accordingly.
Sep 22 05:46:48 openeuler-riscv64 [RPM][19185]: erase mariadb-server-4:10.5.22-1.oe2309.riscv64: success
Sep 22 05:46:48 openeuler-riscv64 [RPM][19185]: erase mariadb-backup-4:10.5.22-1.oe2309.riscv64: success
Sep 22 05:46:54 openeuler-riscv64 dhclient[18959]: DHCPDISCOVER on enp0s4 to 255.255.255.255 port 67 interval 11 (xid=0x4a163e61)
Sep 22 05:47:00 openeuler-riscv64 dhclient[18961]: DHCPDISCOVER on enp0s5 to 255.255.255.255 port 67 interval 17 (xid=0x5f0f516e)
Sep 22 05:47:00 openeuler-riscv64 NetworkManager[667]: <info>  [1695332820.7949] device (enp0s4): state change: ip-config -> failed (reason 'ip-config-unavailable', sys-iface-state: 'managed')
Sep 22 05:47:00 openeuler-riscv64 NetworkManager[667]: <warn>  [1695332820.8082] device (enp0s4): Activation: failed for connection 'Wired connection 2'
Sep 22 05:47:00 openeuler-riscv64 NetworkManager[667]: <info>  [1695332820.8093] device (enp0s5): state change: ip-config -> failed (reason 'ip-config-unavailable', sys-iface-state: 'managed')
Sep 22 05:47:00 openeuler-riscv64 NetworkManager[667]: <warn>  [1695332820.8208] device (enp0s5): Activation: failed for connection 'Wired connection 3'
Sep 22 05:47:00 openeuler-riscv64 NetworkManager[667]: <info>  [1695332820.8309] device (enp0s4): state change: failed -> disconnected (reason 'none', sys-iface-state: 'managed')
Sep 22 05:47:00 openeuler-riscv64 NetworkManager[667]: <info>  [1695332820.8803] dhcp4 (enp0s4): canceled DHCP transaction, DHCP client pid 18959
Sep 22 05:47:00 openeuler-riscv64 NetworkManager[667]: <info>  [1695332820.8808] dhcp4 (enp0s4): activation: beginning transaction (timeout in 45 seconds)
Sep 22 05:47:00 openeuler-riscv64 NetworkManager[667]: <info>  [1695332820.8816] dhcp4 (enp0s4): state changed no lease
Sep 22 05:47:01 openeuler-riscv64 NetworkManager[667]: <info>  [1695332821.0293] device (enp0s5): state change: failed -> disconnected (reason 'none', sys-iface-state: 'managed')
Sep 22 05:47:01 openeuler-riscv64 NetworkManager[667]: <info>  [1695332821.0671] dhcp4 (enp0s5): canceled DHCP transaction, DHCP client pid 18961
Sep 22 05:47:01 openeuler-riscv64 NetworkManager[667]: <info>  [1695332821.0674] dhcp4 (enp0s5): activation: beginning transaction (timeout in 45 seconds)
Sep 22 05:47:01 openeuler-riscv64 NetworkManager[667]: <info>  [1695332821.0676] dhcp4 (enp0s5): state changed no lease
Sep 22 05:47:01 openeuler-riscv64 NetworkManager[667]: <info>  [1695332821.2303] policy: auto-activating connection 'Wired connection 2' (81a731eb-4d99-3655-94a4-3c571a0d2abf)
Sep 22 05:47:01 openeuler-riscv64 NetworkManager[667]: <info>  [1695332821.2320] policy: auto-activating connection 'Wired connection 3' (3785d83e-6144-3d49-846d-368db2bdcfa6)
Sep 22 05:47:01 openeuler-riscv64 NetworkManager[667]: <info>  [1695332821.2348] device (enp0s4): Activation: starting connection 'Wired connection 2' (81a731eb-4d99-3655-94a4-3c571a0d2abf)
Sep 22 05:47:01 openeuler-riscv64 NetworkManager[667]: <info>  [1695332821.2364] device (enp0s5): Activation: starting connection 'Wired connection 3' (3785d83e-6144-3d49-846d-368db2bdcfa6)
Sep 22 05:47:01 openeuler-riscv64 NetworkManager[667]: <info>  [1695332821.2369] device (enp0s4): state change: disconnected -> prepare (reason 'none', sys-iface-state: 'managed')
Sep 22 05:47:01 openeuler-riscv64 NetworkManager[667]: <info>  [1695332821.2393] device (enp0s4): state change: prepare -> config (reason 'none', sys-iface-state: 'managed')
Sep 22 05:47:01 openeuler-riscv64 NetworkManager[667]: <info>  [1695332821.2426] device (enp0s5): state change: disconnected -> prepare (reason 'none', sys-iface-state: 'managed')
Sep 22 05:47:01 openeuler-riscv64 NetworkManager[667]: <info>  [1695332821.2448] device (enp0s5): state change: prepare -> config (reason 'none', sys-iface-state: 'managed')
Sep 22 05:47:01 openeuler-riscv64 NetworkManager[667]: <info>  [1695332821.2483] device (enp0s4): state change: config -> ip-config (reason 'none', sys-iface-state: 'managed')
Sep 22 05:47:01 openeuler-riscv64 NetworkManager[667]: <info>  [1695332821.2518] dhcp4 (enp0s4): activation: beginning transaction (timeout in 45 seconds)
Sep 22 05:47:01 openeuler-riscv64 NetworkManager[667]: <info>  [1695332821.2741] dhcp4 (enp0s4): dhclient started with pid 19238
Sep 22 05:47:01 openeuler-riscv64 NetworkManager[667]: <info>  [1695332821.2803] device (enp0s5): state change: config -> ip-config (reason 'none', sys-iface-state: 'managed')
Sep 22 05:47:01 openeuler-riscv64 NetworkManager[667]: <info>  [1695332821.2853] dhcp4 (enp0s5): activation: beginning transaction (timeout in 45 seconds)
Sep 22 05:47:01 openeuler-riscv64 NetworkManager[667]: <info>  [1695332821.3049] dhcp4 (enp0s5): dhclient started with pid 19239
Sep 22 05:47:01 openeuler-riscv64 dhclient[19239]: DHCPDISCOVER on enp0s5 to 255.255.255.255 port 67 interval 7 (xid=0x73f40343)
Sep 22 05:47:01 openeuler-riscv64 dhclient[19238]: DHCPDISCOVER on enp0s4 to 255.255.255.255 port 67 interval 8 (xid=0xeca2ff24)
Sep 22 05:47:08 openeuler-riscv64 dhclient[19239]: DHCPDISCOVER on enp0s5 to 255.255.255.255 port 67 interval 10 (xid=0x73f40343)
Sep 22 05:47:09 openeuler-riscv64 dhclient[19238]: DHCPDISCOVER on enp0s4 to 255.255.255.255 port 67 interval 9 (xid=0xeca2ff24)
Sep 22 05:47:18 openeuler-riscv64 dhclient[19239]: DHCPDISCOVER on enp0s5 to 255.255.255.255 port 67 interval 16 (xid=0x73f40343)
Sep 22 05:47:18 openeuler-riscv64 dhclient[19238]: DHCPDISCOVER on enp0s4 to 255.255.255.255 port 67 interval 15 (xid=0xeca2ff24)
Sep 22 05:47:26 openeuler-riscv64 [RPM][19185]: erase mysql-selinux-1.0.0-2.oe2309.noarch: success
Sep 22 05:47:26 openeuler-riscv64 [RPM][19185]: erase mariadb-errmsg-4:10.5.22-1.oe2309.riscv64: success
Sep 22 05:47:26 openeuler-riscv64 [RPM][19185]: erase mariadb-server-utils-4:10.5.22-1.oe2309.riscv64: success
Sep 22 05:47:27 openeuler-riscv64 systemd[1]: Started /usr/bin/systemctl start man-db-cache-update.
░░ Subject: A start job for unit run-r90041544442947a59aac8788df0a350a.service has finished successfully
░░ Defined-By: systemd
░░ Support: https://lists.freedesktop.org/mailman/listinfo/systemd-devel
░░ 
░░ A start job for unit run-r90041544442947a59aac8788df0a350a.service has finished successfully.
░░ 
░░ The job identifier is 16727.
Sep 22 05:47:27 openeuler-riscv64 [RPM][19185]: Transaction ID 650cb9c2 finished: 0
Sep 22 05:47:27 openeuler-riscv64 systemctl[19258]: [/usr/bin/systemctl start man-db-cache-update] called by PID 1 (/sbin/init)
Sep 22 05:47:27 openeuler-riscv64 systemd[1]: Starting man-db-cache-update.service...
░░ Subject: A start job for unit man-db-cache-update.service has begun execution
░░ Defined-By: systemd
░░ Support: https://lists.freedesktop.org/mailman/listinfo/systemd-devel
░░ 
░░ A start job for unit man-db-cache-update.service has begun execution.
░░ 
░░ The job identifier is 16799.
Sep 22 05:47:29 openeuler-riscv64 systemd[1]: man-db-cache-update.service: Deactivated successfully.
░░ Subject: Unit succeeded
░░ Defined-By: systemd
░░ Support: https://lists.freedesktop.org/mailman/listinfo/systemd-devel
░░ 
░░ The unit man-db-cache-update.service has successfully entered the 'dead' state.
Sep 22 05:47:29 openeuler-riscv64 systemd[1]: Finished man-db-cache-update.service.
░░ Subject: A start job for unit man-db-cache-update.service has finished successfully
░░ Defined-By: systemd
░░ Support: https://lists.freedesktop.org/mailman/listinfo/systemd-devel
░░ 
░░ A start job for unit man-db-cache-update.service has finished successfully.
░░ 
░░ The job identifier is 16799.
Sep 22 05:47:29 openeuler-riscv64 systemd[1]: run-r90041544442947a59aac8788df0a350a.service: Deactivated successfully.
░░ Subject: Unit succeeded
░░ Defined-By: systemd
░░ Support: https://lists.freedesktop.org/mailman/listinfo/systemd-devel
░░ 
░░ The unit run-r90041544442947a59aac8788df0a350a.service has successfully entered the 'dead' state.
Sep 22 05:47:32 openeuler-riscv64 sudo[18835]: pam_unix(sudo:session): session closed for user root
Sep 22 05:47:33 openeuler-riscv64 dhclient[19238]: DHCPDISCOVER on enp0s4 to 255.255.255.255 port 67 interval 7 (xid=0xeca2ff24)
Sep 22 05:47:33 openeuler-riscv64 sudo[19280]:     root : PWD=/root/mugen ; USER=root ; COMMAND=/usr/bin/bash mugen.sh -f os-basic -r oe_test_server_mariadb_backup -x
Sep 22 05:47:33 openeuler-riscv64 sudo[19280]: pam_unix(sudo:session): session opened for user root(uid=0) by root(uid=0)
Sep 22 05:47:34 openeuler-riscv64 dhclient[19239]: DHCPDISCOVER on enp0s5 to 255.255.255.255 port 67 interval 9 (xid=0x73f40343)
Sep 22 05:47:40 openeuler-riscv64 dhclient[19238]: DHCPDISCOVER on enp0s4 to 255.255.255.255 port 67 interval 21 (xid=0xeca2ff24)
Sep 22 05:47:43 openeuler-riscv64 dhclient[19239]: DHCPDISCOVER on enp0s5 to 255.255.255.255 port 67 interval 7 (xid=0x73f40343)
Sep 22 05:47:46 openeuler-riscv64 NetworkManager[667]: <info>  [1695332866.7827] device (enp0s4): state change: ip-config -> failed (reason 'ip-config-unavailable', sys-iface-state: 'managed')
Sep 22 05:47:46 openeuler-riscv64 NetworkManager[667]: <warn>  [1695332866.7873] device (enp0s4): Activation: failed for connection 'Wired connection 2'
Sep 22 05:47:46 openeuler-riscv64 NetworkManager[667]: <info>  [1695332866.7877] device (enp0s5): state change: ip-config -> failed (reason 'ip-config-unavailable', sys-iface-state: 'managed')
Sep 22 05:47:46 openeuler-riscv64 NetworkManager[667]: <warn>  [1695332866.7911] device (enp0s5): Activation: failed for connection 'Wired connection 3'
Sep 22 05:47:46 openeuler-riscv64 NetworkManager[667]: <info>  [1695332866.7946] device (enp0s4): state change: failed -> disconnected (reason 'none', sys-iface-state: 'managed')
Sep 22 05:47:46 openeuler-riscv64 NetworkManager[667]: <info>  [1695332866.8511] dhcp4 (enp0s4): canceled DHCP transaction, DHCP client pid 19238
Sep 22 05:47:46 openeuler-riscv64 NetworkManager[667]: <info>  [1695332866.8514] dhcp4 (enp0s4): activation: beginning transaction (timeout in 45 seconds)
Sep 22 05:47:46 openeuler-riscv64 NetworkManager[667]: <info>  [1695332866.8515] dhcp4 (enp0s4): state changed no lease
Sep 22 05:47:47 openeuler-riscv64 NetworkManager[667]: <info>  [1695332867.0111] device (enp0s5): state change: failed -> disconnected (reason 'none', sys-iface-state: 'managed')
Sep 22 05:47:47 openeuler-riscv64 NetworkManager[667]: <info>  [1695332867.0470] dhcp4 (enp0s5): canceled DHCP transaction, DHCP client pid 19239
Sep 22 05:47:47 openeuler-riscv64 NetworkManager[667]: <info>  [1695332867.0472] dhcp4 (enp0s5): activation: beginning transaction (timeout in 45 seconds)
Sep 22 05:47:47 openeuler-riscv64 NetworkManager[667]: <info>  [1695332867.0474] dhcp4 (enp0s5): state changed no lease
Sep 22 05:47:47 openeuler-riscv64 NetworkManager[667]: <info>  [1695332867.1753] policy: auto-activating connection 'Wired connection 2' (81a731eb-4d99-3655-94a4-3c571a0d2abf)
Sep 22 05:47:47 openeuler-riscv64 NetworkManager[667]: <info>  [1695332867.1775] policy: auto-activating connection 'Wired connection 3' (3785d83e-6144-3d49-846d-368db2bdcfa6)
Sep 22 05:47:47 openeuler-riscv64 NetworkManager[667]: <info>  [1695332867.1807] device (enp0s4): Activation: starting connection 'Wired connection 2' (81a731eb-4d99-3655-94a4-3c571a0d2abf)
Sep 22 05:47:47 openeuler-riscv64 NetworkManager[667]: <info>  [1695332867.1829] device (enp0s5): Activation: starting connection 'Wired connection 3' (3785d83e-6144-3d49-846d-368db2bdcfa6)
Sep 22 05:47:47 openeuler-riscv64 NetworkManager[667]: <info>  [1695332867.1837] device (enp0s4): state change: disconnected -> prepare (reason 'none', sys-iface-state: 'managed')
Sep 22 05:47:47 openeuler-riscv64 NetworkManager[667]: <info>  [1695332867.1862] device (enp0s4): state change: prepare -> config (reason 'none', sys-iface-state: 'managed')
Sep 22 05:47:47 openeuler-riscv64 NetworkManager[667]: <info>  [1695332867.1902] device (enp0s5): state change: disconnected -> prepare (reason 'none', sys-iface-state: 'managed')
Sep 22 05:47:47 openeuler-riscv64 NetworkManager[667]: <info>  [1695332867.1927] device (enp0s5): state change: prepare -> config (reason 'none', sys-iface-state: 'managed')
Sep 22 05:47:47 openeuler-riscv64 NetworkManager[667]: <info>  [1695332867.1971] device (enp0s4): state change: config -> ip-config (reason 'none', sys-iface-state: 'managed')
Sep 22 05:47:47 openeuler-riscv64 NetworkManager[667]: <info>  [1695332867.2015] dhcp4 (enp0s4): activation: beginning transaction (timeout in 45 seconds)
Sep 22 05:47:47 openeuler-riscv64 NetworkManager[667]: <info>  [1695332867.2243] dhcp4 (enp0s4): dhclient started with pid 19349
Sep 22 05:47:47 openeuler-riscv64 NetworkManager[667]: <info>  [1695332867.2282] device (enp0s5): state change: config -> ip-config (reason 'none', sys-iface-state: 'managed')
Sep 22 05:47:47 openeuler-riscv64 NetworkManager[667]: <info>  [1695332867.2339] dhcp4 (enp0s5): activation: beginning transaction (timeout in 45 seconds)
Sep 22 05:47:47 openeuler-riscv64 NetworkManager[667]: <info>  [1695332867.2536] dhcp4 (enp0s5): dhclient started with pid 19350
Sep 22 05:47:47 openeuler-riscv64 dhclient[19349]: DHCPDISCOVER on enp0s4 to 255.255.255.255 port 67 interval 4 (xid=0x55a9210a)
Sep 22 05:47:47 openeuler-riscv64 dhclient[19350]: DHCPDISCOVER on enp0s5 to 255.255.255.255 port 67 interval 7 (xid=0xe963894f)
Sep 22 05:47:51 openeuler-riscv64 dhclient[19349]: DHCPDISCOVER on enp0s4 to 255.255.255.255 port 67 interval 9 (xid=0x55a9210a)
Sep 22 05:47:54 openeuler-riscv64 dhclient[19350]: DHCPDISCOVER on enp0s5 to 255.255.255.255 port 67 interval 15 (xid=0xe963894f)
Sep 22 05:48:00 openeuler-riscv64 dhclient[19349]: DHCPDISCOVER on enp0s4 to 255.255.255.255 port 67 interval 20 (xid=0x55a9210a)
Sep 22 05:48:09 openeuler-riscv64 dhclient[19350]: DHCPDISCOVER on enp0s5 to 255.255.255.255 port 67 interval 11 (xid=0xe963894f)
Sep 22 05:48:14 openeuler-riscv64 [RPM][19380]: Transaction ID 650cba1c started
Sep 22 05:48:20 openeuler-riscv64 dhclient[19349]: DHCPDISCOVER on enp0s4 to 255.255.255.255 port 67 interval 20 (xid=0x55a9210a)
Sep 22 05:48:20 openeuler-riscv64 dhclient[19350]: DHCPDISCOVER on enp0s5 to 255.255.255.255 port 67 interval 17 (xid=0xe963894f)
Sep 22 05:48:32 openeuler-riscv64 NetworkManager[667]: <info>  [1695332912.7905] device (enp0s4): state change: ip-config -> failed (reason 'ip-config-unavailable', sys-iface-state: 'managed')
Sep 22 05:48:32 openeuler-riscv64 NetworkManager[667]: <warn>  [1695332912.7949] device (enp0s4): Activation: failed for connection 'Wired connection 2'
Sep 22 05:48:32 openeuler-riscv64 NetworkManager[667]: <info>  [1695332912.7952] device (enp0s5): state change: ip-config -> failed (reason 'ip-config-unavailable', sys-iface-state: 'managed')
Sep 22 05:48:32 openeuler-riscv64 NetworkManager[667]: <warn>  [1695332912.7980] device (enp0s5): Activation: failed for connection 'Wired connection 3'
Sep 22 05:48:32 openeuler-riscv64 NetworkManager[667]: <info>  [1695332912.8006] device (enp0s4): state change: failed -> disconnected (reason 'none', sys-iface-state: 'managed')
Sep 22 05:48:32 openeuler-riscv64 NetworkManager[667]: <info>  [1695332912.8355] dhcp4 (enp0s4): canceled DHCP transaction, DHCP client pid 19349
Sep 22 05:48:32 openeuler-riscv64 NetworkManager[667]: <info>  [1695332912.8357] dhcp4 (enp0s4): activation: beginning transaction (timeout in 45 seconds)
Sep 22 05:48:32 openeuler-riscv64 NetworkManager[667]: <info>  [1695332912.8358] dhcp4 (enp0s4): state changed no lease
Sep 22 05:48:32 openeuler-riscv64 NetworkManager[667]: <info>  [1695332912.9394] device (enp0s5): state change: failed -> disconnected (reason 'none', sys-iface-state: 'managed')
Sep 22 05:48:32 openeuler-riscv64 NetworkManager[667]: <info>  [1695332912.9950] dhcp4 (enp0s5): canceled DHCP transaction, DHCP client pid 19350
Sep 22 05:48:32 openeuler-riscv64 NetworkManager[667]: <info>  [1695332912.9953] dhcp4 (enp0s5): activation: beginning transaction (timeout in 45 seconds)
Sep 22 05:48:32 openeuler-riscv64 NetworkManager[667]: <info>  [1695332912.9955] dhcp4 (enp0s5): state changed no lease
Sep 22 05:48:33 openeuler-riscv64 NetworkManager[667]: <info>  [1695332913.1126] policy: auto-activating connection 'Wired connection 2' (81a731eb-4d99-3655-94a4-3c571a0d2abf)
Sep 22 05:48:33 openeuler-riscv64 NetworkManager[667]: <info>  [1695332913.1146] policy: auto-activating connection 'Wired connection 3' (3785d83e-6144-3d49-846d-368db2bdcfa6)
Sep 22 05:48:33 openeuler-riscv64 NetworkManager[667]: <info>  [1695332913.1172] device (enp0s4): Activation: starting connection 'Wired connection 2' (81a731eb-4d99-3655-94a4-3c571a0d2abf)
Sep 22 05:48:33 openeuler-riscv64 NetworkManager[667]: <info>  [1695332913.1215] device (enp0s5): Activation: starting connection 'Wired connection 3' (3785d83e-6144-3d49-846d-368db2bdcfa6)
Sep 22 05:48:33 openeuler-riscv64 NetworkManager[667]: <info>  [1695332913.1222] device (enp0s4): state change: disconnected -> prepare (reason 'none', sys-iface-state: 'managed')
Sep 22 05:48:33 openeuler-riscv64 NetworkManager[667]: <info>  [1695332913.1243] device (enp0s4): state change: prepare -> config (reason 'none', sys-iface-state: 'managed')
Sep 22 05:48:33 openeuler-riscv64 NetworkManager[667]: <info>  [1695332913.1276] device (enp0s5): state change: disconnected -> prepare (reason 'none', sys-iface-state: 'managed')
Sep 22 05:48:33 openeuler-riscv64 NetworkManager[667]: <info>  [1695332913.1297] device (enp0s5): state change: prepare -> config (reason 'none', sys-iface-state: 'managed')
Sep 22 05:48:33 openeuler-riscv64 NetworkManager[667]: <info>  [1695332913.1366] device (enp0s4): state change: config -> ip-config (reason 'none', sys-iface-state: 'managed')
Sep 22 05:48:33 openeuler-riscv64 NetworkManager[667]: <info>  [1695332913.1411] dhcp4 (enp0s4): activation: beginning transaction (timeout in 45 seconds)
Sep 22 05:48:33 openeuler-riscv64 NetworkManager[667]: <info>  [1695332913.1632] dhcp4 (enp0s4): dhclient started with pid 19397
Sep 22 05:48:33 openeuler-riscv64 NetworkManager[667]: <info>  [1695332913.1693] device (enp0s5): state change: config -> ip-config (reason 'none', sys-iface-state: 'managed')
Sep 22 05:48:33 openeuler-riscv64 NetworkManager[667]: <info>  [1695332913.1753] dhcp4 (enp0s5): activation: beginning transaction (timeout in 45 seconds)
Sep 22 05:48:33 openeuler-riscv64 NetworkManager[667]: <info>  [1695332913.1974] dhcp4 (enp0s5): dhclient started with pid 19398
Sep 22 05:48:33 openeuler-riscv64 dhclient[19397]: DHCPDISCOVER on enp0s4 to 255.255.255.255 port 67 interval 8 (xid=0xa0b55b05)
Sep 22 05:48:33 openeuler-riscv64 dhclient[19398]: DHCPDISCOVER on enp0s5 to 255.255.255.255 port 67 interval 4 (xid=0xef352d61)
Sep 22 05:48:37 openeuler-riscv64 dhclient[19398]: DHCPDISCOVER on enp0s5 to 255.255.255.255 port 67 interval 10 (xid=0xef352d61)
Sep 22 05:48:41 openeuler-riscv64 dhclient[19397]: DHCPDISCOVER on enp0s4 to 255.255.255.255 port 67 interval 8 (xid=0xa0b55b05)
Sep 22 05:48:47 openeuler-riscv64 dhclient[19398]: DHCPDISCOVER on enp0s5 to 255.255.255.255 port 67 interval 15 (xid=0xef352d61)
Sep 22 05:48:49 openeuler-riscv64 dhclient[19397]: DHCPDISCOVER on enp0s4 to 255.255.255.255 port 67 interval 15 (xid=0xa0b55b05)
Sep 22 05:48:50 openeuler-riscv64 [RPM][19380]: install mysql-selinux-1.0.0-2.oe2309.noarch: success
Sep 22 05:48:51 openeuler-riscv64 [RPM][19380]: install mariadb-errmsg-4:10.5.22-1.oe2309.riscv64: success
Sep 22 05:48:51 openeuler-riscv64 [RPM][19380]: install mariadb-gssapi-server-4:10.5.22-1.oe2309.riscv64: success
Sep 22 05:48:52 openeuler-riscv64 [RPM][19380]: install mariadb-server-utils-4:10.5.22-1.oe2309.riscv64: success
Sep 22 05:48:52 openeuler-riscv64 useradd[19416]: failed adding user 'mysql', exit code: 9
Sep 22 05:49:02 openeuler-riscv64 dhclient[19398]: DHCPDISCOVER on enp0s5 to 255.255.255.255 port 67 interval 9 (xid=0xef352d61)
Sep 22 05:49:04 openeuler-riscv64 dhclient[19397]: DHCPDISCOVER on enp0s4 to 255.255.255.255 port 67 interval 13 (xid=0xa0b55b05)
Sep 22 05:49:06 openeuler-riscv64 systemctl[19419]: [systemctl --no-reload preset mariadb.service] called by PID 19418 (bash /usr/lib/systemd/systemd-update-helper install-system-units mariadb.service)
Sep 22 05:49:06 openeuler-riscv64 [RPM][19380]: install mariadb-server-4:10.5.22-1.oe2309.riscv64: success
Sep 22 05:49:11 openeuler-riscv64 [RPM][19380]: install mariadb-backup-4:10.5.22-1.oe2309.riscv64: success
Sep 22 05:49:11 openeuler-riscv64 [RPM][19380]: install mysql-selinux-1.0.0-2.oe2309.noarch: success
Sep 22 05:49:11 openeuler-riscv64 dhclient[19398]: DHCPDISCOVER on enp0s5 to 255.255.255.255 port 67 interval 8 (xid=0xef352d61)
Sep 22 05:49:13 openeuler-riscv64 systemd[1]: Started /usr/bin/systemctl start man-db-cache-update.
░░ Subject: A start job for unit run-r50ea413e32104bcd8d5066c061adf2c7.service has finished successfully
░░ Defined-By: systemd
░░ Support: https://lists.freedesktop.org/mailman/listinfo/systemd-devel
░░ 
░░ A start job for unit run-r50ea413e32104bcd8d5066c061adf2c7.service has finished successfully.
░░ 
░░ The job identifier is 16802.
Sep 22 05:49:13 openeuler-riscv64 systemctl[19426]: [/usr/bin/systemctl start man-db-cache-update] called by PID 1 (/sbin/init)
Sep 22 05:49:13 openeuler-riscv64 systemctl[19428]: [/usr/bin/systemctl daemon-reload] called by PID 19427 (/bin/sh /var/tmp/rpm-tmp.Kgu4aj 0)
Sep 22 05:49:13 openeuler-riscv64 systemd[1]: Starting man-db-cache-update.service...
░░ Subject: A start job for unit man-db-cache-update.service has begun execution
░░ Defined-By: systemd
░░ Support: https://lists.freedesktop.org/mailman/listinfo/systemd-devel
░░ 
░░ A start job for unit man-db-cache-update.service has begun execution.
░░ 
░░ The job identifier is 16874.
Sep 22 05:49:13 openeuler-riscv64 systemd[1]: Reloading requested from client PID 19428 (unit session-14.scope)...
Sep 22 05:49:13 openeuler-riscv64 systemd[1]: Reloading.
Sep 22 05:49:15 openeuler-riscv64 systemd-sysv-generator[19453]: SysV service '/etc/rc.d/init.d/network' lacks a native systemd unit file. Automatically generating a unit file for compatibility. Please update package to include a native systemd unit file, in order to make it more safe and robust.
Sep 22 05:49:15 openeuler-riscv64 systemd[1]: /usr/lib/systemd/system/xinetd.service:10: PIDFile= references a path below legacy directory /var/run/, updating /var/run/xinetd.pid → /run/xinetd.pid; please update the unit file accordingly.
Sep 22 05:49:15 openeuler-riscv64 systemd[1]: /usr/lib/systemd/system/squid.service:14: Unknown key name 'killMode' in section 'Service', ignoring.
Sep 22 05:49:15 openeuler-riscv64 systemd[1]: /usr/lib/systemd/system/nslcd.service:8: PIDFile= references a path below legacy directory /var/run/, updating /var/run/nslcd/nslcd.pid → /run/nslcd/nslcd.pid; please update the unit file accordingly.
Sep 22 05:49:15 openeuler-riscv64 systemd[1]: /usr/lib/systemd/system/acpid.socket:6: ListenStream= references a path below legacy directory /var/run/, updating /var/run/acpid.socket → /run/acpid.socket; please update the unit file accordingly.
Sep 22 05:49:15 openeuler-riscv64 systemd[1]: /usr/lib/systemd/system/rtkit-daemon.service:32: Unknown key name 'ControlGroup' in section 'Service', ignoring.
Sep 22 05:49:15 openeuler-riscv64 systemd[1]: /usr/lib/systemd/system/dbus.socket:5: ListenStream= references a path below legacy directory /var/run/, updating /var/run/dbus/system_bus_socket → /run/dbus/system_bus_socket; please update the unit file accordingly.
Sep 22 05:49:16 openeuler-riscv64 systemd[1]: man-db-cache-update.service: Deactivated successfully.
░░ Subject: Unit succeeded
░░ Defined-By: systemd
░░ Support: https://lists.freedesktop.org/mailman/listinfo/systemd-devel
░░ 
░░ The unit man-db-cache-update.service has successfully entered the 'dead' state.
Sep 22 05:49:16 openeuler-riscv64 systemd[1]: Finished man-db-cache-update.service.
░░ Subject: A start job for unit man-db-cache-update.service has finished successfully
░░ Defined-By: systemd
░░ Support: https://lists.freedesktop.org/mailman/listinfo/systemd-devel
░░ 
░░ A start job for unit man-db-cache-update.service has finished successfully.
░░ 
░░ The job identifier is 16874.
Sep 22 05:49:17 openeuler-riscv64 systemd[1]: run-r50ea413e32104bcd8d5066c061adf2c7.service: Deactivated successfully.
░░ Subject: Unit succeeded
░░ Defined-By: systemd
░░ Support: https://lists.freedesktop.org/mailman/listinfo/systemd-devel
░░ 
░░ The unit run-r50ea413e32104bcd8d5066c061adf2c7.service has successfully entered the 'dead' state.
Sep 22 05:49:17 openeuler-riscv64 dhclient[19397]: DHCPDISCOVER on enp0s4 to 255.255.255.255 port 67 interval 9 (xid=0xa0b55b05)
Sep 22 05:49:18 openeuler-riscv64 [RPM][19380]: install mysql-selinux-1.0.0-2.oe2309.noarch: success
Sep 22 05:49:18 openeuler-riscv64 [RPM][19380]: install mariadb-errmsg-4:10.5.22-1.oe2309.riscv64: success
Sep 22 05:49:18 openeuler-riscv64 [RPM][19380]: install mariadb-gssapi-server-4:10.5.22-1.oe2309.riscv64: success
Sep 22 05:49:18 openeuler-riscv64 [RPM][19380]: install mariadb-server-utils-4:10.5.22-1.oe2309.riscv64: success
Sep 22 05:49:18 openeuler-riscv64 [RPM][19380]: install mariadb-server-4:10.5.22-1.oe2309.riscv64: success
Sep 22 05:49:18 openeuler-riscv64 [RPM][19380]: install mariadb-backup-4:10.5.22-1.oe2309.riscv64: success
Sep 22 05:49:18 openeuler-riscv64 [RPM][19380]: Transaction ID 650cba1c finished: 0
Sep 22 05:49:18 openeuler-riscv64 NetworkManager[667]: <info>  [1695332958.7947] device (enp0s4): state change: ip-config -> failed (reason 'ip-config-unavailable', sys-iface-state: 'managed')
Sep 22 05:49:18 openeuler-riscv64 NetworkManager[667]: <warn>  [1695332958.8010] device (enp0s4): Activation: failed for connection 'Wired connection 2'
