Sep 22 05:37:13 openeuler-riscv64 systemd[1]: /usr/lib/systemd/system/xinetd.service:10: PIDFile= references a path below legacy directory /var/run/, updating /var/run/xinetd.pid → /run/xinetd.pid; please update the unit file accordingly.
Sep 22 05:37:14 openeuler-riscv64 systemd[1]: /usr/lib/systemd/system/squid.service:14: Unknown key name 'killMode' in section 'Service', ignoring.
Sep 22 05:37:14 openeuler-riscv64 systemd[1]: /usr/lib/systemd/system/nslcd.service:8: PIDFile= references a path below legacy directory /var/run/, updating /var/run/nslcd/nslcd.pid → /run/nslcd/nslcd.pid; please update the unit file accordingly.
Sep 22 05:37:14 openeuler-riscv64 systemd[1]: /usr/lib/systemd/system/acpid.socket:6: ListenStream= references a path below legacy directory /var/run/, updating /var/run/acpid.socket → /run/acpid.socket; please update the unit file accordingly.
Sep 22 05:37:14 openeuler-riscv64 systemd[1]: /usr/lib/systemd/system/rtkit-daemon.service:32: Unknown key name 'ControlGroup' in section 'Service', ignoring.
Sep 22 05:37:14 openeuler-riscv64 systemd[1]: /usr/lib/systemd/system/dbus.socket:5: ListenStream= references a path below legacy directory /var/run/, updating /var/run/dbus/system_bus_socket → /run/dbus/system_bus_socket; please update the unit file accordingly.
Sep 22 05:37:15 openeuler-riscv64 [RPM][17855]: erase mariadb-server-4:10.5.22-1.oe2309.riscv64: success
Sep 22 05:37:15 openeuler-riscv64 [RPM][17855]: erase mariadb-backup-4:10.5.22-1.oe2309.riscv64: success
Sep 22 05:37:52 openeuler-riscv64 [RPM][17855]: erase mysql-selinux-1.0.0-2.oe2309.noarch: success
Sep 22 05:37:53 openeuler-riscv64 [RPM][17855]: erase mariadb-errmsg-4:10.5.22-1.oe2309.riscv64: success
Sep 22 05:37:53 openeuler-riscv64 [RPM][17855]: erase mariadb-server-utils-4:10.5.22-1.oe2309.riscv64: success
Sep 22 05:37:53 openeuler-riscv64 systemd[1]: Started /usr/bin/systemctl start man-db-cache-update.
░░ Subject: A start job for unit run-r16449657409149c496ece4352d2e7ae4.service has finished successfully
░░ Defined-By: systemd
░░ Support: https://lists.freedesktop.org/mailman/listinfo/systemd-devel
░░ 
░░ A start job for unit run-r16449657409149c496ece4352d2e7ae4.service has finished successfully.
░░ 
░░ The job identifier is 15986.
Sep 22 05:37:53 openeuler-riscv64 [RPM][17855]: Transaction ID 650cb785 finished: 0
Sep 22 05:37:54 openeuler-riscv64 systemctl[17906]: [/usr/bin/systemctl start man-db-cache-update] called by PID 1 (/sbin/init)
Sep 22 05:37:54 openeuler-riscv64 systemd[1]: Starting man-db-cache-update.service...
░░ Subject: A start job for unit man-db-cache-update.service has begun execution
░░ Defined-By: systemd
░░ Support: https://lists.freedesktop.org/mailman/listinfo/systemd-devel
░░ 
░░ A start job for unit man-db-cache-update.service has begun execution.
░░ 
░░ The job identifier is 16058.
Sep 22 05:37:56 openeuler-riscv64 systemd[1]: man-db-cache-update.service: Deactivated successfully.
░░ Subject: Unit succeeded
░░ Defined-By: systemd
░░ Support: https://lists.freedesktop.org/mailman/listinfo/systemd-devel
░░ 
░░ The unit man-db-cache-update.service has successfully entered the 'dead' state.
Sep 22 05:37:56 openeuler-riscv64 systemd[1]: Finished man-db-cache-update.service.
░░ Subject: A start job for unit man-db-cache-update.service has finished successfully
░░ Defined-By: systemd
░░ Support: https://lists.freedesktop.org/mailman/listinfo/systemd-devel
░░ 
░░ A start job for unit man-db-cache-update.service has finished successfully.
░░ 
░░ The job identifier is 16058.
Sep 22 05:37:56 openeuler-riscv64 systemd[1]: run-r16449657409149c496ece4352d2e7ae4.service: Deactivated successfully.
░░ Subject: Unit succeeded
░░ Defined-By: systemd
░░ Support: https://lists.freedesktop.org/mailman/listinfo/systemd-devel
░░ 
░░ The unit run-r16449657409149c496ece4352d2e7ae4.service has successfully entered the 'dead' state.
Sep 22 05:37:59 openeuler-riscv64 sudo[17521]: pam_unix(sudo:session): session closed for user root
Sep 22 05:37:59 openeuler-riscv64 sudo[17927]:     root : PWD=/root/mugen ; USER=root ; COMMAND=/usr/bin/bash mugen.sh -f os-basic -r oe_test_server_mariadb_copy -x
Sep 22 05:37:59 openeuler-riscv64 sudo[17927]: pam_unix(sudo:session): session opened for user root(uid=0) by root(uid=0)
Sep 22 05:38:12 openeuler-riscv64 NetworkManager[667]: <info>  [1695332292.7830] policy: auto-activating connection 'Wired connection 2' (81a731eb-4d99-3655-94a4-3c571a0d2abf)
Sep 22 05:38:12 openeuler-riscv64 NetworkManager[667]: <info>  [1695332292.7845] policy: auto-activating connection 'Wired connection 3' (3785d83e-6144-3d49-846d-368db2bdcfa6)
Sep 22 05:38:12 openeuler-riscv64 NetworkManager[667]: <info>  [1695332292.7872] device (enp0s4): Activation: starting connection 'Wired connection 2' (81a731eb-4d99-3655-94a4-3c571a0d2abf)
Sep 22 05:38:12 openeuler-riscv64 NetworkManager[667]: <info>  [1695332292.7892] device (enp0s5): Activation: starting connection 'Wired connection 3' (3785d83e-6144-3d49-846d-368db2bdcfa6)
Sep 22 05:38:12 openeuler-riscv64 NetworkManager[667]: <info>  [1695332292.7898] device (enp0s4): state change: disconnected -> prepare (reason 'none', sys-iface-state: 'managed')
Sep 22 05:38:12 openeuler-riscv64 NetworkManager[667]: <info>  [1695332292.7919] device (enp0s4): state change: prepare -> config (reason 'none', sys-iface-state: 'managed')
Sep 22 05:38:12 openeuler-riscv64 NetworkManager[667]: <info>  [1695332292.7982] device (enp0s5): state change: disconnected -> prepare (reason 'none', sys-iface-state: 'managed')
Sep 22 05:38:12 openeuler-riscv64 NetworkManager[667]: <info>  [1695332292.8002] device (enp0s5): state change: prepare -> config (reason 'none', sys-iface-state: 'managed')
Sep 22 05:38:12 openeuler-riscv64 NetworkManager[667]: <info>  [1695332292.8035] device (enp0s4): state change: config -> ip-config (reason 'none', sys-iface-state: 'managed')
Sep 22 05:38:12 openeuler-riscv64 NetworkManager[667]: <info>  [1695332292.8107] dhcp4 (enp0s4): activation: beginning transaction (timeout in 45 seconds)
Sep 22 05:38:12 openeuler-riscv64 NetworkManager[667]: <info>  [1695332292.8393] dhcp4 (enp0s4): dhclient started with pid 17984
Sep 22 05:38:12 openeuler-riscv64 NetworkManager[667]: <info>  [1695332292.8456] device (enp0s5): state change: config -> ip-config (reason 'none', sys-iface-state: 'managed')
Sep 22 05:38:12 openeuler-riscv64 NetworkManager[667]: <info>  [1695332292.8521] dhcp4 (enp0s5): activation: beginning transaction (timeout in 45 seconds)
Sep 22 05:38:12 openeuler-riscv64 NetworkManager[667]: <info>  [1695332292.8766] dhcp4 (enp0s5): dhclient started with pid 17985
Sep 22 05:38:13 openeuler-riscv64 dhclient[17984]: DHCPDISCOVER on enp0s4 to 255.255.255.255 port 67 interval 4 (xid=0x328ac27c)
Sep 22 05:38:13 openeuler-riscv64 dhclient[17985]: DHCPDISCOVER on enp0s5 to 255.255.255.255 port 67 interval 3 (xid=0x9a7f1715)
Sep 22 05:38:15 openeuler-riscv64 dhclient[17985]: DHCPDISCOVER on enp0s5 to 255.255.255.255 port 67 interval 4 (xid=0x9a7f1715)
Sep 22 05:38:16 openeuler-riscv64 dhclient[17984]: DHCPDISCOVER on enp0s4 to 255.255.255.255 port 67 interval 11 (xid=0x328ac27c)
Sep 22 05:38:19 openeuler-riscv64 dhclient[17985]: DHCPDISCOVER on enp0s5 to 255.255.255.255 port 67 interval 6 (xid=0x9a7f1715)
Sep 22 05:38:25 openeuler-riscv64 dhclient[17985]: DHCPDISCOVER on enp0s5 to 255.255.255.255 port 67 interval 10 (xid=0x9a7f1715)
Sep 22 05:38:27 openeuler-riscv64 dhclient[17984]: DHCPDISCOVER on enp0s4 to 255.255.255.255 port 67 interval 17 (xid=0x328ac27c)
Sep 22 05:38:35 openeuler-riscv64 dhclient[17985]: DHCPDISCOVER on enp0s5 to 255.255.255.255 port 67 interval 15 (xid=0x9a7f1715)
Sep 22 05:38:44 openeuler-riscv64 dhclient[17984]: DHCPDISCOVER on enp0s4 to 255.255.255.255 port 67 interval 10 (xid=0x328ac27c)
Sep 22 05:38:50 openeuler-riscv64 dhclient[17985]: DHCPDISCOVER on enp0s5 to 255.255.255.255 port 67 interval 15 (xid=0x9a7f1715)
Sep 22 05:38:54 openeuler-riscv64 dhclient[17984]: DHCPDISCOVER on enp0s4 to 255.255.255.255 port 67 interval 15 (xid=0x328ac27c)
Sep 22 05:38:57 openeuler-riscv64 NetworkManager[667]: <info>  [1695332337.7947] device (enp0s4): state change: ip-config -> failed (reason 'ip-config-unavailable', sys-iface-state: 'managed')
Sep 22 05:38:57 openeuler-riscv64 NetworkManager[667]: <warn>  [1695332337.8002] device (enp0s4): Activation: failed for connection 'Wired connection 2'
Sep 22 05:38:57 openeuler-riscv64 NetworkManager[667]: <info>  [1695332337.8007] device (enp0s5): state change: ip-config -> failed (reason 'ip-config-unavailable', sys-iface-state: 'managed')
Sep 22 05:38:57 openeuler-riscv64 NetworkManager[667]: <warn>  [1695332337.8046] device (enp0s5): Activation: failed for connection 'Wired connection 3'
Sep 22 05:38:57 openeuler-riscv64 NetworkManager[667]: <info>  [1695332337.8083] device (enp0s4): state change: failed -> disconnected (reason 'none', sys-iface-state: 'managed')
Sep 22 05:38:57 openeuler-riscv64 NetworkManager[667]: <info>  [1695332337.8633] dhcp4 (enp0s4): canceled DHCP transaction, DHCP client pid 17984
Sep 22 05:38:57 openeuler-riscv64 NetworkManager[667]: <info>  [1695332337.8636] dhcp4 (enp0s4): activation: beginning transaction (timeout in 45 seconds)
Sep 22 05:38:57 openeuler-riscv64 NetworkManager[667]: <info>  [1695332337.8638] dhcp4 (enp0s4): state changed no lease
Sep 22 05:38:58 openeuler-riscv64 NetworkManager[667]: <info>  [1695332337.9998] device (enp0s5): state change: failed -> disconnected (reason 'none', sys-iface-state: 'managed')
Sep 22 05:38:58 openeuler-riscv64 NetworkManager[667]: <info>  [1695332338.0238] dhcp4 (enp0s5): canceled DHCP transaction, DHCP client pid 17985
Sep 22 05:38:58 openeuler-riscv64 NetworkManager[667]: <info>  [1695332338.0242] dhcp4 (enp0s5): activation: beginning transaction (timeout in 45 seconds)
Sep 22 05:38:58 openeuler-riscv64 NetworkManager[667]: <info>  [1695332338.0245] dhcp4 (enp0s5): state changed no lease
Sep 22 05:38:58 openeuler-riscv64 NetworkManager[667]: <info>  [1695332338.1776] policy: auto-activating connection 'Wired connection 2' (81a731eb-4d99-3655-94a4-3c571a0d2abf)
Sep 22 05:38:58 openeuler-riscv64 NetworkManager[667]: <info>  [1695332338.1796] policy: auto-activating connection 'Wired connection 3' (3785d83e-6144-3d49-846d-368db2bdcfa6)
Sep 22 05:38:58 openeuler-riscv64 NetworkManager[667]: <info>  [1695332338.1822] device (enp0s4): Activation: starting connection 'Wired connection 2' (81a731eb-4d99-3655-94a4-3c571a0d2abf)
Sep 22 05:38:58 openeuler-riscv64 NetworkManager[667]: <info>  [1695332338.1837] device (enp0s5): Activation: starting connection 'Wired connection 3' (3785d83e-6144-3d49-846d-368db2bdcfa6)
Sep 22 05:38:58 openeuler-riscv64 NetworkManager[667]: <info>  [1695332338.1842] device (enp0s4): state change: disconnected -> prepare (reason 'none', sys-iface-state: 'managed')
Sep 22 05:38:58 openeuler-riscv64 NetworkManager[667]: <info>  [1695332338.1868] device (enp0s4): state change: prepare -> config (reason 'none', sys-iface-state: 'managed')
Sep 22 05:38:58 openeuler-riscv64 NetworkManager[667]: <info>  [1695332338.1902] device (enp0s5): state change: disconnected -> prepare (reason 'none', sys-iface-state: 'managed')
Sep 22 05:38:58 openeuler-riscv64 NetworkManager[667]: <info>  [1695332338.1921] device (enp0s5): state change: prepare -> config (reason 'none', sys-iface-state: 'managed')
Sep 22 05:38:58 openeuler-riscv64 NetworkManager[667]: <info>  [1695332338.1953] device (enp0s4): state change: config -> ip-config (reason 'none', sys-iface-state: 'managed')
Sep 22 05:38:58 openeuler-riscv64 NetworkManager[667]: <info>  [1695332338.1998] dhcp4 (enp0s4): activation: beginning transaction (timeout in 45 seconds)
Sep 22 05:38:58 openeuler-riscv64 NetworkManager[667]: <info>  [1695332338.2261] dhcp4 (enp0s4): dhclient started with pid 18031
Sep 22 05:38:58 openeuler-riscv64 NetworkManager[667]: <info>  [1695332338.2331] device (enp0s5): state change: config -> ip-config (reason 'none', sys-iface-state: 'managed')
Sep 22 05:38:58 openeuler-riscv64 NetworkManager[667]: <info>  [1695332338.2443] dhcp4 (enp0s5): activation: beginning transaction (timeout in 45 seconds)
Sep 22 05:38:58 openeuler-riscv64 NetworkManager[667]: <info>  [1695332338.2781] dhcp4 (enp0s5): dhclient started with pid 18032
Sep 22 05:38:58 openeuler-riscv64 dhclient[18031]: DHCPDISCOVER on enp0s4 to 255.255.255.255 port 67 interval 8 (xid=0x67763425)
Sep 22 05:38:58 openeuler-riscv64 dhclient[18032]: DHCPDISCOVER on enp0s5 to 255.255.255.255 port 67 interval 5 (xid=0x84e6715)
Sep 22 05:39:03 openeuler-riscv64 dhclient[18032]: DHCPDISCOVER on enp0s5 to 255.255.255.255 port 67 interval 7 (xid=0x84e6715)
Sep 22 05:39:06 openeuler-riscv64 dhclient[18031]: DHCPDISCOVER on enp0s4 to 255.255.255.255 port 67 interval 16 (xid=0x67763425)
Sep 22 05:39:10 openeuler-riscv64 dhclient[18032]: DHCPDISCOVER on enp0s5 to 255.255.255.255 port 67 interval 9 (xid=0x84e6715)
Sep 22 05:39:14 openeuler-riscv64 [RPM][18019]: Transaction ID 650cb801 started
Sep 22 05:39:19 openeuler-riscv64 dhclient[18032]: DHCPDISCOVER on enp0s5 to 255.255.255.255 port 67 interval 20 (xid=0x84e6715)
Sep 22 05:39:22 openeuler-riscv64 dhclient[18031]: DHCPDISCOVER on enp0s4 to 255.255.255.255 port 67 interval 12 (xid=0x67763425)
Sep 22 05:39:34 openeuler-riscv64 dhclient[18031]: DHCPDISCOVER on enp0s4 to 255.255.255.255 port 67 interval 18 (xid=0x67763425)
Sep 22 05:39:40 openeuler-riscv64 dhclient[18032]: DHCPDISCOVER on enp0s5 to 255.255.255.255 port 67 interval 15 (xid=0x84e6715)
Sep 22 05:39:43 openeuler-riscv64 NetworkManager[667]: <info>  [1695332383.7868] device (enp0s4): state change: ip-config -> failed (reason 'ip-config-unavailable', sys-iface-state: 'managed')
Sep 22 05:39:43 openeuler-riscv64 NetworkManager[667]: <warn>  [1695332383.7911] device (enp0s4): Activation: failed for connection 'Wired connection 2'
Sep 22 05:39:43 openeuler-riscv64 NetworkManager[667]: <info>  [1695332383.7915] device (enp0s5): state change: ip-config -> failed (reason 'ip-config-unavailable', sys-iface-state: 'managed')
Sep 22 05:39:43 openeuler-riscv64 NetworkManager[667]: <warn>  [1695332383.7946] device (enp0s5): Activation: failed for connection 'Wired connection 3'
Sep 22 05:39:43 openeuler-riscv64 NetworkManager[667]: <info>  [1695332383.7974] device (enp0s4): state change: failed -> disconnected (reason 'none', sys-iface-state: 'managed')
Sep 22 05:39:43 openeuler-riscv64 NetworkManager[667]: <info>  [1695332383.8351] dhcp4 (enp0s4): canceled DHCP transaction, DHCP client pid 18031
Sep 22 05:39:43 openeuler-riscv64 NetworkManager[667]: <info>  [1695332383.8353] dhcp4 (enp0s4): activation: beginning transaction (timeout in 45 seconds)
Sep 22 05:39:43 openeuler-riscv64 NetworkManager[667]: <info>  [1695332383.8355] dhcp4 (enp0s4): state changed no lease
Sep 22 05:39:43 openeuler-riscv64 NetworkManager[667]: <info>  [1695332383.9647] device (enp0s5): state change: failed -> disconnected (reason 'none', sys-iface-state: 'managed')
Sep 22 05:39:43 openeuler-riscv64 NetworkManager[667]: <info>  [1695332383.9991] dhcp4 (enp0s5): canceled DHCP transaction, DHCP client pid 18032
Sep 22 05:39:43 openeuler-riscv64 NetworkManager[667]: <info>  [1695332383.9994] dhcp4 (enp0s5): activation: beginning transaction (timeout in 45 seconds)
Sep 22 05:39:43 openeuler-riscv64 NetworkManager[667]: <info>  [1695332383.9995] dhcp4 (enp0s5): state changed no lease
Sep 22 05:39:44 openeuler-riscv64 NetworkManager[667]: <info>  [1695332384.1356] policy: auto-activating connection 'Wired connection 2' (81a731eb-4d99-3655-94a4-3c571a0d2abf)
Sep 22 05:39:44 openeuler-riscv64 NetworkManager[667]: <info>  [1695332384.1385] policy: auto-activating connection 'Wired connection 3' (3785d83e-6144-3d49-846d-368db2bdcfa6)
Sep 22 05:39:44 openeuler-riscv64 NetworkManager[667]: <info>  [1695332384.1426] device (enp0s4): Activation: starting connection 'Wired connection 2' (81a731eb-4d99-3655-94a4-3c571a0d2abf)
Sep 22 05:39:44 openeuler-riscv64 NetworkManager[667]: <info>  [1695332384.1449] device (enp0s5): Activation: starting connection 'Wired connection 3' (3785d83e-6144-3d49-846d-368db2bdcfa6)
Sep 22 05:39:44 openeuler-riscv64 NetworkManager[667]: <info>  [1695332384.1458] device (enp0s4): state change: disconnected -> prepare (reason 'none', sys-iface-state: 'managed')
Sep 22 05:39:44 openeuler-riscv64 NetworkManager[667]: <info>  [1695332384.1489] device (enp0s4): state change: prepare -> config (reason 'none', sys-iface-state: 'managed')
Sep 22 05:39:44 openeuler-riscv64 NetworkManager[667]: <info>  [1695332384.1538] device (enp0s5): state change: disconnected -> prepare (reason 'none', sys-iface-state: 'managed')
Sep 22 05:39:44 openeuler-riscv64 NetworkManager[667]: <info>  [1695332384.1566] device (enp0s5): state change: prepare -> config (reason 'none', sys-iface-state: 'managed')
Sep 22 05:39:44 openeuler-riscv64 NetworkManager[667]: <info>  [1695332384.1622] device (enp0s4): state change: config -> ip-config (reason 'none', sys-iface-state: 'managed')
Sep 22 05:39:44 openeuler-riscv64 NetworkManager[667]: <info>  [1695332384.1669] dhcp4 (enp0s4): activation: beginning transaction (timeout in 45 seconds)
Sep 22 05:39:44 openeuler-riscv64 NetworkManager[667]: <info>  [1695332384.1952] dhcp4 (enp0s4): dhclient started with pid 18057
Sep 22 05:39:44 openeuler-riscv64 NetworkManager[667]: <info>  [1695332384.1990] device (enp0s5): state change: config -> ip-config (reason 'none', sys-iface-state: 'managed')
Sep 22 05:39:44 openeuler-riscv64 NetworkManager[667]: <info>  [1695332384.2047] dhcp4 (enp0s5): activation: beginning transaction (timeout in 45 seconds)
Sep 22 05:39:44 openeuler-riscv64 NetworkManager[667]: <info>  [1695332384.2381] dhcp4 (enp0s5): dhclient started with pid 18058
Sep 22 05:39:44 openeuler-riscv64 dhclient[18057]: DHCPDISCOVER on enp0s4 to 255.255.255.255 port 67 interval 3 (xid=0x38d05132)
Sep 22 05:39:44 openeuler-riscv64 dhclient[18058]: DHCPDISCOVER on enp0s5 to 255.255.255.255 port 67 interval 4 (xid=0x8d0dc47)
Sep 22 05:39:47 openeuler-riscv64 dhclient[18057]: DHCPDISCOVER on enp0s4 to 255.255.255.255 port 67 interval 6 (xid=0x38d05132)
Sep 22 05:39:48 openeuler-riscv64 dhclient[18058]: DHCPDISCOVER on enp0s5 to 255.255.255.255 port 67 interval 11 (xid=0x8d0dc47)
Sep 22 05:39:51 openeuler-riscv64 [RPM][18019]: install mysql-selinux-1.0.0-2.oe2309.noarch: success
Sep 22 05:39:51 openeuler-riscv64 [RPM][18019]: install mariadb-errmsg-4:10.5.22-1.oe2309.riscv64: success
Sep 22 05:39:51 openeuler-riscv64 [RPM][18019]: install mariadb-gssapi-server-4:10.5.22-1.oe2309.riscv64: success
Sep 22 05:39:52 openeuler-riscv64 [RPM][18019]: install mariadb-server-utils-4:10.5.22-1.oe2309.riscv64: success
Sep 22 05:39:53 openeuler-riscv64 useradd[18076]: failed adding user 'mysql', exit code: 9
Sep 22 05:39:53 openeuler-riscv64 dhclient[18057]: DHCPDISCOVER on enp0s4 to 255.255.255.255 port 67 interval 11 (xid=0x38d05132)
Sep 22 05:39:59 openeuler-riscv64 dhclient[18058]: DHCPDISCOVER on enp0s5 to 255.255.255.255 port 67 interval 11 (xid=0x8d0dc47)
Sep 22 05:40:04 openeuler-riscv64 dhclient[18057]: DHCPDISCOVER on enp0s4 to 255.255.255.255 port 67 interval 8 (xid=0x38d05132)
Sep 22 05:40:05 openeuler-riscv64 systemd[1]: Starting system activity accounting tool...
░░ Subject: A start job for unit sysstat-collect.service has begun execution
░░ Defined-By: systemd
░░ Support: https://lists.freedesktop.org/mailman/listinfo/systemd-devel
░░ 
░░ A start job for unit sysstat-collect.service has begun execution.
░░ 
░░ The job identifier is 16061.
Sep 22 05:40:05 openeuler-riscv64 systemd[1]: sysstat-collect.service: Deactivated successfully.
░░ Subject: Unit succeeded
░░ Defined-By: systemd
░░ Support: https://lists.freedesktop.org/mailman/listinfo/systemd-devel
░░ 
░░ The unit sysstat-collect.service has successfully entered the 'dead' state.
Sep 22 05:40:05 openeuler-riscv64 systemd[1]: Finished system activity accounting tool.
░░ Subject: A start job for unit sysstat-collect.service has finished successfully
░░ Defined-By: systemd
░░ Support: https://lists.freedesktop.org/mailman/listinfo/systemd-devel
░░ 
░░ A start job for unit sysstat-collect.service has finished successfully.
░░ 
░░ The job identifier is 16061.
Sep 22 05:40:07 openeuler-riscv64 systemctl[18081]: [systemctl --no-reload preset mariadb.service] called by PID 18080 (bash /usr/lib/systemd/systemd-update-helper install-system-units mariadb.service)
Sep 22 05:40:07 openeuler-riscv64 [RPM][18019]: install mariadb-server-4:10.5.22-1.oe2309.riscv64: success
Sep 22 05:40:10 openeuler-riscv64 dhclient[18058]: DHCPDISCOVER on enp0s5 to 255.255.255.255 port 67 interval 20 (xid=0x8d0dc47)
Sep 22 05:40:12 openeuler-riscv64 [RPM][18019]: install mariadb-backup-4:10.5.22-1.oe2309.riscv64: success
Sep 22 05:40:12 openeuler-riscv64 [RPM][18019]: install mysql-selinux-1.0.0-2.oe2309.noarch: success
Sep 22 05:40:12 openeuler-riscv64 dhclient[18057]: DHCPDISCOVER on enp0s4 to 255.255.255.255 port 67 interval 12 (xid=0x38d05132)
Sep 22 05:40:14 openeuler-riscv64 systemd[1]: Started /usr/bin/systemctl start man-db-cache-update.
░░ Subject: A start job for unit run-ra123abd347184fea831b8b5660227f18.service has finished successfully
░░ Defined-By: systemd
░░ Support: https://lists.freedesktop.org/mailman/listinfo/systemd-devel
░░ 
░░ A start job for unit run-ra123abd347184fea831b8b5660227f18.service has finished successfully.
░░ 
░░ The job identifier is 16133.
Sep 22 05:40:14 openeuler-riscv64 systemctl[18088]: [/usr/bin/systemctl start man-db-cache-update] called by PID 1 (/sbin/init)
Sep 22 05:40:14 openeuler-riscv64 systemctl[18090]: [/usr/bin/systemctl daemon-reload] called by PID 18089 (/bin/sh /var/tmp/rpm-tmp.Lcn8YM 0)
Sep 22 05:40:14 openeuler-riscv64 systemd[1]: Starting man-db-cache-update.service...
░░ Subject: A start job for unit man-db-cache-update.service has begun execution
░░ Defined-By: systemd
░░ Support: https://lists.freedesktop.org/mailman/listinfo/systemd-devel
░░ 
░░ A start job for unit man-db-cache-update.service has begun execution.
░░ 
░░ The job identifier is 16205.
Sep 22 05:40:14 openeuler-riscv64 systemd[1]: Reloading requested from client PID 18090 (unit session-14.scope)...
Sep 22 05:40:14 openeuler-riscv64 systemd[1]: Reloading.
Sep 22 05:40:15 openeuler-riscv64 systemd-sysv-generator[18114]: SysV service '/etc/rc.d/init.d/network' lacks a native systemd unit file. Automatically generating a unit file for compatibility. Please update package to include a native systemd unit file, in order to make it more safe and robust.
Sep 22 05:40:16 openeuler-riscv64 systemd[1]: /usr/lib/systemd/system/xinetd.service:10: PIDFile= references a path below legacy directory /var/run/, updating /var/run/xinetd.pid → /run/xinetd.pid; please update the unit file accordingly.
Sep 22 05:40:16 openeuler-riscv64 systemd[1]: /usr/lib/systemd/system/squid.service:14: Unknown key name 'killMode' in section 'Service', ignoring.
Sep 22 05:40:16 openeuler-riscv64 systemd[1]: /usr/lib/systemd/system/nslcd.service:8: PIDFile= references a path below legacy directory /var/run/, updating /var/run/nslcd/nslcd.pid → /run/nslcd/nslcd.pid; please update the unit file accordingly.
Sep 22 05:40:16 openeuler-riscv64 systemd[1]: /usr/lib/systemd/system/acpid.socket:6: ListenStream= references a path below legacy directory /var/run/, updating /var/run/acpid.socket → /run/acpid.socket; please update the unit file accordingly.
Sep 22 05:40:16 openeuler-riscv64 systemd[1]: /usr/lib/systemd/system/rtkit-daemon.service:32: Unknown key name 'ControlGroup' in section 'Service', ignoring.
Sep 22 05:40:16 openeuler-riscv64 systemd[1]: /usr/lib/systemd/system/dbus.socket:5: ListenStream= references a path below legacy directory /var/run/, updating /var/run/dbus/system_bus_socket → /run/dbus/system_bus_socket; please update the unit file accordingly.
Sep 22 05:40:17 openeuler-riscv64 systemd[1]: man-db-cache-update.service: Deactivated successfully.
░░ Subject: Unit succeeded
░░ Defined-By: systemd
░░ Support: https://lists.freedesktop.org/mailman/listinfo/systemd-devel
░░ 
░░ The unit man-db-cache-update.service has successfully entered the 'dead' state.
Sep 22 05:40:17 openeuler-riscv64 systemd[1]: Finished man-db-cache-update.service.
░░ Subject: A start job for unit man-db-cache-update.service has finished successfully
░░ Defined-By: systemd
░░ Support: https://lists.freedesktop.org/mailman/listinfo/systemd-devel
░░ 
░░ A start job for unit man-db-cache-update.service has finished successfully.
░░ 
░░ The job identifier is 16205.
Sep 22 05:40:17 openeuler-riscv64 systemd[1]: run-ra123abd347184fea831b8b5660227f18.service: Deactivated successfully.
░░ Subject: Unit succeeded
░░ Defined-By: systemd
░░ Support: https://lists.freedesktop.org/mailman/listinfo/systemd-devel
░░ 
░░ The unit run-ra123abd347184fea831b8b5660227f18.service has successfully entered the 'dead' state.
Sep 22 05:40:19 openeuler-riscv64 [RPM][18019]: install mysql-selinux-1.0.0-2.oe2309.noarch: success
Sep 22 05:40:19 openeuler-riscv64 [RPM][18019]: install mariadb-errmsg-4:10.5.22-1.oe2309.riscv64: success
Sep 22 05:40:19 openeuler-riscv64 [RPM][18019]: install mariadb-gssapi-server-4:10.5.22-1.oe2309.riscv64: success
Sep 22 05:40:19 openeuler-riscv64 [RPM][18019]: install mariadb-server-utils-4:10.5.22-1.oe2309.riscv64: success
Sep 22 05:40:19 openeuler-riscv64 [RPM][18019]: install mariadb-server-4:10.5.22-1.oe2309.riscv64: success
Sep 22 05:40:19 openeuler-riscv64 [RPM][18019]: install mariadb-backup-4:10.5.22-1.oe2309.riscv64: success
Sep 22 05:40:19 openeuler-riscv64 [RPM][18019]: Transaction ID 650cb801 finished: 0
Sep 22 05:40:23 openeuler-riscv64 systemctl[18132]: [systemctl start mariadb.service] called by PID 17974 (bash -x oe_test_server_mariadb_copy.sh)
Sep 22 05:40:23 openeuler-riscv64 systemd[1]: Starting MariaDB 10.5.15 database server...
░░ Subject: A start job for unit mariadb.service has begun execution
░░ Defined-By: systemd
░░ Support: https://lists.freedesktop.org/mailman/listinfo/systemd-devel
░░ 
░░ A start job for unit mariadb.service has begun execution.
░░ 
░░ The job identifier is 16208.
Sep 22 05:40:24 openeuler-riscv64 dhclient[18057]: DHCPDISCOVER on enp0s4 to 255.255.255.255 port 67 interval 16 (xid=0x38d05132)
Sep 22 05:40:25 openeuler-riscv64 mariadb-prepare-db-dir[18156]: Initializing MariaDB database
Sep 22 05:40:29 openeuler-riscv64 NetworkManager[667]: <info>  [1695332429.7950] device (enp0s4): state change: ip-config -> failed (reason 'ip-config-unavailable', sys-iface-state: 'managed')
Sep 22 05:40:29 openeuler-riscv64 NetworkManager[667]: <warn>  [1695332429.8019] device (enp0s4): Activation: failed for connection 'Wired connection 2'
Sep 22 05:40:29 openeuler-riscv64 NetworkManager[667]: <info>  [1695332429.8027] device (enp0s5): state change: ip-config -> failed (reason 'ip-config-unavailable', sys-iface-state: 'managed')
Sep 22 05:40:29 openeuler-riscv64 NetworkManager[667]: <warn>  [1695332429.8083] device (enp0s5): Activation: failed for connection 'Wired connection 3'
Sep 22 05:40:29 openeuler-riscv64 NetworkManager[667]: <info>  [1695332429.8130] device (enp0s4): state change: failed -> disconnected (reason 'none', sys-iface-state: 'managed')
Sep 22 05:40:29 openeuler-riscv64 NetworkManager[667]: <info>  [1695332429.9076] dhcp4 (enp0s4): canceled DHCP transaction, DHCP client pid 18057
Sep 22 05:40:29 openeuler-riscv64 NetworkManager[667]: <info>  [1695332429.9080] dhcp4 (enp0s4): activation: beginning transaction (timeout in 45 seconds)
Sep 22 05:40:29 openeuler-riscv64 NetworkManager[667]: <info>  [1695332429.9082] dhcp4 (enp0s4): state changed no lease
Sep 22 05:40:30 openeuler-riscv64 NetworkManager[667]: <info>  [1695332430.0803] device (enp0s5): state change: failed -> disconnected (reason 'none', sys-iface-state: 'managed')
Sep 22 05:40:30 openeuler-riscv64 NetworkManager[667]: <info>  [1695332430.1355] dhcp4 (enp0s5): canceled DHCP transaction, DHCP client pid 18058
Sep 22 05:40:30 openeuler-riscv64 NetworkManager[667]: <info>  [1695332430.1360] dhcp4 (enp0s5): activation: beginning transaction (timeout in 45 seconds)
Sep 22 05:40:30 openeuler-riscv64 NetworkManager[667]: <info>  [1695332430.1362] dhcp4 (enp0s5): state changed no lease
Sep 22 05:40:30 openeuler-riscv64 mariadb-prepare-db-dir[18195]: Two all-privilege accounts were created.
Sep 22 05:40:30 openeuler-riscv64 mariadb-prepare-db-dir[18195]: One is root@localhost, it has no password, but you need to
Sep 22 05:40:30 openeuler-riscv64 mariadb-prepare-db-dir[18195]: be system 'root' user to connect. Use, for example, sudo mysql
Sep 22 05:40:30 openeuler-riscv64 mariadb-prepare-db-dir[18195]: The second is mysql@localhost, it has no password either, but
Sep 22 05:40:30 openeuler-riscv64 mariadb-prepare-db-dir[18195]: you need to be the system 'mysql' user to connect.
Sep 22 05:40:30 openeuler-riscv64 mariadb-prepare-db-dir[18195]: After connecting you can set the password, if you would need to be
Sep 22 05:40:30 openeuler-riscv64 mariadb-prepare-db-dir[18195]: able to connect as any of these users with a password and without sudo
Sep 22 05:40:30 openeuler-riscv64 mariadb-prepare-db-dir[18195]: See the MariaDB Knowledgebase at https://mariadb.com/kb
Sep 22 05:40:30 openeuler-riscv64 mariadb-prepare-db-dir[18195]: Please report any problems at https://mariadb.org/jira
Sep 22 05:40:30 openeuler-riscv64 mariadb-prepare-db-dir[18195]: The latest information about MariaDB is available at https://mariadb.org/.
Sep 22 05:40:30 openeuler-riscv64 mariadb-prepare-db-dir[18195]: Consider joining MariaDB's strong and vibrant community:
Sep 22 05:40:30 openeuler-riscv64 mariadb-prepare-db-dir[18195]: https://mariadb.org/get-involved/
Sep 22 05:40:30 openeuler-riscv64 NetworkManager[667]: <info>  [1695332430.2983] policy: auto-activating connection 'Wired connection 2' (81a731eb-4d99-3655-94a4-3c571a0d2abf)
Sep 22 05:40:30 openeuler-riscv64 NetworkManager[667]: <info>  [1695332430.3010] policy: auto-activating connection 'Wired connection 3' (3785d83e-6144-3d49-846d-368db2bdcfa6)
Sep 22 05:40:30 openeuler-riscv64 NetworkManager[667]: <info>  [1695332430.3054] device (enp0s4): Activation: starting connection 'Wired connection 2' (81a731eb-4d99-3655-94a4-3c571a0d2abf)
Sep 22 05:40:30 openeuler-riscv64 NetworkManager[667]: <info>  [1695332430.3080] device (enp0s5): Activation: starting connection 'Wired connection 3' (3785d83e-6144-3d49-846d-368db2bdcfa6)
Sep 22 05:40:30 openeuler-riscv64 NetworkManager[667]: <info>  [1695332430.3090] device (enp0s4): state change: disconnected -> prepare (reason 'none', sys-iface-state: 'managed')
Sep 22 05:40:30 openeuler-riscv64 NetworkManager[667]: <info>  [1695332430.3127] device (enp0s4): state change: prepare -> config (reason 'none', sys-iface-state: 'managed')
Sep 22 05:40:30 openeuler-riscv64 NetworkManager[667]: <info>  [1695332430.3170] device (enp0s5): state change: disconnected -> prepare (reason 'none', sys-iface-state: 'managed')
Sep 22 05:40:30 openeuler-riscv64 NetworkManager[667]: <info>  [1695332430.3192] device (enp0s5): state change: prepare -> config (reason 'none', sys-iface-state: 'managed')
Sep 22 05:40:30 openeuler-riscv64 NetworkManager[667]: <info>  [1695332430.3228] device (enp0s4): state change: config -> ip-config (reason 'none', sys-iface-state: 'managed')
Sep 22 05:40:30 openeuler-riscv64 NetworkManager[667]: <info>  [1695332430.3264] dhcp4 (enp0s4): activation: beginning transaction (timeout in 45 seconds)
Sep 22 05:40:30 openeuler-riscv64 NetworkManager[667]: <info>  [1695332430.3461] dhcp4 (enp0s4): dhclient started with pid 18252
Sep 22 05:40:30 openeuler-riscv64 NetworkManager[667]: <info>  [1695332430.3523] device (enp0s5): state change: config -> ip-config (reason 'none', sys-iface-state: 'managed')
Sep 22 05:40:30 openeuler-riscv64 NetworkManager[667]: <info>  [1695332430.3570] dhcp4 (enp0s5): activation: beginning transaction (timeout in 45 seconds)
Sep 22 05:40:30 openeuler-riscv64 NetworkManager[667]: <info>  [1695332430.3901] dhcp4 (enp0s5): dhclient started with pid 18253
Sep 22 05:40:30 openeuler-riscv64 dhclient[18252]: DHCPDISCOVER on enp0s4 to 255.255.255.255 port 67 interval 3 (xid=0x2ca5b00e)
Sep 22 05:40:30 openeuler-riscv64 dhclient[18253]: DHCPDISCOVER on enp0s5 to 255.255.255.255 port 67 interval 3 (xid=0xe76b8e39)
Sep 22 05:40:31 openeuler-riscv64 systemd[1]: Started MariaDB 10.5.15 database server.
░░ Subject: A start job for unit mariadb.service has finished successfully
░░ Defined-By: systemd
░░ Support: https://lists.freedesktop.org/mailman/listinfo/systemd-devel
░░ 
░░ A start job for unit mariadb.service has finished successfully.
░░ 
░░ The job identifier is 16208.
Sep 22 05:40:33 openeuler-riscv64 dhclient[18253]: DHCPDISCOVER on enp0s5 to 255.255.255.255 port 67 interval 5 (xid=0xe76b8e39)
Sep 22 05:40:33 openeuler-riscv64 dhclient[18252]: DHCPDISCOVER on enp0s4 to 255.255.255.255 port 67 interval 3 (xid=0x2ca5b00e)
Sep 22 05:40:36 openeuler-riscv64 dhclient[18252]: DHCPDISCOVER on enp0s4 to 255.255.255.255 port 67 interval 4 (xid=0x2ca5b00e)
Sep 22 05:40:38 openeuler-riscv64 dhclient[18253]: DHCPDISCOVER on enp0s5 to 255.255.255.255 port 67 interval 12 (xid=0xe76b8e39)
Sep 22 05:40:40 openeuler-riscv64 dhclient[18252]: DHCPDISCOVER on enp0s4 to 255.255.255.255 port 67 interval 10 (xid=0x2ca5b00e)
Sep 22 05:40:45 openeuler-riscv64 [RPM][18340]: Transaction ID 650cb85d started
Sep 22 05:40:46 openeuler-riscv64 [RPM][18340]: erase mariadb-gssapi-server-4:10.5.22-1.oe2309.riscv64: success
Sep 22 05:40:46 openeuler-riscv64 [RPM][18340]: erase mariadb-server-4:10.5.22-1.oe2309.riscv64: success
Sep 22 05:40:46 openeuler-riscv64 [RPM][18340]: erase mariadb-backup-4:10.5.22-1.oe2309.riscv64: success
Sep 22 05:40:46 openeuler-riscv64 [RPM][18340]: erase mysql-selinux-1.0.0-2.oe2309.noarch: success
Sep 22 05:40:46 openeuler-riscv64 [RPM][18340]: erase mariadb-errmsg-4:10.5.22-1.oe2309.riscv64: success
Sep 22 05:40:46 openeuler-riscv64 [RPM][18340]: erase mariadb-server-utils-4:10.5.22-1.oe2309.riscv64: success
Sep 22 05:40:46 openeuler-riscv64 [RPM][18340]: erase mariadb-gssapi-server-4:10.5.22-1.oe2309.riscv64: success
Sep 22 05:40:47 openeuler-riscv64 systemctl[18346]: [systemctl --no-reload --now --no-warn disable mariadb.service] called by PID 18345 (bash /usr/lib/systemd/systemd-update-helper remove-system-units mariadb.service)
Sep 22 05:40:47 openeuler-riscv64 systemd[1]: Stopping MariaDB 10.5.15 database server...
░░ Subject: A stop job for unit mariadb.service has begun execution
░░ Defined-By: systemd
░░ Support: https://lists.freedesktop.org/mailman/listinfo/systemd-devel
░░ 
░░ A stop job for unit mariadb.service has begun execution.
░░ 
░░ The job identifier is 16280.
Sep 22 05:40:47 openeuler-riscv64 systemd[1]: mariadb.service: Deactivated successfully.
░░ Subject: Unit succeeded
░░ Defined-By: systemd
░░ Support: https://lists.freedesktop.org/mailman/listinfo/systemd-devel
░░ 
░░ The unit mariadb.service has successfully entered the 'dead' state.
Sep 22 05:40:47 openeuler-riscv64 systemd[1]: Stopped MariaDB 10.5.15 database server.
░░ Subject: A stop job for unit mariadb.service has finished
░░ Defined-By: systemd
░░ Support: https://lists.freedesktop.org/mailman/listinfo/systemd-devel
░░ 
░░ A stop job for unit mariadb.service has finished.
░░ 
░░ The job identifier is 16280 and the job result is done.
Sep 22 05:40:48 openeuler-riscv64 systemctl[18355]: [/usr/bin/systemctl daemon-reload] called by PID 18353 (/bin/sh /var/tmp/rpm-tmp.vYRWyJ 0)
Sep 22 05:40:48 openeuler-riscv64 systemd[1]: Reloading requested from client PID 18355 (unit session-14.scope)...
Sep 22 05:40:48 openeuler-riscv64 systemd[1]: Reloading.
Sep 22 05:40:49 openeuler-riscv64 systemd-sysv-generator[18373]: SysV service '/etc/rc.d/init.d/network' lacks a native systemd unit file. Automatically generating a unit file for compatibility. Please update package to include a native systemd unit file, in order to make it more safe and robust.
Sep 22 05:40:50 openeuler-riscv64 systemd[1]: /usr/lib/systemd/system/xinetd.service:10: PIDFile= references a path below legacy directory /var/run/, updating /var/run/xinetd.pid → /run/xinetd.pid; please update the unit file accordingly.
Sep 22 05:40:50 openeuler-riscv64 systemd[1]: /usr/lib/systemd/system/squid.service:14: Unknown key name 'killMode' in section 'Service', ignoring.
Sep 22 05:40:50 openeuler-riscv64 systemd[1]: /usr/lib/systemd/system/nslcd.service:8: PIDFile= references a path below legacy directory /var/run/, updating /var/run/nslcd/nslcd.pid → /run/nslcd/nslcd.pid; please update the unit file accordingly.
Sep 22 05:40:50 openeuler-riscv64 systemd[1]: /usr/lib/systemd/system/acpid.socket:6: ListenStream= references a path below legacy directory /var/run/, updating /var/run/acpid.socket → /run/acpid.socket; please update the unit file accordingly.
Sep 22 05:40:50 openeuler-riscv64 systemd[1]: /usr/lib/systemd/system/rtkit-daemon.service:32: Unknown key name 'ControlGroup' in section 'Service', ignoring.
Sep 22 05:40:50 openeuler-riscv64 systemd[1]: /usr/lib/systemd/system/dbus.socket:5: ListenStream= references a path below legacy directory /var/run/, updating /var/run/dbus/system_bus_socket → /run/dbus/system_bus_socket; please update the unit file accordingly.
Sep 22 05:40:50 openeuler-riscv64 dhclient[18253]: DHCPDISCOVER on enp0s5 to 255.255.255.255 port 67 interval 11 (xid=0xe76b8e39)
Sep 22 05:40:50 openeuler-riscv64 dhclient[18252]: DHCPDISCOVER on enp0s4 to 255.255.255.255 port 67 interval 10 (xid=0x2ca5b00e)
Sep 22 05:40:51 openeuler-riscv64 [RPM][18340]: erase mariadb-server-4:10.5.22-1.oe2309.riscv64: success
Sep 22 05:40:51 openeuler-riscv64 [RPM][18340]: erase mariadb-backup-4:10.5.22-1.oe2309.riscv64: success
Sep 22 05:41:00 openeuler-riscv64 dhclient[18252]: DHCPDISCOVER on enp0s4 to 255.255.255.255 port 67 interval 10 (xid=0x2ca5b00e)
Sep 22 05:41:01 openeuler-riscv64 dhclient[18253]: DHCPDISCOVER on enp0s5 to 255.255.255.255 port 67 interval 12 (xid=0xe76b8e39)
Sep 22 05:41:10 openeuler-riscv64 dhclient[18252]: DHCPDISCOVER on enp0s4 to 255.255.255.255 port 67 interval 15 (xid=0x2ca5b00e)
Sep 22 05:41:13 openeuler-riscv64 dhclient[18253]: DHCPDISCOVER on enp0s5 to 255.255.255.255 port 67 interval 14 (xid=0xe76b8e39)
Sep 22 05:41:15 openeuler-riscv64 NetworkManager[667]: <info>  [1695332475.7830] device (enp0s4): state change: ip-config -> failed (reason 'ip-config-unavailable', sys-iface-state: 'managed')
Sep 22 05:41:15 openeuler-riscv64 NetworkManager[667]: <warn>  [1695332475.7887] device (enp0s4): Activation: failed for connection 'Wired connection 2'
Sep 22 05:41:15 openeuler-riscv64 NetworkManager[667]: <info>  [1695332475.7892] device (enp0s5): state change: ip-config -> failed (reason 'ip-config-unavailable', sys-iface-state: 'managed')
Sep 22 05:41:15 openeuler-riscv64 NetworkManager[667]: <warn>  [1695332475.7931] device (enp0s5): Activation: failed for connection 'Wired connection 3'
Sep 22 05:41:15 openeuler-riscv64 NetworkManager[667]: <info>  [1695332475.8014] device (enp0s4): state change: failed -> disconnected (reason 'none', sys-iface-state: 'managed')
Sep 22 05:41:15 openeuler-riscv64 NetworkManager[667]: <info>  [1695332475.8271] dhcp4 (enp0s4): canceled DHCP transaction, DHCP client pid 18252
Sep 22 05:41:15 openeuler-riscv64 NetworkManager[667]: <info>  [1695332475.8273] dhcp4 (enp0s4): activation: beginning transaction (timeout in 45 seconds)
Sep 22 05:41:15 openeuler-riscv64 NetworkManager[667]: <info>  [1695332475.8275] dhcp4 (enp0s4): state changed no lease
Sep 22 05:41:15 openeuler-riscv64 NetworkManager[667]: <info>  [1695332475.9591] device (enp0s5): state change: failed -> disconnected (reason 'none', sys-iface-state: 'managed')
Sep 22 05:41:15 openeuler-riscv64 NetworkManager[667]: <info>  [1695332475.9954] dhcp4 (enp0s5): canceled DHCP transaction, DHCP client pid 18253
Sep 22 05:41:15 openeuler-riscv64 NetworkManager[667]: <info>  [1695332475.9958] dhcp4 (enp0s5): activation: beginning transaction (timeout in 45 seconds)
Sep 22 05:41:15 openeuler-riscv64 NetworkManager[667]: <info>  [1695332475.9961] dhcp4 (enp0s5): state changed no lease
Sep 22 05:41:28 openeuler-riscv64 [RPM][18340]: erase mysql-selinux-1.0.0-2.oe2309.noarch: success
Sep 22 05:41:28 openeuler-riscv64 [RPM][18340]: erase mariadb-errmsg-4:10.5.22-1.oe2309.riscv64: success
Sep 22 05:41:28 openeuler-riscv64 [RPM][18340]: erase mariadb-server-utils-4:10.5.22-1.oe2309.riscv64: success
Sep 22 05:41:29 openeuler-riscv64 systemd[1]: Started /usr/bin/systemctl start man-db-cache-update.
░░ Subject: A start job for unit run-r65da0ec874bf41c1a3de82bbc31f6473.service has finished successfully
░░ Defined-By: systemd
░░ Support: https://lists.freedesktop.org/mailman/listinfo/systemd-devel
░░ 
░░ A start job for unit run-r65da0ec874bf41c1a3de82bbc31f6473.service has finished successfully.
░░ 
░░ The job identifier is 16281.
Sep 22 05:41:29 openeuler-riscv64 [RPM][18340]: Transaction ID 650cb85d finished: 0
Sep 22 05:41:29 openeuler-riscv64 systemctl[18402]: [/usr/bin/systemctl start man-db-cache-update] called by PID 1 (/sbin/init)
Sep 22 05:41:29 openeuler-riscv64 systemd[1]: Starting man-db-cache-update.service...
░░ Subject: A start job for unit man-db-cache-update.service has begun execution
░░ Defined-By: systemd
░░ Support: https://lists.freedesktop.org/mailman/listinfo/systemd-devel
░░ 
░░ A start job for unit man-db-cache-update.service has begun execution.
░░ 
░░ The job identifier is 16353.
Sep 22 05:41:31 openeuler-riscv64 systemd[1]: man-db-cache-update.service: Deactivated successfully.
░░ Subject: Unit succeeded
░░ Defined-By: systemd
░░ Support: https://lists.freedesktop.org/mailman/listinfo/systemd-devel
░░ 
░░ The unit man-db-cache-update.service has successfully entered the 'dead' state.
Sep 22 05:41:31 openeuler-riscv64 systemd[1]: Finished man-db-cache-update.service.
░░ Subject: A start job for unit man-db-cache-update.service has finished successfully
░░ Defined-By: systemd
░░ Support: https://lists.freedesktop.org/mailman/listinfo/systemd-devel
░░ 
░░ A start job for unit man-db-cache-update.service has finished successfully.
░░ 
░░ The job identifier is 16353.
Sep 22 05:41:31 openeuler-riscv64 systemd[1]: run-r65da0ec874bf41c1a3de82bbc31f6473.service: Deactivated successfully.
░░ Subject: Unit succeeded
░░ Defined-By: systemd
░░ Support: https://lists.freedesktop.org/mailman/listinfo/systemd-devel
░░ 
░░ The unit run-r65da0ec874bf41c1a3de82bbc31f6473.service has successfully entered the 'dead' state.
Sep 22 05:41:34 openeuler-riscv64 sudo[17927]: pam_unix(sudo:session): session closed for user root
Sep 22 05:41:34 openeuler-riscv64 sudo[18422]:     root : PWD=/root/mugen ; USER=root ; COMMAND=/usr/bin/bash mugen.sh -f os-basic -r oe_test_server_mariadb_backuptable -x
Sep 22 05:41:34 openeuler-riscv64 sudo[18422]: pam_unix(sudo:session): session opened for user root(uid=0) by root(uid=0)
Sep 22 05:42:16 openeuler-riscv64 [RPM][18501]: Transaction ID 650cb8b6 started
Sep 22 05:42:53 openeuler-riscv64 [RPM][18501]: install mysql-selinux-1.0.0-2.oe2309.noarch: success
Sep 22 05:42:53 openeuler-riscv64 [RPM][18501]: install mariadb-errmsg-4:10.5.22-1.oe2309.riscv64: success
Sep 22 05:42:53 openeuler-riscv64 [RPM][18501]: install mariadb-gssapi-server-4:10.5.22-1.oe2309.riscv64: success
Sep 22 05:42:54 openeuler-riscv64 [RPM][18501]: install mariadb-server-utils-4:10.5.22-1.oe2309.riscv64: success
Sep 22 05:42:54 openeuler-riscv64 useradd[18516]: failed adding user 'mysql', exit code: 9
Sep 22 05:43:09 openeuler-riscv64 systemctl[18519]: [systemctl --no-reload preset mariadb.service] called by PID 18518 (bash /usr/lib/systemd/systemd-update-helper install-system-units mariadb.service)
Sep 22 05:43:09 openeuler-riscv64 [RPM][18501]: install mariadb-server-4:10.5.22-1.oe2309.riscv64: success
Sep 22 05:43:14 openeuler-riscv64 [RPM][18501]: install mariadb-backup-4:10.5.22-1.oe2309.riscv64: success
Sep 22 05:43:14 openeuler-riscv64 [RPM][18501]: install mysql-selinux-1.0.0-2.oe2309.noarch: success
Sep 22 05:43:16 openeuler-riscv64 systemd[1]: Started /usr/bin/systemctl start man-db-cache-update.
░░ Subject: A start job for unit run-r26668f5ff92340ccac640fa2ce8e685e.service has finished successfully
░░ Defined-By: systemd
░░ Support: https://lists.freedesktop.org/mailman/listinfo/systemd-devel
░░ 
░░ A start job for unit run-r26668f5ff92340ccac640fa2ce8e685e.service has finished successfully.
░░ 
░░ The job identifier is 16356.
Sep 22 05:43:16 openeuler-riscv64 systemctl[18526]: [/usr/bin/systemctl start man-db-cache-update] called by PID 1 (/sbin/init)
Sep 22 05:43:16 openeuler-riscv64 systemctl[18528]: [/usr/bin/systemctl daemon-reload] called by PID 18527 (/bin/sh /var/tmp/rpm-tmp.eAiNYu 0)
Sep 22 05:43:16 openeuler-riscv64 systemd[1]: Starting man-db-cache-update.service...
░░ Subject: A start job for unit man-db-cache-update.service has begun execution
░░ Defined-By: systemd
░░ Support: https://lists.freedesktop.org/mailman/listinfo/systemd-devel
░░ 
░░ A start job for unit man-db-cache-update.service has begun execution.
░░ 
░░ The job identifier is 16428.
Sep 22 05:43:16 openeuler-riscv64 systemd[1]: Reloading requested from client PID 18528 (unit session-14.scope)...
Sep 22 05:43:16 openeuler-riscv64 systemd[1]: Reloading.
Sep 22 05:43:17 openeuler-riscv64 systemd-sysv-generator[18553]: SysV service '/etc/rc.d/init.d/network' lacks a native systemd unit file. Automatically generating a unit file for compatibility. Please update package to include a native systemd unit file, in order to make it more safe and robust.
Sep 22 05:43:18 openeuler-riscv64 systemd[1]: /usr/lib/systemd/system/xinetd.service:10: PIDFile= references a path below legacy directory /var/run/, updating /var/run/xinetd.pid → /run/xinetd.pid; please update the unit file accordingly.
Sep 22 05:43:18 openeuler-riscv64 systemd[1]: /usr/lib/systemd/system/squid.service:14: Unknown key name 'killMode' in section 'Service', ignoring.
Sep 22 05:43:18 openeuler-riscv64 systemd[1]: /usr/lib/systemd/system/nslcd.service:8: PIDFile= references a path below legacy directory /var/run/, updating /var/run/nslcd/nslcd.pid → /run/nslcd/nslcd.pid; please update the unit file accordingly.
Sep 22 05:43:18 openeuler-riscv64 systemd[1]: /usr/lib/systemd/system/acpid.socket:6: ListenStream= references a path below legacy directory /var/run/, updating /var/run/acpid.socket → /run/acpid.socket; please update the unit file accordingly.
Sep 22 05:43:18 openeuler-riscv64 systemd[1]: /usr/lib/systemd/system/rtkit-daemon.service:32: Unknown key name 'ControlGroup' in section 'Service', ignoring.
Sep 22 05:43:18 openeuler-riscv64 systemd[1]: /usr/lib/systemd/system/dbus.socket:5: ListenStream= references a path below legacy directory /var/run/, updating /var/run/dbus/system_bus_socket → /run/dbus/system_bus_socket; please update the unit file accordingly.
Sep 22 05:43:19 openeuler-riscv64 systemd[1]: man-db-cache-update.service: Deactivated successfully.
░░ Subject: Unit succeeded
░░ Defined-By: systemd
░░ Support: https://lists.freedesktop.org/mailman/listinfo/systemd-devel
░░ 
░░ The unit man-db-cache-update.service has successfully entered the 'dead' state.
Sep 22 05:43:19 openeuler-riscv64 systemd[1]: Finished man-db-cache-update.service.
░░ Subject: A start job for unit man-db-cache-update.service has finished successfully
░░ Defined-By: systemd
░░ Support: https://lists.freedesktop.org/mailman/listinfo/systemd-devel
░░ 
░░ A start job for unit man-db-cache-update.service has finished successfully.
░░ 
░░ The job identifier is 16428.
Sep 22 05:43:19 openeuler-riscv64 systemd[1]: run-r26668f5ff92340ccac640fa2ce8e685e.service: Deactivated successfully.
░░ Subject: Unit succeeded
░░ Defined-By: systemd
░░ Support: https://lists.freedesktop.org/mailman/listinfo/systemd-devel
░░ 
░░ The unit run-r26668f5ff92340ccac640fa2ce8e685e.service has successfully entered the 'dead' state.
Sep 22 05:43:21 openeuler-riscv64 [RPM][18501]: install mysql-selinux-1.0.0-2.oe2309.noarch: success
Sep 22 05:43:21 openeuler-riscv64 [RPM][18501]: install mariadb-errmsg-4:10.5.22-1.oe2309.riscv64: success
Sep 22 05:43:21 openeuler-riscv64 [RPM][18501]: install mariadb-gssapi-server-4:10.5.22-1.oe2309.riscv64: success
Sep 22 05:43:21 openeuler-riscv64 [RPM][18501]: install mariadb-server-utils-4:10.5.22-1.oe2309.riscv64: success
Sep 22 05:43:21 openeuler-riscv64 [RPM][18501]: install mariadb-server-4:10.5.22-1.oe2309.riscv64: success
Sep 22 05:43:21 openeuler-riscv64 [RPM][18501]: install mariadb-backup-4:10.5.22-1.oe2309.riscv64: success
Sep 22 05:43:21 openeuler-riscv64 [RPM][18501]: Transaction ID 650cb8b6 finished: 0
Sep 22 05:43:24 openeuler-riscv64 systemctl[18578]: [systemctl start mariadb.service] called by PID 18469 (bash -x oe_test_server_mariadb_backuptable.sh)
Sep 22 05:43:25 openeuler-riscv64 systemd[1]: Starting MariaDB 10.5.15 database server...
░░ Subject: A start job for unit mariadb.service has begun execution
░░ Defined-By: systemd
░░ Support: https://lists.freedesktop.org/mailman/listinfo/systemd-devel
░░ 
░░ A start job for unit mariadb.service has begun execution.
░░ 
░░ The job identifier is 16431.
Sep 22 05:43:26 openeuler-riscv64 mariadb-prepare-db-dir[18602]: Initializing MariaDB database
Sep 22 05:43:31 openeuler-riscv64 mariadb-prepare-db-dir[18641]: Two all-privilege accounts were created.
Sep 22 05:43:31 openeuler-riscv64 mariadb-prepare-db-dir[18641]: One is root@localhost, it has no password, but you need to
Sep 22 05:43:31 openeuler-riscv64 mariadb-prepare-db-dir[18641]: be system 'root' user to connect. Use, for example, sudo mysql
Sep 22 05:43:31 openeuler-riscv64 mariadb-prepare-db-dir[18641]: The second is mysql@localhost, it has no password either, but
